Loading gnu/11.2.0
  Loading requirement: binutils/11.2.0
Error in cpuinfo: prctl(PR_SVE_GET_VL) failed
Mode: ANALYTIC ADAPTED (Stage1 Analytic + LoRA)
tokens per iteration will be: 40,960
data directory: /tmpdir/m24047brmn/numbers/data/synth_arith_analytic/adapted
Loading Stage 1 analytic checkpoint: /tmpdir/m24047brmn/numbers/model_checkpoints/luciole_analytic_s1/ckpt.pt
number of parameters: 115.12M
  Loaded Stage 1 weights (134 keys)
  Applied LoRA (rank=16, alpha=32, dropout=0.05) to 48 layers
  Target modules: ['q_proj', 'v_proj', 'k_proj', 'o_proj']
Parameter budget (ANALYTIC ADAPTED):
  LoRA:         983,040 params (0.85%)
  Adapter:      652,800 params (0.56%)
  Decoder:      297,603 params (0.26%)
  Frozen:    114,169,344 params
  Trainable:  1,933,443 / 116,102,787 (1.67%)
optimizer parameter groups:
  lora_decay: 96 tensors, 983,040 params, weight_decay=0.1, lr_scale=1.0
  adapter_decay: 2 tensors, 651,264 params, weight_decay=0.1, lr_scale=0.3
  adapter_nodecay: 2 tensors, 1,536 params, weight_decay=0.0, lr_scale=0.3
  decoder_decay: 3 tensors, 297,216 params, weight_decay=0.1, lr_scale=0.3
  decoder_nodecay: 3 tensors, 387 params, weight_decay=0.0, lr_scale=0.3
using fused AdamW: True
compiling the model... (takes a ~minute)
Error in cpuinfo: prctl(PR_SVE_GET_VL) failed

Starting training from iter 0 (max_iters=10000)
step 0: train text=3.1649 num=162.5360 total=165.7009 | val text=3.1831 num=162.5618 total=165.7450
iter 0: loss 166.7994, time 93977.36ms, mfu -100.00%
  === DIAG iter 0 ===
  text_loss: 3.1948, num_loss: 163.6046 (sign=0.0068 exp=147.0121 digit=2.3148 mantissa_mse=28.5419)
  grads: total 1667.5060, lora 1651.5709, adapter 75.4836, decoder 217.2373
  <NUM> tokens: 110/2048 (5.4%)
  lr: lora 5.99e-07, adapter 1.80e-07, decoder 1.80e-07
  token accuracy: 0.359 (717/1998)
iter 10: loss 150.8376, time 1149.56ms, mfu 0.46%
iter 20: loss 134.4060, time 1156.48ms, mfu 0.46%
iter 30: loss 123.6487, time 1153.31ms, mfu 0.46%
iter 40: loss 87.0503, time 1155.31ms, mfu 0.46%
iter 50: loss 37.4302, time 1159.48ms, mfu 0.45%
iter 60: loss 8.5247, time 1156.06ms, mfu 0.45%
iter 70: loss 4.0400, time 1154.89ms, mfu 0.45%
iter 80: loss 2.8653, time 1159.38ms, mfu 0.45%
iter 90: loss 2.1422, time 1150.77ms, mfu 0.45%
iter 100: loss 1.7520, time 1165.02ms, mfu 0.45%
  === DIAG iter 100 ===
  text_loss: 1.7090, num_loss: 0.0430 (sign=0.0000 exp=0.0297 digit=0.0131 mantissa_mse=0.0005)
  grads: total 9.7940, lora 9.3636, adapter 0.2587, decoder 2.8596
  <NUM> tokens: 106/2048 (5.2%)
  lr: lora 6.05e-05, adapter 1.81e-05, decoder 1.81e-05
  token accuracy: 0.476 (952/1998)
iter 110: loss 1.3683, time 1161.94ms, mfu 0.45%
iter 120: loss 1.2571, time 1160.54ms, mfu 0.45%
iter 130: loss 1.2693, time 1166.21ms, mfu 0.45%
iter 140: loss 1.1563, time 1174.44ms, mfu 0.45%
iter 150: loss 1.0911, time 1162.93ms, mfu 0.45%
iter 160: loss 1.0510, time 1249.55ms, mfu 0.45%
iter 170: loss 1.0152, time 1277.43ms, mfu 0.45%
iter 180: loss 1.0042, time 1235.91ms, mfu 0.44%
iter 190: loss 0.9807, time 1241.95ms, mfu 0.44%
iter 200: loss 0.9702, time 1237.65ms, mfu 0.44%
  === DIAG iter 200 ===
  text_loss: 0.9682, num_loss: 0.0019 (sign=0.0000 exp=0.0013 digit=0.0007 mantissa_mse=0.0000)
  grads: total 10.5034, lora 10.4997, adapter 0.2502, decoder 0.1223
  <NUM> tokens: 106/2048 (5.2%)
  lr: lora 1.20e-04, adapter 3.61e-05, decoder 3.61e-05
  token accuracy: 0.608 (1215/1997)
iter 210: loss 0.9375, time 1252.90ms, mfu 0.44%
iter 220: loss 0.8857, time 1241.18ms, mfu 0.44%
iter 230: loss 0.8677, time 1244.82ms, mfu 0.43%
iter 240: loss 0.8270, time 1233.83ms, mfu 0.43%
iter 250: loss 0.8765, time 1256.37ms, mfu 0.43%
iter 260: loss 0.8345, time 1260.66ms, mfu 0.43%
iter 270: loss 0.8350, time 1235.76ms, mfu 0.43%
iter 280: loss 0.8280, time 1227.07ms, mfu 0.43%
iter 290: loss 0.8059, time 1224.63ms, mfu 0.43%
iter 300: loss 0.7758, time 1256.89ms, mfu 0.43%
  === DIAG iter 300 ===
  text_loss: 0.7757, num_loss: 0.0001 (sign=0.0000 exp=0.0001 digit=0.0000 mantissa_mse=0.0000)
  grads: total 3.2608, lora 3.2512, adapter 0.2507, decoder 0.0077
  <NUM> tokens: 103/2048 (5.0%)
  lr: lora 1.80e-04, adapter 5.41e-05, decoder 5.41e-05
  token accuracy: 0.670 (1339/1999)
iter 310: loss 0.7858, time 1267.87ms, mfu 0.43%
iter 320: loss 0.7917, time 1217.87ms, mfu 0.43%
iter 330: loss 0.7327, time 1243.16ms, mfu 0.43%
iter 340: loss 0.7488, time 1228.04ms, mfu 0.43%
iter 350: loss 0.7320, time 1225.36ms, mfu 0.43%
iter 360: loss 0.6694, time 1222.16ms, mfu 0.43%
iter 370: loss 0.6663, time 1226.12ms, mfu 0.43%
iter 380: loss 0.6637, time 1223.02ms, mfu 0.43%
iter 390: loss 0.6571, time 1219.61ms, mfu 0.43%
iter 400: loss 0.6639, time 1274.87ms, mfu 0.43%
  === DIAG iter 400 ===
  text_loss: 0.6639, num_loss: 0.0000 (sign=0.0000 exp=0.0000 digit=0.0000 mantissa_mse=0.0000)
  grads: total 6.8570, lora 6.7793, adapter 1.0292, decoder 0.0019
  <NUM> tokens: 104/2048 (5.1%)
  lr: lora 2.40e-04, adapter 7.20e-05, decoder 7.20e-05
  token accuracy: 0.700 (1400/1999)
iter 410: loss 0.6449, time 1237.30ms, mfu 0.43%
iter 420: loss 0.6657, time 1225.16ms, mfu 0.43%
iter 430: loss 0.5821, time 1207.50ms, mfu 0.43%
iter 440: loss 0.6215, time 1214.58ms, mfu 0.43%
iter 450: loss 0.5852, time 1218.90ms, mfu 0.43%
iter 460: loss 0.5539, time 1250.04ms, mfu 0.43%
iter 470: loss 0.5635, time 1264.69ms, mfu 0.43%
iter 480: loss 0.5537, time 1206.57ms, mfu 0.43%
iter 490: loss 0.5420, time 1202.96ms, mfu 0.43%
iter 500: loss 0.5161, time 1202.33ms, mfu 0.43%
  === DIAG iter 500 ===
  text_loss: 0.5161, num_loss: 0.0000 (sign=0.0000 exp=0.0000 digit=0.0000 mantissa_mse=0.0000)
  grads: total 7.7704, lora 7.6106, adapter 1.5677, decoder 0.0001
  <NUM> tokens: 106/2048 (5.2%)
  lr: lora 3.00e-04, adapter 9.00e-05, decoder 9.00e-05
  token accuracy: 0.755 (1507/1997)
  --- Sample eval (val) ---
  numeric loss: total=0.0000 (sign=0.0000 exp=0.0000 digit=0.0000 mant=0.0000)
iter 510: loss 0.5129, time 1265.90ms, mfu 0.43%
iter 520: loss 0.5068, time 1212.33ms, mfu 0.43%
iter 530: loss 0.4967, time 1216.67ms, mfu 0.43%
iter 540: loss 0.4603, time 1201.45ms, mfu 0.43%
iter 550: loss 0.4763, time 1207.06ms, mfu 0.43%
iter 560: loss 0.4137, time 1194.58ms, mfu 0.43%
iter 570: loss 0.4408, time 1189.45ms, mfu 0.43%
iter 580: loss 0.4620, time 1205.51ms, mfu 0.43%
iter 590: loss 0.4450, time 1195.16ms, mfu 0.43%
iter 600: loss 0.4003, time 1229.88ms, mfu 0.43%
  === DIAG iter 600 ===
  text_loss: 0.4003, num_loss: 0.0000 (sign=0.0000 exp=0.0000 digit=0.0000 mantissa_mse=0.0000)
  grads: total 4.8214, lora 4.6708, adapter 1.1956, decoder 0.0001
  <NUM> tokens: 110/2048 (5.4%)
  lr: lora 3.00e-04, adapter 9.00e-05, decoder 9.00e-05
  token accuracy: 0.803 (1601/1995)
iter 610: loss 0.4365, time 1213.34ms, mfu 0.43%
iter 620: loss 0.4145, time 1283.91ms, mfu 0.43%
iter 630: loss 0.3746, time 1232.57ms, mfu 0.43%
iter 640: loss 0.4052, time 1233.15ms, mfu 0.43%
iter 650: loss 0.3902, time 1226.17ms, mfu 0.43%
iter 660: loss 0.3645, time 1229.08ms, mfu 0.43%
iter 670: loss 0.3639, time 1238.13ms, mfu 0.43%
iter 680: loss 0.3542, time 1226.96ms, mfu 0.43%
iter 690: loss 0.3799, time 1233.52ms, mfu 0.43%
iter 700: loss 0.3361, time 1237.81ms, mfu 0.43%
  === DIAG iter 700 ===
  text_loss: 0.3361, num_loss: 0.0000 (sign=0.0000 exp=0.0000 digit=0.0000 mantissa_mse=0.0000)
  grads: total 1.7835, lora 1.7525, adapter 0.3315, decoder 0.0000
  <NUM> tokens: 101/2048 (4.9%)
  lr: lora 3.00e-04, adapter 8.99e-05, decoder 8.99e-05
  token accuracy: 0.830 (1662/2002)
iter 710: loss 0.3643, time 1229.67ms, mfu 0.43%
iter 720: loss 0.3501, time 1219.71ms, mfu 0.43%
iter 730: loss 0.3658, time 1210.63ms, mfu 0.43%
iter 740: loss 0.3577, time 1204.07ms, mfu 0.43%
iter 750: loss 0.3365, time 1209.31ms, mfu 0.43%
iter 760: loss 0.3599, time 1805.44ms, mfu 0.42%
iter 770: loss 0.3611, time 1211.13ms, mfu 0.42%
iter 780: loss 0.3510, time 1218.31ms, mfu 0.42%
iter 790: loss 0.3263, time 1215.95ms, mfu 0.42%
iter 800: loss 0.3558, time 1220.17ms, mfu 0.42%
  === DIAG iter 800 ===
  text_loss: 0.3558, num_loss: 0.0000 (sign=0.0000 exp=0.0000 digit=0.0000 mantissa_mse=0.0000)
  grads: total 1.8437, lora 1.7818, adapter 0.4739, decoder 0.0000
  <NUM> tokens: 104/2048 (5.1%)
  lr: lora 2.99e-04, adapter 8.98e-05, decoder 8.98e-05
  token accuracy: 0.831 (1661/2000)
iter 810: loss 0.3080, time 1217.34ms, mfu 0.42%
iter 820: loss 0.3358, time 1210.85ms, mfu 0.42%
iter 830: loss 0.3297, time 1224.71ms, mfu 0.42%
iter 840: loss 0.3794, time 1192.30ms, mfu 0.42%
iter 850: loss 0.3109, time 1204.62ms, mfu 0.43%
iter 860: loss 0.3550, time 1194.43ms, mfu 0.43%
iter 870: loss 0.3307, time 1190.83ms, mfu 0.43%
iter 880: loss 0.3563, time 1188.50ms, mfu 0.43%
iter 890: loss 0.2930, time 1196.42ms, mfu 0.43%
iter 900: loss 0.3294, time 1194.00ms, mfu 0.43%
  === DIAG iter 900 ===
  text_loss: 0.3294, num_loss: 0.0000 (sign=0.0000 exp=0.0000 digit=0.0000 mantissa_mse=0.0000)
  grads: total 1.4429, lora 1.4097, adapter 0.3078, decoder 0.0000
  <NUM> tokens: 105/2048 (5.1%)
  lr: lora 2.99e-04, adapter 8.96e-05, decoder 8.96e-05
  token accuracy: 0.824 (1645/1997)
iter 910: loss 0.3496, time 1248.92ms, mfu 0.43%
iter 920: loss 0.3225, time 1224.63ms, mfu 0.43%
iter 930: loss 0.3077, time 1230.45ms, mfu 0.43%
iter 940: loss 0.3043, time 1224.66ms, mfu 0.43%
iter 950: loss 0.3003, time 1231.51ms, mfu 0.43%
iter 960: loss 0.3317, time 1212.36ms, mfu 0.43%
iter 970: loss 0.3000, time 1218.45ms, mfu 0.43%
iter 980: loss 0.3321, time 1208.90ms, mfu 0.43%
iter 990: loss 0.2994, time 1211.07ms, mfu 0.43%
step 1000: train text=0.3027 num=0.0000 total=0.3027 | val text=0.3072 num=0.0000 total=0.3072
  saved checkpoint to /tmpdir/m24047brmn/numbers/model_checkpoints/analytic_s2_adapted_lora/ckpt_iter1000.pt
  new best val loss: 0.3072
iter 1000: loss 0.2897, time 27174.94ms, mfu 0.39%
  === DIAG iter 1000 ===
  text_loss: 0.2897, num_loss: 0.0000 (sign=0.0000 exp=0.0000 digit=0.0000 mantissa_mse=0.0000)
  grads: total 2.1617, lora 2.0024, adapter 0.8144, decoder 0.0001
  <NUM> tokens: 106/2048 (5.2%)
  lr: lora 2.98e-04, adapter 8.94e-05, decoder 8.94e-05
  token accuracy: 0.846 (1687/1995)
  --- Sample eval (val) ---
  numeric loss: total=0.0000 (sign=0.0000 exp=0.0000 digit=0.0000 mant=0.0000)
iter 1010: loss 0.2750, time 1207.60ms, mfu 0.39%
iter 1020: loss 0.2984, time 1203.94ms, mfu 0.40%
iter 1030: loss 0.3201, time 1198.77ms, mfu 0.40%
iter 1040: loss 0.2951, time 1191.06ms, mfu 0.41%
iter 1050: loss 0.3046, time 1210.74ms, mfu 0.41%
iter 1060: loss 0.2793, time 1202.81ms, mfu 0.41%
iter 1070: loss 0.2902, time 1204.64ms, mfu 0.41%
iter 1080: loss 0.3239, time 1201.81ms, mfu 0.42%
iter 1090: loss 0.2940, time 1194.34ms, mfu 0.42%
iter 1100: loss 0.3154, time 1203.11ms, mfu 0.42%
  === DIAG iter 1100 ===
  text_loss: 0.3154, num_loss: 0.0000 (sign=0.0000 exp=0.0000 digit=0.0000 mantissa_mse=0.0000)
  grads: total 1.3743, lora 1.3512, adapter 0.2506, decoder 0.0000
  <NUM> tokens: 99/2048 (4.8%)
  lr: lora 2.97e-04, adapter 8.92e-05, decoder 8.92e-05
  token accuracy: 0.834 (1668/2001)
iter 1110: loss 0.2817, time 1203.97ms, mfu 0.42%
iter 1120: loss 0.2417, time 1206.06ms, mfu 0.42%
iter 1130: loss 0.3316, time 1199.58ms, mfu 0.42%
iter 1140: loss 0.3209, time 1199.72ms, mfu 0.43%
iter 1150: loss 0.2938, time 1240.99ms, mfu 0.42%
iter 1160: loss 0.2562, time 1235.31ms, mfu 0.42%
iter 1170: loss 0.2924, time 1232.38ms, mfu 0.42%
iter 1180: loss 0.2502, time 1226.12ms, mfu 0.43%
iter 1190: loss 0.2377, time 1207.06ms, mfu 0.43%
iter 1200: loss 0.2632, time 1218.88ms, mfu 0.43%
  === DIAG iter 1200 ===
  text_loss: 0.2632, num_loss: 0.0000 (sign=0.0000 exp=0.0000 digit=0.0000 mantissa_mse=0.0000)
  grads: total 1.5825, lora 1.5508, adapter 0.3152, decoder 0.0000
  <NUM> tokens: 102/2048 (5.0%)
  lr: lora 2.96e-04, adapter 8.89e-05, decoder 8.89e-05
  token accuracy: 0.847 (1695/2001)
iter 1210: loss 0.2584, time 1195.44ms, mfu 0.43%
iter 1220: loss 0.2540, time 1181.79ms, mfu 0.43%
iter 1230: loss 0.2646, time 1229.00ms, mfu 0.43%
iter 1240: loss 0.2662, time 1184.54ms, mfu 0.43%
iter 1250: loss 0.2523, time 1191.10ms, mfu 0.43%
iter 1260: loss 0.2589, time 1184.46ms, mfu 0.43%
iter 1270: loss 0.2908, time 1235.14ms, mfu 0.43%
iter 1280: loss 0.2390, time 1228.25ms, mfu 0.43%
iter 1290: loss 0.2660, time 1232.52ms, mfu 0.43%
iter 1300: loss 0.2188, time 1257.15ms, mfu 0.43%
  === DIAG iter 1300 ===
  text_loss: 0.2188, num_loss: 0.0000 (sign=0.0000 exp=0.0000 digit=0.0000 mantissa_mse=0.0000)
  grads: total 1.3583, lora 1.3407, adapter 0.2183, decoder 0.0000
  <NUM> tokens: 104/2048 (5.1%)
  lr: lora 2.95e-04, adapter 8.86e-05, decoder 8.86e-05
  token accuracy: 0.875 (1751/2001)
iter 1310: loss 0.2678, time 1275.79ms, mfu 0.43%
iter 1320: loss 0.2230, time 1243.48ms, mfu 0.43%
iter 1330: loss 0.2414, time 1229.78ms, mfu 0.43%
iter 1340: loss 0.2257, time 1232.14ms, mfu 0.43%
iter 1350: loss 0.2434, time 1223.35ms, mfu 0.43%
iter 1360: loss 0.2044, time 1225.85ms, mfu 0.43%
iter 1370: loss 0.2472, time 1219.43ms, mfu 0.43%
iter 1380: loss 0.2276, time 1239.38ms, mfu 0.43%
iter 1390: loss 0.2368, time 1229.19ms, mfu 0.43%
iter 1400: loss 0.1879, time 1216.50ms, mfu 0.43%
  === DIAG iter 1400 ===
  text_loss: 0.1879, num_loss: 0.0000 (sign=0.0000 exp=0.0000 digit=0.0000 mantissa_mse=0.0000)
  grads: total 1.3168, lora 1.2870, adapter 0.2783, decoder 0.0000
  <NUM> tokens: 105/2048 (5.1%)
  lr: lora 2.94e-04, adapter 8.82e-05, decoder 8.82e-05
  token accuracy: 0.878 (1756/1999)
iter 1410: loss 0.2500, time 1223.91ms, mfu 0.43%
iter 1420: loss 0.2194, time 1233.06ms, mfu 0.43%
iter 1430: loss 0.2566, time 1226.44ms, mfu 0.43%
iter 1440: loss 0.2566, time 1226.17ms, mfu 0.43%
iter 1450: loss 0.2254, time 1243.83ms, mfu 0.43%
iter 1460: loss 0.2639, time 1235.92ms, mfu 0.43%
iter 1470: loss 0.2225, time 1242.04ms, mfu 0.43%
iter 1480: loss 0.2576, time 1250.03ms, mfu 0.43%
iter 1490: loss 0.2527, time 1238.82ms, mfu 0.42%
iter 1500: loss 0.2528, time 1242.79ms, mfu 0.42%
  === DIAG iter 1500 ===
  text_loss: 0.2528, num_loss: 0.0000 (sign=0.0000 exp=0.0000 digit=0.0000 mantissa_mse=0.0000)
  grads: total 1.5257, lora 1.4926, adapter 0.3161, decoder 0.0000
  <NUM> tokens: 104/2048 (5.1%)
  lr: lora 2.93e-04, adapter 8.78e-05, decoder 8.78e-05
  token accuracy: 0.856 (1708/1995)
  --- Sample eval (val) ---
  numeric loss: total=0.0000 (sign=0.0000 exp=0.0000 digit=0.0000 mant=0.0000)
iter 1510: loss 0.2091, time 1233.26ms, mfu 0.42%
iter 1520: loss 0.1998, time 1214.84ms, mfu 0.43%
iter 1530: loss 0.2207, time 1244.02ms, mfu 0.42%
iter 1540: loss 0.2246, time 1250.67ms, mfu 0.42%
iter 1550: loss 0.2603, time 1235.71ms, mfu 0.42%
iter 1560: loss 0.2513, time 1238.80ms, mfu 0.42%
iter 1570: loss 0.2153, time 1243.25ms, mfu 0.42%
iter 1580: loss 0.2172, time 1230.13ms, mfu 0.42%
iter 1590: loss 0.2407, time 1231.22ms, mfu 0.42%
iter 1600: loss 0.2362, time 1230.99ms, mfu 0.42%
  === DIAG iter 1600 ===
  text_loss: 0.2362, num_loss: 0.0000 (sign=0.0000 exp=0.0000 digit=0.0000 mantissa_mse=0.0000)
  grads: total 1.4693, lora 1.4574, adapter 0.1865, decoder 0.0000
  <NUM> tokens: 105/2048 (5.1%)
  lr: lora 2.91e-04, adapter 8.73e-05, decoder 8.73e-05
  token accuracy: 0.868 (1734/1998)
iter 1610: loss 0.2323, time 1224.71ms, mfu 0.42%
iter 1620: loss 0.2263, time 1225.43ms, mfu 0.42%
iter 1630: loss 0.2189, time 1261.11ms, mfu 0.42%
iter 1640: loss 0.2006, time 1213.05ms, mfu 0.42%
iter 1650: loss 0.1910, time 1240.42ms, mfu 0.42%
iter 1660: loss 0.2762, time 1236.93ms, mfu 0.42%
iter 1670: loss 0.2178, time 1226.97ms, mfu 0.42%
iter 1680: loss 0.2068, time 1233.19ms, mfu 0.42%
iter 1690: loss 0.2263, time 1228.86ms, mfu 0.42%
iter 1700: loss 0.2126, time 1237.23ms, mfu 0.42%
  === DIAG iter 1700 ===
  text_loss: 0.2126, num_loss: 0.0000 (sign=0.0000 exp=0.0000 digit=0.0000 mantissa_mse=0.0000)
  grads: total 1.4672, lora 1.4491, adapter 0.2295, decoder 0.0000
  <NUM> tokens: 104/2048 (5.1%)
  lr: lora 2.90e-04, adapter 8.69e-05, decoder 8.69e-05
  token accuracy: 0.875 (1750/2001)
iter 1710: loss 0.2042, time 1243.20ms, mfu 0.42%
iter 1720: loss 0.2280, time 1220.40ms, mfu 0.42%
iter 1730: loss 0.1838, time 1259.43ms, mfu 0.42%
iter 1740: loss 0.2135, time 1246.69ms, mfu 0.42%
iter 1750: loss 0.2101, time 1224.93ms, mfu 0.42%
iter 1760: loss 0.1928, time 1224.50ms, mfu 0.42%
iter 1770: loss 0.2332, time 1213.27ms, mfu 0.43%
iter 1780: loss 0.2125, time 1209.40ms, mfu 0.43%
iter 1790: loss 0.2219, time 1206.63ms, mfu 0.43%
iter 1800: loss 0.2408, time 1226.85ms, mfu 0.43%
  === DIAG iter 1800 ===
  text_loss: 0.2408, num_loss: 0.0000 (sign=0.0000 exp=0.0000 digit=0.0000 mantissa_mse=0.0000)
  grads: total 1.4250, lora 1.4058, adapter 0.2333, decoder 0.0000
  <NUM> tokens: 106/2048 (5.2%)
  lr: lora 2.88e-04, adapter 8.63e-05, decoder 8.63e-05
  token accuracy: 0.857 (1711/1997)
iter 1810: loss 0.2102, time 1211.73ms, mfu 0.43%
iter 1820: loss 0.2095, time 1203.00ms, mfu 0.43%
iter 1830: loss 0.2119, time 1214.67ms, mfu 0.43%
iter 1840: loss 0.1840, time 1208.20ms, mfu 0.43%
iter 1850: loss 0.1664, time 1207.58ms, mfu 0.43%
iter 1860: loss 0.1801, time 1211.13ms, mfu 0.43%
iter 1870: loss 0.1929, time 1256.01ms, mfu 0.43%
iter 1880: loss 0.2041, time 1230.50ms, mfu 0.43%
iter 1890: loss 0.1894, time 1230.94ms, mfu 0.43%
iter 1900: loss 0.2092, time 1230.92ms, mfu 0.43%
  === DIAG iter 1900 ===
  text_loss: 0.2092, num_loss: 0.0000 (sign=0.0000 exp=0.0000 digit=0.0000 mantissa_mse=0.0000)
  grads: total 1.4123, lora 1.3916, adapter 0.2413, decoder 0.0000
  <NUM> tokens: 102/2048 (5.0%)
  lr: lora 2.86e-04, adapter 8.57e-05, decoder 8.57e-05
  token accuracy: 0.874 (1743/1995)
iter 1910: loss 0.2349, time 1220.02ms, mfu 0.43%
iter 1920: loss 0.2200, time 1222.78ms, mfu 0.43%
iter 1930: loss 0.2018, time 1259.29ms, mfu 0.43%
iter 1940: loss 0.1781, time 1246.03ms, mfu 0.43%
iter 1950: loss 0.1842, time 1224.28ms, mfu 0.43%
iter 1960: loss 0.2088, time 1223.97ms, mfu 0.43%
iter 1970: loss 0.1904, time 1231.17ms, mfu 0.43%
iter 1980: loss 0.2110, time 1239.08ms, mfu 0.43%
iter 1990: loss 0.1934, time 1254.59ms, mfu 0.43%
step 2000: train text=0.1779 num=0.0000 total=0.1779 | val text=0.1867 num=0.0000 total=0.1867
  saved checkpoint to /tmpdir/m24047brmn/numbers/model_checkpoints/analytic_s2_adapted_lora/ckpt_iter2000.pt
  new best val loss: 0.1867
iter 2000: loss 0.1543, time 27552.54ms, mfu 0.38%
  === DIAG iter 2000 ===
  text_loss: 0.1543, num_loss: 0.0000 (sign=0.0000 exp=0.0000 digit=0.0000 mantissa_mse=0.0000)
  grads: total 1.0945, lora 1.0717, adapter 0.2223, decoder 0.0000
  <NUM> tokens: 100/2048 (4.9%)
  lr: lora 2.84e-04, adapter 8.51e-05, decoder 8.51e-05
  token accuracy: 0.893 (1789/2003)
  --- Sample eval (val) ---
  numeric loss: total=0.0000 (sign=0.0000 exp=0.0000 digit=0.0000 mant=0.0000)
iter 2010: loss 0.1966, time 1266.78ms, mfu 0.39%
iter 2020: loss 0.2163, time 1249.11ms, mfu 0.39%
iter 2030: loss 0.1931, time 1200.16ms, mfu 0.40%
iter 2040: loss 0.1738, time 1203.65ms, mfu 0.40%
iter 2050: loss 0.1875, time 1195.70ms, mfu 0.40%
iter 2060: loss 0.1911, time 1198.63ms, mfu 0.41%
iter 2070: loss 0.2108, time 1192.63ms, mfu 0.41%
iter 2080: loss 0.1807, time 1189.55ms, mfu 0.41%
iter 2090: loss 0.2083, time 1197.41ms, mfu 0.42%
iter 2100: loss 0.2118, time 1208.97ms, mfu 0.42%
  === DIAG iter 2100 ===
  text_loss: 0.2118, num_loss: 0.0000 (sign=0.0000 exp=0.0000 digit=0.0000 mantissa_mse=0.0000)
  grads: total 1.4280, lora 1.4148, adapter 0.1939, decoder 0.0000
  <NUM> tokens: 103/2048 (5.0%)
  lr: lora 2.82e-04, adapter 8.45e-05, decoder 8.45e-05
  token accuracy: 0.875 (1747/1997)
iter 2110: loss 0.1781, time 1230.64ms, mfu 0.42%
iter 2120: loss 0.1731, time 1198.11ms, mfu 0.42%
iter 2130: loss 0.1799, time 1228.49ms, mfu 0.42%
iter 2140: loss 0.2076, time 1212.60ms, mfu 0.42%
iter 2150: loss 0.1824, time 1216.01ms, mfu 0.42%
iter 2160: loss 0.2141, time 1224.43ms, mfu 0.42%
iter 2170: loss 0.1962, time 1213.15ms, mfu 0.42%
iter 2180: loss 0.2018, time 1206.23ms, mfu 0.43%
iter 2190: loss 0.1918, time 1205.99ms, mfu 0.43%
iter 2200: loss 0.2036, time 1213.67ms, mfu 0.43%
  === DIAG iter 2200 ===
  text_loss: 0.2036, num_loss: 0.0000 (sign=0.0000 exp=0.0000 digit=0.0000 mantissa_mse=0.0000)
  grads: total 1.1216, lora 1.1067, adapter 0.1822, decoder 0.0000
  <NUM> tokens: 103/2048 (5.0%)
  lr: lora 2.79e-04, adapter 8.38e-05, decoder 8.38e-05
  token accuracy: 0.879 (1753/1994)
iter 2210: loss 0.1629, time 1212.78ms, mfu 0.43%
iter 2220: loss 0.1692, time 1210.19ms, mfu 0.43%
iter 2230: loss 0.2190, time 1214.32ms, mfu 0.43%
iter 2240: loss 0.1773, time 1195.74ms, mfu 0.43%
iter 2250: loss 0.2009, time 1184.71ms, mfu 0.43%
iter 2260: loss 0.1688, time 1186.74ms, mfu 0.43%
iter 2270: loss 0.1977, time 1179.83ms, mfu 0.43%
iter 2280: loss 0.1826, time 1181.44ms, mfu 0.43%
iter 2290: loss 0.1568, time 1187.14ms, mfu 0.43%
iter 2300: loss 0.1546, time 1195.74ms, mfu 0.43%
  === DIAG iter 2300 ===
  text_loss: 0.1546, num_loss: 0.0000 (sign=0.0000 exp=0.0000 digit=0.0000 mantissa_mse=0.0000)
  grads: total 1.1450, lora 1.1308, adapter 0.1798, decoder 0.0000
  <NUM> tokens: 112/2048 (5.5%)
  lr: lora 2.77e-04, adapter 8.30e-05, decoder 8.30e-05
  token accuracy: 0.889 (1772/1994)
iter 2310: loss 0.1734, time 1255.84ms, mfu 0.43%
iter 2320: loss 0.1799, time 1269.70ms, mfu 0.43%
iter 2330: loss 0.2266, time 1268.48ms, mfu 0.43%
iter 2340: loss 0.1484, time 1243.97ms, mfu 0.43%
iter 2350: loss 0.1795, time 1189.46ms, mfu 0.43%
iter 2360: loss 0.1727, time 1188.25ms, mfu 0.43%
iter 2370: loss 0.1514, time 1192.36ms, mfu 0.43%
iter 2380: loss 0.1524, time 1181.07ms, mfu 0.43%
iter 2390: loss 0.2064, time 1188.32ms, mfu 0.43%
iter 2400: loss 0.1888, time 1191.90ms, mfu 0.43%
  === DIAG iter 2400 ===
  text_loss: 0.1888, num_loss: 0.0000 (sign=0.0000 exp=0.0000 digit=0.0000 mantissa_mse=0.0000)
  grads: total 0.9778, lora 0.9664, adapter 0.1488, decoder 0.0000
  <NUM> tokens: 105/2048 (5.1%)
  lr: lora 2.74e-04, adapter 8.23e-05, decoder 8.23e-05
  token accuracy: 0.882 (1761/1997)
iter 2410: loss 0.1739, time 1176.57ms, mfu 0.44%
iter 2420: loss 0.1353, time 1181.71ms, mfu 0.44%
iter 2430: loss 0.1989, time 1174.66ms, mfu 0.44%
iter 2440: loss 0.1343, time 1174.89ms, mfu 0.44%
iter 2450: loss 0.1703, time 1170.48ms, mfu 0.44%
iter 2460: loss 0.1360, time 1172.97ms, mfu 0.44%
iter 2470: loss 0.1680, time 1173.00ms, mfu 0.44%
iter 2480: loss 0.1760, time 1171.72ms, mfu 0.44%
iter 2490: loss 0.1288, time 1169.86ms, mfu 0.44%
iter 2500: loss 0.1747, time 1163.49ms, mfu 0.44%
  === DIAG iter 2500 ===
  text_loss: 0.1747, num_loss: 0.0000 (sign=0.0000 exp=0.0000 digit=0.0000 mantissa_mse=0.0000)
  grads: total 1.2615, lora 1.2546, adapter 0.1320, decoder 0.0000
  <NUM> tokens: 110/2048 (5.4%)
  lr: lora 2.72e-04, adapter 8.15e-05, decoder 8.15e-05
  token accuracy: 0.886 (1769/1996)
  --- Sample eval (val) ---
  numeric loss: total=0.0000 (sign=0.0000 exp=0.0000 digit=0.0000 mant=0.0000)
iter 2510: loss 0.1643, time 1168.42ms, mfu 0.44%
iter 2520: loss 0.1842, time 1230.09ms, mfu 0.44%
iter 2530: loss 0.1643, time 1221.34ms, mfu 0.44%
iter 2540: loss 0.1782, time 1223.64ms, mfu 0.44%
iter 2550: loss 0.1821, time 1218.78ms, mfu 0.44%
iter 2560: loss 0.1822, time 1219.55ms, mfu 0.44%
iter 2570: loss 0.1563, time 1211.14ms, mfu 0.44%
iter 2580: loss 0.1738, time 1206.17ms, mfu 0.44%
iter 2590: loss 0.1671, time 1213.78ms, mfu 0.44%
iter 2600: loss 0.1790, time 1214.87ms, mfu 0.44%
  === DIAG iter 2600 ===
  text_loss: 0.1790, num_loss: 0.0000 (sign=0.0000 exp=0.0000 digit=0.0000 mantissa_mse=0.0000)
  grads: total 1.0287, lora 1.0176, adapter 0.1507, decoder 0.0000
  <NUM> tokens: 105/2048 (5.1%)
  lr: lora 2.69e-04, adapter 8.06e-05, decoder 8.06e-05
  token accuracy: 0.885 (1770/1999)
iter 2610: loss 0.1792, time 1223.05ms, mfu 0.43%
iter 2620: loss 0.1690, time 1211.16ms, mfu 0.43%
iter 2630: loss 0.1600, time 1210.03ms, mfu 0.43%
iter 2640: loss 0.1708, time 1213.40ms, mfu 0.43%
iter 2650: loss 0.1729, time 1218.52ms, mfu 0.43%
iter 2660: loss 0.1595, time 1217.34ms, mfu 0.43%
iter 2670: loss 0.1562, time 1206.72ms, mfu 0.43%
iter 2680: loss 0.1617, time 1203.29ms, mfu 0.43%
iter 2690: loss 0.1841, time 1183.99ms, mfu 0.43%
