Loading gnu/11.2.0
  Loading requirement: binutils/11.2.0
Error in cpuinfo: prctl(PR_SVE_GET_VL) failed
Mode: ANALYTIC ADAPTED (Stage1 Analytic + LoRA)
tokens per iteration will be: 40,960
data directory: /tmpdir/m24047brmn/numbers/data/synth_arith_analytic/adapted
Loading Stage 1 analytic checkpoint: /tmpdir/m24047brmn/numbers/model_checkpoints/luciole_analytic_s1/ckpt.pt
number of parameters: 115.12M
  Loaded Stage 1 weights (134 keys)
  Applied LoRA (rank=16, alpha=32, dropout=0.05) to 48 layers
  Target modules: ['q_proj', 'v_proj', 'k_proj', 'o_proj']
Parameter budget (ANALYTIC ADAPTED):
  LoRA:         983,040 params (0.85%)
  Adapter:      652,800 params (0.56%)
  Decoder:      297,603 params (0.26%)
  Frozen:    114,169,344 params
  Trainable:  1,933,443 / 116,102,787 (1.67%)
optimizer parameter groups:
  lora_decay: 96 tensors, 983,040 params, weight_decay=0.1, lr_scale=1.0
  adapter_decay: 2 tensors, 651,264 params, weight_decay=0.1, lr_scale=0.3
  adapter_nodecay: 2 tensors, 1,536 params, weight_decay=0.0, lr_scale=0.3
  decoder_decay: 3 tensors, 297,216 params, weight_decay=0.1, lr_scale=0.3
  decoder_nodecay: 3 tensors, 387 params, weight_decay=0.0, lr_scale=0.3
using fused AdamW: True
compiling the model... (takes a ~minute)
Error in cpuinfo: prctl(PR_SVE_GET_VL) failed
Validated numeric supervision for train: 2048 sampled <NUM> labels in sync
Validated numeric supervision for val: 2048 sampled <NUM> labels in sync

Starting training from iter 0 (max_iters=10000)
step 0: train text=5.0025 num=6.8192 total=11.8217 | val text=5.0206 num=6.8725 total=11.8931
iter 0: loss 11.4840, time 117079.42ms, mfu -100.00%
  === DIAG iter 0 ===
  text_loss: 5.0652, num_loss: 6.4188 (sign=0.0052 exp=1.1209 digit=1.3850 mantissa_mse=7.8156)
  grads: total 260.0586, lora 259.1311, adapter 17.9610, decoder 12.6068
  <NUM> tokens: 387/2048 (18.9%)
  lr: lora 5.99e-07, adapter 1.80e-07, decoder 1.80e-07
  token accuracy: 0.521 (1031/1980)
  <NUM> token prediction: 0/386 (0.000)
iter 10: loss 10.6726, time 2457.86ms, mfu 0.21%
iter 20: loss 9.4446, time 2431.71ms, mfu 0.21%
iter 30: loss 8.4068, time 2422.21ms, mfu 0.21%
iter 40: loss 7.2396, time 2417.15ms, mfu 0.21%
iter 50: loss 6.7889, time 2424.77ms, mfu 0.21%
iter 60: loss 6.2307, time 2418.78ms, mfu 0.21%
iter 70: loss 5.6278, time 2429.83ms, mfu 0.21%
iter 80: loss 5.5483, time 2416.42ms, mfu 0.21%
iter 90: loss 5.5781, time 2419.30ms, mfu 0.21%
iter 100: loss 5.0313, time 2431.15ms, mfu 0.22%
  === DIAG iter 100 ===
  text_loss: 0.9131, num_loss: 4.1182 (sign=0.0082 exp=0.5875 digit=1.2557 mantissa_mse=4.5336)
  grads: total 144.8765, lora 144.1133, adapter 7.9245, decoder 12.5605
  <NUM> tokens: 393/2048 (19.2%)
  lr: lora 6.05e-05, adapter 1.81e-05, decoder 1.81e-05
  token accuracy: 0.812 (1609/1982)
  <NUM> token prediction: 380/394 (0.964)
iter 110: loss 5.0654, time 2421.89ms, mfu 0.22%
iter 120: loss 4.7076, time 2416.18ms, mfu 0.22%
iter 130: loss 5.3115, time 2421.94ms, mfu 0.22%
iter 140: loss 4.3199, time 2423.05ms, mfu 0.22%
iter 150: loss 4.2878, time 2457.45ms, mfu 0.22%
iter 160: loss 4.2267, time 2468.06ms, mfu 0.21%
iter 170: loss 4.2895, time 2461.31ms, mfu 0.21%
iter 180: loss 4.0177, time 2468.83ms, mfu 0.21%
iter 190: loss 4.2336, time 2463.16ms, mfu 0.21%
iter 200: loss 3.8967, time 2474.49ms, mfu 0.21%
  === DIAG iter 200 ===
  text_loss: 0.2881, num_loss: 3.6086 (sign=0.0070 exp=0.5196 digit=1.1463 mantissa_mse=3.8714)
  grads: total 60.1436, lora 59.7128, adapter 3.7861, decoder 6.1070
  <NUM> tokens: 387/2048 (18.9%)
  lr: lora 1.20e-04, adapter 3.61e-05, decoder 3.61e-05
  token accuracy: 0.942 (1858/1973)
  <NUM> token prediction: 386/386 (1.000)
iter 210: loss 3.6089, time 2458.90ms, mfu 0.21%
iter 220: loss 3.4583, time 2460.11ms, mfu 0.21%
iter 230: loss 3.8323, time 2455.90ms, mfu 0.21%
iter 240: loss 3.4179, time 2465.91ms, mfu 0.21%
iter 250: loss 3.5091, time 2458.05ms, mfu 0.21%
iter 260: loss 3.5831, time 2467.06ms, mfu 0.21%
iter 270: loss 3.5320, time 2458.30ms, mfu 0.21%
iter 280: loss 3.1671, time 2468.80ms, mfu 0.21%
iter 290: loss 3.2077, time 2456.25ms, mfu 0.21%
iter 300: loss 3.4533, time 2476.18ms, mfu 0.21%
  === DIAG iter 300 ===
  text_loss: 0.1354, num_loss: 3.3179 (sign=0.0048 exp=0.4083 digit=1.0979 mantissa_mse=3.6136)
  grads: total 54.9910, lora 54.4692, adapter 5.1746, decoder 5.5080
  <NUM> tokens: 382/2048 (18.7%)
  lr: lora 1.80e-04, adapter 5.41e-05, decoder 5.41e-05
  token accuracy: 0.968 (1914/1977)
  <NUM> token prediction: 381/381 (1.000)
iter 310: loss 3.0656, time 2445.65ms, mfu 0.21%
iter 320: loss 3.1344, time 2450.78ms, mfu 0.21%
iter 330: loss 3.1365, time 2443.49ms, mfu 0.21%
iter 340: loss 3.1032, time 2459.89ms, mfu 0.21%
iter 350: loss 2.9184, time 2454.40ms, mfu 0.21%
iter 360: loss 3.1359, time 2438.27ms, mfu 0.21%
iter 370: loss 2.8786, time 2444.23ms, mfu 0.21%
iter 380: loss 2.8943, time 2451.17ms, mfu 0.21%
iter 390: loss 3.0483, time 2478.15ms, mfu 0.21%
iter 400: loss 3.0326, time 2475.67ms, mfu 0.21%
  === DIAG iter 400 ===
  text_loss: 0.0946, num_loss: 2.9379 (sign=0.0039 exp=0.3375 digit=0.9581 mantissa_mse=3.2769)
  grads: total 22.1652, lora 21.6963, adapter 2.8886, decoder 3.4963
  <NUM> tokens: 391/2048 (19.1%)
  lr: lora 2.40e-04, adapter 7.20e-05, decoder 7.20e-05
  token accuracy: 0.976 (1929/1977)
  <NUM> token prediction: 391/391 (1.000)
iter 410: loss 2.9428, time 2476.16ms, mfu 0.21%
iter 420: loss 2.8761, time 2461.82ms, mfu 0.21%
iter 430: loss 2.7486, time 2465.40ms, mfu 0.21%
iter 440: loss 2.8683, time 2464.11ms, mfu 0.21%
iter 450: loss 2.8061, time 2461.78ms, mfu 0.21%
iter 460: loss 2.9036, time 2457.00ms, mfu 0.21%
iter 470: loss 2.8151, time 2461.67ms, mfu 0.21%
iter 480: loss 3.2105, time 2461.97ms, mfu 0.21%
iter 490: loss 3.2127, time 2446.24ms, mfu 0.21%
iter 500: loss 3.0321, time 2454.88ms, mfu 0.21%
  === DIAG iter 500 ===
  text_loss: 0.0796, num_loss: 2.9525 (sign=0.0003 exp=0.3303 digit=0.9203 mantissa_mse=3.4031)
  grads: total 25.8200, lora 24.5001, adapter 2.0022, decoder 7.9001
  <NUM> tokens: 393/2048 (19.2%)
  lr: lora 3.00e-04, adapter 9.00e-05, decoder 9.00e-05
  token accuracy: 0.977 (1930/1976)
  <NUM> token prediction: 394/394 (1.000)
  --- Sample eval (val) ---
  numeric loss: total=2.8135 (sign=0.0001 exp=0.3576 digit=0.8782 mant=3.1551)
iter 510: loss 2.8022, time 2436.12ms, mfu 0.21%
iter 520: loss 3.0225, time 2442.93ms, mfu 0.21%
iter 530: loss 2.7351, time 2425.60ms, mfu 0.21%
iter 540: loss 2.9852, time 2428.87ms, mfu 0.21%
iter 550: loss 2.9997, time 2440.16ms, mfu 0.21%
iter 560: loss 2.6459, time 2457.73ms, mfu 0.21%
iter 570: loss 2.9047, time 2430.61ms, mfu 0.21%
iter 580: loss 2.7322, time 2416.97ms, mfu 0.21%
iter 590: loss 2.8117, time 2427.39ms, mfu 0.21%
iter 600: loss 2.9994, time 2445.33ms, mfu 0.21%
  === DIAG iter 600 ===
  text_loss: 0.0778, num_loss: 2.9216 (sign=0.0002 exp=0.3469 digit=0.8452 mantissa_mse=3.4586)
  grads: total 26.1013, lora 24.1835, adapter 1.5249, decoder 9.7010
  <NUM> tokens: 395/2048 (19.3%)
  lr: lora 3.00e-04, adapter 9.00e-05, decoder 9.00e-05
  token accuracy: 0.977 (1928/1974)
  <NUM> token prediction: 396/396 (1.000)
iter 610: loss 2.6143, time 2445.81ms, mfu 0.21%
iter 620: loss 2.6681, time 2449.44ms, mfu 0.21%
iter 630: loss 2.7889, time 2435.15ms, mfu 0.21%
iter 640: loss 2.8957, time 2446.34ms, mfu 0.21%
iter 650: loss 2.8605, time 2442.62ms, mfu 0.21%
iter 660: loss 2.6818, time 2451.54ms, mfu 0.21%
iter 670: loss 2.7126, time 2432.18ms, mfu 0.21%
iter 680: loss 2.9311, time 2449.13ms, mfu 0.21%
iter 690: loss 3.1527, time 2425.50ms, mfu 0.21%
iter 700: loss 2.8533, time 2448.31ms, mfu 0.21%
  === DIAG iter 700 ===
  text_loss: 0.0878, num_loss: 2.7655 (sign=0.0001 exp=0.3534 digit=0.8057 mantissa_mse=3.2126)
  grads: total 7.4613, lora 7.1857, adapter 1.1757, decoder 1.6296
  <NUM> tokens: 391/2048 (19.1%)
  lr: lora 3.00e-04, adapter 8.99e-05, decoder 8.99e-05
  token accuracy: 0.972 (1920/1976)
  <NUM> token prediction: 392/392 (1.000)
iter 710: loss 2.6513, time 2443.45ms, mfu 0.21%
iter 720: loss 2.9358, time 2434.11ms, mfu 0.21%
iter 730: loss 2.4448, time 2449.48ms, mfu 0.21%
iter 740: loss 2.8422, time 2439.08ms, mfu 0.21%
iter 750: loss 2.6530, time 2462.18ms, mfu 0.21%
iter 760: loss 2.6534, time 2448.37ms, mfu 0.21%
iter 770: loss 3.0056, time 2450.15ms, mfu 0.21%
iter 780: loss 2.7791, time 2449.65ms, mfu 0.21%
iter 790: loss 2.6004, time 2444.93ms, mfu 0.21%
iter 800: loss 2.7852, time 2441.24ms, mfu 0.21%
  === DIAG iter 800 ===
  text_loss: 0.0719, num_loss: 2.7133 (sign=0.0002 exp=0.3644 digit=0.7710 mantissa_mse=3.1555)
  grads: total 11.4184, lora 10.7010, adapter 1.2986, decoder 3.7661
  <NUM> tokens: 392/2048 (19.1%)
  lr: lora 2.99e-04, adapter 8.98e-05, decoder 8.98e-05
  token accuracy: 0.979 (1936/1978)
  <NUM> token prediction: 393/393 (1.000)
iter 810: loss 2.6276, time 2434.98ms, mfu 0.21%
iter 820: loss 2.5201, time 2434.57ms, mfu 0.21%
iter 830: loss 2.6179, time 2438.06ms, mfu 0.21%
iter 840: loss 2.7118, time 2423.39ms, mfu 0.21%
iter 850: loss 2.7165, time 2436.49ms, mfu 0.21%
iter 860: loss 2.8823, time 2429.75ms, mfu 0.21%
iter 870: loss 2.7620, time 2444.00ms, mfu 0.21%
iter 880: loss 2.4288, time 2426.42ms, mfu 0.21%
iter 890: loss 2.8957, time 2440.75ms, mfu 0.21%
iter 900: loss 2.6527, time 2409.38ms, mfu 0.22%
  === DIAG iter 900 ===
  text_loss: 0.0777, num_loss: 2.5750 (sign=0.0017 exp=0.3634 digit=0.7538 mantissa_mse=2.9123)
  grads: total 9.4832, lora 8.6196, adapter 1.4057, decoder 3.6957
  <NUM> tokens: 382/2048 (18.7%)
  lr: lora 2.99e-04, adapter 8.96e-05, decoder 8.96e-05
  token accuracy: 0.979 (1933/1974)
  <NUM> token prediction: 382/382 (1.000)
iter 910: loss 2.7563, time 2411.03ms, mfu 0.22%
iter 920: loss 2.8804, time 2471.40ms, mfu 0.22%
iter 930: loss 2.6543, time 2441.21ms, mfu 0.21%
iter 940: loss 2.5720, time 2458.01ms, mfu 0.21%
iter 950: loss 2.6718, time 2431.75ms, mfu 0.21%
iter 960: loss 2.4074, time 2437.33ms, mfu 0.21%
iter 970: loss 2.5518, time 2440.17ms, mfu 0.21%
iter 980: loss 2.4915, time 2434.87ms, mfu 0.21%
iter 990: loss 2.6556, time 2425.05ms, mfu 0.22%
step 1000: train text=0.0673 num=2.5401 total=2.6074 | val text=0.0680 num=2.6225 total=2.6905
  saved checkpoint to /tmpdir/m24047brmn/numbers/model_checkpoints/analytic_s2_adapted_lora/ckpt_iter1000.pt
  new best val loss: 2.6905
iter 1000: loss 2.4268, time 51265.85ms, mfu 0.19%
  === DIAG iter 1000 ===
  text_loss: 0.0676, num_loss: 2.3592 (sign=0.0019 exp=0.3679 digit=0.7443 mantissa_mse=2.4902)
  grads: total 24.1219, lora 21.3794, adapter 1.1537, decoder 11.1110
  <NUM> tokens: 388/2048 (18.9%)
  lr: lora 2.98e-04, adapter 8.94e-05, decoder 8.94e-05
  token accuracy: 0.979 (1935/1976)
  <NUM> token prediction: 389/389 (1.000)
  --- Sample eval (val) ---
  numeric loss: total=2.7643 (sign=0.0004 exp=0.3270 digit=0.7675 mant=3.3390)
iter 1010: loss 2.6200, time 2449.20ms, mfu 0.20%
iter 1020: loss 2.6795, time 2439.41ms, mfu 0.20%
iter 1030: loss 2.6409, time 2439.49ms, mfu 0.20%
iter 1040: loss 2.7529, time 2438.23ms, mfu 0.20%
iter 1050: loss 2.6908, time 2448.52ms, mfu 0.20%
iter 1060: loss 2.4367, time 2434.90ms, mfu 0.20%
iter 1070: loss 2.5466, time 2437.55ms, mfu 0.21%
iter 1080: loss 2.6495, time 2423.92ms, mfu 0.21%
iter 1090: loss 2.6104, time 2433.23ms, mfu 0.21%
iter 1100: loss 2.5997, time 2469.89ms, mfu 0.21%
  === DIAG iter 1100 ===
  text_loss: 0.0614, num_loss: 2.5382 (sign=0.0048 exp=0.3089 digit=0.7423 mantissa_mse=2.9643)
  grads: total 17.1064, lora 15.1553, adapter 1.0098, decoder 7.8695
  <NUM> tokens: 391/2048 (19.1%)
  lr: lora 2.97e-04, adapter 8.92e-05, decoder 8.92e-05
  token accuracy: 0.981 (1940/1977)
  <NUM> token prediction: 391/391 (1.000)
iter 1110: loss 2.4753, time 2449.83ms, mfu 0.21%
iter 1120: loss 2.6831, time 2448.87ms, mfu 0.21%
iter 1130: loss 2.2499, time 2452.39ms, mfu 0.21%
iter 1140: loss 2.6934, time 2454.31ms, mfu 0.21%
iter 1150: loss 2.6696, time 2433.95ms, mfu 0.21%
iter 1160: loss 2.4870, time 2426.68ms, mfu 0.21%
iter 1170: loss 2.5588, time 2435.61ms, mfu 0.21%
iter 1180: loss 2.4625, time 2434.46ms, mfu 0.21%
iter 1190: loss 2.4669, time 2426.49ms, mfu 0.21%
iter 1200: loss 2.5517, time 2427.51ms, mfu 0.21%
  === DIAG iter 1200 ===
  text_loss: 0.0662, num_loss: 2.4854 (sign=0.0002 exp=0.3335 digit=0.7553 mantissa_mse=2.7929)
  grads: total 5.6758, lora 5.1932, adapter 1.3765, decoder 1.8304
  <NUM> tokens: 384/2048 (18.8%)
  lr: lora 2.96e-04, adapter 8.89e-05, decoder 8.89e-05
  token accuracy: 0.977 (1928/1974)
  <NUM> token prediction: 383/383 (1.000)
iter 1210: loss 2.7338, time 2483.25ms, mfu 0.21%
iter 1220: loss 2.5127, time 2450.14ms, mfu 0.21%
iter 1230: loss 2.6596, time 2462.76ms, mfu 0.21%
iter 1240: loss 2.5954, time 2441.10ms, mfu 0.21%
iter 1250: loss 2.4234, time 2451.24ms, mfu 0.21%
iter 1260: loss 2.6325, time 2439.46ms, mfu 0.21%
iter 1270: loss 2.1905, time 2456.85ms, mfu 0.21%
iter 1280: loss 2.4564, time 2456.54ms, mfu 0.21%
iter 1290: loss 2.8478, time 2452.16ms, mfu 0.21%
iter 1300: loss 2.6663, time 2459.37ms, mfu 0.21%
  === DIAG iter 1300 ===
  text_loss: 0.0720, num_loss: 2.5943 (sign=0.0002 exp=0.3600 digit=0.7390 mantissa_mse=2.9904)
  grads: total 7.7130, lora 6.8986, adapter 1.2046, decoder 3.2325
  <NUM> tokens: 382/2048 (18.7%)
  lr: lora 2.95e-04, adapter 8.86e-05, decoder 8.86e-05
  token accuracy: 0.976 (1929/1977)
  <NUM> token prediction: 380/380 (1.000)
iter 1310: loss 2.5308, time 2440.65ms, mfu 0.21%
iter 1320: loss 2.2321, time 2451.03ms, mfu 0.21%
iter 1330: loss 2.3869, time 2452.73ms, mfu 0.21%
iter 1340: loss 2.4970, time 2451.13ms, mfu 0.21%
iter 1350: loss 2.8309, time 2453.59ms, mfu 0.21%
iter 1360: loss 2.5977, time 2448.50ms, mfu 0.21%
iter 1370: loss 2.5008, time 2446.20ms, mfu 0.21%
iter 1380: loss 2.7294, time 2460.30ms, mfu 0.21%
iter 1390: loss 2.6006, time 2454.38ms, mfu 0.21%
iter 1400: loss 2.6641, time 2449.25ms, mfu 0.21%
  === DIAG iter 1400 ===
  text_loss: 0.0680, num_loss: 2.5961 (sign=0.0002 exp=0.3272 digit=0.7086 mantissa_mse=3.1203)
  grads: total 6.7878, lora 6.0919, adapter 1.1984, decoder 2.7434
  <NUM> tokens: 388/2048 (18.9%)
  lr: lora 2.94e-04, adapter 8.82e-05, decoder 8.82e-05
  token accuracy: 0.977 (1930/1976)
  <NUM> token prediction: 383/383 (1.000)
iter 1410: loss 2.5475, time 2445.39ms, mfu 0.21%
iter 1420: loss 2.4916, time 2456.83ms, mfu 0.21%
iter 1430: loss 2.6085, time 2500.09ms, mfu 0.21%
iter 1440: loss 2.3242, time 2490.53ms, mfu 0.21%
iter 1450: loss 2.5737, time 2505.84ms, mfu 0.21%
iter 1460: loss 2.5405, time 2489.36ms, mfu 0.21%
iter 1470: loss 2.4512, time 2481.52ms, mfu 0.21%
iter 1480: loss 2.4752, time 2474.68ms, mfu 0.21%
iter 1490: loss 2.6398, time 2500.87ms, mfu 0.21%
iter 1500: loss 2.3312, time 2487.20ms, mfu 0.21%
  === DIAG iter 1500 ===
  text_loss: 0.0692, num_loss: 2.2620 (sign=0.0003 exp=0.3204 digit=0.6832 mantissa_mse=2.5163)
  grads: total 15.5630, lora 13.3721, adapter 1.0559, decoder 7.8917
  <NUM> tokens: 389/2048 (19.0%)
  lr: lora 2.93e-04, adapter 8.78e-05, decoder 8.78e-05
  token accuracy: 0.975 (1931/1981)
  <NUM> token prediction: 389/390 (0.997)
  --- Sample eval (val) ---
  numeric loss: total=2.5818 (sign=0.0001 exp=0.2731 digit=0.7403 mant=3.1366)
iter 1510: loss 2.2056, time 2499.54ms, mfu 0.21%
iter 1520: loss 2.4095, time 3154.78ms, mfu 0.21%
iter 1530: loss 2.4129, time 2508.51ms, mfu 0.21%
iter 1540: loss 2.3548, time 2498.05ms, mfu 0.21%
iter 1550: loss 2.4268, time 2495.15ms, mfu 0.21%
iter 1560: loss 2.6428, time 2499.47ms, mfu 0.21%
iter 1570: loss 2.6249, time 2479.46ms, mfu 0.21%
iter 1580: loss 2.2366, time 2478.09ms, mfu 0.21%
iter 1590: loss 2.2306, time 2509.67ms, mfu 0.21%
iter 1600: loss 2.5590, time 2504.43ms, mfu 0.21%
  === DIAG iter 1600 ===
  text_loss: 0.0740, num_loss: 2.4850 (sign=0.0001 exp=0.2798 digit=0.7215 mantissa_mse=2.9671)
  grads: total 8.5311, lora 7.8795, adapter 1.2540, decoder 3.0201
  <NUM> tokens: 378/2048 (18.5%)
  lr: lora 2.91e-04, adapter 8.73e-05, decoder 8.73e-05
  token accuracy: 0.975 (1925/1975)
  <NUM> token prediction: 380/380 (1.000)
iter 1610: loss 2.5524, time 2496.01ms, mfu 0.21%
iter 1620: loss 2.5217, time 2482.20ms, mfu 0.21%
iter 1630: loss 2.6586, time 2486.65ms, mfu 0.21%
iter 1640: loss 2.5515, time 2479.23ms, mfu 0.21%
iter 1650: loss 2.3346, time 2479.88ms, mfu 0.21%
iter 1660: loss 2.3731, time 2464.25ms, mfu 0.21%
iter 1670: loss 2.5616, time 2475.89ms, mfu 0.21%
iter 1680: loss 2.4662, time 2459.43ms, mfu 0.21%
iter 1690: loss 2.4515, time 2511.29ms, mfu 0.21%
iter 1700: loss 2.6771, time 2493.98ms, mfu 0.21%
  === DIAG iter 1700 ===
  text_loss: 0.0742, num_loss: 2.6028 (sign=0.0004 exp=0.3524 digit=0.7157 mantissa_mse=3.0685)
  grads: total 9.3536, lora 8.2502, adapter 1.0789, decoder 4.2731
  <NUM> tokens: 389/2048 (19.0%)
  lr: lora 2.90e-04, adapter 8.69e-05, decoder 8.69e-05
  token accuracy: 0.975 (1927/1976)
  <NUM> token prediction: 389/389 (1.000)
iter 1710: loss 2.4269, time 2484.62ms, mfu 0.21%
iter 1720: loss 2.6321, time 2486.71ms, mfu 0.21%
iter 1730: loss 2.5687, time 2490.45ms, mfu 0.21%
iter 1740: loss 2.2605, time 2471.90ms, mfu 0.21%
iter 1750: loss 2.3516, time 2486.33ms, mfu 0.21%
iter 1760: loss 2.5970, time 2477.84ms, mfu 0.21%
iter 1770: loss 2.1354, time 3110.83ms, mfu 0.21%
iter 1780: loss 2.3187, time 2492.52ms, mfu 0.21%
iter 1790: loss 2.4076, time 2477.19ms, mfu 0.21%
iter 1800: loss 2.3991, time 2491.11ms, mfu 0.21%
  === DIAG iter 1800 ===
  text_loss: 0.0691, num_loss: 2.3300 (sign=0.0000 exp=0.3191 digit=0.7026 mantissa_mse=2.6165)
  grads: total 11.2126, lora 9.7729, adapter 1.7994, decoder 5.1937
  <NUM> tokens: 391/2048 (19.1%)
  lr: lora 2.88e-04, adapter 8.63e-05, decoder 8.63e-05
  token accuracy: 0.977 (1930/1975)
  <NUM> token prediction: 390/390 (1.000)
iter 1810: loss 2.4541, time 2472.01ms, mfu 0.21%
iter 1820: loss 2.2969, time 2481.18ms, mfu 0.21%
iter 1830: loss 2.3461, time 2472.73ms, mfu 0.21%
iter 1840: loss 2.4501, time 2488.96ms, mfu 0.21%
iter 1850: loss 2.4357, time 2495.28ms, mfu 0.21%
iter 1860: loss 2.5808, time 2511.72ms, mfu 0.21%
iter 1870: loss 2.4334, time 2497.39ms, mfu 0.21%
iter 1880: loss 2.4761, time 2481.59ms, mfu 0.21%
iter 1890: loss 2.4485, time 2470.20ms, mfu 0.21%
iter 1900: loss 2.3620, time 2491.18ms, mfu 0.21%
  === DIAG iter 1900 ===
  text_loss: 0.0645, num_loss: 2.2975 (sign=0.0001 exp=0.3617 digit=0.7046 mantissa_mse=2.4622)
  grads: total 12.9380, lora 11.1886, adapter 1.6930, decoder 6.2722
  <NUM> tokens: 392/2048 (19.1%)
  lr: lora 2.86e-04, adapter 8.57e-05, decoder 8.57e-05
  token accuracy: 0.978 (1933/1977)
  <NUM> token prediction: 394/394 (1.000)
iter 1910: loss 2.2363, time 2483.81ms, mfu 0.21%
iter 1920: loss 2.2872, time 2531.20ms, mfu 0.21%
iter 1930: loss 2.4558, time 2505.63ms, mfu 0.21%
iter 1940: loss 2.3555, time 2482.36ms, mfu 0.21%
iter 1950: loss 2.1643, time 2507.06ms, mfu 0.21%
iter 1960: loss 2.3387, time 2483.13ms, mfu 0.21%
iter 1970: loss 2.3865, time 2490.48ms, mfu 0.21%
iter 1980: loss 2.3395, time 2482.16ms, mfu 0.21%
iter 1990: loss 2.2882, time 2474.21ms, mfu 0.21%
step 2000: train text=0.0654 num=2.2162 total=2.2816 | val text=0.0671 num=2.6071 total=2.6741
  saved checkpoint to /tmpdir/m24047brmn/numbers/model_checkpoints/analytic_s2_adapted_lora/ckpt_iter2000.pt
  new best val loss: 2.6741
iter 2000: loss 2.4082, time 52047.43ms, mfu 0.19%
  === DIAG iter 2000 ===
  text_loss: 0.0631, num_loss: 2.3450 (sign=0.0002 exp=0.3612 digit=0.7042 mantissa_mse=2.5588)
  grads: total 5.2548, lora 4.9941, adapter 1.0423, decoder 1.2593
  <NUM> tokens: 394/2048 (19.2%)
  lr: lora 2.84e-04, adapter 8.51e-05, decoder 8.51e-05
  token accuracy: 0.980 (1935/1974)
  <NUM> token prediction: 394/394 (1.000)
  --- Sample eval (val) ---
  numeric loss: total=2.6643 (sign=0.0003 exp=0.3187 digit=0.7030 mant=3.2845)
iter 2010: loss 2.2985, time 2466.74ms, mfu 0.19%
iter 2020: loss 2.2899, time 2472.76ms, mfu 0.19%
iter 2030: loss 2.3683, time 2510.14ms, mfu 0.20%
iter 2040: loss 2.2510, time 2492.85ms, mfu 0.20%
iter 2050: loss 2.6026, time 2488.38ms, mfu 0.20%
iter 2060: loss 2.3717, time 2483.14ms, mfu 0.20%
iter 2070: loss 2.2762, time 2487.58ms, mfu 0.20%
iter 2080: loss 2.3216, time 2491.63ms, mfu 0.20%
iter 2090: loss 2.3950, time 2487.09ms, mfu 0.20%
iter 2100: loss 2.4373, time 2472.04ms, mfu 0.20%
  === DIAG iter 2100 ===
  text_loss: 0.0668, num_loss: 2.3704 (sign=0.0003 exp=0.2828 digit=0.7470 mantissa_mse=2.6806)
  grads: total 18.6360, lora 15.9770, adapter 1.7396, decoder 9.4345
  <NUM> tokens: 385/2048 (18.8%)
  lr: lora 2.82e-04, adapter 8.45e-05, decoder 8.45e-05
  token accuracy: 0.979 (1935/1977)
  <NUM> token prediction: 384/384 (1.000)
iter 2110: loss 2.1247, time 2489.42ms, mfu 0.20%
iter 2120: loss 2.2900, time 2485.43ms, mfu 0.20%
iter 2130: loss 2.4394, time 2480.39ms, mfu 0.21%
iter 2140: loss 2.3985, time 2483.29ms, mfu 0.21%
iter 2150: loss 2.3405, time 2480.71ms, mfu 0.21%
iter 2160: loss 2.2452, time 2465.34ms, mfu 0.21%
iter 2170: loss 2.1901, time 2464.71ms, mfu 0.21%
iter 2180: loss 2.2430, time 2486.82ms, mfu 0.21%
iter 2190: loss 2.3021, time 2468.30ms, mfu 0.21%
iter 2200: loss 2.0746, time 2464.36ms, mfu 0.21%
  === DIAG iter 2200 ===
  text_loss: 0.0717, num_loss: 2.0028 (sign=0.0001 exp=0.2875 digit=0.7094 mantissa_mse=2.0117)
  grads: total 7.7456, lora 6.9798, adapter 1.3910, decoder 3.0563
  <NUM> tokens: 383/2048 (18.7%)
  lr: lora 2.79e-04, adapter 8.38e-05, decoder 8.38e-05
  token accuracy: 0.979 (1935/1976)
  <NUM> token prediction: 385/386 (0.997)
iter 2210: loss 2.2079, time 2438.91ms, mfu 0.21%
iter 2220: loss 2.1114, time 2466.72ms, mfu 0.21%
iter 2230: loss 2.1340, time 2456.24ms, mfu 0.21%
iter 2240: loss 2.3231, time 2454.90ms, mfu 0.21%
iter 2250: loss 2.2527, time 2463.17ms, mfu 0.21%
iter 2260: loss 2.2354, time 2458.56ms, mfu 0.21%
iter 2270: loss 2.4815, time 2451.00ms, mfu 0.21%
iter 2280: loss 2.1304, time 2458.28ms, mfu 0.21%
iter 2290: loss 2.3142, time 2447.07ms, mfu 0.21%
iter 2300: loss 2.3222, time 2466.11ms, mfu 0.21%
  === DIAG iter 2300 ===
  text_loss: 0.0672, num_loss: 2.2550 (sign=0.0001 exp=0.3423 digit=0.6726 mantissa_mse=2.4800)
  grads: total 21.0714, lora 18.2605, adapter 2.1445, decoder 10.2937
  <NUM> tokens: 388/2048 (18.9%)
  lr: lora 2.77e-04, adapter 8.30e-05, decoder 8.30e-05
  token accuracy: 0.980 (1941/1980)
  <NUM> token prediction: 386/387 (0.997)
iter 2310: loss 2.1292, time 2465.40ms, mfu 0.21%
iter 2320: loss 2.3242, time 2452.42ms, mfu 0.21%
iter 2330: loss 2.1200, time 2456.77ms, mfu 0.21%
iter 2340: loss 2.2685, time 2464.13ms, mfu 0.21%
iter 2350: loss 2.1677, time 2453.98ms, mfu 0.21%
iter 2360: loss 2.2272, time 2449.24ms, mfu 0.21%
iter 2370: loss 2.2440, time 2461.76ms, mfu 0.21%
iter 2380: loss 2.2504, time 2448.42ms, mfu 0.21%
iter 2390: loss 2.3632, time 2444.13ms, mfu 0.21%
iter 2400: loss 2.1914, time 2455.71ms, mfu 0.21%
  === DIAG iter 2400 ===
  text_loss: 0.0716, num_loss: 2.1198 (sign=0.0001 exp=0.3587 digit=0.7064 mantissa_mse=2.1093)
  grads: total 6.8508, lora 6.3446, adapter 1.9017, decoder 1.7503
  <NUM> tokens: 382/2048 (18.7%)
  lr: lora 2.74e-04, adapter 8.23e-05, decoder 8.23e-05
  token accuracy: 0.977 (1934/1979)
  <NUM> token prediction: 383/383 (1.000)
iter 2410: loss 2.1961, time 2454.83ms, mfu 0.21%
iter 2420: loss 2.1065, time 2459.93ms, mfu 0.21%
iter 2430: loss 2.1623, time 2443.24ms, mfu 0.21%
iter 2440: loss 1.9972, time 2453.90ms, mfu 0.21%
iter 2450: loss 2.1138, time 2490.91ms, mfu 0.21%
iter 2460: loss 2.2095, time 2438.40ms, mfu 0.21%
iter 2470: loss 2.1261, time 2426.59ms, mfu 0.21%
iter 2480: loss 2.3611, time 2427.98ms, mfu 0.21%
iter 2490: loss 2.1161, time 2420.75ms, mfu 0.21%
iter 2500: loss 2.1932, time 2422.11ms, mfu 0.21%
  === DIAG iter 2500 ===
  text_loss: 0.0711, num_loss: 2.1222 (sign=0.0002 exp=0.2372 digit=0.7456 mantissa_mse=2.2782)
  grads: total 13.4813, lora 12.0247, adapter 1.9485, decoder 5.7754
  <NUM> tokens: 385/2048 (18.8%)
  lr: lora 2.72e-04, adapter 8.15e-05, decoder 8.15e-05
  token accuracy: 0.976 (1931/1978)
  <NUM> token prediction: 384/384 (1.000)
  --- Sample eval (val) ---
  numeric loss: total=2.8426 (sign=0.0001 exp=0.3750 digit=0.7454 mant=3.4444)
iter 2510: loss 2.2609, time 2429.37ms, mfu 0.21%
iter 2520: loss 2.0997, time 2432.21ms, mfu 0.21%
iter 2530: loss 2.0603, time 2423.23ms, mfu 0.21%
iter 2540: loss 2.0477, time 2441.46ms, mfu 0.21%
iter 2550: loss 2.2850, time 2424.43ms, mfu 0.21%
iter 2560: loss 2.0846, time 2466.05ms, mfu 0.21%
iter 2570: loss 2.0993, time 2446.82ms, mfu 0.21%
iter 2580: loss 1.9832, time 2461.70ms, mfu 0.21%
iter 2590: loss 2.2059, time 2498.84ms, mfu 0.21%
iter 2600: loss 2.2172, time 2496.10ms, mfu 0.21%
  === DIAG iter 2600 ===
  text_loss: 0.0670, num_loss: 2.1502 (sign=0.0007 exp=0.3233 digit=0.7114 mantissa_mse=2.2297)
  grads: total 9.3179, lora 8.4544, adapter 1.4385, decoder 3.6438
  <NUM> tokens: 395/2048 (19.3%)
  lr: lora 2.69e-04, adapter 8.06e-05, decoder 8.06e-05
  token accuracy: 0.975 (1930/1979)
  <NUM> token prediction: 393/393 (1.000)
iter 2610: loss 2.3315, time 2469.78ms, mfu 0.21%
iter 2620: loss 2.2405, time 2457.04ms, mfu 0.21%
iter 2630: loss 2.0771, time 2460.54ms, mfu 0.21%
iter 2640: loss 2.0596, time 2453.34ms, mfu 0.21%
iter 2650: loss 2.1506, time 2456.65ms, mfu 0.21%
iter 2660: loss 2.0517, time 2447.72ms, mfu 0.21%
iter 2670: loss 2.3321, time 2444.19ms, mfu 0.21%
iter 2680: loss 2.1901, time 2436.99ms, mfu 0.21%
iter 2690: loss 2.2514, time 2443.84ms, mfu 0.21%
iter 2700: loss 1.9662, time 2438.32ms, mfu 0.21%
  === DIAG iter 2700 ===
  text_loss: 0.0655, num_loss: 1.9007 (sign=0.0005 exp=0.2760 digit=0.7086 mantissa_mse=1.8314)
  grads: total 6.1609, lora 5.9284, adapter 1.3640, decoder 0.9748
  <NUM> tokens: 395/2048 (19.3%)
  lr: lora 2.66e-04, adapter 7.97e-05, decoder 7.97e-05
  token accuracy: 0.976 (1932/1979)
  <NUM> token prediction: 396/396 (1.000)
iter 2710: loss 1.9476, time 2445.83ms, mfu 0.21%
iter 2720: loss 2.2164, time 2443.42ms, mfu 0.21%
iter 2730: loss 2.0885, time 2453.45ms, mfu 0.21%
iter 2740: loss 2.2016, time 2437.71ms, mfu 0.21%
iter 2750: loss 2.2469, time 2444.42ms, mfu 0.21%
iter 2760: loss 2.1163, time 2435.86ms, mfu 0.21%
iter 2770: loss 2.0402, time 2434.14ms, mfu 0.21%
iter 2780: loss 2.1007, time 2424.79ms, mfu 0.21%
iter 2790: loss 2.0543, time 2503.62ms, mfu 0.21%
iter 2800: loss 2.0323, time 2491.26ms, mfu 0.21%
  === DIAG iter 2800 ===
  text_loss: 0.0684, num_loss: 1.9639 (sign=0.0079 exp=0.2945 digit=0.7018 mantissa_mse=1.9195)
  grads: total 7.8904, lora 7.3569, adapter 1.5951, decoder 2.3642
  <NUM> tokens: 386/2048 (18.8%)
  lr: lora 2.63e-04, adapter 7.88e-05, decoder 7.88e-05
  token accuracy: 0.979 (1934/1975)
  <NUM> token prediction: 386/386 (1.000)
iter 2810: loss 1.8849, time 2474.06ms, mfu 0.21%
iter 2820: loss 2.0137, time 2464.60ms, mfu 0.21%
iter 2830: loss 2.3385, time 2450.51ms, mfu 0.21%
iter 2840: loss 2.2252, time 2458.17ms, mfu 0.21%
iter 2850: loss 2.0677, time 2468.55ms, mfu 0.21%
iter 2860: loss 2.0806, time 2480.19ms, mfu 0.21%
iter 2870: loss 2.2308, time 2474.62ms, mfu 0.21%
iter 2880: loss 2.0830, time 2473.72ms, mfu 0.21%
iter 2890: loss 1.9854, time 2472.18ms, mfu 0.21%
iter 2900: loss 2.1070, time 2465.07ms, mfu 0.21%
  === DIAG iter 2900 ===
  text_loss: 0.0714, num_loss: 2.0356 (sign=0.0001 exp=0.3188 digit=0.7245 mantissa_mse=1.9846)
  grads: total 9.6234, lora 8.7009, adapter 1.6929, decoder 3.7468
  <NUM> tokens: 385/2048 (18.8%)
  lr: lora 2.60e-04, adapter 7.79e-05, decoder 7.79e-05
  token accuracy: 0.978 (1928/1972)
  <NUM> token prediction: 385/385 (1.000)
iter 2910: loss 1.8694, time 2462.71ms, mfu 0.21%
iter 2920: loss 2.0106, time 2467.66ms, mfu 0.21%
iter 2930: loss 2.0051, time 2453.24ms, mfu 0.21%
iter 2940: loss 1.8881, time 2458.62ms, mfu 0.21%
iter 2950: loss 2.0830, time 2457.13ms, mfu 0.21%
iter 2960: loss 2.0504, time 2453.95ms, mfu 0.21%
iter 2970: loss 1.8553, time 2460.33ms, mfu 0.21%
iter 2980: loss 1.8882, time 2445.12ms, mfu 0.21%
iter 2990: loss 1.8866, time 2449.92ms, mfu 0.21%
step 3000: train text=0.0668 num=1.8146 total=1.8814 | val text=0.0678 num=2.9191 total=2.9869
  saved checkpoint to /tmpdir/m24047brmn/numbers/model_checkpoints/analytic_s2_adapted_lora/ckpt_iter3000.pt
iter 3000: loss 2.0155, time 50971.71ms, mfu 0.19%
  === DIAG iter 3000 ===
  text_loss: 0.0775, num_loss: 1.9380 (sign=0.0001 exp=0.2827 digit=0.7044 mantissa_mse=1.9017)
  grads: total 18.8140, lora 16.5354, adapter 2.2593, decoder 8.6858
  <NUM> tokens: 378/2048 (18.5%)
  lr: lora 2.56e-04, adapter 7.69e-05, decoder 7.69e-05
  token accuracy: 0.974 (1927/1978)
  <NUM> token prediction: 380/380 (1.000)
  --- Sample eval (val) ---
  numeric loss: total=2.7454 (sign=0.0001 exp=0.3172 digit=0.7035 mant=3.4493)
iter 3010: loss 1.9776, time 2465.29ms, mfu 0.19%
iter 3020: loss 2.0517, time 2470.50ms, mfu 0.20%
iter 3030: loss 2.1132, time 2475.10ms, mfu 0.20%
iter 3040: loss 2.0053, time 2446.14ms, mfu 0.20%
iter 3050: loss 1.9433, time 2475.60ms, mfu 0.20%
iter 3060: loss 2.0095, time 2442.62ms, mfu 0.20%
iter 3070: loss 1.8684, time 2454.21ms, mfu 0.20%
iter 3080: loss 1.9070, time 2455.35ms, mfu 0.20%
iter 3090: loss 1.9363, time 2436.56ms, mfu 0.21%
iter 3100: loss 2.1353, time 2449.56ms, mfu 0.21%
  === DIAG iter 3100 ===
  text_loss: 0.0707, num_loss: 2.0646 (sign=0.0001 exp=0.3240 digit=0.7118 mantissa_mse=2.0574)
  grads: total 7.0108, lora 6.7070, adapter 1.7797, decoder 0.9997
  <NUM> tokens: 386/2048 (18.8%)
  lr: lora 2.53e-04, adapter 7.59e-05, decoder 7.59e-05
  token accuracy: 0.978 (1933/1977)
  <NUM> token prediction: 387/387 (1.000)
iter 3110: loss 1.8996, time 2446.22ms, mfu 0.21%
iter 3120: loss 1.7429, time 2439.02ms, mfu 0.21%
iter 3130: loss 1.8562, time 2446.45ms, mfu 0.21%
iter 3140: loss 1.9232, time 2445.61ms, mfu 0.21%
iter 3150: loss 1.9705, time 2453.14ms, mfu 0.21%
iter 3160: loss 1.9879, time 2435.83ms, mfu 0.21%
iter 3170: loss 1.9165, time 2444.95ms, mfu 0.21%
iter 3180: loss 2.0287, time 2455.65ms, mfu 0.21%
iter 3190: loss 1.8469, time 2431.88ms, mfu 0.21%
iter 3200: loss 1.9029, time 2425.72ms, mfu 0.21%
  === DIAG iter 3200 ===
  text_loss: 0.0793, num_loss: 1.8236 (sign=0.0002 exp=0.2755 digit=0.6821 mantissa_mse=1.7317)
  grads: total 8.5304, lora 7.8185, adapter 1.7952, decoder 2.9011
  <NUM> tokens: 381/2048 (18.6%)
  lr: lora 2.50e-04, adapter 7.49e-05, decoder 7.49e-05
  token accuracy: 0.971 (1919/1976)
  <NUM> token prediction: 381/381 (1.000)
iter 3210: loss 1.9736, time 2439.49ms, mfu 0.21%
iter 3220: loss 2.1098, time 2447.71ms, mfu 0.21%
iter 3230: loss 1.9005, time 2444.43ms, mfu 0.21%
iter 3240: loss 1.7651, time 2443.67ms, mfu 0.21%
iter 3250: loss 1.9156, time 2484.28ms, mfu 0.21%
iter 3260: loss 1.8773, time 2447.70ms, mfu 0.21%
iter 3270: loss 1.8547, time 2442.63ms, mfu 0.21%
iter 3280: loss 1.9924, time 2442.51ms, mfu 0.21%
iter 3290: loss 1.8536, time 2449.49ms, mfu 0.21%
iter 3300: loss 1.9464, time 2449.91ms, mfu 0.21%
  === DIAG iter 3300 ===
  text_loss: 0.0761, num_loss: 1.8704 (sign=0.0000 exp=0.3340 digit=0.7050 mantissa_mse=1.6627)
  grads: total 9.5235, lora 8.7161, adapter 2.1125, decoder 3.2037
  <NUM> tokens: 382/2048 (18.7%)
  lr: lora 2.46e-04, adapter 7.38e-05, decoder 7.38e-05
  token accuracy: 0.980 (1935/1974)
  <NUM> token prediction: 382/382 (1.000)
iter 3310: loss 2.1331, time 2437.14ms, mfu 0.21%
iter 3320: loss 1.9012, time 2456.67ms, mfu 0.21%
iter 3330: loss 2.0970, time 2450.51ms, mfu 0.21%
iter 3340: loss 1.8276, time 2438.61ms, mfu 0.21%
iter 3350: loss 1.8364, time 2453.25ms, mfu 0.21%
iter 3360: loss 1.9728, time 2444.81ms, mfu 0.21%
iter 3370: loss 1.8447, time 2440.01ms, mfu 0.21%
iter 3380: loss 1.8572, time 2435.67ms, mfu 0.21%
iter 3390: loss 1.6411, time 2443.98ms, mfu 0.21%
iter 3400: loss 1.9008, time 2443.83ms, mfu 0.21%
  === DIAG iter 3400 ===
  text_loss: 0.0869, num_loss: 1.8139 (sign=0.0001 exp=0.3310 digit=0.7159 mantissa_mse=1.5337)
  grads: total 10.1729, lora 9.3181, adapter 1.8606, decoder 3.6329
  <NUM> tokens: 378/2048 (18.5%)
  lr: lora 2.43e-04, adapter 7.28e-05, decoder 7.28e-05
  token accuracy: 0.974 (1926/1978)
  <NUM> token prediction: 381/381 (1.000)
iter 3410: loss 2.1326, time 2449.73ms, mfu 0.21%
iter 3420: loss 2.0127, time 2451.96ms, mfu 0.21%
iter 3430: loss 1.8740, time 2429.49ms, mfu 0.21%
iter 3440: loss 1.9695, time 2452.32ms, mfu 0.21%
iter 3450: loss 1.8898, time 2456.15ms, mfu 0.21%
iter 3460: loss 1.8361, time 2460.21ms, mfu 0.21%
iter 3470: loss 2.0890, time 2460.84ms, mfu 0.21%
iter 3480: loss 1.8849, time 2450.68ms, mfu 0.21%
iter 3490: loss 1.8303, time 2449.14ms, mfu 0.21%
iter 3500: loss 2.0152, time 2443.27ms, mfu 0.21%
  === DIAG iter 3500 ===
  text_loss: 0.0692, num_loss: 1.9460 (sign=0.0001 exp=0.3296 digit=0.6872 mantissa_mse=1.8582)
  grads: total 10.4735, lora 9.6679, adapter 1.9600, decoder 3.5190
  <NUM> tokens: 386/2048 (18.8%)
  lr: lora 2.39e-04, adapter 7.17e-05, decoder 7.17e-05
  token accuracy: 0.976 (1927/1974)
  <NUM> token prediction: 387/387 (1.000)
  --- Sample eval (val) ---
  numeric loss: total=2.8505 (sign=0.0008 exp=0.3106 digit=0.7280 mant=3.6224)
iter 3510: loss 1.9201, time 2444.96ms, mfu 0.21%
iter 3520: loss 1.7745, time 2441.57ms, mfu 0.21%
iter 3530: loss 1.9422, time 2431.97ms, mfu 0.21%
iter 3540: loss 1.8919, time 2437.19ms, mfu 0.21%
iter 3550: loss 1.8244, time 2436.74ms, mfu 0.21%
iter 3560: loss 1.7740, time 2432.67ms, mfu 0.21%
iter 3570: loss 1.8450, time 2426.12ms, mfu 0.21%
iter 3580: loss 1.9308, time 2437.99ms, mfu 0.21%
iter 3590: loss 1.8067, time 2432.81ms, mfu 0.21%
iter 3600: loss 1.7002, time 2436.62ms, mfu 0.21%
  === DIAG iter 3600 ===
  text_loss: 0.0750, num_loss: 1.6251 (sign=0.0005 exp=0.3199 digit=0.6839 mantissa_mse=1.2416)
  grads: total 18.0998, lora 16.2309, adapter 2.1304, decoder 7.7213
  <NUM> tokens: 389/2048 (19.0%)
  lr: lora 2.35e-04, adapter 7.05e-05, decoder 7.05e-05
  token accuracy: 0.977 (1930/1976)
  <NUM> token prediction: 385/386 (0.997)
iter 3610: loss 1.7768, time 2423.43ms, mfu 0.21%
iter 3620: loss 1.8215, time 2437.50ms, mfu 0.21%
iter 3630: loss 2.0096, time 2440.18ms, mfu 0.21%
iter 3640: loss 1.8865, time 2432.08ms, mfu 0.21%
iter 3650: loss 2.0254, time 2444.89ms, mfu 0.21%
iter 3660: loss 1.9755, time 2425.38ms, mfu 0.21%
iter 3670: loss 1.8345, time 2433.46ms, mfu 0.22%
iter 3680: loss 1.8829, time 2444.39ms, mfu 0.21%
iter 3690: loss 1.8741, time 2438.89ms, mfu 0.21%
iter 3700: loss 1.8102, time 2432.94ms, mfu 0.21%
  === DIAG iter 3700 ===
  text_loss: 0.0680, num_loss: 1.7422 (sign=0.0001 exp=0.3036 digit=0.7032 mantissa_mse=1.4705)
  grads: total 7.2989, lora 6.9082, adapter 1.5435, decoder 1.7802
  <NUM> tokens: 385/2048 (18.8%)
  lr: lora 2.31e-04, adapter 6.94e-05, decoder 6.94e-05
  token accuracy: 0.979 (1935/1977)
  <NUM> token prediction: 385/385 (1.000)
iter 3710: loss 1.6833, time 2437.66ms, mfu 0.21%
iter 3720: loss 1.7848, time 2444.45ms, mfu 0.21%
iter 3730: loss 1.7791, time 2432.38ms, mfu 0.21%
iter 3740: loss 1.7659, time 2433.83ms, mfu 0.21%
iter 3750: loss 1.8078, time 2498.58ms, mfu 0.21%
iter 3760: loss 1.8507, time 2483.43ms, mfu 0.21%
iter 3770: loss 2.0308, time 3093.33ms, mfu 0.21%
iter 3780: loss 1.8012, time 2485.29ms, mfu 0.21%
iter 3790: loss 1.6479, time 2486.71ms, mfu 0.21%
iter 3800: loss 1.7963, time 2471.41ms, mfu 0.21%
  === DIAG iter 3800 ===
  text_loss: 0.0690, num_loss: 1.7273 (sign=0.0001 exp=0.2697 digit=0.6858 mantissa_mse=1.5435)
  grads: total 7.9929, lora 7.6028, adapter 1.8873, decoder 1.5882
  <NUM> tokens: 379/2048 (18.5%)
  lr: lora 2.27e-04, adapter 6.82e-05, decoder 6.82e-05
  token accuracy: 0.976 (1928/1976)
  <NUM> token prediction: 382/382 (1.000)
iter 3810: loss 1.8397, time 2475.62ms, mfu 0.21%
iter 3820: loss 1.7676, time 2471.42ms, mfu 0.21%
iter 3830: loss 1.7613, time 2469.22ms, mfu 0.21%
iter 3840: loss 1.7963, time 2464.63ms, mfu 0.21%
iter 3850: loss 2.0002, time 2467.56ms, mfu 0.21%
iter 3860: loss 1.8485, time 2478.84ms, mfu 0.21%
iter 3870: loss 1.7779, time 2467.61ms, mfu 0.21%
iter 3880: loss 1.7577, time 2452.66ms, mfu 0.21%
iter 3890: loss 1.8099, time 2459.96ms, mfu 0.21%
iter 3900: loss 1.7557, time 2461.34ms, mfu 0.21%
  === DIAG iter 3900 ===
  text_loss: 0.0714, num_loss: 1.6843 (sign=0.0003 exp=0.2922 digit=0.6978 mantissa_mse=1.3880)
  grads: total 8.0730, lora 7.4803, adapter 2.0780, decoder 2.2138
  <NUM> tokens: 384/2048 (18.8%)
  lr: lora 2.23e-04, adapter 6.70e-05, decoder 6.70e-05
  token accuracy: 0.976 (1931/1978)
  <NUM> token prediction: 382/382 (1.000)
iter 3910: loss 1.8782, time 2452.12ms, mfu 0.21%
iter 3920: loss 1.7313, time 2477.94ms, mfu 0.21%
iter 3930: loss 1.7457, time 2461.89ms, mfu 0.21%
iter 3940: loss 1.6441, time 2455.73ms, mfu 0.21%
iter 3950: loss 1.7649, time 2454.38ms, mfu 0.21%
iter 3960: loss 1.9475, time 2460.51ms, mfu 0.21%
iter 3970: loss 1.8390, time 2453.88ms, mfu 0.21%
iter 3980: loss 1.8003, time 2458.90ms, mfu 0.21%
iter 3990: loss 1.6171, time 2444.49ms, mfu 0.21%
step 4000: train text=0.0664 num=1.5234 total=1.5898 | val text=0.0672 num=2.9899 total=3.0571
  saved checkpoint to /tmpdir/m24047brmn/numbers/model_checkpoints/analytic_s2_adapted_lora/ckpt_iter4000.pt
iter 4000: loss 1.8151, time 50819.61ms, mfu 0.19%
  === DIAG iter 4000 ===
  text_loss: 0.0685, num_loss: 1.7467 (sign=0.0001 exp=0.3027 digit=0.6722 mantissa_mse=1.5435)
  grads: total 11.3704, lora 10.2985, adapter 1.8022, decoder 4.4696
  <NUM> tokens: 392/2048 (19.1%)
  lr: lora 2.19e-04, adapter 6.58e-05, decoder 6.58e-05
  token accuracy: 0.976 (1930/1978)
  <NUM> token prediction: 391/391 (1.000)
  --- Sample eval (val) ---
  numeric loss: total=3.0615 (sign=0.0001 exp=0.3591 digit=0.7541 mant=3.8965)
iter 4010: loss 1.6958, time 2440.62ms, mfu 0.19%
iter 4020: loss 1.7251, time 2442.19ms, mfu 0.20%
iter 4030: loss 1.7920, time 2447.79ms, mfu 0.20%
iter 4040: loss 1.6995, time 2448.01ms, mfu 0.20%
iter 4050: loss 1.8392, time 2431.64ms, mfu 0.20%
iter 4060: loss 1.6861, time 2439.08ms, mfu 0.20%
iter 4070: loss 1.8533, time 2435.35ms, mfu 0.20%
iter 4080: loss 1.6775, time 2438.05ms, mfu 0.21%
iter 4090: loss 1.6690, time 2443.87ms, mfu 0.21%
iter 4100: loss 1.8209, time 2457.40ms, mfu 0.21%
  === DIAG iter 4100 ===
  text_loss: 0.0670, num_loss: 1.7539 (sign=0.0001 exp=0.3075 digit=0.6797 mantissa_mse=1.5332)
  grads: total 6.9088, lora 6.5686, adapter 1.6507, decoder 1.3636
  <NUM> tokens: 394/2048 (19.2%)
  lr: lora 2.15e-04, adapter 6.45e-05, decoder 6.45e-05
  token accuracy: 0.979 (1935/1977)
  <NUM> token prediction: 396/397 (0.997)
iter 4110: loss 1.9363, time 2447.14ms, mfu 0.21%
iter 4120: loss 1.7446, time 2442.89ms, mfu 0.21%
iter 4130: loss 1.7023, time 2455.63ms, mfu 0.21%
iter 4140: loss 1.8090, time 2446.89ms, mfu 0.21%
iter 4150: loss 1.8849, time 2453.11ms, mfu 0.21%
iter 4160: loss 1.9721, time 2460.45ms, mfu 0.21%
iter 4170: loss 1.6013, time 2440.25ms, mfu 0.21%
iter 4180: loss 1.8157, time 2447.60ms, mfu 0.21%
iter 4190: loss 1.7436, time 2434.50ms, mfu 0.21%
iter 4200: loss 1.5977, time 2460.38ms, mfu 0.21%
  === DIAG iter 4200 ===
  text_loss: 0.0690, num_loss: 1.5287 (sign=0.0001 exp=0.2174 digit=0.6790 mantissa_mse=1.2643)
  grads: total 9.1293, lora 8.4192, adapter 1.6252, decoder 3.1336
  <NUM> tokens: 385/2048 (18.8%)
  lr: lora 2.11e-04, adapter 6.33e-05, decoder 6.33e-05
  token accuracy: 0.977 (1934/1980)
  <NUM> token prediction: 385/385 (1.000)
iter 4210: loss 1.9283, time 2438.76ms, mfu 0.21%
iter 4220: loss 1.5982, time 2440.08ms, mfu 0.21%
iter 4230: loss 1.6209, time 2432.85ms, mfu 0.21%
iter 4240: loss 1.5853, time 2436.88ms, mfu 0.21%
iter 4250: loss 1.6147, time 2436.97ms, mfu 0.21%
iter 4260: loss 1.7113, time 2431.26ms, mfu 0.21%
iter 4270: loss 1.6852, time 3039.54ms, mfu 0.21%
iter 4280: loss 1.7472, time 2437.54ms, mfu 0.21%
iter 4290: loss 1.8154, time 2466.08ms, mfu 0.21%
iter 4300: loss 1.8238, time 2469.97ms, mfu 0.21%
  === DIAG iter 4300 ===
  text_loss: 0.0692, num_loss: 1.7546 (sign=0.0001 exp=0.3642 digit=0.6938 mantissa_mse=1.3929)
  grads: total 9.0168, lora 8.3917, adapter 1.5913, decoder 2.8897
  <NUM> tokens: 389/2048 (19.0%)
  lr: lora 2.07e-04, adapter 6.20e-05, decoder 6.20e-05
  token accuracy: 0.979 (1937/1978)
  <NUM> token prediction: 388/388 (1.000)
iter 4310: loss 1.7699, time 2451.80ms, mfu 0.21%
iter 4320: loss 1.6355, time 2446.27ms, mfu 0.21%
iter 4330: loss 1.5801, time 2445.55ms, mfu 0.21%
iter 4340: loss 1.7954, time 2446.01ms, mfu 0.21%
iter 4350: loss 1.6911, time 2434.98ms, mfu 0.21%
iter 4360: loss 1.7200, time 2438.44ms, mfu 0.21%
iter 4370: loss 1.5586, time 2438.93ms, mfu 0.21%
iter 4380: loss 1.6594, time 2440.11ms, mfu 0.21%
iter 4390: loss 1.6513, time 2442.62ms, mfu 0.21%
iter 4400: loss 1.6993, time 2446.14ms, mfu 0.21%
  === DIAG iter 4400 ===
  text_loss: 0.0740, num_loss: 1.6253 (sign=0.0006 exp=0.2310 digit=0.6949 mantissa_mse=1.3973)
  grads: total 7.3399, lora 7.0062, adapter 1.5131, decoder 1.5803
  <NUM> tokens: 386/2048 (18.8%)
  lr: lora 2.02e-04, adapter 6.07e-05, decoder 6.07e-05
  token accuracy: 0.975 (1930/1979)
  <NUM> token prediction: 386/386 (1.000)
iter 4410: loss 1.6755, time 2444.05ms, mfu 0.21%
iter 4420: loss 1.8131, time 2453.29ms, mfu 0.21%
iter 4430: loss 1.6055, time 2437.84ms, mfu 0.21%
iter 4440: loss 1.6328, time 2442.02ms, mfu 0.21%
iter 4450: loss 1.5852, time 2444.71ms, mfu 0.21%
iter 4460: loss 1.5643, time 2456.50ms, mfu 0.21%
iter 4470: loss 1.6490, time 2484.92ms, mfu 0.21%
iter 4480: loss 1.6187, time 2522.01ms, mfu 0.21%
iter 4490: loss 1.6760, time 2511.38ms, mfu 0.21%
iter 4500: loss 1.6920, time 2463.84ms, mfu 0.21%
  === DIAG iter 4500 ===
  text_loss: 0.0639, num_loss: 1.6281 (sign=0.0001 exp=0.2540 digit=0.6842 mantissa_mse=1.3795)
  grads: total 9.3627, lora 8.7022, adapter 1.6656, decoder 3.0262
  <NUM> tokens: 388/2048 (18.9%)
  lr: lora 1.98e-04, adapter 5.94e-05, decoder 5.94e-05
  token accuracy: 0.980 (1942/1981)
  <NUM> token prediction: 390/390 (1.000)
  --- Sample eval (val) ---
  numeric loss: total=3.0432 (sign=0.0010 exp=0.2565 digit=0.7411 mant=4.0891)
iter 4510: loss 1.5046, time 2451.18ms, mfu 0.21%
iter 4520: loss 1.6978, time 3048.13ms, mfu 0.21%
iter 4530: loss 1.6401, time 2467.73ms, mfu 0.21%
iter 4540: loss 1.7207, time 2474.09ms, mfu 0.21%
iter 4550: loss 1.6959, time 2465.50ms, mfu 0.21%
iter 4560: loss 1.5307, time 2464.65ms, mfu 0.21%
iter 4570: loss 1.5718, time 2455.14ms, mfu 0.21%
iter 4580: loss 1.6159, time 2470.96ms, mfu 0.21%
iter 4590: loss 1.5103, time 2459.96ms, mfu 0.21%
iter 4600: loss 1.5262, time 2497.04ms, mfu 0.21%
  === DIAG iter 4600 ===
  text_loss: 0.0670, num_loss: 1.4591 (sign=0.0000 exp=0.2518 digit=0.6776 mantissa_mse=1.0594)
  grads: total 8.5911, lora 8.0184, adapter 1.7452, decoder 2.5429
  <NUM> tokens: 382/2048 (18.7%)
  lr: lora 1.94e-04, adapter 5.81e-05, decoder 5.81e-05
  token accuracy: 0.977 (1931/1977)
  <NUM> token prediction: 382/382 (1.000)
iter 4610: loss 1.6196, time 2452.52ms, mfu 0.21%
iter 4620: loss 1.5400, time 2457.53ms, mfu 0.21%
iter 4630: loss 1.6536, time 2449.87ms, mfu 0.21%
iter 4640: loss 1.6084, time 2457.24ms, mfu 0.21%
iter 4650: loss 1.6956, time 2453.74ms, mfu 0.21%
iter 4660: loss 1.4629, time 2448.06ms, mfu 0.21%
iter 4670: loss 1.7324, time 2444.48ms, mfu 0.21%
iter 4680: loss 1.6198, time 2439.82ms, mfu 0.21%
iter 4690: loss 1.6154, time 2443.27ms, mfu 0.21%
iter 4700: loss 1.6615, time 2477.41ms, mfu 0.21%
  === DIAG iter 4700 ===
  text_loss: 0.0709, num_loss: 1.5905 (sign=0.0001 exp=0.3328 digit=0.7362 mantissa_mse=1.0428)
  grads: total 7.4912, lora 6.9778, adapter 1.5892, decoder 2.2139
  <NUM> tokens: 378/2048 (18.5%)
  lr: lora 1.89e-04, adapter 5.68e-05, decoder 5.68e-05
  token accuracy: 0.978 (1929/1972)
  <NUM> token prediction: 378/378 (1.000)
iter 4710: loss 1.5646, time 2487.92ms, mfu 0.21%
iter 4720: loss 1.6286, time 2469.65ms, mfu 0.21%
iter 4730: loss 1.7009, time 2466.49ms, mfu 0.21%
iter 4740: loss 1.7492, time 2449.28ms, mfu 0.21%
iter 4750: loss 1.6646, time 2447.21ms, mfu 0.21%
iter 4760: loss 1.5876, time 2454.61ms, mfu 0.21%
iter 4770: loss 1.5172, time 3063.61ms, mfu 0.21%
iter 4780: loss 1.5201, time 2429.54ms, mfu 0.21%
iter 4790: loss 1.7116, time 2439.56ms, mfu 0.21%
iter 4800: loss 1.6146, time 2453.36ms, mfu 0.21%
  === DIAG iter 4800 ===
  text_loss: 0.0707, num_loss: 1.5439 (sign=0.0014 exp=0.3130 digit=0.6679 mantissa_mse=1.1233)
  grads: total 7.3383, lora 7.0014, adapter 1.4562, decoder 1.6463
  <NUM> tokens: 390/2048 (19.0%)
  lr: lora 1.85e-04, adapter 5.55e-05, decoder 5.55e-05
  token accuracy: 0.979 (1935/1977)
  <NUM> token prediction: 390/391 (0.997)
iter 4810: loss 1.5426, time 2442.03ms, mfu 0.21%
iter 4820: loss 1.5719, time 2434.63ms, mfu 0.21%
iter 4830: loss 1.6310, time 2440.02ms, mfu 0.21%
iter 4840: loss 1.7197, time 2440.84ms, mfu 0.21%
iter 4850: loss 1.7904, time 2437.74ms, mfu 0.21%
iter 4860: loss 1.5928, time 2443.64ms, mfu 0.21%
iter 4870: loss 1.5970, time 2430.82ms, mfu 0.21%
iter 4880: loss 1.6024, time 2456.61ms, mfu 0.21%
iter 4890: loss 1.6795, time 2457.25ms, mfu 0.21%
iter 4900: loss 1.6529, time 2456.51ms, mfu 0.21%
  === DIAG iter 4900 ===
  text_loss: 0.0600, num_loss: 1.5929 (sign=0.0001 exp=0.2733 digit=0.6594 mantissa_mse=1.3202)
  grads: total 8.2397, lora 7.7468, adapter 1.7458, decoder 2.1981
  <NUM> tokens: 385/2048 (18.8%)
  lr: lora 1.81e-04, adapter 5.42e-05, decoder 5.42e-05
  token accuracy: 0.981 (1943/1980)
  <NUM> token prediction: 385/385 (1.000)
iter 4910: loss 1.6772, time 2449.94ms, mfu 0.21%
iter 4920: loss 1.6268, time 2442.23ms, mfu 0.21%
iter 4930: loss 1.6532, time 2439.18ms, mfu 0.21%
iter 4940: loss 1.6312, time 2429.67ms, mfu 0.21%
iter 4950: loss 1.5344, time 2487.21ms, mfu 0.21%
iter 4960: loss 1.5568, time 2471.98ms, mfu 0.21%
iter 4970: loss 1.6277, time 2467.78ms, mfu 0.21%
iter 4980: loss 1.4708, time 2467.83ms, mfu 0.21%
iter 4990: loss 1.5917, time 2465.53ms, mfu 0.21%
step 5000: train text=0.0653 num=1.3681 total=1.4334 | val text=0.0665 num=3.0197 total=3.0862
  saved checkpoint to /tmpdir/m24047brmn/numbers/model_checkpoints/analytic_s2_adapted_lora/ckpt_iter5000.pt
iter 5000: loss 1.7146, time 51292.18ms, mfu 0.19%
  === DIAG iter 5000 ===
  text_loss: 0.0599, num_loss: 1.6547 (sign=0.0001 exp=0.2605 digit=0.6542 mantissa_mse=1.4798)
  grads: total 6.5592, lora 6.2853, adapter 1.4942, decoder 1.1341
  <NUM> tokens: 388/2048 (18.9%)
  lr: lora 1.76e-04, adapter 5.28e-05, decoder 5.28e-05
  token accuracy: 0.979 (1938/1980)
  <NUM> token prediction: 387/387 (1.000)
  --- Sample eval (val) ---
  numeric loss: total=3.1562 (sign=0.0002 exp=0.4046 digit=0.7263 mant=4.0502)
iter 5010: loss 1.4799, time 2451.74ms, mfu 0.19%
iter 5020: loss 1.6553, time 3059.55ms, mfu 0.19%
iter 5030: loss 1.5900, time 2447.29ms, mfu 0.19%
iter 5040: loss 1.6658, time 2452.89ms, mfu 0.20%
iter 5050: loss 1.6927, time 2449.59ms, mfu 0.20%
iter 5060: loss 1.6092, time 2446.66ms, mfu 0.20%
iter 5070: loss 1.5834, time 2441.14ms, mfu 0.20%
iter 5080: loss 1.6220, time 2446.75ms, mfu 0.20%
iter 5090: loss 1.6148, time 2447.98ms, mfu 0.20%
iter 5100: loss 1.5111, time 2456.99ms, mfu 0.20%
  === DIAG iter 5100 ===
  text_loss: 0.0659, num_loss: 1.4452 (sign=0.0003 exp=0.2779 digit=0.6611 mantissa_mse=1.0116)
  grads: total 6.3287, lora 6.0831, adapter 1.5046, decoder 0.8863
  <NUM> tokens: 394/2048 (19.2%)
  lr: lora 1.72e-04, adapter 5.15e-05, decoder 5.15e-05
  token accuracy: 0.979 (1938/1980)
  <NUM> token prediction: 393/393 (1.000)
iter 5110: loss 1.5637, time 2437.70ms, mfu 0.21%
iter 5120: loss 1.6376, time 2445.35ms, mfu 0.21%
iter 5130: loss 1.6758, time 2430.52ms, mfu 0.21%
iter 5140: loss 1.6502, time 2444.86ms, mfu 0.21%
iter 5150: loss 1.4637, time 2437.30ms, mfu 0.21%
iter 5160: loss 1.6411, time 2436.81ms, mfu 0.21%
iter 5170: loss 1.5140, time 2529.42ms, mfu 0.21%
iter 5180: loss 1.6009, time 2492.30ms, mfu 0.21%
iter 5190: loss 1.6509, time 2461.53ms, mfu 0.21%
iter 5200: loss 1.5276, time 2451.13ms, mfu 0.21%
  === DIAG iter 5200 ===
  text_loss: 0.0711, num_loss: 1.4565 (sign=0.0001 exp=0.3300 digit=0.6641 mantissa_mse=0.9247)
  grads: total 6.5212, lora 6.2653, adapter 1.6238, decoder 0.7969
  <NUM> tokens: 385/2048 (18.8%)
  lr: lora 1.67e-04, adapter 5.02e-05, decoder 5.02e-05
  token accuracy: 0.975 (1925/1975)
  <NUM> token prediction: 383/383 (1.000)
iter 5210: loss 1.6170, time 2456.39ms, mfu 0.21%
iter 5220: loss 1.6158, time 2461.78ms, mfu 0.21%
iter 5230: loss 1.5455, time 2449.14ms, mfu 0.21%
iter 5240: loss 1.5223, time 2459.37ms, mfu 0.21%
iter 5250: loss 1.4936, time 2455.74ms, mfu 0.21%
iter 5260: loss 1.4121, time 2451.57ms, mfu 0.21%
iter 5270: loss 1.4416, time 3043.72ms, mfu 0.21%
iter 5280: loss 1.5439, time 2464.00ms, mfu 0.21%
iter 5290: loss 1.4625, time 2472.16ms, mfu 0.21%
iter 5300: loss 1.5694, time 2469.23ms, mfu 0.21%
  === DIAG iter 5300 ===
  text_loss: 0.0681, num_loss: 1.5014 (sign=0.0005 exp=0.2836 digit=0.6650 mantissa_mse=1.1045)
  grads: total 6.2573, lora 5.9917, adapter 1.4533, decoder 1.0684
  <NUM> tokens: 388/2048 (18.9%)
  lr: lora 1.63e-04, adapter 4.88e-05, decoder 4.88e-05
  token accuracy: 0.978 (1928/1972)
  <NUM> token prediction: 388/388 (1.000)
iter 5310: loss 1.6154, time 2448.78ms, mfu 0.21%
iter 5320: loss 1.6138, time 2497.63ms, mfu 0.21%
iter 5330: loss 1.4833, time 2476.48ms, mfu 0.21%
iter 5340: loss 1.4797, time 2474.46ms, mfu 0.21%
iter 5350: loss 1.6016, time 2468.97ms, mfu 0.21%
iter 5360: loss 1.6751, time 2480.93ms, mfu 0.21%
iter 5370: loss 1.4762, time 2473.89ms, mfu 0.21%
iter 5380: loss 1.5574, time 2441.26ms, mfu 0.21%
iter 5390: loss 1.7693, time 2441.01ms, mfu 0.21%
iter 5400: loss 1.6529, time 2453.23ms, mfu 0.21%
  === DIAG iter 5400 ===
  text_loss: 0.0719, num_loss: 1.5810 (sign=0.0001 exp=0.2676 digit=0.6995 mantissa_mse=1.2274)
  grads: total 6.2080, lora 5.9986, adapter 1.4562, decoder 0.6602
  <NUM> tokens: 388/2048 (18.9%)
  lr: lora 1.58e-04, adapter 4.75e-05, decoder 4.75e-05
  token accuracy: 0.976 (1925/1973)
  <NUM> token prediction: 386/386 (1.000)
iter 5410: loss 1.4463, time 2456.45ms, mfu 0.21%
iter 5420: loss 1.5234, time 2487.13ms, mfu 0.21%
iter 5430: loss 1.5549, time 2476.62ms, mfu 0.21%
iter 5440: loss 1.4872, time 2473.00ms, mfu 0.21%
iter 5450: loss 1.5490, time 2460.32ms, mfu 0.21%
iter 5460: loss 1.6349, time 2441.29ms, mfu 0.21%
iter 5470: loss 1.5314, time 2452.06ms, mfu 0.21%
iter 5480: loss 1.4915, time 2462.11ms, mfu 0.21%
iter 5490: loss 1.5291, time 2440.27ms, mfu 0.21%
iter 5500: loss 1.5425, time 2452.37ms, mfu 0.21%
  === DIAG iter 5500 ===
  text_loss: 0.0746, num_loss: 1.4679 (sign=0.0001 exp=0.2489 digit=0.6654 mantissa_mse=1.1068)
  grads: total 7.1204, lora 6.7313, adapter 1.4373, decoder 1.8228
  <NUM> tokens: 380/2048 (18.6%)
  lr: lora 1.54e-04, adapter 4.62e-05, decoder 4.62e-05
  token accuracy: 0.975 (1925/1975)
  <NUM> token prediction: 381/381 (1.000)
  --- Sample eval (val) ---
  numeric loss: total=3.4308 (sign=0.0000 exp=0.3929 digit=0.7515 mant=4.5729)
iter 5510: loss 1.5011, time 2444.70ms, mfu 0.21%
iter 5520: loss 1.4601, time 3048.55ms, mfu 0.21%
iter 5530: loss 1.6594, time 2441.51ms, mfu 0.21%
iter 5540: loss 1.4943, time 2434.61ms, mfu 0.21%
iter 5550: loss 1.6208, time 2438.19ms, mfu 0.21%
iter 5560: loss 1.6186, time 2443.44ms, mfu 0.21%
iter 5570: loss 1.5426, time 2439.09ms, mfu 0.21%
iter 5580: loss 1.4840, time 2448.68ms, mfu 0.21%
iter 5590: loss 1.4932, time 2444.50ms, mfu 0.21%
iter 5600: loss 1.5941, time 2452.28ms, mfu 0.21%
  === DIAG iter 5600 ===
  text_loss: 0.0625, num_loss: 1.5315 (sign=0.0248 exp=0.2906 digit=0.6569 mantissa_mse=1.1184)
  grads: total 9.4533, lora 8.7097, adapter 1.6323, decoder 3.2927
  <NUM> tokens: 387/2048 (18.9%)
  lr: lora 1.49e-04, adapter 4.48e-05, decoder 4.48e-05
  token accuracy: 0.980 (1941/1980)
  <NUM> token prediction: 385/385 (1.000)
iter 5610: loss 1.4350, time 2432.58ms, mfu 0.21%
iter 5620: loss 1.6602, time 2442.05ms, mfu 0.21%
iter 5630: loss 1.5403, time 2445.14ms, mfu 0.21%
iter 5640: loss 1.6394, time 2442.87ms, mfu 0.21%
iter 5650: loss 1.5763, time 2478.22ms, mfu 0.21%
iter 5660: loss 1.5214, time 2440.72ms, mfu 0.21%
iter 5670: loss 1.5335, time 2471.15ms, mfu 0.21%
iter 5680: loss 1.4497, time 2460.31ms, mfu 0.21%
iter 5690: loss 1.5713, time 2444.58ms, mfu 0.21%
iter 5700: loss 1.6900, time 2452.55ms, mfu 0.21%
  === DIAG iter 5700 ===
  text_loss: 0.0514, num_loss: 1.6386 (sign=0.0002 exp=0.3018 digit=0.6503 mantissa_mse=1.3728)
  grads: total 7.0984, lora 6.6663, adapter 1.3630, decoder 2.0224
  <NUM> tokens: 397/2048 (19.4%)
  lr: lora 1.45e-04, adapter 4.35e-05, decoder 4.35e-05
  token accuracy: 0.982 (1943/1978)
  <NUM> token prediction: 399/399 (1.000)
iter 5710: loss 1.5519, time 2441.45ms, mfu 0.21%
iter 5720: loss 1.4789, time 2437.79ms, mfu 0.21%
iter 5730: loss 1.5694, time 2443.71ms, mfu 0.21%
iter 5740: loss 1.7004, time 2459.15ms, mfu 0.21%
iter 5750: loss 1.5538, time 2466.72ms, mfu 0.21%
iter 5760: loss 1.5817, time 2451.59ms, mfu 0.21%
iter 5770: loss 1.5939, time 2467.40ms, mfu 0.21%
iter 5780: loss 1.5337, time 2460.21ms, mfu 0.21%
iter 5790: loss 1.3914, time 2449.03ms, mfu 0.21%
iter 5800: loss 1.4865, time 2446.42ms, mfu 0.21%
  === DIAG iter 5800 ===
  text_loss: 0.0739, num_loss: 1.4126 (sign=0.0006 exp=0.2435 digit=0.6910 mantissa_mse=0.9550)
  grads: total 5.9211, lora 5.6207, adapter 1.3151, decoder 1.3181
  <NUM> tokens: 383/2048 (18.7%)
  lr: lora 1.41e-04, adapter 4.22e-05, decoder 4.22e-05
  token accuracy: 0.976 (1930/1978)
  <NUM> token prediction: 382/382 (1.000)
iter 5810: loss 1.6662, time 2442.90ms, mfu 0.21%
iter 5820: loss 1.5249, time 2457.99ms, mfu 0.21%
iter 5830: loss 1.6523, time 2474.41ms, mfu 0.21%
iter 5840: loss 1.5731, time 2493.47ms, mfu 0.21%
iter 5850: loss 1.5650, time 2469.62ms, mfu 0.21%
iter 5860: loss 1.4985, time 2511.80ms, mfu 0.21%
iter 5870: loss 1.5092, time 2474.74ms, mfu 0.21%
iter 5880: loss 1.5457, time 2498.54ms, mfu 0.21%
iter 5890: loss 1.5427, time 2504.37ms, mfu 0.21%
iter 5900: loss 1.4720, time 2545.71ms, mfu 0.21%
  === DIAG iter 5900 ===
  text_loss: 0.0598, num_loss: 1.4121 (sign=0.0009 exp=0.2925 digit=0.6516 mantissa_mse=0.9344)
  grads: total 7.0324, lora 6.6143, adapter 1.5913, decoder 1.7813
  <NUM> tokens: 401/2048 (19.6%)
  lr: lora 1.36e-04, adapter 4.09e-05, decoder 4.09e-05
  token accuracy: 0.979 (1937/1979)
  <NUM> token prediction: 404/404 (1.000)
iter 5910: loss 1.4708, time 2514.95ms, mfu 0.21%
iter 5920: loss 1.4373, time 2476.75ms, mfu 0.21%
iter 5930: loss 1.4443, time 2475.36ms, mfu 0.21%
iter 5940: loss 1.5025, time 2475.06ms, mfu 0.21%
iter 5950: loss 1.5470, time 2467.29ms, mfu 0.21%
iter 5960: loss 1.5048, time 2462.75ms, mfu 0.21%
iter 5970: loss 1.4708, time 2448.13ms, mfu 0.21%
iter 5980: loss 1.5102, time 2470.82ms, mfu 0.21%
iter 5990: loss 1.5791, time 2452.48ms, mfu 0.21%
step 6000: train text=0.0644 num=1.2791 total=1.3435 | val text=0.0663 num=3.0943 total=3.1606
  saved checkpoint to /tmpdir/m24047brmn/numbers/model_checkpoints/analytic_s2_adapted_lora/ckpt_iter6000.pt
iter 6000: loss 1.4421, time 51273.14ms, mfu 0.19%
  === DIAG iter 6000 ===
  text_loss: 0.0729, num_loss: 1.3692 (sign=0.0001 exp=0.2316 digit=0.6584 mantissa_mse=0.9582)
  grads: total 6.7613, lora 6.3488, adapter 1.2590, decoder 1.9554
  <NUM> tokens: 375/2048 (18.3%)
  lr: lora 1.32e-04, adapter 3.96e-05, decoder 3.96e-05
  token accuracy: 0.973 (1926/1980)
  <NUM> token prediction: 378/378 (1.000)
  --- Sample eval (val) ---
  numeric loss: total=2.9863 (sign=0.0003 exp=0.3483 digit=0.7275 mant=3.8206)
iter 6010: loss 1.3821, time 2453.14ms, mfu 0.19%
iter 6020: loss 1.5262, time 2460.86ms, mfu 0.20%
iter 6030: loss 1.5735, time 2457.89ms, mfu 0.20%
iter 6040: loss 1.6326, time 2465.51ms, mfu 0.20%
iter 6050: loss 1.4784, time 2452.62ms, mfu 0.20%
iter 6060: loss 1.4441, time 2471.68ms, mfu 0.20%
iter 6070: loss 1.3966, time 2462.52ms, mfu 0.20%
iter 6080: loss 1.5341, time 2463.79ms, mfu 0.20%
iter 6090: loss 1.5033, time 2465.82ms, mfu 0.20%
iter 6100: loss 1.5921, time 2460.36ms, mfu 0.21%
  === DIAG iter 6100 ===
  text_loss: 0.0633, num_loss: 1.5288 (sign=0.0004 exp=0.2644 digit=0.6752 mantissa_mse=1.1777)
  grads: total 8.9398, lora 8.3805, adapter 1.8213, decoder 2.5242
  <NUM> tokens: 382/2048 (18.7%)
  lr: lora 1.28e-04, adapter 3.83e-05, decoder 3.83e-05
  token accuracy: 0.976 (1928/1976)
  <NUM> token prediction: 381/381 (1.000)
iter 6110: loss 1.4789, time 2450.05ms, mfu 0.21%
iter 6120: loss 1.6045, time 2446.38ms, mfu 0.21%
iter 6130: loss 1.5783, time 2449.26ms, mfu 0.21%
iter 6140: loss 1.4531, time 2475.12ms, mfu 0.21%
iter 6150: loss 1.4392, time 2431.85ms, mfu 0.21%
iter 6160: loss 1.4270, time 2436.51ms, mfu 0.21%
iter 6170: loss 1.4715, time 2462.33ms, mfu 0.21%
iter 6180: loss 1.4603, time 2457.77ms, mfu 0.21%
iter 6190: loss 1.4143, time 2458.43ms, mfu 0.21%
iter 6200: loss 1.5192, time 2448.94ms, mfu 0.21%
  === DIAG iter 6200 ===
  text_loss: 0.0655, num_loss: 1.4537 (sign=0.0001 exp=0.2316 digit=0.6998 mantissa_mse=1.0444)
  grads: total 6.0720, lora 5.8202, adapter 1.5310, decoder 0.8065
  <NUM> tokens: 379/2048 (18.5%)
  lr: lora 1.23e-04, adapter 3.70e-05, decoder 3.70e-05
  token accuracy: 0.975 (1927/1977)
  <NUM> token prediction: 379/379 (1.000)
iter 6210: loss 1.3615, time 2456.75ms, mfu 0.21%
iter 6220: loss 1.4329, time 2444.45ms, mfu 0.21%
iter 6230: loss 1.5452, time 2453.91ms, mfu 0.21%
iter 6240: loss 1.5075, time 2450.02ms, mfu 0.21%
iter 6250: loss 1.5053, time 2440.44ms, mfu 0.21%
iter 6260: loss 1.4872, time 2444.70ms, mfu 0.21%
iter 6270: loss 1.4940, time 2464.75ms, mfu 0.21%
iter 6280: loss 1.3511, time 2453.46ms, mfu 0.21%
iter 6290: loss 1.4548, time 2447.79ms, mfu 0.21%
iter 6300: loss 1.5532, time 2449.76ms, mfu 0.21%
  === DIAG iter 6300 ===
  text_loss: 0.0669, num_loss: 1.4862 (sign=0.0003 exp=0.2781 digit=0.6598 mantissa_mse=1.0960)
  grads: total 10.0385, lora 9.4112, adapter 1.7616, decoder 3.0162
  <NUM> tokens: 382/2048 (18.7%)
  lr: lora 1.19e-04, adapter 3.57e-05, decoder 3.57e-05
  token accuracy: 0.977 (1933/1978)
  <NUM> token prediction: 383/383 (1.000)
iter 6310: loss 1.3986, time 2453.89ms, mfu 0.21%
iter 6320: loss 1.4247, time 2436.60ms, mfu 0.21%
iter 6330: loss 1.3807, time 2452.02ms, mfu 0.21%
iter 6340: loss 1.5694, time 2435.11ms, mfu 0.21%
iter 6350: loss 1.4722, time 2447.14ms, mfu 0.21%
iter 6360: loss 1.5740, time 2437.08ms, mfu 0.21%
iter 6370: loss 1.6063, time 2507.90ms, mfu 0.21%
iter 6380: loss 1.3801, time 2478.69ms, mfu 0.21%
iter 6390: loss 1.3727, time 2488.30ms, mfu 0.21%
iter 6400: loss 1.4995, time 2473.15ms, mfu 0.21%
  === DIAG iter 6400 ===
  text_loss: 0.0724, num_loss: 1.4271 (sign=0.0001 exp=0.2548 digit=0.6638 mantissa_mse=1.0168)
  grads: total 5.7290, lora 5.4614, adapter 1.2484, decoder 1.1981
  <NUM> tokens: 375/2048 (18.3%)
  lr: lora 1.15e-04, adapter 3.45e-05, decoder 3.45e-05
  token accuracy: 0.977 (1930/1975)
  <NUM> token prediction: 377/377 (1.000)
iter 6410: loss 1.4105, time 2454.26ms, mfu 0.21%
iter 6420: loss 1.4638, time 2455.69ms, mfu 0.21%
iter 6430: loss 1.4313, time 2475.04ms, mfu 0.21%
iter 6440: loss 1.6190, time 2494.12ms, mfu 0.21%
iter 6450: loss 1.5130, time 2507.18ms, mfu 0.21%
iter 6460: loss 1.5319, time 2496.30ms, mfu 0.21%
iter 6470: loss 1.5016, time 2471.28ms, mfu 0.21%
iter 6480: loss 1.4872, time 2463.11ms, mfu 0.21%
iter 6490: loss 1.4797, time 2472.58ms, mfu 0.21%
iter 6500: loss 1.5668, time 2489.27ms, mfu 0.21%
  === DIAG iter 6500 ===
  text_loss: 0.0656, num_loss: 1.5012 (sign=0.0002 exp=0.2544 digit=0.6492 mantissa_mse=1.1949)
  grads: total 5.6671, lora 5.4301, adapter 1.3523, decoder 0.8954
  <NUM> tokens: 398/2048 (19.4%)
  lr: lora 1.11e-04, adapter 3.32e-05, decoder 3.32e-05
  token accuracy: 0.977 (1930/1976)
  <NUM> token prediction: 396/396 (1.000)
  --- Sample eval (val) ---
  numeric loss: total=3.0093 (sign=0.0004 exp=0.3240 digit=0.7280 mant=3.9138)
iter 6510: loss 1.6558, time 2469.85ms, mfu 0.21%
iter 6520: loss 1.4462, time 2467.93ms, mfu 0.21%
iter 6530: loss 1.4324, time 2471.64ms, mfu 0.21%
iter 6540: loss 1.5056, time 2452.32ms, mfu 0.21%
iter 6550: loss 1.4393, time 2451.83ms, mfu 0.21%
iter 6560: loss 1.3321, time 2469.89ms, mfu 0.21%
iter 6570: loss 1.3504, time 2451.05ms, mfu 0.21%
iter 6580: loss 1.4198, time 2453.32ms, mfu 0.21%
iter 6590: loss 1.4160, time 2466.95ms, mfu 0.21%
iter 6600: loss 1.4323, time 2458.32ms, mfu 0.21%
  === DIAG iter 6600 ===
  text_loss: 0.0650, num_loss: 1.3673 (sign=0.0010 exp=0.2084 digit=0.6380 mantissa_mse=1.0397)
  grads: total 5.5496, lora 5.2866, adapter 1.3342, decoder 1.0341
  <NUM> tokens: 379/2048 (18.5%)
  lr: lora 1.07e-04, adapter 3.20e-05, decoder 3.20e-05
  token accuracy: 0.980 (1937/1977)
  <NUM> token prediction: 378/378 (1.000)
iter 6610: loss 1.5168, time 2443.07ms, mfu 0.21%
iter 6620: loss 1.3066, time 2488.26ms, mfu 0.21%
iter 6630: loss 1.4315, time 2477.82ms, mfu 0.21%
iter 6640: loss 1.4306, time 2498.24ms, mfu 0.21%
iter 6650: loss 1.5589, time 2473.95ms, mfu 0.21%
iter 6660: loss 1.4092, time 2466.96ms, mfu 0.21%
iter 6670: loss 1.4238, time 2456.61ms, mfu 0.21%
iter 6680: loss 1.4349, time 2473.74ms, mfu 0.21%
iter 6690: loss 1.3492, time 2505.33ms, mfu 0.21%
iter 6700: loss 1.5331, time 2488.69ms, mfu 0.21%
  === DIAG iter 6700 ===
  text_loss: 0.0625, num_loss: 1.4706 (sign=0.0001 exp=0.2525 digit=0.6574 mantissa_mse=1.1211)
  grads: total 5.5986, lora 5.4277, adapter 1.2757, decoder 0.5073
  <NUM> tokens: 385/2048 (18.8%)
  lr: lora 1.03e-04, adapter 3.08e-05, decoder 3.08e-05
  token accuracy: 0.982 (1942/1978)
  <NUM> token prediction: 385/385 (1.000)
iter 6710: loss 1.4657, time 2472.23ms, mfu 0.21%
iter 6720: loss 1.4708, time 2459.87ms, mfu 0.21%
iter 6730: loss 1.4068, time 2461.45ms, mfu 0.21%
iter 6740: loss 1.4674, time 2459.90ms, mfu 0.21%
iter 6750: loss 1.3382, time 2468.33ms, mfu 0.21%
iter 6760: loss 1.3830, time 2470.13ms, mfu 0.21%
iter 6770: loss 1.4929, time 2462.03ms, mfu 0.21%
iter 6780: loss 1.4338, time 2453.79ms, mfu 0.21%
iter 6790: loss 1.4086, time 2457.16ms, mfu 0.21%
iter 6800: loss 1.4658, time 2470.73ms, mfu 0.21%
  === DIAG iter 6800 ===
  text_loss: 0.0719, num_loss: 1.3939 (sign=0.0001 exp=0.2773 digit=0.6574 mantissa_mse=0.9183)
  grads: total 7.2637, lora 6.8360, adapter 1.3137, decoder 2.0748
  <NUM> tokens: 384/2048 (18.8%)
  lr: lora 9.88e-05, adapter 2.96e-05, decoder 2.96e-05
  token accuracy: 0.975 (1926/1976)
  <NUM> token prediction: 384/384 (1.000)
iter 6810: loss 1.4351, time 2478.67ms, mfu 0.21%
iter 6820: loss 1.5046, time 2473.24ms, mfu 0.21%
iter 6830: loss 1.3465, time 2463.07ms, mfu 0.21%
iter 6840: loss 1.5504, time 2491.60ms, mfu 0.21%
iter 6850: loss 1.3544, time 2483.53ms, mfu 0.21%
iter 6860: loss 1.4374, time 2473.64ms, mfu 0.21%
iter 6870: loss 1.3981, time 2486.26ms, mfu 0.21%
iter 6880: loss 1.4827, time 2460.47ms, mfu 0.21%
iter 6890: loss 1.5914, time 2480.82ms, mfu 0.21%
iter 6900: loss 1.4434, time 2496.70ms, mfu 0.21%
  === DIAG iter 6900 ===
  text_loss: 0.0681, num_loss: 1.3753 (sign=0.0001 exp=0.2467 digit=0.6440 mantissa_mse=0.9689)
  grads: total 7.0023, lora 6.6455, adapter 2.1112, decoder 0.6416
  <NUM> tokens: 397/2048 (19.4%)
  lr: lora 9.49e-05, adapter 2.85e-05, decoder 2.85e-05
  token accuracy: 0.978 (1934/1977)
  <NUM> token prediction: 397/397 (1.000)
iter 6910: loss 1.4103, time 2466.02ms, mfu 0.21%
iter 6920: loss 1.3888, time 2465.50ms, mfu 0.21%
iter 6930: loss 1.3183, time 2468.41ms, mfu 0.21%
iter 6940: loss 1.3185, time 2465.34ms, mfu 0.21%
iter 6950: loss 1.4113, time 2464.66ms, mfu 0.21%
iter 6960: loss 1.5543, time 2471.04ms, mfu 0.21%
iter 6970: loss 1.4697, time 2471.19ms, mfu 0.21%
iter 6980: loss 1.5932, time 2469.74ms, mfu 0.21%
iter 6990: loss 1.3389, time 2459.88ms, mfu 0.21%
step 7000: train text=0.0644 num=1.2251 total=1.2895 | val text=0.0658 num=3.0796 total=3.1453
  saved checkpoint to /tmpdir/m24047brmn/numbers/model_checkpoints/analytic_s2_adapted_lora/ckpt_iter7000.pt
iter 7000: loss 1.3288, time 51270.48ms, mfu 0.19%
  === DIAG iter 7000 ===
  text_loss: 0.0691, num_loss: 1.2597 (sign=0.0001 exp=0.2041 digit=0.6343 mantissa_mse=0.8424)
  grads: total 6.5476, lora 6.2513, adapter 1.2839, decoder 1.4642
  <NUM> tokens: 382/2048 (18.7%)
  lr: lora 9.12e-05, adapter 2.73e-05, decoder 2.73e-05
  token accuracy: 0.980 (1940/1979)
  <NUM> token prediction: 382/382 (1.000)
  --- Sample eval (val) ---
  numeric loss: total=3.4916 (sign=0.0006 exp=0.3781 digit=0.7290 mant=4.7676)
iter 7010: loss 1.4845, time 2455.74ms, mfu 0.19%
iter 7020: loss 1.5418, time 2446.51ms, mfu 0.20%
iter 7030: loss 1.4788, time 2504.20ms, mfu 0.20%
iter 7040: loss 1.3379, time 2484.96ms, mfu 0.20%
iter 7050: loss 1.4318, time 2487.10ms, mfu 0.20%
iter 7060: loss 1.5265, time 2498.90ms, mfu 0.20%
iter 7070: loss 1.4099, time 2489.75ms, mfu 0.20%
iter 7080: loss 1.3298, time 2485.53ms, mfu 0.20%
iter 7090: loss 1.4083, time 2504.61ms, mfu 0.20%
iter 7100: loss 1.4478, time 2505.87ms, mfu 0.20%
  === DIAG iter 7100 ===
  text_loss: 0.0700, num_loss: 1.3778 (sign=0.0003 exp=0.2465 digit=0.6439 mantissa_mse=0.9744)
  grads: total 5.3838, lora 5.2028, adapter 1.1281, decoder 0.8025
  <NUM> tokens: 381/2048 (18.6%)
  lr: lora 8.75e-05, adapter 2.62e-05, decoder 2.62e-05
  token accuracy: 0.973 (1925/1979)
  <NUM> token prediction: 382/382 (1.000)
iter 7110: loss 1.3611, time 2499.38ms, mfu 0.20%
iter 7120: loss 1.3325, time 2486.80ms, mfu 0.21%
iter 7130: loss 1.3937, time 2490.86ms, mfu 0.21%
iter 7140: loss 1.5101, time 2476.60ms, mfu 0.21%
iter 7150: loss 1.5284, time 2497.03ms, mfu 0.21%
iter 7160: loss 1.3954, time 2482.56ms, mfu 0.21%
iter 7170: loss 1.4470, time 2492.39ms, mfu 0.21%
iter 7180: loss 1.3927, time 2475.76ms, mfu 0.21%
iter 7190: loss 1.3978, time 2522.72ms, mfu 0.21%
iter 7200: loss 1.2862, time 2532.76ms, mfu 0.21%
  === DIAG iter 7200 ===
  text_loss: 0.0685, num_loss: 1.2177 (sign=0.0000 exp=0.2380 digit=0.6161 mantissa_mse=0.7272)
  grads: total 6.5694, lora 6.2483, adapter 1.2963, decoder 1.5604
  <NUM> tokens: 385/2048 (18.8%)
  lr: lora 8.39e-05, adapter 2.52e-05, decoder 2.52e-05
  token accuracy: 0.977 (1932/1977)
  <NUM> token prediction: 382/384 (0.995)
iter 7210: loss 1.3593, time 2484.05ms, mfu 0.21%
iter 7220: loss 1.4266, time 2477.97ms, mfu 0.21%
iter 7230: loss 1.4210, time 2458.46ms, mfu 0.21%
iter 7240: loss 1.3811, time 2475.19ms, mfu 0.21%
iter 7250: loss 1.4460, time 2462.84ms, mfu 0.21%
iter 7260: loss 1.4602, time 2455.92ms, mfu 0.21%
