Loading gnu/11.2.0
  Loading requirement: binutils/11.2.0
Error in cpuinfo: prctl(PR_SVE_GET_VL) failed
Mode: ANALYTIC ADAPTED (Stage1 Analytic + LoRA)
tokens per iteration will be: 40,960
data directory: /tmpdir/m24047brmn/numbers/data/synth_arith_analytic/adapted
Loading Stage 1 analytic checkpoint: /tmpdir/m24047brmn/numbers/model_checkpoints/luciole_analytic_s1/ckpt.pt
number of parameters: 115.12M
  Loaded Stage 1 weights (134 keys)
  Applied LoRA (rank=16, alpha=32, dropout=0.05) to 48 layers
  Target modules: ['q_proj', 'v_proj', 'k_proj', 'o_proj']
Parameter budget (ANALYTIC ADAPTED):
  LoRA:         983,040 params (0.85%)
  Adapter:      652,800 params (0.56%)
  Decoder:      297,603 params (0.26%)
  Frozen:    114,169,344 params
  Trainable:  1,933,443 / 116,102,787 (1.67%)
optimizer parameter groups:
  lora_decay: 96 tensors, 983,040 params, weight_decay=0.1, lr_scale=1.0
  adapter_decay: 2 tensors, 651,264 params, weight_decay=0.1, lr_scale=0.3
  adapter_nodecay: 2 tensors, 1,536 params, weight_decay=0.0, lr_scale=0.3
  decoder_decay: 3 tensors, 297,216 params, weight_decay=0.1, lr_scale=0.3
  decoder_nodecay: 3 tensors, 387 params, weight_decay=0.0, lr_scale=0.3
using fused AdamW: True
compiling the model... (takes a ~minute)
Error in cpuinfo: prctl(PR_SVE_GET_VL) failed
Validated numeric supervision for train: 2048 sampled <NUM> labels in sync
Validated numeric supervision for val: 2048 sampled <NUM> labels in sync

Starting training from iter 0 (max_iters=10000)
step 0: train text=2.0626 num=6.8192 total=8.8819 | val text=2.0931 num=6.8725 total=8.9656
iter 0: loss 8.5553, time 118280.71ms, mfu -100.00%
  === DIAG iter 0 ===
  text_loss: 2.1365, num_loss: 6.4188 (sign=0.0052 exp=1.1209 digit=1.3850 mantissa_mse=7.8156)
  grads: total 255.5139, lora 254.5997, adapter 17.5320, decoder 12.6068
  <NUM> tokens: 387/2048 (18.9%)
  lr: lora 5.99e-07, adapter 1.80e-07, decoder 1.80e-07
  token accuracy: 0.521 (1031/1980)
iter 10: loss 7.9383, time 2525.79ms, mfu 0.21%
iter 20: loss 7.2050, time 2525.06ms, mfu 0.21%
iter 30: loss 6.6962, time 2524.12ms, mfu 0.21%
iter 40: loss 6.5505, time 2513.85ms, mfu 0.21%
iter 50: loss 6.1373, time 2521.51ms, mfu 0.21%
iter 60: loss 5.7886, time 2516.06ms, mfu 0.21%
iter 70: loss 5.1466, time 2547.47ms, mfu 0.21%
iter 80: loss 5.1481, time 2529.98ms, mfu 0.21%
iter 90: loss 5.0705, time 2537.19ms, mfu 0.21%
iter 100: loss 4.6344, time 2541.13ms, mfu 0.21%
  === DIAG iter 100 ===
  text_loss: 0.6951, num_loss: 3.9393 (sign=0.0125 exp=0.5308 digit=1.2365 mantissa_mse=4.3190)
  grads: total 144.7513, lora 144.0287, adapter 7.5044, decoder 12.3435
  <NUM> tokens: 393/2048 (19.2%)
  lr: lora 6.05e-05, adapter 1.81e-05, decoder 1.81e-05
  token accuracy: 0.677 (1341/1982)
iter 110: loss 4.7183, time 2527.52ms, mfu 0.21%
iter 120: loss 4.4318, time 2520.66ms, mfu 0.21%
iter 130: loss 4.7380, time 2526.15ms, mfu 0.21%
iter 140: loss 4.1118, time 2524.34ms, mfu 0.21%
iter 150: loss 4.1178, time 2520.47ms, mfu 0.21%
iter 160: loss 3.9423, time 2495.96ms, mfu 0.21%
iter 170: loss 3.9835, time 2492.68ms, mfu 0.21%
iter 180: loss 4.0368, time 2497.73ms, mfu 0.21%
iter 190: loss 4.1088, time 2492.84ms, mfu 0.21%
iter 200: loss 3.7183, time 2502.79ms, mfu 0.21%
  === DIAG iter 200 ===
  text_loss: 0.2479, num_loss: 3.4704 (sign=0.0036 exp=0.4853 digit=1.0904 mantissa_mse=3.7822)
  grads: total 45.7108, lora 45.3045, adapter 3.0192, decoder 5.2788
  <NUM> tokens: 387/2048 (18.9%)
  lr: lora 1.20e-04, adapter 3.61e-05, decoder 3.61e-05
  token accuracy: 0.759 (1497/1973)
iter 210: loss 3.3719, time 2485.13ms, mfu 0.21%
iter 220: loss 3.2757, time 2561.80ms, mfu 0.21%
iter 230: loss 3.5817, time 2489.44ms, mfu 0.21%
iter 240: loss 3.1695, time 2491.80ms, mfu 0.21%
iter 250: loss 3.3723, time 2486.45ms, mfu 0.21%
iter 260: loss 3.2674, time 2522.53ms, mfu 0.21%
iter 270: loss 3.4962, time 2519.45ms, mfu 0.21%
iter 280: loss 2.9865, time 2504.59ms, mfu 0.21%
iter 290: loss 3.1111, time 2498.01ms, mfu 0.21%
iter 300: loss 3.1319, time 2514.66ms, mfu 0.21%
  === DIAG iter 300 ===
  text_loss: 0.1202, num_loss: 3.0117 (sign=0.0019 exp=0.3444 digit=1.0293 mantissa_mse=3.2722)
  grads: total 27.9687, lora 27.4064, adapter 2.5022, decoder 4.9877
  <NUM> tokens: 382/2048 (18.7%)
  lr: lora 1.80e-04, adapter 5.41e-05, decoder 5.41e-05
  token accuracy: 0.784 (1549/1977)
iter 310: loss 2.9787, time 2494.99ms, mfu 0.21%
iter 320: loss 3.0460, time 2495.02ms, mfu 0.21%
iter 330: loss 3.0892, time 2489.01ms, mfu 0.21%
iter 340: loss 2.9948, time 2504.08ms, mfu 0.21%
iter 350: loss 2.9272, time 2492.35ms, mfu 0.21%
iter 360: loss 2.9570, time 2471.35ms, mfu 0.21%
iter 370: loss 2.8236, time 2485.32ms, mfu 0.21%
iter 380: loss 2.7302, time 2492.99ms, mfu 0.21%
iter 390: loss 2.9427, time 2516.54ms, mfu 0.21%
iter 400: loss 2.8368, time 2530.66ms, mfu 0.21%
  === DIAG iter 400 ===
  text_loss: 0.0933, num_loss: 2.7435 (sign=0.0005 exp=0.3254 digit=0.9098 mantissa_mse=3.0157)
  grads: total 12.7643, lora 12.0618, adapter 1.6819, decoder 3.8227
  <NUM> tokens: 391/2048 (19.1%)
  lr: lora 2.40e-04, adapter 7.20e-05, decoder 7.20e-05
  token accuracy: 0.782 (1547/1977)
iter 410: loss 2.8145, time 2518.12ms, mfu 0.21%
iter 420: loss 2.8025, time 2509.57ms, mfu 0.21%
iter 430: loss 2.7844, time 2509.89ms, mfu 0.21%
iter 440: loss 2.8746, time 2509.97ms, mfu 0.21%
iter 450: loss 2.7459, time 2506.72ms, mfu 0.21%
iter 460: loss 2.8700, time 2509.69ms, mfu 0.21%
iter 470: loss 2.6610, time 2517.14ms, mfu 0.21%
iter 480: loss 3.0550, time 2530.30ms, mfu 0.21%
iter 490: loss 3.0088, time 2511.75ms, mfu 0.21%
iter 500: loss 2.9034, time 2530.94ms, mfu 0.21%
  === DIAG iter 500 ===
  text_loss: 0.0754, num_loss: 2.8279 (sign=0.0002 exp=0.3170 digit=0.8623 mantissa_mse=3.2970)
  grads: total 11.6542, lora 10.2200, adapter 1.3304, decoder 5.4408
  <NUM> tokens: 393/2048 (19.2%)
  lr: lora 3.00e-04, adapter 9.00e-05, decoder 9.00e-05
  token accuracy: 0.781 (1543/1976)
  --- Sample eval (val) ---
  numeric loss: total=2.7765 (sign=0.0001 exp=0.3304 digit=0.8227 mant=3.2464)
iter 510: loss 2.6608, time 2584.33ms, mfu 0.21%
iter 520: loss 3.0240, time 2540.70ms, mfu 0.21%
iter 530: loss 2.5905, time 2505.91ms, mfu 0.21%
iter 540: loss 2.8774, time 2509.58ms, mfu 0.21%
iter 550: loss 2.8570, time 2515.48ms, mfu 0.21%
iter 560: loss 2.6169, time 2531.78ms, mfu 0.21%
iter 570: loss 2.8075, time 2520.18ms, mfu 0.21%
iter 580: loss 2.6928, time 2508.17ms, mfu 0.21%
iter 590: loss 2.6664, time 2511.75ms, mfu 0.21%
iter 600: loss 2.7785, time 2512.01ms, mfu 0.21%
  === DIAG iter 600 ===
  text_loss: 0.0811, num_loss: 2.6973 (sign=0.0005 exp=0.3116 digit=0.7905 mantissa_mse=3.1893)
  grads: total 10.7308, lora 8.9856, adapter 1.8212, decoder 5.5761
  <NUM> tokens: 395/2048 (19.3%)
  lr: lora 3.00e-04, adapter 9.00e-05, decoder 9.00e-05
  token accuracy: 0.779 (1537/1974)
iter 610: loss 2.6551, time 2499.35ms, mfu 0.21%
iter 620: loss 2.4984, time 2508.13ms, mfu 0.21%
iter 630: loss 2.7313, time 2496.18ms, mfu 0.21%
iter 640: loss 2.8146, time 2491.91ms, mfu 0.21%
iter 650: loss 2.7659, time 2497.41ms, mfu 0.21%
iter 660: loss 2.6227, time 2511.18ms, mfu 0.21%
iter 670: loss 2.6719, time 2494.97ms, mfu 0.21%
iter 680: loss 2.9421, time 2523.16ms, mfu 0.21%
iter 690: loss 2.9903, time 2489.41ms, mfu 0.21%
iter 700: loss 2.8606, time 2506.10ms, mfu 0.21%
  === DIAG iter 700 ===
  text_loss: 0.0943, num_loss: 2.7663 (sign=0.0001 exp=0.3687 digit=0.7769 mantissa_mse=3.2414)
  grads: total 9.3006, lora 7.2726, adapter 1.2242, decoder 5.6667
  <NUM> tokens: 391/2048 (19.1%)
  lr: lora 3.00e-04, adapter 8.99e-05, decoder 8.99e-05
  token accuracy: 0.776 (1533/1976)
iter 710: loss 2.6072, time 2503.15ms, mfu 0.21%
iter 720: loss 2.8700, time 2490.80ms, mfu 0.21%
iter 730: loss 2.4465, time 2504.29ms, mfu 0.21%
iter 740: loss 2.8208, time 2490.08ms, mfu 0.21%
iter 750: loss 2.4429, time 2482.62ms, mfu 0.21%
iter 760: loss 2.6603, time 2455.06ms, mfu 0.21%
iter 770: loss 2.8442, time 2486.82ms, mfu 0.21%
iter 780: loss 2.6515, time 2483.45ms, mfu 0.21%
iter 790: loss 2.5297, time 2477.46ms, mfu 0.21%
iter 800: loss 2.7099, time 2477.40ms, mfu 0.21%
  === DIAG iter 800 ===
  text_loss: 0.0846, num_loss: 2.6253 (sign=0.0002 exp=0.3524 digit=0.7405 mantissa_mse=3.0643)
  grads: total 7.7990, lora 6.2455, adapter 1.5158, decoder 4.4183
  <NUM> tokens: 392/2048 (19.1%)
  lr: lora 2.99e-04, adapter 8.98e-05, decoder 8.98e-05
  token accuracy: 0.782 (1547/1978)
iter 810: loss 2.6020, time 2474.83ms, mfu 0.21%
iter 820: loss 2.4935, time 2473.59ms, mfu 0.21%
iter 830: loss 2.5624, time 2480.97ms, mfu 0.21%
iter 840: loss 2.7263, time 2460.72ms, mfu 0.21%
iter 850: loss 2.7132, time 2478.97ms, mfu 0.21%
iter 860: loss 2.7491, time 2475.31ms, mfu 0.21%
iter 870: loss 2.6790, time 2488.47ms, mfu 0.21%
iter 880: loss 2.4149, time 2486.49ms, mfu 0.21%
iter 890: loss 2.7866, time 2482.06ms, mfu 0.21%
iter 900: loss 2.7120, time 2466.28ms, mfu 0.21%
  === DIAG iter 900 ===
  text_loss: 0.0867, num_loss: 2.6253 (sign=0.0009 exp=0.3697 digit=0.7324 mantissa_mse=3.0447)
  grads: total 6.0491, lora 5.1116, adapter 1.3019, decoder 2.9611
  <NUM> tokens: 382/2048 (18.7%)
  lr: lora 2.99e-04, adapter 8.96e-05, decoder 8.96e-05
  token accuracy: 0.785 (1550/1974)
iter 910: loss 2.7228, time 2470.87ms, mfu 0.21%
iter 920: loss 2.7888, time 2483.95ms, mfu 0.21%
iter 930: loss 2.7095, time 2459.90ms, mfu 0.21%
iter 940: loss 2.6256, time 2477.10ms, mfu 0.21%
iter 950: loss 2.6745, time 2455.52ms, mfu 0.21%
iter 960: loss 2.4172, time 2462.27ms, mfu 0.21%
iter 970: loss 2.4604, time 2465.62ms, mfu 0.21%
iter 980: loss 2.4336, time 2455.75ms, mfu 0.21%
iter 990: loss 2.6323, time 2456.91ms, mfu 0.21%
step 1000: train text=0.0779 num=2.4715 total=2.5494 | val text=0.0790 num=2.5358 total=2.6148
  saved checkpoint to /tmpdir/m24047brmn/numbers/model_checkpoints/analytic_s2_adapted_lora/ckpt_iter1000.pt
  new best val loss: 2.6148
iter 1000: loss 2.3948, time 51581.27ms, mfu 0.19%
  === DIAG iter 1000 ===
  text_loss: 0.0742, num_loss: 2.3206 (sign=0.0035 exp=0.3601 digit=0.7185 mantissa_mse=2.4770)
  grads: total 5.4868, lora 4.6931, adapter 1.1704, decoder 2.5903
  <NUM> tokens: 388/2048 (18.9%)
  lr: lora 2.98e-04, adapter 8.94e-05, decoder 8.94e-05
  token accuracy: 0.781 (1544/1976)
  --- Sample eval (val) ---
  numeric loss: total=2.5620 (sign=0.0003 exp=0.3316 digit=0.7445 mant=2.9712)
iter 1010: loss 2.5886, time 2460.21ms, mfu 0.19%
iter 1020: loss 2.6547, time 2454.04ms, mfu 0.20%
iter 1030: loss 2.5950, time 2502.64ms, mfu 0.20%
iter 1040: loss 2.5619, time 3114.62ms, mfu 0.19%
iter 1050: loss 2.5584, time 2488.51ms, mfu 0.20%
iter 1060: loss 2.3681, time 2468.25ms, mfu 0.20%
iter 1070: loss 2.5076, time 2475.54ms, mfu 0.20%
iter 1080: loss 2.6682, time 2459.07ms, mfu 0.20%
iter 1090: loss 2.6042, time 2462.96ms, mfu 0.20%
iter 1100: loss 2.5700, time 2470.97ms, mfu 0.20%
  === DIAG iter 1100 ===
  text_loss: 0.0713, num_loss: 2.4987 (sign=0.0037 exp=0.3063 digit=0.7158 mantissa_mse=2.9458)
  grads: total 6.4819, lora 5.0113, adapter 1.1863, decoder 3.9362
  <NUM> tokens: 391/2048 (19.1%)
  lr: lora 2.97e-04, adapter 8.92e-05, decoder 8.92e-05
  token accuracy: 0.785 (1552/1977)
iter 1110: loss 2.4860, time 2457.02ms, mfu 0.20%
iter 1120: loss 2.6300, time 2467.07ms, mfu 0.20%
iter 1130: loss 2.2908, time 2470.05ms, mfu 0.21%
iter 1140: loss 2.6621, time 2479.87ms, mfu 0.21%
iter 1150: loss 2.6119, time 2491.67ms, mfu 0.21%
iter 1160: loss 2.5515, time 2493.01ms, mfu 0.21%
iter 1170: loss 2.4981, time 2493.55ms, mfu 0.21%
iter 1180: loss 2.3869, time 2492.27ms, mfu 0.21%
iter 1190: loss 2.4714, time 2490.84ms, mfu 0.21%
iter 1200: loss 2.4772, time 2516.40ms, mfu 0.21%
  === DIAG iter 1200 ===
  text_loss: 0.0780, num_loss: 2.3992 (sign=0.0006 exp=0.3207 digit=0.7322 mantissa_mse=2.6916)
  grads: total 4.9832, lora 4.3465, adapter 1.3409, decoder 2.0351
  <NUM> tokens: 384/2048 (18.8%)
  lr: lora 2.96e-04, adapter 8.89e-05, decoder 8.89e-05
  token accuracy: 0.785 (1549/1974)
iter 1210: loss 2.6830, time 2509.61ms, mfu 0.21%
iter 1220: loss 2.5651, time 2494.55ms, mfu 0.21%
iter 1230: loss 2.7016, time 2510.07ms, mfu 0.21%
iter 1240: loss 2.5160, time 2491.11ms, mfu 0.21%
iter 1250: loss 2.4076, time 2500.09ms, mfu 0.21%
iter 1260: loss 2.5523, time 2495.83ms, mfu 0.21%
iter 1270: loss 2.2005, time 2500.92ms, mfu 0.21%
iter 1280: loss 2.4520, time 2501.00ms, mfu 0.21%
iter 1290: loss 2.7791, time 3115.49ms, mfu 0.20%
iter 1300: loss 2.6119, time 2504.26ms, mfu 0.21%
  === DIAG iter 1300 ===
  text_loss: 0.0827, num_loss: 2.5292 (sign=0.0003 exp=0.3520 digit=0.7206 mantissa_mse=2.9125)
  grads: total 3.6032, lora 3.1626, adapter 0.7916, decoder 1.5344
  <NUM> tokens: 382/2048 (18.7%)
  lr: lora 2.95e-04, adapter 8.86e-05, decoder 8.86e-05
  token accuracy: 0.785 (1552/1977)
iter 1310: loss 2.4169, time 2489.69ms, mfu 0.21%
iter 1320: loss 2.3113, time 2501.26ms, mfu 0.21%
iter 1330: loss 2.4332, time 2502.17ms, mfu 0.21%
iter 1340: loss 2.5075, time 2500.88ms, mfu 0.21%
iter 1350: loss 2.7741, time 2498.98ms, mfu 0.21%
iter 1360: loss 2.5519, time 2535.96ms, mfu 0.21%
iter 1370: loss 2.4981, time 2484.25ms, mfu 0.21%
iter 1380: loss 2.7227, time 2494.47ms, mfu 0.21%
iter 1390: loss 2.4475, time 2516.88ms, mfu 0.21%
iter 1400: loss 2.6443, time 2494.31ms, mfu 0.21%
  === DIAG iter 1400 ===
  text_loss: 0.0815, num_loss: 2.5629 (sign=0.0003 exp=0.3299 digit=0.6776 mantissa_mse=3.1100)
  grads: total 7.2210, lora 5.5503, adapter 1.4795, decoder 4.3757
  <NUM> tokens: 388/2048 (18.9%)
  lr: lora 2.94e-04, adapter 8.82e-05, decoder 8.82e-05
  token accuracy: 0.785 (1551/1976)
iter 1410: loss 2.5790, time 2488.84ms, mfu 0.21%
iter 1420: loss 2.3014, time 2483.70ms, mfu 0.21%
iter 1430: loss 2.6063, time 2476.41ms, mfu 0.21%
iter 1440: loss 2.3186, time 2477.41ms, mfu 0.21%
iter 1450: loss 2.5642, time 2501.31ms, mfu 0.21%
iter 1460: loss 2.5283, time 2485.90ms, mfu 0.21%
iter 1470: loss 2.3940, time 2475.12ms, mfu 0.21%
iter 1480: loss 2.4341, time 2467.77ms, mfu 0.21%
iter 1490: loss 2.6253, time 2491.66ms, mfu 0.21%
iter 1500: loss 2.2868, time 2483.68ms, mfu 0.21%
  === DIAG iter 1500 ===
  text_loss: 0.0801, num_loss: 2.2067 (sign=0.0001 exp=0.3209 digit=0.6616 mantissa_mse=2.4482)
  grads: total 5.8248, lora 4.7331, adapter 1.1306, decoder 3.2013
  <NUM> tokens: 389/2048 (19.0%)
  lr: lora 2.93e-04, adapter 8.78e-05, decoder 8.78e-05
  token accuracy: 0.781 (1547/1981)
  --- Sample eval (val) ---
  numeric loss: total=2.4425 (sign=0.0002 exp=0.2804 digit=0.7148 mant=2.8942)
iter 1510: loss 2.1620, time 2477.56ms, mfu 0.21%
iter 1520: loss 2.3287, time 2496.17ms, mfu 0.21%
iter 1530: loss 2.4080, time 2494.39ms, mfu 0.21%
iter 1540: loss 2.3617, time 3079.06ms, mfu 0.21%
iter 1550: loss 2.4938, time 2480.27ms, mfu 0.21%
iter 1560: loss 2.6037, time 2480.61ms, mfu 0.21%
iter 1570: loss 2.4853, time 2470.55ms, mfu 0.21%
iter 1580: loss 2.2322, time 2472.88ms, mfu 0.21%
iter 1590: loss 2.2375, time 2461.62ms, mfu 0.21%
iter 1600: loss 2.5377, time 2489.55ms, mfu 0.21%
  === DIAG iter 1600 ===
  text_loss: 0.0857, num_loss: 2.4520 (sign=0.0001 exp=0.2821 digit=0.7058 mantissa_mse=2.9279)
  grads: total 4.2759, lora 3.9269, adapter 1.1362, decoder 1.2537
  <NUM> tokens: 378/2048 (18.5%)
  lr: lora 2.91e-04, adapter 8.73e-05, decoder 8.73e-05
  token accuracy: 0.783 (1547/1975)
iter 1610: loss 2.5172, time 2488.23ms, mfu 0.21%
iter 1620: loss 2.5643, time 2480.29ms, mfu 0.21%
iter 1630: loss 2.7405, time 2539.26ms, mfu 0.21%
iter 1640: loss 2.5010, time 2486.76ms, mfu 0.21%
iter 1650: loss 2.3038, time 2486.01ms, mfu 0.21%
iter 1660: loss 2.3149, time 2463.98ms, mfu 0.21%
iter 1670: loss 2.4951, time 2479.22ms, mfu 0.21%
iter 1680: loss 2.4664, time 2458.83ms, mfu 0.21%
iter 1690: loss 2.4003, time 2478.63ms, mfu 0.21%
iter 1700: loss 2.5100, time 2464.10ms, mfu 0.21%
  === DIAG iter 1700 ===
  text_loss: 0.0890, num_loss: 2.4210 (sign=0.0033 exp=0.3329 digit=0.7022 mantissa_mse=2.7653)
  grads: total 4.7792, lora 4.3893, adapter 1.2341, decoder 1.4325
  <NUM> tokens: 389/2048 (19.0%)
  lr: lora 2.90e-04, adapter 8.69e-05, decoder 8.69e-05
  token accuracy: 0.778 (1537/1976)
iter 1710: loss 2.3783, time 2461.41ms, mfu 0.21%
iter 1720: loss 2.6146, time 2463.71ms, mfu 0.21%
iter 1730: loss 2.6000, time 2468.22ms, mfu 0.21%
iter 1740: loss 2.2663, time 2468.06ms, mfu 0.21%
iter 1750: loss 2.2837, time 2481.43ms, mfu 0.21%
iter 1760: loss 2.4537, time 2474.40ms, mfu 0.21%
iter 1770: loss 2.2318, time 2462.39ms, mfu 0.21%
iter 1780: loss 2.2356, time 2479.93ms, mfu 0.21%
iter 1790: loss 2.3803, time 3068.87ms, mfu 0.21%
iter 1800: loss 2.2584, time 2479.65ms, mfu 0.21%
  === DIAG iter 1800 ===
  text_loss: 0.0820, num_loss: 2.1764 (sign=0.0002 exp=0.3171 digit=0.6858 mantissa_mse=2.3466)
  grads: total 7.6340, lora 5.9212, adapter 1.2398, decoder 4.6561
  <NUM> tokens: 391/2048 (19.1%)
  lr: lora 2.88e-04, adapter 8.63e-05, decoder 8.63e-05
  token accuracy: 0.780 (1540/1975)
iter 1810: loss 2.5687, time 2463.55ms, mfu 0.21%
iter 1820: loss 2.2847, time 2477.16ms, mfu 0.21%
iter 1830: loss 2.2658, time 2464.93ms, mfu 0.21%
iter 1840: loss 2.4311, time 2469.08ms, mfu 0.21%
iter 1850: loss 2.5171, time 2466.35ms, mfu 0.21%
iter 1860: loss 2.4945, time 2464.70ms, mfu 0.21%
iter 1870: loss 2.4673, time 2466.42ms, mfu 0.21%
iter 1880: loss 2.4023, time 2458.53ms, mfu 0.21%
iter 1890: loss 2.3562, time 2465.25ms, mfu 0.21%
iter 1900: loss 2.2353, time 2476.99ms, mfu 0.21%
  === DIAG iter 1900 ===
  text_loss: 0.0786, num_loss: 2.1567 (sign=0.0000 exp=0.3590 digit=0.6959 mantissa_mse=2.2037)
  grads: total 4.6674, lora 4.2838, adapter 0.8578, decoder 1.6428
  <NUM> tokens: 392/2048 (19.1%)
  lr: lora 2.86e-04, adapter 8.57e-05, decoder 8.57e-05
  token accuracy: 0.780 (1543/1977)
iter 1910: loss 2.2508, time 2475.90ms, mfu 0.21%
iter 1920: loss 2.3426, time 2468.50ms, mfu 0.21%
iter 1930: loss 2.6044, time 2455.99ms, mfu 0.21%
iter 1940: loss 2.3361, time 2460.53ms, mfu 0.21%
iter 1950: loss 2.1432, time 2493.15ms, mfu 0.21%
iter 1960: loss 2.3521, time 2481.62ms, mfu 0.21%
iter 1970: loss 2.2874, time 2486.71ms, mfu 0.21%
iter 1980: loss 2.2704, time 2490.30ms, mfu 0.21%
iter 1990: loss 2.2403, time 2482.86ms, mfu 0.21%
step 2000: train text=0.0771 num=2.1457 total=2.2229 | val text=0.0784 num=2.6481 total=2.7265
  saved checkpoint to /tmpdir/m24047brmn/numbers/model_checkpoints/analytic_s2_adapted_lora/ckpt_iter2000.pt
iter 2000: loss 2.4138, time 51378.45ms, mfu 0.19%
  === DIAG iter 2000 ===
  text_loss: 0.0755, num_loss: 2.3383 (sign=0.0001 exp=0.3549 digit=0.6939 mantissa_mse=2.5788)
  grads: total 6.3407, lora 5.8814, adapter 1.2919, decoder 1.9861
  <NUM> tokens: 394/2048 (19.2%)
  lr: lora 2.84e-04, adapter 8.51e-05, decoder 8.51e-05
  token accuracy: 0.780 (1539/1974)
  --- Sample eval (val) ---
  numeric loss: total=2.7462 (sign=0.0003 exp=0.3264 digit=0.7036 mant=3.4319)
iter 2010: loss 2.2558, time 2472.93ms, mfu 0.19%
iter 2020: loss 2.3169, time 2479.25ms, mfu 0.19%
iter 2030: loss 2.3109, time 2479.50ms, mfu 0.20%
iter 2040: loss 2.2247, time 2471.28ms, mfu 0.20%
iter 2050: loss 2.3601, time 2483.55ms, mfu 0.20%
iter 2060: loss 2.1242, time 2477.55ms, mfu 0.20%
iter 2070: loss 2.1545, time 2484.23ms, mfu 0.20%
iter 2080: loss 2.1726, time 2489.89ms, mfu 0.20%
iter 2090: loss 2.2842, time 2503.22ms, mfu 0.20%
iter 2100: loss 2.3367, time 2508.74ms, mfu 0.20%
  === DIAG iter 2100 ===
  text_loss: 0.0776, num_loss: 2.2591 (sign=0.0001 exp=0.2973 digit=0.7323 mantissa_mse=2.4588)
  grads: total 6.0843, lora 5.6395, adapter 1.5399, decoder 1.6860
  <NUM> tokens: 385/2048 (18.8%)
  lr: lora 2.82e-04, adapter 8.45e-05, decoder 8.45e-05
  token accuracy: 0.784 (1549/1977)
iter 2110: loss 2.0212, time 2504.95ms, mfu 0.20%
iter 2120: loss 2.1830, time 2500.39ms, mfu 0.20%
iter 2130: loss 2.3336, time 2494.04ms, mfu 0.21%
iter 2140: loss 2.2711, time 2497.50ms, mfu 0.21%
iter 2150: loss 2.2579, time 2505.77ms, mfu 0.21%
iter 2160: loss 2.1511, time 2487.60ms, mfu 0.21%
iter 2170: loss 2.1684, time 2478.81ms, mfu 0.21%
iter 2180: loss 2.1886, time 2496.24ms, mfu 0.21%
iter 2190: loss 2.0663, time 2484.84ms, mfu 0.21%
iter 2200: loss 2.0381, time 2500.76ms, mfu 0.21%
  === DIAG iter 2200 ===
  text_loss: 0.0837, num_loss: 1.9545 (sign=0.0086 exp=0.2802 digit=0.7060 mantissa_mse=1.9195)
  grads: total 5.6474, lora 5.3198, adapter 1.2309, decoder 1.4413
  <NUM> tokens: 383/2048 (18.7%)
  lr: lora 2.79e-04, adapter 8.38e-05, decoder 8.38e-05
  token accuracy: 0.785 (1551/1976)
iter 2210: loss 2.2570, time 2460.91ms, mfu 0.21%
iter 2220: loss 2.0375, time 2483.55ms, mfu 0.21%
iter 2230: loss 2.1704, time 2469.28ms, mfu 0.21%
iter 2240: loss 2.1562, time 2474.04ms, mfu 0.21%
iter 2250: loss 2.1036, time 2478.50ms, mfu 0.21%
iter 2260: loss 2.1261, time 2475.63ms, mfu 0.21%
iter 2270: loss 2.3331, time 2466.17ms, mfu 0.21%
iter 2280: loss 2.0023, time 2472.62ms, mfu 0.21%
iter 2290: loss 2.2215, time 2478.99ms, mfu 0.21%
iter 2300: loss 2.2041, time 2484.66ms, mfu 0.21%
  === DIAG iter 2300 ===
  text_loss: 0.0804, num_loss: 2.1238 (sign=0.0001 exp=0.3379 digit=0.6790 mantissa_mse=2.2135)
  grads: total 7.6271, lora 6.6869, adapter 1.5995, decoder 3.3015
  <NUM> tokens: 388/2048 (18.9%)
  lr: lora 2.77e-04, adapter 8.30e-05, decoder 8.30e-05
  token accuracy: 0.784 (1552/1980)
iter 2310: loss 2.2484, time 2481.06ms, mfu 0.21%
iter 2320: loss 2.2600, time 2475.66ms, mfu 0.21%
iter 2330: loss 2.1604, time 2471.77ms, mfu 0.21%
iter 2340: loss 2.0916, time 2511.68ms, mfu 0.21%
iter 2350: loss 2.1472, time 2470.05ms, mfu 0.21%
iter 2360: loss 2.1530, time 2465.86ms, mfu 0.21%
iter 2370: loss 2.1614, time 2472.38ms, mfu 0.21%
iter 2380: loss 2.0773, time 2462.66ms, mfu 0.21%
iter 2390: loss 2.3056, time 2451.42ms, mfu 0.21%
iter 2400: loss 2.0921, time 2470.23ms, mfu 0.21%
  === DIAG iter 2400 ===
  text_loss: 0.0791, num_loss: 2.0130 (sign=0.0001 exp=0.3664 digit=0.7034 mantissa_mse=1.8862)
  grads: total 6.3449, lora 5.8741, adapter 1.4278, decoder 1.9274
  <NUM> tokens: 382/2048 (18.7%)
  lr: lora 2.74e-04, adapter 8.23e-05, decoder 8.23e-05
  token accuracy: 0.788 (1559/1979)
iter 2410: loss 2.1675, time 2464.41ms, mfu 0.21%
iter 2420: loss 2.0489, time 2463.78ms, mfu 0.21%
iter 2430: loss 2.1998, time 2454.31ms, mfu 0.21%
iter 2440: loss 2.0644, time 2459.60ms, mfu 0.21%
iter 2450: loss 2.2971, time 2469.95ms, mfu 0.21%
iter 2460: loss 2.1587, time 2459.86ms, mfu 0.21%
iter 2470: loss 1.9712, time 2471.65ms, mfu 0.21%
iter 2480: loss 2.3035, time 2469.54ms, mfu 0.21%
iter 2490: loss 2.1853, time 2516.33ms, mfu 0.21%
iter 2500: loss 2.0016, time 2499.27ms, mfu 0.21%
  === DIAG iter 2500 ===
  text_loss: 0.0805, num_loss: 1.9211 (sign=0.0002 exp=0.2445 digit=0.7259 mantissa_mse=1.9009)
  grads: total 9.0659, lora 7.9737, adapter 1.8988, decoder 3.8737
  <NUM> tokens: 385/2048 (18.8%)
  lr: lora 2.72e-04, adapter 8.15e-05, decoder 8.15e-05
  token accuracy: 0.782 (1547/1978)
  --- Sample eval (val) ---
  numeric loss: total=2.8254 (sign=0.0000 exp=0.3901 digit=0.7309 mant=3.4087)
iter 2510: loss 2.0445, time 2512.01ms, mfu 0.21%
iter 2520: loss 2.0370, time 2511.64ms, mfu 0.21%
iter 2530: loss 1.9950, time 2503.75ms, mfu 0.21%
iter 2540: loss 2.0387, time 2507.72ms, mfu 0.21%
iter 2550: loss 2.3490, time 2497.75ms, mfu 0.21%
iter 2560: loss 2.0341, time 2502.97ms, mfu 0.21%
iter 2570: loss 1.9252, time 2493.42ms, mfu 0.21%
iter 2580: loss 1.8969, time 2493.50ms, mfu 0.21%
iter 2590: loss 2.0570, time 2497.37ms, mfu 0.21%
iter 2600: loss 2.0129, time 2511.63ms, mfu 0.21%
  === DIAG iter 2600 ===
  text_loss: 0.0772, num_loss: 1.9357 (sign=0.0003 exp=0.2816 digit=0.7058 mantissa_mse=1.8959)
  grads: total 6.8367, lora 6.4743, adapter 1.8187, decoder 1.2314
  <NUM> tokens: 395/2048 (19.3%)
  lr: lora 2.69e-04, adapter 8.06e-05, decoder 8.06e-05
  token accuracy: 0.782 (1548/1979)
iter 2610: loss 2.0278, time 2496.31ms, mfu 0.21%
iter 2620: loss 2.1522, time 2502.18ms, mfu 0.21%
iter 2630: loss 2.1942, time 2487.18ms, mfu 0.21%
iter 2640: loss 1.9813, time 2470.54ms, mfu 0.21%
iter 2650: loss 1.9637, time 2476.46ms, mfu 0.21%
iter 2660: loss 1.8701, time 2468.85ms, mfu 0.21%
iter 2670: loss 2.0246, time 2481.29ms, mfu 0.21%
iter 2680: loss 2.2251, time 2473.81ms, mfu 0.21%
iter 2690: loss 1.9836, time 2481.00ms, mfu 0.21%
iter 2700: loss 2.0114, time 2474.93ms, mfu 0.21%
  === DIAG iter 2700 ===
  text_loss: 0.0718, num_loss: 1.9396 (sign=0.0003 exp=0.2856 digit=0.6994 mantissa_mse=1.9087)
  grads: total 15.2153, lora 12.4610, adapter 2.2669, decoder 8.4314
  <NUM> tokens: 395/2048 (19.3%)
  lr: lora 2.66e-04, adapter 7.97e-05, decoder 7.97e-05
  token accuracy: 0.781 (1545/1979)
iter 2710: loss 1.8178, time 2479.80ms, mfu 0.21%
iter 2720: loss 2.1031, time 2480.23ms, mfu 0.21%
iter 2730: loss 2.1473, time 2490.34ms, mfu 0.21%
iter 2740: loss 2.0372, time 2468.55ms, mfu 0.21%
iter 2750: loss 2.2565, time 2475.39ms, mfu 0.21%
iter 2760: loss 1.9413, time 2469.01ms, mfu 0.21%
iter 2770: loss 2.0760, time 2470.23ms, mfu 0.21%
iter 2780: loss 1.9227, time 2467.06ms, mfu 0.21%
iter 2790: loss 1.9975, time 3074.25ms, mfu 0.21%
iter 2800: loss 1.8942, time 2474.51ms, mfu 0.21%
  === DIAG iter 2800 ===
  text_loss: 0.0765, num_loss: 1.8176 (sign=0.0125 exp=0.2658 digit=0.6841 mantissa_mse=1.7107)
  grads: total 7.3932, lora 7.0198, adapter 1.8305, decoder 1.4253
  <NUM> tokens: 386/2048 (18.8%)
  lr: lora 2.63e-04, adapter 7.88e-05, decoder 7.88e-05
  token accuracy: 0.783 (1547/1975)
iter 2810: loss 1.8774, time 2463.50ms, mfu 0.21%
iter 2820: loss 2.1109, time 2467.96ms, mfu 0.21%
iter 2830: loss 1.9572, time 2446.76ms, mfu 0.21%
iter 2840: loss 2.0144, time 2461.18ms, mfu 0.21%
iter 2850: loss 1.9821, time 2471.73ms, mfu 0.21%
iter 2860: loss 1.9828, time 2465.99ms, mfu 0.21%
iter 2870: loss 1.9652, time 2460.32ms, mfu 0.21%
iter 2880: loss 1.9184, time 2460.96ms, mfu 0.21%
iter 2890: loss 1.9458, time 2466.42ms, mfu 0.21%
iter 2900: loss 2.0140, time 2459.98ms, mfu 0.21%
  === DIAG iter 2900 ===
  text_loss: 0.0828, num_loss: 1.9312 (sign=0.0001 exp=0.3259 digit=0.7265 mantissa_mse=1.7574)
  grads: total 8.5534, lora 7.5326, adapter 2.2092, decoder 3.3970
  <NUM> tokens: 385/2048 (18.8%)
  lr: lora 2.60e-04, adapter 7.79e-05, decoder 7.79e-05
  token accuracy: 0.783 (1544/1972)
iter 2910: loss 1.8491, time 2450.62ms, mfu 0.21%
iter 2920: loss 1.8412, time 2457.41ms, mfu 0.21%
iter 2930: loss 1.8585, time 2438.50ms, mfu 0.21%
iter 2940: loss 1.9258, time 2450.35ms, mfu 0.21%
iter 2950: loss 1.9451, time 2453.87ms, mfu 0.21%
iter 2960: loss 2.0556, time 2438.85ms, mfu 0.21%
iter 2970: loss 1.7568, time 2448.83ms, mfu 0.21%
iter 2980: loss 1.8727, time 2450.88ms, mfu 0.21%
iter 2990: loss 1.9658, time 2454.39ms, mfu 0.21%
step 3000: train text=0.0779 num=1.6912 total=1.7691 | val text=0.0794 num=2.9120 total=2.9915
  saved checkpoint to /tmpdir/m24047brmn/numbers/model_checkpoints/analytic_s2_adapted_lora/ckpt_iter3000.pt
iter 3000: loss 1.8387, time 51130.53ms, mfu 0.19%
  === DIAG iter 3000 ===
  text_loss: 0.0943, num_loss: 1.7445 (sign=0.0002 exp=0.2634 digit=0.6827 mantissa_mse=1.5964)
  grads: total 7.8232, lora 7.0786, adapter 1.5481, decoder 2.9495
  <NUM> tokens: 378/2048 (18.5%)
  lr: lora 2.56e-04, adapter 7.69e-05, decoder 7.69e-05
  token accuracy: 0.784 (1550/1978)
  --- Sample eval (val) ---
  numeric loss: total=2.9832 (sign=0.0003 exp=0.3261 digit=0.7038 mant=3.9060)
iter 3010: loss 1.9049, time 2467.32ms, mfu 0.19%
iter 3020: loss 1.9030, time 2481.43ms, mfu 0.20%
iter 3030: loss 1.9639, time 2484.24ms, mfu 0.20%
iter 3040: loss 1.9455, time 2463.15ms, mfu 0.20%
iter 3050: loss 1.8207, time 2481.18ms, mfu 0.20%
iter 3060: loss 1.9654, time 2459.24ms, mfu 0.20%
iter 3070: loss 1.8081, time 2464.61ms, mfu 0.20%
iter 3080: loss 1.8395, time 2459.04ms, mfu 0.20%
iter 3090: loss 1.7045, time 2451.29ms, mfu 0.20%
iter 3100: loss 1.9487, time 2459.11ms, mfu 0.21%
  === DIAG iter 3100 ===
  text_loss: 0.0800, num_loss: 1.8687 (sign=0.0002 exp=0.3330 digit=0.6892 mantissa_mse=1.6925)
  grads: total 8.2304, lora 7.7796, adapter 2.2190, decoder 1.5143
  <NUM> tokens: 386/2048 (18.8%)
  lr: lora 2.53e-04, adapter 7.59e-05, decoder 7.59e-05
  token accuracy: 0.784 (1550/1977)
iter 3110: loss 1.9242, time 2458.39ms, mfu 0.21%
iter 3120: loss 1.6735, time 2449.48ms, mfu 0.21%
iter 3130: loss 1.8851, time 2463.03ms, mfu 0.21%
iter 3140: loss 1.8842, time 2461.39ms, mfu 0.21%
iter 3150: loss 1.8803, time 2469.45ms, mfu 0.21%
iter 3160: loss 1.9619, time 2454.62ms, mfu 0.21%
iter 3170: loss 1.9198, time 2459.44ms, mfu 0.21%
iter 3180: loss 1.9334, time 2462.43ms, mfu 0.21%
iter 3190: loss 1.8038, time 2441.78ms, mfu 0.21%
iter 3200: loss 1.9690, time 2437.24ms, mfu 0.21%
  === DIAG iter 3200 ===
  text_loss: 0.0882, num_loss: 1.8808 (sign=0.0002 exp=0.2900 digit=0.6824 mantissa_mse=1.8162)
  grads: total 7.7161, lora 7.1228, adapter 1.9491, decoder 2.2371
  <NUM> tokens: 381/2048 (18.6%)
  lr: lora 2.50e-04, adapter 7.49e-05, decoder 7.49e-05
  token accuracy: 0.784 (1549/1976)
iter 3210: loss 1.8186, time 2453.28ms, mfu 0.21%
iter 3220: loss 2.1546, time 2461.25ms, mfu 0.21%
iter 3230: loss 1.8896, time 2490.01ms, mfu 0.21%
iter 3240: loss 1.7937, time 2453.76ms, mfu 0.21%
iter 3250: loss 1.9287, time 2454.48ms, mfu 0.21%
iter 3260: loss 1.8889, time 2450.87ms, mfu 0.21%
iter 3270: loss 1.8243, time 2443.98ms, mfu 0.21%
iter 3280: loss 1.9881, time 2446.42ms, mfu 0.21%
iter 3290: loss 1.7903, time 2456.55ms, mfu 0.21%
iter 3300: loss 1.7917, time 2455.08ms, mfu 0.21%
  === DIAG iter 3300 ===
  text_loss: 0.0897, num_loss: 1.7020 (sign=0.0001 exp=0.3547 digit=0.6948 mantissa_mse=1.3049)
  grads: total 10.1941, lora 8.9303, adapter 2.2919, decoder 4.3492
  <NUM> tokens: 382/2048 (18.7%)
  lr: lora 2.46e-04, adapter 7.38e-05, decoder 7.38e-05
  token accuracy: 0.782 (1544/1974)
iter 3310: loss 1.9463, time 2449.85ms, mfu 0.21%
iter 3320: loss 2.1153, time 2465.26ms, mfu 0.21%
iter 3330: loss 2.0077, time 2455.01ms, mfu 0.21%
iter 3340: loss 1.7271, time 2470.77ms, mfu 0.21%
iter 3350: loss 1.7768, time 2473.43ms, mfu 0.21%
iter 3360: loss 1.8129, time 2460.28ms, mfu 0.21%
iter 3370: loss 1.7670, time 2459.84ms, mfu 0.21%
iter 3380: loss 1.7959, time 2453.38ms, mfu 0.21%
iter 3390: loss 1.5840, time 2458.84ms, mfu 0.21%
iter 3400: loss 1.8552, time 2454.50ms, mfu 0.21%
  === DIAG iter 3400 ===
  text_loss: 0.0996, num_loss: 1.7557 (sign=0.0001 exp=0.3138 digit=0.7162 mantissa_mse=1.4510)
  grads: total 8.7192, lora 8.0364, adapter 2.0513, decoder 2.6894
  <NUM> tokens: 378/2048 (18.5%)
  lr: lora 2.43e-04, adapter 7.28e-05, decoder 7.28e-05
  token accuracy: 0.780 (1542/1978)
iter 3410: loss 2.1392, time 2454.67ms, mfu 0.21%
iter 3420: loss 2.0025, time 2460.51ms, mfu 0.21%
iter 3430: loss 1.7510, time 2439.24ms, mfu 0.21%
iter 3440: loss 2.0202, time 2459.77ms, mfu 0.21%
iter 3450: loss 2.0061, time 2459.58ms, mfu 0.21%
iter 3460: loss 1.9157, time 2463.62ms, mfu 0.21%
iter 3470: loss 1.8818, time 2457.24ms, mfu 0.21%
iter 3480: loss 1.7747, time 2447.17ms, mfu 0.21%
iter 3490: loss 1.8266, time 2459.66ms, mfu 0.21%
iter 3500: loss 1.8578, time 2463.06ms, mfu 0.21%
  === DIAG iter 3500 ===
  text_loss: 0.0766, num_loss: 1.7812 (sign=0.0001 exp=0.3413 digit=0.6722 mantissa_mse=1.5354)
  grads: total 10.7704, lora 9.4320, adapter 2.1918, decoder 4.7153
  <NUM> tokens: 386/2048 (18.8%)
  lr: lora 2.39e-04, adapter 7.17e-05, decoder 7.17e-05
  token accuracy: 0.784 (1547/1974)
  --- Sample eval (val) ---
  numeric loss: total=2.9573 (sign=0.0014 exp=0.2975 digit=0.7197 mant=3.8774)
iter 3510: loss 1.8178, time 2504.96ms, mfu 0.21%
iter 3520: loss 1.6370, time 2479.09ms, mfu 0.21%
iter 3530: loss 1.9703, time 2476.79ms, mfu 0.21%
iter 3540: loss 1.7897, time 2482.57ms, mfu 0.21%
iter 3550: loss 1.7764, time 2480.17ms, mfu 0.21%
iter 3560: loss 1.8376, time 2480.93ms, mfu 0.21%
iter 3570: loss 1.8018, time 2471.85ms, mfu 0.21%
iter 3580: loss 1.8754, time 2494.95ms, mfu 0.21%
iter 3590: loss 1.8860, time 2504.04ms, mfu 0.21%
iter 3600: loss 1.7540, time 2502.51ms, mfu 0.21%
  === DIAG iter 3600 ===
  text_loss: 0.0858, num_loss: 1.6682 (sign=0.0004 exp=0.3156 digit=0.6772 mantissa_mse=1.3500)
  grads: total 7.4766, lora 6.9372, adapter 1.7309, decoder 2.1861
  <NUM> tokens: 389/2048 (19.0%)
  lr: lora 2.35e-04, adapter 7.05e-05, decoder 7.05e-05
  token accuracy: 0.782 (1546/1976)
iter 3610: loss 1.9576, time 2482.98ms, mfu 0.21%
iter 3620: loss 1.7407, time 2493.32ms, mfu 0.21%
iter 3630: loss 1.8596, time 2497.05ms, mfu 0.21%
iter 3640: loss 1.8157, time 2481.48ms, mfu 0.21%
iter 3650: loss 1.9503, time 2493.09ms, mfu 0.21%
iter 3660: loss 1.9039, time 2475.01ms, mfu 0.21%
iter 3670: loss 1.7395, time 2480.29ms, mfu 0.21%
iter 3680: loss 1.8293, time 2491.49ms, mfu 0.21%
iter 3690: loss 1.9195, time 2485.17ms, mfu 0.21%
iter 3700: loss 1.7373, time 2483.14ms, mfu 0.21%
  === DIAG iter 3700 ===
  text_loss: 0.0739, num_loss: 1.6634 (sign=0.0001 exp=0.2924 digit=0.6843 mantissa_mse=1.3731)
  grads: total 7.3983, lora 7.0394, adapter 1.7231, decoder 1.4875
  <NUM> tokens: 385/2048 (18.8%)
  lr: lora 2.31e-04, adapter 6.94e-05, decoder 6.94e-05
  token accuracy: 0.786 (1554/1977)
iter 3710: loss 1.6945, time 2490.17ms, mfu 0.21%
iter 3720: loss 1.7529, time 2515.50ms, mfu 0.21%
iter 3730: loss 1.7762, time 2487.06ms, mfu 0.21%
iter 3740: loss 1.7591, time 2507.68ms, mfu 0.21%
iter 3750: loss 1.9035, time 2559.55ms, mfu 0.21%
iter 3760: loss 1.7057, time 2584.79ms, mfu 0.21%
iter 3770: loss 1.9023, time 2530.01ms, mfu 0.21%
iter 3780: loss 1.7749, time 2541.51ms, mfu 0.21%
iter 3790: loss 1.8307, time 3163.50ms, mfu 0.20%
iter 3800: loss 1.7661, time 2529.19ms, mfu 0.20%
  === DIAG iter 3800 ===
  text_loss: 0.0795, num_loss: 1.6865 (sign=0.0001 exp=0.2752 digit=0.6819 mantissa_mse=1.4589)
  grads: total 7.4867, lora 7.0908, adapter 1.8037, decoder 1.5870
  <NUM> tokens: 379/2048 (18.5%)
  lr: lora 2.27e-04, adapter 6.82e-05, decoder 6.82e-05
  token accuracy: 0.786 (1553/1976)
iter 3810: loss 1.7951, time 2524.50ms, mfu 0.20%
iter 3820: loss 1.8201, time 2519.74ms, mfu 0.21%
iter 3830: loss 1.8440, time 2517.00ms, mfu 0.21%
iter 3840: loss 1.7501, time 2515.95ms, mfu 0.21%
iter 3850: loss 1.8557, time 2523.22ms, mfu 0.21%
iter 3860: loss 1.7810, time 2529.21ms, mfu 0.21%
iter 3870: loss 1.7492, time 2523.63ms, mfu 0.21%
iter 3880: loss 1.7854, time 2510.57ms, mfu 0.21%
iter 3890: loss 1.7424, time 2521.77ms, mfu 0.21%
iter 3900: loss 1.8703, time 2524.46ms, mfu 0.21%
  === DIAG iter 3900 ===
  text_loss: 0.0812, num_loss: 1.7891 (sign=0.0001 exp=0.2965 digit=0.6941 mantissa_mse=1.5969)
  grads: total 11.6702, lora 10.2138, adapter 2.1127, decoder 5.2353
  <NUM> tokens: 384/2048 (18.8%)
  lr: lora 2.23e-04, adapter 6.70e-05, decoder 6.70e-05
  token accuracy: 0.785 (1552/1978)
iter 3910: loss 1.6914, time 2515.92ms, mfu 0.21%
iter 3920: loss 1.7269, time 2521.86ms, mfu 0.21%
iter 3930: loss 1.7605, time 2510.29ms, mfu 0.21%
iter 3940: loss 1.6081, time 2513.94ms, mfu 0.21%
iter 3950: loss 1.5937, time 2511.42ms, mfu 0.21%
iter 3960: loss 1.9113, time 2523.99ms, mfu 0.21%
iter 3970: loss 1.6580, time 2531.00ms, mfu 0.21%
iter 3980: loss 1.6321, time 2498.80ms, mfu 0.21%
iter 3990: loss 1.6552, time 2479.45ms, mfu 0.21%
step 4000: train text=0.0776 num=1.4705 total=1.5482 | val text=0.0790 num=2.9708 total=3.0498
  saved checkpoint to /tmpdir/m24047brmn/numbers/model_checkpoints/analytic_s2_adapted_lora/ckpt_iter4000.pt
iter 4000: loss 1.8046, time 52020.29ms, mfu 0.19%
  === DIAG iter 4000 ===
  text_loss: 0.0792, num_loss: 1.7254 (sign=0.0002 exp=0.3122 digit=0.6588 mantissa_mse=1.5084)
  grads: total 6.8615, lora 6.4864, adapter 1.5261, decoder 1.6361
  <NUM> tokens: 392/2048 (19.1%)
  lr: lora 2.19e-04, adapter 6.58e-05, decoder 6.58e-05
  token accuracy: 0.781 (1545/1978)
  --- Sample eval (val) ---
  numeric loss: total=3.0124 (sign=0.0001 exp=0.3485 digit=0.7491 mant=3.8294)
iter 4010: loss 1.6733, time 2472.23ms, mfu 0.19%
iter 4020: loss 1.7420, time 2471.86ms, mfu 0.19%
iter 4030: loss 1.7746, time 2484.62ms, mfu 0.19%
iter 4040: loss 1.5826, time 2473.36ms, mfu 0.20%
iter 4050: loss 1.7609, time 2467.25ms, mfu 0.20%
iter 4060: loss 1.6254, time 2474.18ms, mfu 0.20%
iter 4070: loss 1.7567, time 2463.10ms, mfu 0.20%
iter 4080: loss 1.5601, time 2462.02ms, mfu 0.20%
iter 4090: loss 1.6256, time 2468.72ms, mfu 0.20%
iter 4100: loss 1.7961, time 2480.88ms, mfu 0.20%
  === DIAG iter 4100 ===
  text_loss: 0.0694, num_loss: 1.7267 (sign=0.0002 exp=0.2880 digit=0.6695 mantissa_mse=1.5380)
  grads: total 6.7986, lora 6.4778, adapter 1.7952, decoder 1.0179
  <NUM> tokens: 394/2048 (19.2%)
  lr: lora 2.15e-04, adapter 6.45e-05, decoder 6.45e-05
  token accuracy: 0.782 (1546/1977)
iter 4110: loss 1.7504, time 2472.99ms, mfu 0.20%
iter 4120: loss 1.8146, time 2446.85ms, mfu 0.21%
iter 4130: loss 1.5638, time 2468.78ms, mfu 0.21%
iter 4140: loss 1.7803, time 2447.88ms, mfu 0.21%
iter 4150: loss 1.7206, time 2445.08ms, mfu 0.21%
iter 4160: loss 1.9050, time 2449.01ms, mfu 0.21%
iter 4170: loss 1.5501, time 2447.50ms, mfu 0.21%
iter 4180: loss 1.8517, time 2446.61ms, mfu 0.21%
iter 4190: loss 1.7988, time 2434.13ms, mfu 0.21%
iter 4200: loss 1.6695, time 2455.23ms, mfu 0.21%
  === DIAG iter 4200 ===
  text_loss: 0.0821, num_loss: 1.5874 (sign=0.0001 exp=0.2144 digit=0.6753 mantissa_mse=1.3953)
  grads: total 8.7866, lora 8.1538, adapter 2.4451, decoder 2.1772
  <NUM> tokens: 385/2048 (18.8%)
  lr: lora 2.11e-04, adapter 6.33e-05, decoder 6.33e-05
  token accuracy: 0.783 (1551/1980)
iter 4210: loss 1.9066, time 2445.37ms, mfu 0.21%
iter 4220: loss 1.6473, time 2451.47ms, mfu 0.21%
iter 4230: loss 1.6196, time 2477.68ms, mfu 0.21%
iter 4240: loss 1.5334, time 2570.84ms, mfu 0.21%
iter 4250: loss 1.6248, time 2570.21ms, mfu 0.21%
iter 4260: loss 1.7144, time 2537.01ms, mfu 0.21%
iter 4270: loss 1.7228, time 2527.48ms, mfu 0.21%
iter 4280: loss 1.8293, time 2546.22ms, mfu 0.21%
iter 4290: loss 1.9019, time 3111.44ms, mfu 0.20%
iter 4300: loss 1.8436, time 2499.77ms, mfu 0.21%
  === DIAG iter 4300 ===
  text_loss: 0.0811, num_loss: 1.7625 (sign=0.0005 exp=0.3731 digit=0.6902 mantissa_mse=1.3973)
  grads: total 6.1671, lora 5.8260, adapter 1.3507, decoder 1.5053
  <NUM> tokens: 389/2048 (19.0%)
  lr: lora 2.07e-04, adapter 6.20e-05, decoder 6.20e-05
  token accuracy: 0.784 (1550/1978)
iter 4310: loss 1.7014, time 2487.68ms, mfu 0.21%
iter 4320: loss 1.6515, time 2475.01ms, mfu 0.21%
iter 4330: loss 1.6646, time 2480.94ms, mfu 0.21%
iter 4340: loss 1.7237, time 2510.56ms, mfu 0.21%
iter 4350: loss 1.7489, time 2497.68ms, mfu 0.21%
iter 4360: loss 1.6020, time 2485.79ms, mfu 0.21%
iter 4370: loss 1.4524, time 2489.13ms, mfu 0.21%
iter 4380: loss 1.6860, time 2487.87ms, mfu 0.21%
iter 4390: loss 1.7166, time 2474.70ms, mfu 0.21%
iter 4400: loss 1.6108, time 2475.20ms, mfu 0.21%
  === DIAG iter 4400 ===
  text_loss: 0.0855, num_loss: 1.5253 (sign=0.0001 exp=0.2428 digit=0.6773 mantissa_mse=1.2104)
  grads: total 7.9122, lora 7.4127, adapter 1.9689, decoder 1.9437
  <NUM> tokens: 386/2048 (18.8%)
  lr: lora 2.02e-04, adapter 6.07e-05, decoder 6.07e-05
  token accuracy: 0.782 (1547/1979)
iter 4410: loss 1.6567, time 2469.40ms, mfu 0.21%
iter 4420: loss 1.7763, time 2479.51ms, mfu 0.21%
iter 4430: loss 1.7436, time 2464.86ms, mfu 0.21%
iter 4440: loss 1.5730, time 2469.48ms, mfu 0.21%
iter 4450: loss 1.5384, time 2469.90ms, mfu 0.21%
iter 4460: loss 1.6345, time 2482.33ms, mfu 0.21%
iter 4470: loss 1.7584, time 2467.57ms, mfu 0.21%
iter 4480: loss 1.6021, time 2537.53ms, mfu 0.21%
iter 4490: loss 1.5798, time 2497.59ms, mfu 0.21%
iter 4500: loss 1.5771, time 2485.86ms, mfu 0.21%
  === DIAG iter 4500 ===
  text_loss: 0.0671, num_loss: 1.5100 (sign=0.0002 exp=0.2728 digit=0.6688 mantissa_mse=1.1364)
  grads: total 7.4685, lora 6.9297, adapter 1.5717, decoder 2.2993
  <NUM> tokens: 388/2048 (18.9%)
  lr: lora 1.98e-04, adapter 5.94e-05, decoder 5.94e-05
  token accuracy: 0.787 (1559/1981)
  --- Sample eval (val) ---
  numeric loss: total=3.2090 (sign=0.0003 exp=0.2683 digit=0.7471 mant=4.3865)
iter 4510: loss 1.6155, time 2472.48ms, mfu 0.21%
iter 4520: loss 1.5823, time 2478.21ms, mfu 0.21%
iter 4530: loss 1.6435, time 2483.58ms, mfu 0.21%
iter 4540: loss 1.5856, time 3092.48ms, mfu 0.21%
iter 4550: loss 1.6973, time 2466.55ms, mfu 0.21%
iter 4560: loss 1.5988, time 2475.27ms, mfu 0.21%
iter 4570: loss 1.5841, time 2463.74ms, mfu 0.21%
iter 4580: loss 1.6094, time 2484.84ms, mfu 0.21%
iter 4590: loss 1.5282, time 2474.45ms, mfu 0.21%
iter 4600: loss 1.6970, time 2495.46ms, mfu 0.21%
  === DIAG iter 4600 ===
  text_loss: 0.0776, num_loss: 1.6194 (sign=0.0000 exp=0.2647 digit=0.6736 mantissa_mse=1.3620)
  grads: total 5.8854, lora 5.6188, adapter 1.5204, decoder 0.8694
  <NUM> tokens: 382/2048 (18.7%)
  lr: lora 1.94e-04, adapter 5.81e-05, decoder 5.81e-05
  token accuracy: 0.784 (1550/1977)
iter 4610: loss 1.6671, time 2495.39ms, mfu 0.21%
iter 4620: loss 1.5473, time 2493.58ms, mfu 0.21%
iter 4630: loss 1.6349, time 2481.62ms, mfu 0.21%
iter 4640: loss 1.5754, time 2489.38ms, mfu 0.21%
iter 4650: loss 1.5194, time 2485.31ms, mfu 0.21%
iter 4660: loss 1.4495, time 2479.44ms, mfu 0.21%
iter 4670: loss 1.6512, time 2476.91ms, mfu 0.21%
iter 4680: loss 1.5551, time 2475.30ms, mfu 0.21%
iter 4690: loss 1.5908, time 2479.90ms, mfu 0.21%
iter 4700: loss 1.7533, time 2482.50ms, mfu 0.21%
  === DIAG iter 4700 ===
  text_loss: 0.0829, num_loss: 1.6704 (sign=0.0001 exp=0.3190 digit=0.7373 mantissa_mse=1.2281)
  grads: total 7.0150, lora 6.6512, adapter 1.7607, decoder 1.3677
  <NUM> tokens: 378/2048 (18.5%)
  lr: lora 1.89e-04, adapter 5.68e-05, decoder 5.68e-05
  token accuracy: 0.785 (1548/1972)
iter 4710: loss 1.6257, time 2481.09ms, mfu 0.21%
iter 4720: loss 1.7377, time 2465.03ms, mfu 0.21%
iter 4730: loss 1.7010, time 2468.88ms, mfu 0.21%
iter 4740: loss 1.7173, time 2459.93ms, mfu 0.21%
iter 4750: loss 1.6497, time 2459.62ms, mfu 0.21%
iter 4760: loss 1.5123, time 2464.81ms, mfu 0.21%
iter 4770: loss 1.6589, time 2478.91ms, mfu 0.21%
iter 4780: loss 1.5578, time 2443.79ms, mfu 0.21%
iter 4790: loss 1.6985, time 3071.76ms, mfu 0.21%
iter 4800: loss 1.6175, time 2467.24ms, mfu 0.21%
  === DIAG iter 4800 ===
  text_loss: 0.0820, num_loss: 1.5354 (sign=0.0017 exp=0.2879 digit=0.6644 mantissa_mse=1.1627)
  grads: total 6.0019, lora 5.7974, adapter 1.4667, decoder 0.5125
  <NUM> tokens: 390/2048 (19.0%)
  lr: lora 1.85e-04, adapter 5.55e-05, decoder 5.55e-05
  token accuracy: 0.781 (1544/1977)
iter 4810: loss 1.5642, time 2481.16ms, mfu 0.21%
iter 4820: loss 1.6354, time 2474.17ms, mfu 0.21%
iter 4830: loss 1.5802, time 2502.74ms, mfu 0.21%
iter 4840: loss 1.7380, time 2503.17ms, mfu 0.21%
iter 4850: loss 1.6141, time 2515.61ms, mfu 0.21%
iter 4860: loss 1.6455, time 2505.18ms, mfu 0.21%
iter 4870: loss 1.5260, time 2486.32ms, mfu 0.21%
iter 4880: loss 1.5904, time 2493.96ms, mfu 0.21%
iter 4890: loss 1.6318, time 2504.44ms, mfu 0.21%
iter 4900: loss 1.4855, time 2503.86ms, mfu 0.21%
  === DIAG iter 4900 ===
  text_loss: 0.0719, num_loss: 1.4136 (sign=0.0001 exp=0.2626 digit=0.6479 mantissa_mse=1.0060)
  grads: total 8.1350, lora 7.4361, adapter 1.6739, decoder 2.8425
  <NUM> tokens: 385/2048 (18.8%)
  lr: lora 1.81e-04, adapter 5.42e-05, decoder 5.42e-05
  token accuracy: 0.787 (1558/1980)
iter 4910: loss 1.8484, time 2543.26ms, mfu 0.21%
iter 4920: loss 1.5314, time 2481.41ms, mfu 0.21%
iter 4930: loss 1.6243, time 2480.98ms, mfu 0.21%
iter 4940: loss 1.6398, time 2468.41ms, mfu 0.21%
iter 4950: loss 1.6156, time 2497.30ms, mfu 0.21%
iter 4960: loss 1.5000, time 2505.56ms, mfu 0.21%
iter 4970: loss 1.6406, time 2453.90ms, mfu 0.21%
iter 4980: loss 1.4992, time 2458.79ms, mfu 0.21%
iter 4990: loss 1.6310, time 2475.08ms, mfu 0.21%
step 5000: train text=0.0766 num=1.3457 total=1.4224 | val text=0.0782 num=3.0017 total=3.0799
  saved checkpoint to /tmpdir/m24047brmn/numbers/model_checkpoints/analytic_s2_adapted_lora/ckpt_iter5000.pt
iter 5000: loss 1.6516, time 51704.65ms, mfu 0.19%
  === DIAG iter 5000 ===
  text_loss: 0.0699, num_loss: 1.5816 (sign=0.0001 exp=0.2440 digit=0.6501 mantissa_mse=1.3748)
  grads: total 7.4338, lora 6.9158, adapter 1.8769, decoder 1.9774
  <NUM> tokens: 388/2048 (18.9%)
  lr: lora 1.76e-04, adapter 5.28e-05, decoder 5.28e-05
  token accuracy: 0.784 (1552/1980)
  --- Sample eval (val) ---
  numeric loss: total=3.3128 (sign=0.0055 exp=0.4022 digit=0.7234 mant=4.3632)
iter 5010: loss 1.5116, time 2455.74ms, mfu 0.19%
iter 5020: loss 1.5215, time 2465.70ms, mfu 0.19%
iter 5030: loss 1.6038, time 2452.95ms, mfu 0.20%
iter 5040: loss 1.6800, time 3068.38ms, mfu 0.19%
iter 5050: loss 1.7293, time 2458.71ms, mfu 0.20%
iter 5060: loss 1.6030, time 2454.56ms, mfu 0.20%
iter 5070: loss 1.6039, time 2458.74ms, mfu 0.20%
iter 5080: loss 1.7188, time 2459.88ms, mfu 0.20%
iter 5090: loss 1.6990, time 2463.08ms, mfu 0.20%
iter 5100: loss 1.4313, time 2469.29ms, mfu 0.20%
  === DIAG iter 5100 ===
  text_loss: 0.0748, num_loss: 1.3565 (sign=0.0004 exp=0.2732 digit=0.6431 mantissa_mse=0.8795)
  grads: total 5.9774, lora 5.6618, adapter 1.5017, decoder 1.1908
  <NUM> tokens: 394/2048 (19.2%)
  lr: lora 1.72e-04, adapter 5.15e-05, decoder 5.15e-05
  token accuracy: 0.780 (1545/1980)
iter 5110: loss 1.5604, time 2451.36ms, mfu 0.20%
iter 5120: loss 1.5931, time 2461.58ms, mfu 0.20%
iter 5130: loss 1.7089, time 2449.96ms, mfu 0.21%
iter 5140: loss 1.6554, time 2467.19ms, mfu 0.21%
iter 5150: loss 1.5443, time 2458.65ms, mfu 0.21%
iter 5160: loss 1.5818, time 2462.62ms, mfu 0.21%
iter 5170: loss 1.4910, time 2464.87ms, mfu 0.21%
iter 5180: loss 1.5952, time 2500.99ms, mfu 0.21%
iter 5190: loss 1.6238, time 2488.70ms, mfu 0.21%
iter 5200: loss 1.4848, time 2483.10ms, mfu 0.21%
  === DIAG iter 5200 ===
  text_loss: 0.0864, num_loss: 1.3984 (sign=0.0003 exp=0.3166 digit=0.6580 mantissa_mse=0.8472)
  grads: total 6.5869, lora 6.2082, adapter 1.6007, decoder 1.5111
  <NUM> tokens: 385/2048 (18.8%)
  lr: lora 1.67e-04, adapter 5.02e-05, decoder 5.02e-05
  token accuracy: 0.784 (1548/1975)
iter 5210: loss 1.5753, time 2529.80ms, mfu 0.21%
iter 5220: loss 1.5691, time 2528.91ms, mfu 0.21%
iter 5230: loss 1.6125, time 2534.99ms, mfu 0.21%
iter 5240: loss 1.5879, time 2539.17ms, mfu 0.21%
iter 5250: loss 1.5464, time 2530.81ms, mfu 0.21%
iter 5260: loss 1.5267, time 2531.69ms, mfu 0.21%
iter 5270: loss 1.4419, time 2512.78ms, mfu 0.21%
iter 5280: loss 1.6037, time 2512.58ms, mfu 0.21%
iter 5290: loss 1.4495, time 3164.94ms, mfu 0.20%
iter 5300: loss 1.6554, time 2529.20ms, mfu 0.20%
  === DIAG iter 5300 ===
  text_loss: 0.0785, num_loss: 1.5770 (sign=0.0001 exp=0.2932 digit=0.6686 mantissa_mse=1.2303)
  grads: total 7.5207, lora 6.8324, adapter 1.5854, decoder 2.7139
  <NUM> tokens: 388/2048 (18.9%)
  lr: lora 1.63e-04, adapter 4.88e-05, decoder 4.88e-05
  token accuracy: 0.782 (1543/1972)
iter 5310: loss 1.6304, time 2514.65ms, mfu 0.20%
iter 5320: loss 1.5746, time 2514.33ms, mfu 0.20%
iter 5330: loss 1.4556, time 2508.05ms, mfu 0.21%
iter 5340: loss 1.4668, time 2507.31ms, mfu 0.21%
iter 5350: loss 1.6161, time 2511.99ms, mfu 0.21%
iter 5360: loss 1.6078, time 2523.54ms, mfu 0.21%
iter 5370: loss 1.5908, time 2505.97ms, mfu 0.21%
iter 5380: loss 1.4155, time 2518.08ms, mfu 0.21%
iter 5390: loss 1.6484, time 2511.61ms, mfu 0.21%
iter 5400: loss 1.6666, time 2524.84ms, mfu 0.21%
  === DIAG iter 5400 ===
  text_loss: 0.0863, num_loss: 1.5802 (sign=0.0002 exp=0.3032 digit=0.6873 mantissa_mse=1.1790)
  grads: total 6.0884, lora 5.8089, adapter 1.4053, decoder 1.1619
  <NUM> tokens: 388/2048 (18.9%)
  lr: lora 1.58e-04, adapter 4.75e-05, decoder 4.75e-05
  token accuracy: 0.778 (1535/1973)
iter 5410: loss 1.5705, time 2516.08ms, mfu 0.21%
iter 5420: loss 1.6042, time 2482.35ms, mfu 0.21%
iter 5430: loss 1.4989, time 2470.21ms, mfu 0.21%
iter 5440: loss 1.5597, time 2483.89ms, mfu 0.21%
iter 5450: loss 1.6306, time 2510.65ms, mfu 0.21%
iter 5460: loss 1.5778, time 2476.88ms, mfu 0.21%
iter 5470: loss 1.4535, time 2483.57ms, mfu 0.21%
iter 5480: loss 1.4959, time 2498.08ms, mfu 0.21%
iter 5490: loss 1.6333, time 2483.47ms, mfu 0.21%
iter 5500: loss 1.4660, time 2499.33ms, mfu 0.21%
  === DIAG iter 5500 ===
  text_loss: 0.0824, num_loss: 1.3835 (sign=0.0001 exp=0.2503 digit=0.6507 mantissa_mse=0.9648)
  grads: total 6.1847, lora 5.8191, adapter 1.3447, decoder 1.6062
  <NUM> tokens: 380/2048 (18.6%)
  lr: lora 1.54e-04, adapter 4.62e-05, decoder 4.62e-05
  token accuracy: 0.785 (1551/1975)
  --- Sample eval (val) ---
  numeric loss: total=3.3961 (sign=0.0000 exp=0.3566 digit=0.7376 mant=4.6040)
iter 5510: loss 1.4441, time 2485.68ms, mfu 0.21%
iter 5520: loss 1.5916, time 2487.28ms, mfu 0.21%
iter 5530: loss 1.6201, time 2481.93ms, mfu 0.21%
iter 5540: loss 1.4841, time 3066.69ms, mfu 0.21%
iter 5550: loss 1.5751, time 2476.85ms, mfu 0.21%
iter 5560: loss 1.5782, time 2480.34ms, mfu 0.21%
iter 5570: loss 1.4462, time 2474.98ms, mfu 0.21%
iter 5580: loss 1.5085, time 2476.54ms, mfu 0.21%
iter 5590: loss 1.6376, time 2476.07ms, mfu 0.21%
iter 5600: loss 1.4458, time 2501.88ms, mfu 0.21%
  === DIAG iter 5600 ===
  text_loss: 0.0800, num_loss: 1.3658 (sign=0.0163 exp=0.2939 digit=0.6421 mantissa_mse=0.8268)
  grads: total 6.2516, lora 5.8886, adapter 1.3462, decoder 1.6105
  <NUM> tokens: 387/2048 (18.9%)
  lr: lora 1.49e-04, adapter 4.48e-05, decoder 4.48e-05
  token accuracy: 0.782 (1548/1980)
iter 5610: loss 1.4795, time 2467.34ms, mfu 0.21%
iter 5620: loss 1.6108, time 2477.93ms, mfu 0.21%
iter 5630: loss 1.4952, time 2480.74ms, mfu 0.21%
iter 5640: loss 1.5607, time 2480.17ms, mfu 0.21%
iter 5650: loss 1.4694, time 2488.69ms, mfu 0.21%
iter 5660: loss 1.4638, time 2489.67ms, mfu 0.21%
iter 5670: loss 1.4170, time 2479.46ms, mfu 0.21%
iter 5680: loss 1.5352, time 2486.44ms, mfu 0.21%
iter 5690: loss 1.5141, time 2478.07ms, mfu 0.21%
iter 5700: loss 1.6286, time 2480.79ms, mfu 0.21%
  === DIAG iter 5700 ===
  text_loss: 0.0636, num_loss: 1.5650 (sign=0.0001 exp=0.3086 digit=0.6340 mantissa_mse=1.2446)
  grads: total 6.1964, lora 5.9615, adapter 1.3496, decoder 1.0170
  <NUM> tokens: 397/2048 (19.4%)
  lr: lora 1.45e-04, adapter 4.35e-05, decoder 4.35e-05
  token accuracy: 0.781 (1544/1978)
iter 5710: loss 1.4438, time 2465.92ms, mfu 0.21%
iter 5720: loss 1.4840, time 2472.76ms, mfu 0.21%
iter 5730: loss 1.5809, time 2477.06ms, mfu 0.21%
iter 5740: loss 1.6188, time 2462.39ms, mfu 0.21%
iter 5750: loss 1.5671, time 2476.75ms, mfu 0.21%
iter 5760: loss 1.5118, time 2465.47ms, mfu 0.21%
iter 5770: loss 1.5704, time 2462.70ms, mfu 0.21%
iter 5780: loss 1.4999, time 2472.43ms, mfu 0.21%
iter 5790: loss 1.4944, time 2472.10ms, mfu 0.21%
iter 5800: loss 1.6126, time 2484.60ms, mfu 0.21%
  === DIAG iter 5800 ===
  text_loss: 0.0838, num_loss: 1.5288 (sign=0.0005 exp=0.2568 digit=0.6777 mantissa_mse=1.1878)
  grads: total 5.2102, lora 4.9990, adapter 1.2616, decoder 0.7515
  <NUM> tokens: 383/2048 (18.7%)
  lr: lora 1.41e-04, adapter 4.22e-05, decoder 4.22e-05
  token accuracy: 0.781 (1544/1978)
iter 5810: loss 1.6157, time 2471.23ms, mfu 0.21%
iter 5820: loss 1.4884, time 2477.98ms, mfu 0.21%
iter 5830: loss 1.6250, time 2474.87ms, mfu 0.21%
iter 5840: loss 1.5049, time 2491.00ms, mfu 0.21%
iter 5850: loss 1.5693, time 2489.70ms, mfu 0.21%
iter 5860: loss 1.4784, time 2483.92ms, mfu 0.21%
iter 5870: loss 1.5200, time 2496.67ms, mfu 0.21%
iter 5880: loss 1.5315, time 2485.71ms, mfu 0.21%
iter 5890: loss 1.5787, time 2489.06ms, mfu 0.21%
iter 5900: loss 1.5086, time 2500.38ms, mfu 0.21%
  === DIAG iter 5900 ===
  text_loss: 0.0695, num_loss: 1.4391 (sign=0.0043 exp=0.2878 digit=0.6454 mantissa_mse=1.0032)
  grads: total 5.5823, lora 5.3101, adapter 1.3201, decoder 1.1054
  <NUM> tokens: 401/2048 (19.6%)
  lr: lora 1.36e-04, adapter 4.09e-05, decoder 4.09e-05
  token accuracy: 0.774 (1531/1979)
iter 5910: loss 1.5004, time 2489.87ms, mfu 0.21%
iter 5920: loss 1.5415, time 2498.04ms, mfu 0.21%
iter 5930: loss 1.4979, time 2486.39ms, mfu 0.21%
iter 5940: loss 1.4337, time 2487.18ms, mfu 0.21%
iter 5950: loss 1.5383, time 2480.34ms, mfu 0.21%
iter 5960: loss 1.4236, time 2492.54ms, mfu 0.21%
iter 5970: loss 1.4936, time 2469.66ms, mfu 0.21%
iter 5980: loss 1.4501, time 2498.26ms, mfu 0.21%
iter 5990: loss 1.5303, time 2474.01ms, mfu 0.21%
step 6000: train text=0.0751 num=1.2560 total=1.3310 | val text=0.0784 num=3.1012 total=3.1796
  saved checkpoint to /tmpdir/m24047brmn/numbers/model_checkpoints/analytic_s2_adapted_lora/ckpt_iter6000.pt
iter 6000: loss 1.4031, time 51219.44ms, mfu 0.19%
  === DIAG iter 6000 ===
  text_loss: 0.0858, num_loss: 1.3172 (sign=0.0001 exp=0.2167 digit=0.6450 mantissa_mse=0.9109)
  grads: total 5.4422, lora 5.2328, adapter 1.2449, decoder 0.8282
  <NUM> tokens: 375/2048 (18.3%)
  lr: lora 1.32e-04, adapter 3.96e-05, decoder 3.96e-05
  token accuracy: 0.783 (1551/1980)
  --- Sample eval (val) ---
  numeric loss: total=2.7856 (sign=0.0000 exp=0.3486 digit=0.7117 mant=3.4504)
iter 6010: loss 1.3622, time 2471.05ms, mfu 0.19%
iter 6020: loss 1.4902, time 2477.57ms, mfu 0.19%
iter 6030: loss 1.4807, time 2482.82ms, mfu 0.20%
iter 6040: loss 1.6807, time 3098.60ms, mfu 0.19%
iter 6050: loss 1.6318, time 2471.61ms, mfu 0.20%
iter 6060: loss 1.4043, time 2492.73ms, mfu 0.20%
iter 6070: loss 1.5008, time 2483.00ms, mfu 0.20%
iter 6080: loss 1.5739, time 2488.68ms, mfu 0.20%
iter 6090: loss 1.4348, time 2494.02ms, mfu 0.20%
iter 6100: loss 1.5625, time 2487.90ms, mfu 0.20%
  === DIAG iter 6100 ===
  text_loss: 0.0731, num_loss: 1.4894 (sign=0.0001 exp=0.2615 digit=0.6592 mantissa_mse=1.1372)
  grads: total 5.9495, lora 5.6893, adapter 1.5305, decoder 0.8281
  <NUM> tokens: 382/2048 (18.7%)
  lr: lora 1.28e-04, adapter 3.83e-05, decoder 3.83e-05
  token accuracy: 0.787 (1556/1976)
iter 6110: loss 1.4557, time 2478.05ms, mfu 0.20%
iter 6120: loss 1.5185, time 2469.09ms, mfu 0.20%
iter 6130: loss 1.5828, time 2512.04ms, mfu 0.20%
iter 6140: loss 1.4332, time 2492.76ms, mfu 0.20%
iter 6150: loss 1.4105, time 2476.97ms, mfu 0.21%
iter 6160: loss 1.4355, time 2477.86ms, mfu 0.21%
iter 6170: loss 1.5297, time 2471.12ms, mfu 0.21%
iter 6180: loss 1.5265, time 2490.05ms, mfu 0.21%
iter 6190: loss 1.4398, time 2472.79ms, mfu 0.21%
iter 6200: loss 1.5381, time 2483.52ms, mfu 0.21%
  === DIAG iter 6200 ===
  text_loss: 0.0792, num_loss: 1.4589 (sign=0.0001 exp=0.2237 digit=0.6869 mantissa_mse=1.0965)
  grads: total 5.1755, lora 5.0036, adapter 1.2477, decoder 0.4388
  <NUM> tokens: 379/2048 (18.5%)
  lr: lora 1.23e-04, adapter 3.70e-05, decoder 3.70e-05
  token accuracy: 0.784 (1550/1977)
iter 6210: loss 1.4138, time 2496.17ms, mfu 0.21%
iter 6220: loss 1.4231, time 2480.42ms, mfu 0.21%
iter 6230: loss 1.5017, time 2487.19ms, mfu 0.21%
iter 6240: loss 1.4872, time 2476.53ms, mfu 0.21%
iter 6250: loss 1.5408, time 2462.36ms, mfu 0.21%
iter 6260: loss 1.3606, time 2484.27ms, mfu 0.21%
iter 6270: loss 1.4740, time 2469.25ms, mfu 0.21%
iter 6280: loss 1.3345, time 2486.34ms, mfu 0.21%
iter 6290: loss 1.3163, time 2477.46ms, mfu 0.21%
iter 6300: loss 1.4897, time 2522.30ms, mfu 0.21%
  === DIAG iter 6300 ===
  text_loss: 0.0759, num_loss: 1.4139 (sign=0.0003 exp=0.2946 digit=0.6494 mantissa_mse=0.9391)
  grads: total 5.9013, lora 5.6481, adapter 1.4990, decoder 0.8233
  <NUM> tokens: 382/2048 (18.7%)
  lr: lora 1.19e-04, adapter 3.57e-05, decoder 3.57e-05
  token accuracy: 0.784 (1550/1978)
iter 6310: loss 1.4099, time 2503.82ms, mfu 0.21%
iter 6320: loss 1.3924, time 2496.61ms, mfu 0.21%
iter 6330: loss 1.4151, time 2509.37ms, mfu 0.21%
iter 6340: loss 1.5057, time 2493.58ms, mfu 0.21%
iter 6350: loss 1.4212, time 2504.27ms, mfu 0.21%
iter 6360: loss 1.5635, time 2510.81ms, mfu 0.21%
iter 6370: loss 1.4682, time 2552.48ms, mfu 0.21%
iter 6380: loss 1.4454, time 2523.80ms, mfu 0.21%
iter 6390: loss 1.3885, time 2532.74ms, mfu 0.21%
iter 6400: loss 1.4989, time 2509.78ms, mfu 0.21%
  === DIAG iter 6400 ===
  text_loss: 0.0858, num_loss: 1.4132 (sign=0.0000 exp=0.2615 digit=0.6537 mantissa_mse=0.9958)
  grads: total 6.2383, lora 5.9156, adapter 1.4305, decoder 1.3695
  <NUM> tokens: 375/2048 (18.3%)
  lr: lora 1.15e-04, adapter 3.45e-05, decoder 3.45e-05
  token accuracy: 0.784 (1548/1975)
iter 6410: loss 1.3865, time 2503.50ms, mfu 0.21%
iter 6420: loss 1.5555, time 2549.14ms, mfu 0.21%
iter 6430: loss 1.5399, time 2569.00ms, mfu 0.21%
iter 6440: loss 1.5674, time 2519.34ms, mfu 0.21%
iter 6450: loss 1.5401, time 2509.88ms, mfu 0.21%
iter 6460: loss 1.4743, time 2489.13ms, mfu 0.21%
iter 6470: loss 1.5926, time 2504.07ms, mfu 0.21%
iter 6480: loss 1.4376, time 2498.05ms, mfu 0.21%
iter 6490: loss 1.5152, time 2502.72ms, mfu 0.21%
iter 6500: loss 1.4016, time 2524.73ms, mfu 0.21%
  === DIAG iter 6500 ===
  text_loss: 0.0724, num_loss: 1.3292 (sign=0.0002 exp=0.2425 digit=0.6355 mantissa_mse=0.9023)
  grads: total 5.6982, lora 5.4092, adapter 1.3948, decoder 1.1245
  <NUM> tokens: 398/2048 (19.4%)
  lr: lora 1.11e-04, adapter 3.32e-05, decoder 3.32e-05
  token accuracy: 0.779 (1539/1976)
  --- Sample eval (val) ---
  numeric loss: total=3.2808 (sign=0.0005 exp=0.2990 digit=0.7284 mant=4.5059)
iter 6510: loss 1.5797, time 2506.09ms, mfu 0.21%
iter 6520: loss 1.4158, time 2493.51ms, mfu 0.21%
iter 6530: loss 1.5103, time 2507.32ms, mfu 0.21%
iter 6540: loss 1.5113, time 2490.69ms, mfu 0.21%
iter 6550: loss 1.4596, time 2509.27ms, mfu 0.21%
iter 6560: loss 1.2408, time 2528.43ms, mfu 0.21%
iter 6570: loss 1.3249, time 2504.38ms, mfu 0.21%
iter 6580: loss 1.4174, time 2505.82ms, mfu 0.21%
iter 6590: loss 1.4209, time 2515.48ms, mfu 0.21%
iter 6600: loss 1.4943, time 2553.66ms, mfu 0.21%
  === DIAG iter 6600 ===
  text_loss: 0.0796, num_loss: 1.4147 (sign=0.0014 exp=0.2391 digit=0.6183 mantissa_mse=1.1117)
  grads: total 5.2812, lora 5.0579, adapter 1.2353, decoder 0.8846
  <NUM> tokens: 379/2048 (18.5%)
  lr: lora 1.07e-04, adapter 3.20e-05, decoder 3.20e-05
  token accuracy: 0.787 (1556/1977)
iter 6610: loss 1.5196, time 2521.93ms, mfu 0.21%
iter 6620: loss 1.3740, time 2517.05ms, mfu 0.21%
iter 6630: loss 1.4525, time 2508.44ms, mfu 0.21%
iter 6640: loss 1.4651, time 2504.71ms, mfu 0.21%
iter 6650: loss 1.5133, time 2504.65ms, mfu 0.21%
iter 6660: loss 1.4559, time 2495.04ms, mfu 0.21%
iter 6670: loss 1.3721, time 2490.29ms, mfu 0.21%
iter 6680: loss 1.4267, time 2489.04ms, mfu 0.21%
iter 6690: loss 1.4093, time 2506.17ms, mfu 0.21%
iter 6700: loss 1.5521, time 2492.59ms, mfu 0.21%
  === DIAG iter 6700 ===
  text_loss: 0.0751, num_loss: 1.4771 (sign=0.0001 exp=0.2512 digit=0.6514 mantissa_mse=1.1487)
  grads: total 5.5107, lora 5.2650, adapter 1.2446, decoder 1.0481
  <NUM> tokens: 385/2048 (18.8%)
  lr: lora 1.03e-04, adapter 3.08e-05, decoder 3.08e-05
  token accuracy: 0.786 (1555/1978)
iter 6710: loss 1.4562, time 2486.09ms, mfu 0.21%
iter 6720: loss 1.4548, time 2482.43ms, mfu 0.21%
iter 6730: loss 1.4011, time 2486.16ms, mfu 0.21%
iter 6740: loss 1.4387, time 2535.57ms, mfu 0.21%
iter 6750: loss 1.4025, time 2513.40ms, mfu 0.21%
iter 6760: loss 1.3531, time 2514.91ms, mfu 0.21%
iter 6770: loss 1.5640, time 2509.48ms, mfu 0.21%
iter 6780: loss 1.4404, time 2503.07ms, mfu 0.21%
iter 6790: loss 1.4204, time 2515.47ms, mfu 0.21%
iter 6800: loss 1.4959, time 2495.73ms, mfu 0.21%
  === DIAG iter 6800 ===
  text_loss: 0.0839, num_loss: 1.4120 (sign=0.0002 exp=0.2736 digit=0.6472 mantissa_mse=0.9820)
  grads: total 5.6829, lora 5.4128, adapter 1.4087, decoder 1.0062
  <NUM> tokens: 384/2048 (18.8%)
  lr: lora 9.88e-05, adapter 2.96e-05, decoder 2.96e-05
  token accuracy: 0.781 (1544/1976)
iter 6810: loss 1.4443, time 2505.67ms, mfu 0.21%
iter 6820: loss 1.5304, time 2505.51ms, mfu 0.21%
iter 6830: loss 1.3898, time 2503.11ms, mfu 0.21%
iter 6840: loss 1.6099, time 2512.44ms, mfu 0.21%
iter 6850: loss 1.4214, time 2519.84ms, mfu 0.21%
iter 6860: loss 1.4547, time 2515.13ms, mfu 0.21%
iter 6870: loss 1.3824, time 2538.83ms, mfu 0.21%
iter 6880: loss 1.5055, time 2508.43ms, mfu 0.21%
iter 6890: loss 1.5267, time 2521.56ms, mfu 0.21%
iter 6900: loss 1.4902, time 2542.32ms, mfu 0.21%
  === DIAG iter 6900 ===
  text_loss: 0.0858, num_loss: 1.4044 (sign=0.0001 exp=0.2404 digit=0.6362 mantissa_mse=1.0555)
  grads: total 5.8355, lora 5.5724, adapter 1.2910, decoder 1.1551
  <NUM> tokens: 397/2048 (19.4%)
  lr: lora 9.49e-05, adapter 2.85e-05, decoder 2.85e-05
  token accuracy: 0.778 (1538/1977)
iter 6910: loss 1.4112, time 2540.53ms, mfu 0.21%
iter 6920: loss 1.4200, time 2503.75ms, mfu 0.21%
iter 6930: loss 1.2527, time 2508.77ms, mfu 0.21%
iter 6940: loss 1.2561, time 2505.32ms, mfu 0.21%
iter 6950: loss 1.4078, time 2498.72ms, mfu 0.21%
iter 6960: loss 1.5719, time 2494.85ms, mfu 0.21%
iter 6970: loss 1.4737, time 2505.21ms, mfu 0.21%
iter 6980: loss 1.6278, time 2489.14ms, mfu 0.21%
iter 6990: loss 1.3314, time 2487.28ms, mfu 0.21%
step 7000: train text=0.0755 num=1.2109 total=1.2864 | val text=0.0774 num=3.0865 total=3.1640
  saved checkpoint to /tmpdir/m24047brmn/numbers/model_checkpoints/analytic_s2_adapted_lora/ckpt_iter7000.pt
iter 7000: loss 1.2686, time 51235.33ms, mfu 0.19%
  === DIAG iter 7000 ===
  text_loss: 0.0780, num_loss: 1.1906 (sign=0.0001 exp=0.1957 digit=0.6247 mantissa_mse=0.7402)
  grads: total 5.3759, lora 5.1208, adapter 1.3793, decoder 0.8807
  <NUM> tokens: 382/2048 (18.7%)
  lr: lora 9.12e-05, adapter 2.73e-05, decoder 2.73e-05
  token accuracy: 0.786 (1556/1979)
  --- Sample eval (val) ---
  numeric loss: total=3.3129 (sign=0.0005 exp=0.3864 digit=0.7179 mant=4.4164)
iter 7010: loss 1.5335, time 2479.56ms, mfu 0.19%
iter 7020: loss 1.4438, time 2481.81ms, mfu 0.19%
iter 7030: loss 1.5210, time 2525.97ms, mfu 0.19%
iter 7040: loss 1.2843, time 2521.39ms, mfu 0.20%
iter 7050: loss 1.3200, time 2503.56ms, mfu 0.20%
iter 7060: loss 1.4853, time 2501.47ms, mfu 0.20%
iter 7070: loss 1.3610, time 2506.04ms, mfu 0.20%
iter 7080: loss 1.4216, time 2491.53ms, mfu 0.20%
iter 7090: loss 1.4562, time 2487.59ms, mfu 0.20%
iter 7100: loss 1.4856, time 2497.27ms, mfu 0.20%
  === DIAG iter 7100 ===
  text_loss: 0.0857, num_loss: 1.3999 (sign=0.0001 exp=0.2624 digit=0.6432 mantissa_mse=0.9885)
  grads: total 5.4470, lora 5.1791, adapter 1.4736, decoder 0.8218
  <NUM> tokens: 381/2048 (18.6%)
  lr: lora 8.75e-05, adapter 2.62e-05, decoder 2.62e-05
  token accuracy: 0.782 (1548/1979)
iter 7110: loss 1.4055, time 2502.41ms, mfu 0.20%
iter 7120: loss 1.3006, time 2503.60ms, mfu 0.20%
iter 7130: loss 1.4536, time 2501.07ms, mfu 0.20%
iter 7140: loss 1.5409, time 2479.63ms, mfu 0.21%
iter 7150: loss 1.5845, time 2503.88ms, mfu 0.21%
iter 7160: loss 1.4332, time 2488.22ms, mfu 0.21%
iter 7170: loss 1.4951, time 2496.40ms, mfu 0.21%
iter 7180: loss 1.5107, time 2476.62ms, mfu 0.21%
iter 7190: loss 1.4679, time 2491.97ms, mfu 0.21%
iter 7200: loss 1.3526, time 2490.90ms, mfu 0.21%
  === DIAG iter 7200 ===
  text_loss: 0.0782, num_loss: 1.2743 (sign=0.0001 exp=0.2589 digit=0.6135 mantissa_mse=0.8035)
  grads: total 6.0146, lora 5.7404, adapter 1.5492, decoder 0.9075
  <NUM> tokens: 385/2048 (18.8%)
  lr: lora 8.39e-05, adapter 2.52e-05, decoder 2.52e-05
  token accuracy: 0.785 (1551/1977)
iter 7210: loss 1.3248, time 2479.05ms, mfu 0.21%
iter 7220: loss 1.4949, time 2485.32ms, mfu 0.21%
iter 7230: loss 1.4672, time 2479.02ms, mfu 0.21%
iter 7240: loss 1.4678, time 2481.41ms, mfu 0.21%
iter 7250: loss 1.4034, time 2486.17ms, mfu 0.21%
iter 7260: loss 1.4904, time 2477.73ms, mfu 0.21%
iter 7270: loss 1.3795, time 2477.33ms, mfu 0.21%
iter 7280: loss 1.4134, time 2482.60ms, mfu 0.21%
iter 7290: loss 1.4383, time 2476.50ms, mfu 0.21%
iter 7300: loss 1.3880, time 2530.63ms, mfu 0.21%
  === DIAG iter 7300 ===
  text_loss: 0.0740, num_loss: 1.3140 (sign=0.0000 exp=0.2216 digit=0.6585 mantissa_mse=0.8678)
  grads: total 5.3475, lora 5.1343, adapter 1.2789, decoder 0.7742
  <NUM> tokens: 386/2048 (18.8%)
  lr: lora 8.03e-05, adapter 2.41e-05, decoder 2.41e-05
  token accuracy: 0.782 (1544/1975)
iter 7310: loss 1.3967, time 2527.15ms, mfu 0.21%
iter 7320: loss 1.5032, time 2548.07ms, mfu 0.21%
iter 7330: loss 1.4604, time 2516.69ms, mfu 0.21%
iter 7340: loss 1.4433, time 2546.10ms, mfu 0.21%
iter 7350: loss 1.3255, time 2528.96ms, mfu 0.21%
iter 7360: loss 1.2964, time 2499.33ms, mfu 0.21%
iter 7370: loss 1.3837, time 2509.47ms, mfu 0.21%
iter 7380: loss 1.4448, time 2516.87ms, mfu 0.21%
iter 7390: loss 1.3979, time 2510.67ms, mfu 0.21%
iter 7400: loss 1.4439, time 2503.69ms, mfu 0.21%
  === DIAG iter 7400 ===
  text_loss: 0.0710, num_loss: 1.3729 (sign=0.0000 exp=0.2810 digit=0.6594 mantissa_mse=0.8649)
  grads: total 5.3718, lora 5.1655, adapter 1.3132, decoder 0.6703
  <NUM> tokens: 392/2048 (19.1%)
  lr: lora 7.69e-05, adapter 2.31e-05, decoder 2.31e-05
  token accuracy: 0.782 (1544/1975)
iter 7410: loss 1.4224, time 2510.61ms, mfu 0.21%
iter 7420: loss 1.5251, time 2509.67ms, mfu 0.21%
iter 7430: loss 1.3843, time 2482.40ms, mfu 0.21%
iter 7440: loss 1.4491, time 2490.66ms, mfu 0.21%
iter 7450: loss 1.4160, time 2488.00ms, mfu 0.21%
iter 7460: loss 1.3827, time 2489.42ms, mfu 0.21%
iter 7470: loss 1.3745, time 2494.00ms, mfu 0.21%
iter 7480: loss 1.3683, time 2492.26ms, mfu 0.21%
iter 7490: loss 1.3126, time 2490.44ms, mfu 0.21%
iter 7500: loss 1.4611, time 2496.14ms, mfu 0.21%
  === DIAG iter 7500 ===
  text_loss: 0.0727, num_loss: 1.3884 (sign=0.0001 exp=0.2938 digit=0.6273 mantissa_mse=0.9342)
  grads: total 5.8715, lora 5.6729, adapter 1.3768, decoder 0.6300
  <NUM> tokens: 391/2048 (19.1%)
  lr: lora 7.36e-05, adapter 2.21e-05, decoder 2.21e-05
  token accuracy: 0.779 (1541/1978)
  --- Sample eval (val) ---
  numeric loss: total=3.0316 (sign=0.0001 exp=0.3743 digit=0.7154 mant=3.8839)
iter 7510: loss 1.4611, time 2483.77ms, mfu 0.21%
iter 7520: loss 1.4112, time 2476.40ms, mfu 0.21%
iter 7530: loss 1.3071, time 2478.90ms, mfu 0.21%
iter 7540: loss 1.4117, time 2489.07ms, mfu 0.21%
iter 7550: loss 1.4619, time 2494.47ms, mfu 0.21%
iter 7560: loss 1.4502, time 2485.57ms, mfu 0.21%
iter 7570: loss 1.3700, time 2487.82ms, mfu 0.21%
iter 7580: loss 1.3639, time 2488.56ms, mfu 0.21%
iter 7590: loss 1.4131, time 2478.48ms, mfu 0.21%
iter 7600: loss 1.3105, time 2518.72ms, mfu 0.21%
  === DIAG iter 7600 ===
  text_loss: 0.0783, num_loss: 1.2322 (sign=0.0001 exp=0.2294 digit=0.6228 mantissa_mse=0.7599)
  grads: total 6.8659, lora 6.4126, adapter 1.3350, decoder 2.0583
  <NUM> tokens: 388/2048 (18.9%)
  lr: lora 7.03e-05, adapter 2.11e-05, decoder 2.11e-05
  token accuracy: 0.783 (1548/1977)
iter 7610: loss 1.4959, time 2531.91ms, mfu 0.21%
iter 7620: loss 1.4581, time 2499.23ms, mfu 0.21%
iter 7630: loss 1.3448, time 2507.73ms, mfu 0.21%
iter 7640: loss 1.4534, time 2513.34ms, mfu 0.21%
iter 7650: loss 1.3637, time 2502.02ms, mfu 0.21%
iter 7660: loss 1.4332, time 2508.10ms, mfu 0.21%
iter 7670: loss 1.4498, time 2498.54ms, mfu 0.21%
iter 7680: loss 1.4886, time 2487.82ms, mfu 0.21%
iter 7690: loss 1.4149, time 2489.28ms, mfu 0.21%
iter 7700: loss 1.4755, time 2496.01ms, mfu 0.21%
  === DIAG iter 7700 ===
  text_loss: 0.0809, num_loss: 1.3946 (sign=0.0001 exp=0.2428 digit=0.6606 mantissa_mse=0.9820)
  grads: total 5.4010, lora 5.1617, adapter 1.3308, decoder 0.8700
  <NUM> tokens: 381/2048 (18.6%)
  lr: lora 6.72e-05, adapter 2.02e-05, decoder 2.02e-05
  token accuracy: 0.785 (1548/1973)
iter 7710: loss 1.3699, time 2477.12ms, mfu 0.21%
iter 7720: loss 1.2718, time 2483.55ms, mfu 0.21%
iter 7730: loss 1.3028, time 2485.10ms, mfu 0.21%
iter 7740: loss 1.4067, time 2497.61ms, mfu 0.21%
iter 7750: loss 1.4351, time 2493.24ms, mfu 0.21%
iter 7760: loss 1.4726, time 2491.08ms, mfu 0.21%
iter 7770: loss 1.4230, time 2497.72ms, mfu 0.21%
iter 7780: loss 1.3511, time 2476.30ms, mfu 0.21%
iter 7790: loss 1.3735, time 2489.87ms, mfu 0.21%
iter 7800: loss 1.2766, time 2485.05ms, mfu 0.21%
  === DIAG iter 7800 ===
  text_loss: 0.0711, num_loss: 1.2055 (sign=0.0008 exp=0.1858 digit=0.6124 mantissa_mse=0.8131)
  grads: total 4.9168, lora 4.7150, adapter 1.2241, decoder 0.6673
  <NUM> tokens: 397/2048 (19.4%)
  lr: lora 6.42e-05, adapter 1.93e-05, decoder 1.93e-05
  token accuracy: 0.781 (1547/1980)
iter 7810: loss 1.5469, time 2498.47ms, mfu 0.21%
iter 7820: loss 1.5664, time 2494.12ms, mfu 0.21%
iter 7830: loss 1.3136, time 2505.22ms, mfu 0.21%
iter 7840: loss 1.4077, time 2492.71ms, mfu 0.21%
iter 7850: loss 1.4696, time 2492.73ms, mfu 0.21%
iter 7860: loss 1.3832, time 2488.18ms, mfu 0.21%
iter 7870: loss 1.4688, time 2492.68ms, mfu 0.21%
iter 7880: loss 1.4853, time 2497.50ms, mfu 0.21%
iter 7890: loss 1.6506, time 2491.37ms, mfu 0.21%
iter 7900: loss 1.4577, time 2491.93ms, mfu 0.21%
  === DIAG iter 7900 ===
  text_loss: 0.0725, num_loss: 1.3852 (sign=0.0005 exp=0.2622 digit=0.6674 mantissa_mse=0.9103)
  grads: total 5.0017, lora 4.7720, adapter 1.2420, decoder 0.8383
  <NUM> tokens: 389/2048 (19.0%)
  lr: lora 6.13e-05, adapter 1.84e-05, decoder 1.84e-05
  token accuracy: 0.783 (1546/1975)
iter 7910: loss 1.2837, time 2491.78ms, mfu 0.21%
iter 7920: loss 1.4073, time 2491.58ms, mfu 0.21%
iter 7930: loss 1.4888, time 2505.46ms, mfu 0.21%
iter 7940: loss 1.4252, time 2486.52ms, mfu 0.21%
iter 7950: loss 1.3448, time 2493.39ms, mfu 0.21%
iter 7960: loss 1.2667, time 2497.25ms, mfu 0.21%
iter 7970: loss 1.2549, time 2497.41ms, mfu 0.21%
iter 7980: loss 1.3644, time 2498.13ms, mfu 0.21%
iter 7990: loss 1.3873, time 2497.52ms, mfu 0.21%
step 8000: train text=0.0744 num=1.1580 total=1.2324 | val text=0.0767 num=3.1084 total=3.1851
  saved checkpoint to /tmpdir/m24047brmn/numbers/model_checkpoints/analytic_s2_adapted_lora/ckpt_iter8000.pt
iter 8000: loss 1.4389, time 51332.75ms, mfu 0.19%
  === DIAG iter 8000 ===
  text_loss: 0.0683, num_loss: 1.3707 (sign=0.0002 exp=0.2867 digit=0.6759 mantissa_mse=0.8158)
  grads: total 4.8521, lora 4.6828, adapter 1.1313, decoder 0.5784
  <NUM> tokens: 387/2048 (18.9%)
  lr: lora 5.85e-05, adapter 1.75e-05, decoder 1.75e-05
  token accuracy: 0.785 (1549/1973)
  --- Sample eval (val) ---
  numeric loss: total=2.9413 (sign=0.0001 exp=0.3682 digit=0.7325 mant=3.6810)
iter 8010: loss 1.4096, time 2487.19ms, mfu 0.19%
iter 8020: loss 1.3909, time 2479.03ms, mfu 0.19%
iter 8030: loss 1.3713, time 2488.64ms, mfu 0.20%
iter 8040: loss 1.3069, time 2482.13ms, mfu 0.20%
iter 8050: loss 1.4171, time 2486.62ms, mfu 0.20%
iter 8060: loss 1.3275, time 2484.34ms, mfu 0.20%
iter 8070: loss 1.3843, time 2481.74ms, mfu 0.20%
iter 8080: loss 1.3681, time 2493.07ms, mfu 0.20%
iter 8090: loss 1.4566, time 2491.60ms, mfu 0.20%
iter 8100: loss 1.4073, time 2498.78ms, mfu 0.20%
  === DIAG iter 8100 ===
  text_loss: 0.0788, num_loss: 1.3285 (sign=0.0001 exp=0.2728 digit=0.6714 mantissa_mse=0.7685)
  grads: total 5.7378, lora 5.5282, adapter 1.4256, decoder 0.5728
  <NUM> tokens: 389/2048 (19.0%)
  lr: lora 5.58e-05, adapter 1.67e-05, decoder 1.67e-05
  token accuracy: 0.782 (1543/1974)
iter 8110: loss 1.3372, time 2497.71ms, mfu 0.20%
iter 8120: loss 1.4413, time 2489.06ms, mfu 0.20%
iter 8130: loss 1.3221, time 2483.77ms, mfu 0.21%
iter 8140: loss 1.4693, time 2484.42ms, mfu 0.21%
iter 8150: loss 1.3782, time 2476.49ms, mfu 0.21%
iter 8160: loss 1.3185, time 2473.56ms, mfu 0.21%
iter 8170: loss 1.2367, time 2479.86ms, mfu 0.21%
iter 8180: loss 1.3878, time 2474.85ms, mfu 0.21%
iter 8190: loss 1.4010, time 2469.23ms, mfu 0.21%
iter 8200: loss 1.4056, time 2479.72ms, mfu 0.21%
  === DIAG iter 8200 ===
  text_loss: 0.0966, num_loss: 1.3090 (sign=0.0001 exp=0.2493 digit=0.6523 mantissa_mse=0.8145)
  grads: total 5.2086, lora 4.9731, adapter 1.3645, decoder 0.7325
  <NUM> tokens: 384/2048 (18.8%)
  lr: lora 5.32e-05, adapter 1.60e-05, decoder 1.60e-05
  token accuracy: 0.781 (1542/1974)
iter 8210: loss 1.2530, time 2453.19ms, mfu 0.21%
iter 8220: loss 1.3803, time 2474.03ms, mfu 0.21%
iter 8230: loss 1.4408, time 2465.03ms, mfu 0.21%
iter 8240: loss 1.4845, time 2473.36ms, mfu 0.21%
iter 8250: loss 1.3509, time 2472.18ms, mfu 0.21%
iter 8260: loss 1.4502, time 2471.21ms, mfu 0.21%
iter 8270: loss 1.4025, time 2488.68ms, mfu 0.21%
iter 8280: loss 1.3423, time 2472.03ms, mfu 0.21%
iter 8290: loss 1.3925, time 2490.50ms, mfu 0.21%
iter 8300: loss 1.3888, time 2487.91ms, mfu 0.21%
  === DIAG iter 8300 ===
  text_loss: 0.0864, num_loss: 1.3024 (sign=0.0001 exp=0.2392 digit=0.6688 mantissa_mse=0.7886)
  grads: total 5.1049, lora 4.9282, adapter 1.0844, decoder 0.7725
  <NUM> tokens: 389/2048 (19.0%)
  lr: lora 5.08e-05, adapter 1.52e-05, decoder 1.52e-05
  token accuracy: 0.780 (1541/1976)
iter 8310: loss 1.2672, time 2472.55ms, mfu 0.21%
iter 8320: loss 1.2691, time 2483.90ms, mfu 0.21%
iter 8330: loss 1.4296, time 2462.31ms, mfu 0.21%
iter 8340: loss 1.4082, time 2481.59ms, mfu 0.21%
iter 8350: loss 1.2893, time 2482.03ms, mfu 0.21%
iter 8360: loss 1.4467, time 2472.14ms, mfu 0.21%
iter 8370: loss 1.4523, time 2484.63ms, mfu 0.21%
iter 8380: loss 1.5064, time 2471.05ms, mfu 0.21%
iter 8390: loss 1.4854, time 2470.23ms, mfu 0.21%
iter 8400: loss 1.3339, time 2476.18ms, mfu 0.21%
  === DIAG iter 8400 ===
  text_loss: 0.0850, num_loss: 1.2489 (sign=0.0114 exp=0.2900 digit=0.6373 mantissa_mse=0.6203)
  grads: total 5.3957, lora 5.2313, adapter 1.2091, decoder 0.5333
  <NUM> tokens: 385/2048 (18.8%)
  lr: lora 4.85e-05, adapter 1.45e-05, decoder 1.45e-05
  token accuracy: 0.778 (1537/1975)
iter 8410: loss 1.2628, time 2476.44ms, mfu 0.21%
iter 8420: loss 1.3493, time 2479.62ms, mfu 0.21%
iter 8430: loss 1.4636, time 2475.47ms, mfu 0.21%
iter 8440: loss 1.3357, time 2479.99ms, mfu 0.21%
iter 8450: loss 1.3945, time 2479.40ms, mfu 0.21%
iter 8460: loss 1.3863, time 2479.55ms, mfu 0.21%
iter 8470: loss 1.4641, time 2470.36ms, mfu 0.21%
iter 8480: loss 1.4702, time 2462.58ms, mfu 0.21%
iter 8490: loss 1.2392, time 2475.58ms, mfu 0.21%
iter 8500: loss 1.2273, time 2469.29ms, mfu 0.21%
  === DIAG iter 8500 ===
  text_loss: 0.0768, num_loss: 1.1506 (sign=0.0038 exp=0.2346 digit=0.6109 mantissa_mse=0.6024)
  grads: total 5.1404, lora 4.9685, adapter 1.1549, decoder 0.6355
  <NUM> tokens: 385/2048 (18.8%)
  lr: lora 4.63e-05, adapter 1.39e-05, decoder 1.39e-05
  token accuracy: 0.783 (1546/1974)
  --- Sample eval (val) ---
  numeric loss: total=2.8235 (sign=0.0001 exp=0.2475 digit=0.7105 mant=3.7309)
iter 8510: loss 1.3886, time 2517.51ms, mfu 0.21%
iter 8520: loss 1.2819, time 2509.04ms, mfu 0.21%
iter 8530: loss 1.4705, time 2473.85ms, mfu 0.21%
iter 8540: loss 1.3429, time 2472.29ms, mfu 0.21%
iter 8550: loss 1.3755, time 2477.60ms, mfu 0.21%
iter 8560: loss 1.4211, time 2466.79ms, mfu 0.21%
iter 8570: loss 1.3790, time 2456.78ms, mfu 0.21%
iter 8580: loss 1.3393, time 2456.18ms, mfu 0.21%
iter 8590: loss 1.4276, time 2470.03ms, mfu 0.21%
iter 8600: loss 1.4375, time 2461.96ms, mfu 0.21%
  === DIAG iter 8600 ===
  text_loss: 0.0812, num_loss: 1.3563 (sign=0.0002 exp=0.2793 digit=0.6435 mantissa_mse=0.8667)
  grads: total 5.3604, lora 5.1601, adapter 1.2905, decoder 0.6652
  <NUM> tokens: 387/2048 (18.9%)
  lr: lora 4.42e-05, adapter 1.33e-05, decoder 1.33e-05
  token accuracy: 0.781 (1543/1975)
iter 8610: loss 1.3016, time 2455.52ms, mfu 0.21%
iter 8620: loss 1.3046, time 2462.53ms, mfu 0.21%
iter 8630: loss 1.3991, time 2463.02ms, mfu 0.21%
iter 8640: loss 1.3535, time 2461.30ms, mfu 0.21%
iter 8650: loss 1.3811, time 2459.57ms, mfu 0.21%
iter 8660: loss 1.3482, time 2460.29ms, mfu 0.21%
iter 8670: loss 1.3827, time 2456.34ms, mfu 0.21%
iter 8680: loss 1.3653, time 2461.99ms, mfu 0.21%
iter 8690: loss 1.5143, time 2452.61ms, mfu 0.21%
iter 8700: loss 1.5227, time 2513.29ms, mfu 0.21%
  === DIAG iter 8700 ===
  text_loss: 0.0905, num_loss: 1.4322 (sign=0.0001 exp=0.2276 digit=0.6634 mantissa_mse=1.0822)
  grads: total 5.1207, lora 4.9664, adapter 1.1710, decoder 0.4308
  <NUM> tokens: 388/2048 (18.9%)
  lr: lora 4.23e-05, adapter 1.27e-05, decoder 1.27e-05
  token accuracy: 0.778 (1537/1975)
iter 8710: loss 1.2254, time 2501.09ms, mfu 0.21%
iter 8720: loss 1.3100, time 2500.17ms, mfu 0.21%
iter 8730: loss 1.4227, time 2522.96ms, mfu 0.21%
iter 8740: loss 1.4437, time 2506.12ms, mfu 0.21%
iter 8750: loss 1.2446, time 2494.14ms, mfu 0.21%
iter 8760: loss 1.3902, time 2495.68ms, mfu 0.21%
iter 8770: loss 1.3823, time 2492.05ms, mfu 0.21%
iter 8780: loss 1.2619, time 2480.24ms, mfu 0.21%
iter 8790: loss 1.4002, time 2491.61ms, mfu 0.21%
iter 8800: loss 1.2535, time 2486.22ms, mfu 0.21%
  === DIAG iter 8800 ===
  text_loss: 0.0736, num_loss: 1.1799 (sign=0.0007 exp=0.2158 digit=0.6111 mantissa_mse=0.7046)
  grads: total 5.1650, lora 4.9699, adapter 1.2875, decoder 0.5659
  <NUM> tokens: 383/2048 (18.7%)
  lr: lora 4.05e-05, adapter 1.21e-05, decoder 1.21e-05
  token accuracy: 0.786 (1557/1981)
iter 8810: loss 1.3895, time 2492.39ms, mfu 0.21%
iter 8820: loss 1.3993, time 2522.73ms, mfu 0.21%
iter 8830: loss 1.4152, time 2481.56ms, mfu 0.21%
iter 8840: loss 1.3930, time 2468.82ms, mfu 0.21%
iter 8850: loss 1.3455, time 2481.31ms, mfu 0.21%
iter 8860: loss 1.2233, time 2483.83ms, mfu 0.21%
iter 8870: loss 1.3121, time 2465.99ms, mfu 0.21%
iter 8880: loss 1.4075, time 2476.28ms, mfu 0.21%
iter 8890: loss 1.3232, time 2460.82ms, mfu 0.21%
iter 8900: loss 1.2282, time 2464.27ms, mfu 0.21%
  === DIAG iter 8900 ===
  text_loss: 0.0738, num_loss: 1.1544 (sign=0.0000 exp=0.1915 digit=0.6662 mantissa_mse=0.5936)
  grads: total 4.9335, lora 4.7724, adapter 1.1101, decoder 0.5759
  <NUM> tokens: 385/2048 (18.8%)
  lr: lora 3.88e-05, adapter 1.17e-05, decoder 1.17e-05
  token accuracy: 0.782 (1543/1972)
iter 8910: loss 1.3571, time 2462.97ms, mfu 0.21%
iter 8920: loss 1.3128, time 2496.53ms, mfu 0.21%
iter 8930: loss 1.4492, time 2482.27ms, mfu 0.21%
iter 8940: loss 1.2801, time 2464.26ms, mfu 0.21%
iter 8950: loss 1.3543, time 2473.84ms, mfu 0.21%
iter 8960: loss 1.3682, time 2466.52ms, mfu 0.21%
iter 8970: loss 1.3145, time 2466.74ms, mfu 0.21%
iter 8980: loss 1.4094, time 2488.25ms, mfu 0.21%
iter 8990: loss 1.2614, time 2488.21ms, mfu 0.21%
step 9000: train text=0.0750 num=1.1282 total=1.2031 | val text=0.0777 num=3.0951 total=3.1728
  saved checkpoint to /tmpdir/m24047brmn/numbers/model_checkpoints/analytic_s2_adapted_lora/ckpt_iter9000.pt
iter 9000: loss 1.2834, time 52238.40ms, mfu 0.19%
  === DIAG iter 9000 ===
  text_loss: 0.0695, num_loss: 1.2139 (sign=0.0000 exp=0.2192 digit=0.6434 mantissa_mse=0.7024)
  grads: total 5.1606, lora 4.9918, adapter 1.1818, decoder 0.5633
  <NUM> tokens: 396/2048 (19.3%)
  lr: lora 3.73e-05, adapter 1.12e-05, decoder 1.12e-05
  token accuracy: 0.780 (1541/1975)
  --- Sample eval (val) ---
  numeric loss: total=3.1983 (sign=0.0001 exp=0.3825 digit=0.7343 mant=4.1629)
iter 9010: loss 1.3883, time 2514.39ms, mfu 0.19%
iter 9020: loss 1.2560, time 2513.06ms, mfu 0.19%
iter 9030: loss 1.3481, time 2507.54ms, mfu 0.20%
iter 9040: loss 1.3689, time 3089.20ms, mfu 0.19%
iter 9050: loss 1.3475, time 2508.36ms, mfu 0.19%
iter 9060: loss 1.4289, time 2502.22ms, mfu 0.20%
iter 9070: loss 1.3916, time 2499.87ms, mfu 0.20%
iter 9080: loss 1.4198, time 2490.73ms, mfu 0.20%
iter 9090: loss 1.3134, time 2493.89ms, mfu 0.20%
iter 9100: loss 1.2383, time 2507.46ms, mfu 0.20%
  === DIAG iter 9100 ===
  text_loss: 0.0810, num_loss: 1.1573 (sign=0.0003 exp=0.1987 digit=0.6489 mantissa_mse=0.6188)
  grads: total 4.9721, lora 4.8003, adapter 1.1238, decoder 0.6452
  <NUM> tokens: 383/2048 (18.7%)
  lr: lora 3.59e-05, adapter 1.08e-05, decoder 1.08e-05
  token accuracy: 0.780 (1539/1973)
iter 9110: loss 1.2701, time 2480.01ms, mfu 0.20%
iter 9120: loss 1.3294, time 2499.01ms, mfu 0.20%
iter 9130: loss 1.4915, time 2498.20ms, mfu 0.20%
iter 9140: loss 1.3335, time 2501.26ms, mfu 0.20%
iter 9150: loss 1.3039, time 2505.57ms, mfu 0.20%
iter 9160: loss 1.2875, time 2505.88ms, mfu 0.21%
iter 9170: loss 1.2578, time 2485.25ms, mfu 0.21%
iter 9180: loss 1.4263, time 2521.04ms, mfu 0.21%
iter 9190: loss 1.3289, time 2485.05ms, mfu 0.21%
iter 9200: loss 1.2511, time 2472.39ms, mfu 0.21%
  === DIAG iter 9200 ===
  text_loss: 0.0697, num_loss: 1.1814 (sign=0.0007 exp=0.2283 digit=0.6276 mantissa_mse=0.6497)
  grads: total 5.7928, lora 5.5413, adapter 1.6012, decoder 0.5351
  <NUM> tokens: 397/2048 (19.4%)
  lr: lora 3.47e-05, adapter 1.04e-05, decoder 1.04e-05
  token accuracy: 0.780 (1544/1980)
iter 9210: loss 1.2773, time 2468.49ms, mfu 0.21%
iter 9220: loss 1.3287, time 2466.69ms, mfu 0.21%
iter 9230: loss 1.3413, time 2459.66ms, mfu 0.21%
iter 9240: loss 1.3516, time 2471.44ms, mfu 0.21%
iter 9250: loss 1.3220, time 2464.92ms, mfu 0.21%
iter 9260: loss 1.3365, time 2455.10ms, mfu 0.21%
iter 9270: loss 1.2583, time 2483.20ms, mfu 0.21%
iter 9280: loss 1.4729, time 2483.25ms, mfu 0.21%
iter 9290: loss 1.4550, time 2475.41ms, mfu 0.21%
iter 9300: loss 1.3061, time 2490.04ms, mfu 0.21%
  === DIAG iter 9300 ===
  text_loss: 0.0842, num_loss: 1.2219 (sign=0.0002 exp=0.2349 digit=0.6423 mantissa_mse=0.6889)
  grads: total 5.0022, lora 4.8343, adapter 1.1751, decoder 0.5210
  <NUM> tokens: 382/2048 (18.7%)
  lr: lora 3.36e-05, adapter 1.01e-05, decoder 1.01e-05
  token accuracy: 0.780 (1541/1975)
iter 9310: loss 1.3287, time 2466.19ms, mfu 0.21%
iter 9320: loss 1.3105, time 2475.56ms, mfu 0.21%
iter 9330: loss 1.3132, time 2469.52ms, mfu 0.21%
iter 9340: loss 1.4227, time 2472.46ms, mfu 0.21%
iter 9350: loss 1.4493, time 2474.26ms, mfu 0.21%
iter 9360: loss 1.2622, time 2469.03ms, mfu 0.21%
iter 9370: loss 1.3613, time 2486.62ms, mfu 0.21%
iter 9380: loss 1.3574, time 2493.12ms, mfu 0.21%
iter 9390: loss 1.4348, time 2482.87ms, mfu 0.21%
iter 9400: loss 1.4165, time 2501.39ms, mfu 0.21%
  === DIAG iter 9400 ===
  text_loss: 0.0723, num_loss: 1.3442 (sign=0.0001 exp=0.2679 digit=0.6416 mantissa_mse=0.8693)
  grads: total 4.9015, lora 4.7457, adapter 1.0901, decoder 0.5610
  <NUM> tokens: 384/2048 (18.8%)
  lr: lora 3.26e-05, adapter 9.79e-06, decoder 9.79e-06
  token accuracy: 0.782 (1545/1975)
iter 9410: loss 1.3110, time 2485.47ms, mfu 0.21%
iter 9420: loss 1.4239, time 2477.17ms, mfu 0.21%
iter 9430: loss 1.1793, time 2478.86ms, mfu 0.21%
iter 9440: loss 1.3928, time 2519.43ms, mfu 0.21%
iter 9450: loss 1.4456, time 2514.87ms, mfu 0.21%
iter 9460: loss 1.2854, time 2504.32ms, mfu 0.21%
iter 9470: loss 1.3451, time 2485.05ms, mfu 0.21%
iter 9480: loss 1.3634, time 2498.46ms, mfu 0.21%
iter 9490: loss 1.3267, time 2502.38ms, mfu 0.21%
iter 9500: loss 1.3726, time 2501.10ms, mfu 0.21%
  === DIAG iter 9500 ===
  text_loss: 0.0810, num_loss: 1.2916 (sign=0.0000 exp=0.2331 digit=0.6489 mantissa_mse=0.8190)
  grads: total 4.8497, lora 4.6976, adapter 1.0387, decoder 0.6111
  <NUM> tokens: 386/2048 (18.8%)
  lr: lora 3.18e-05, adapter 9.55e-06, decoder 9.55e-06
  token accuracy: 0.784 (1547/1974)
  --- Sample eval (val) ---
  numeric loss: total=3.1034 (sign=0.0001 exp=0.3687 digit=0.7477 mant=3.9739)
iter 9510: loss 1.2943, time 2536.40ms, mfu 0.21%
iter 9520: loss 1.3266, time 2503.26ms, mfu 0.21%
iter 9530: loss 1.3198, time 2504.20ms, mfu 0.21%
iter 9540: loss 1.3048, time 2518.27ms, mfu 0.21%
iter 9550: loss 1.4416, time 2509.07ms, mfu 0.21%
iter 9560: loss 1.3256, time 2500.11ms, mfu 0.21%
iter 9570: loss 1.3858, time 2502.41ms, mfu 0.21%
iter 9580: loss 1.3060, time 2505.97ms, mfu 0.21%
iter 9590: loss 1.4092, time 2510.86ms, mfu 0.21%
iter 9600: loss 1.3401, time 2501.32ms, mfu 0.21%
  === DIAG iter 9600 ===
  text_loss: 0.0739, num_loss: 1.2662 (sign=0.0000 exp=0.1966 digit=0.6537 mantissa_mse=0.8318)
  grads: total 4.8740, lora 4.7575, adapter 1.0006, decoder 0.3464
  <NUM> tokens: 384/2048 (18.8%)
  lr: lora 3.12e-05, adapter 9.35e-06, decoder 9.35e-06
  token accuracy: 0.783 (1548/1977)
iter 9610: loss 1.3822, time 2496.49ms, mfu 0.21%
iter 9620: loss 1.3751, time 2491.90ms, mfu 0.21%
iter 9630: loss 1.3049, time 2493.75ms, mfu 0.21%
iter 9640: loss 1.3454, time 2489.51ms, mfu 0.21%
iter 9650: loss 1.2474, time 2490.84ms, mfu 0.21%
iter 9660: loss 1.2330, time 2488.53ms, mfu 0.21%
iter 9670: loss 1.3245, time 2477.86ms, mfu 0.21%
iter 9680: loss 1.3418, time 2490.66ms, mfu 0.21%
iter 9690: loss 1.3249, time 2470.73ms, mfu 0.21%
iter 9700: loss 1.2423, time 2477.10ms, mfu 0.21%
  === DIAG iter 9700 ===
  text_loss: 0.0723, num_loss: 1.1700 (sign=0.0000 exp=0.2185 digit=0.6276 mantissa_mse=0.6477)
  grads: total 4.9810, lora 4.7907, adapter 1.0941, decoder 0.8145
  <NUM> tokens: 392/2048 (19.1%)
  lr: lora 3.07e-05, adapter 9.20e-06, decoder 9.20e-06
  token accuracy: 0.780 (1542/1978)
iter 9710: loss 1.3917, time 2487.87ms, mfu 0.21%
iter 9720: loss 1.4068, time 2471.48ms, mfu 0.21%
iter 9730: loss 1.3257, time 2470.59ms, mfu 0.21%
iter 9740: loss 1.3585, time 2475.54ms, mfu 0.21%
iter 9750: loss 1.3624, time 2472.36ms, mfu 0.21%
iter 9760: loss 1.3926, time 2464.94ms, mfu 0.21%
iter 9770: loss 1.3171, time 2457.90ms, mfu 0.21%
iter 9780: loss 1.3796, time 2458.09ms, mfu 0.21%
iter 9790: loss 1.3537, time 2464.15ms, mfu 0.21%
iter 9800: loss 1.2988, time 2479.30ms, mfu 0.21%
  === DIAG iter 9800 ===
  text_loss: 0.0617, num_loss: 1.2370 (sign=0.0003 exp=0.2238 digit=0.6083 mantissa_mse=0.8094)
  grads: total 5.0479, lora 4.8458, adapter 1.3266, decoder 0.4896
  <NUM> tokens: 398/2048 (19.4%)
  lr: lora 3.03e-05, adapter 9.09e-06, decoder 9.09e-06
  token accuracy: 0.785 (1551/1977)
iter 9810: loss 1.4243, time 2456.74ms, mfu 0.21%
iter 9820: loss 1.3643, time 2471.54ms, mfu 0.21%
iter 9830: loss 1.3277, time 2470.57ms, mfu 0.21%
iter 9840: loss 1.3194, time 2459.95ms, mfu 0.21%
iter 9850: loss 1.3481, time 2475.76ms, mfu 0.21%
iter 9860: loss 1.3504, time 2470.95ms, mfu 0.21%
iter 9870: loss 1.2854, time 2458.58ms, mfu 0.21%
iter 9880: loss 1.3599, time 2476.75ms, mfu 0.21%
iter 9890: loss 1.3389, time 2454.99ms, mfu 0.21%
iter 9900: loss 1.3275, time 2513.04ms, mfu 0.21%
  === DIAG iter 9900 ===
  text_loss: 0.0726, num_loss: 1.2548 (sign=0.0003 exp=0.2364 digit=0.6416 mantissa_mse=0.7530)
  grads: total 5.2049, lora 5.0650, adapter 1.0353, decoder 0.6040
  <NUM> tokens: 388/2048 (18.9%)
  lr: lora 3.01e-05, adapter 9.02e-06, decoder 9.02e-06
  token accuracy: 0.786 (1554/1976)
iter 9910: loss 1.4086, time 2478.09ms, mfu 0.21%
iter 9920: loss 1.3232, time 2531.89ms, mfu 0.21%
iter 9930: loss 1.3544, time 2519.14ms, mfu 0.21%
iter 9940: loss 1.3600, time 2505.81ms, mfu 0.21%
iter 9950: loss 1.4067, time 2514.73ms, mfu 0.21%
iter 9960: loss 1.4639, time 2506.79ms, mfu 0.21%
iter 9970: loss 1.2457, time 2517.18ms, mfu 0.21%
iter 9980: loss 1.2362, time 2515.82ms, mfu 0.21%
iter 9990: loss 1.2573, time 2500.88ms, mfu 0.21%
step 10000: train text=0.0751 num=1.1184 total=1.1935 | val text=0.0765 num=3.1517 total=3.2282
  saved checkpoint to /tmpdir/m24047brmn/numbers/model_checkpoints/analytic_s2_adapted_lora/ckpt_iter10000.pt
iter 10000: loss 1.2411, time 50970.89ms, mfu 0.19%
  === DIAG iter 10000 ===
  text_loss: 0.0801, num_loss: 1.1610 (sign=0.0001 exp=0.2024 digit=0.6265 mantissa_mse=0.6640)
  grads: total 5.6369, lora 5.4052, adapter 1.4549, decoder 0.6639
  <NUM> tokens: 392/2048 (19.1%)
  lr: lora 3.00e-05, adapter 9.00e-06, decoder 9.00e-06
  token accuracy: 0.781 (1545/1979)
  --- Sample eval (val) ---
  numeric loss: total=2.9301 (sign=0.0001 exp=0.3893 digit=0.7817 mant=3.5179)

============================================================
Training complete. Saving final checkpoints...
  saved checkpoint to /tmpdir/m24047brmn/numbers/model_checkpoints/analytic_s2_adapted_lora/ckpt_iter10001.pt
  Unmerged: /tmpdir/m24047brmn/numbers/model_checkpoints/analytic_s2_adapted_lora/ckpt_iter10001.pt
  Merged:   /tmpdir/m24047brmn/numbers/model_checkpoints/analytic_s2_adapted_lora/ckpt_merged.pt
============================================================
Analytic-adapter LoRA training complete.
