Loading gnu/11.2.0
  Loading requirement: binutils/11.2.0
======================================================================
CUSTOM ARITHMETIC BENCHMARK: Base LoRA vs Adapted LoRA
======================================================================
Loaded 1000 arithmetic problems from /tmpdir/m24047brmn/numbers/data/arithmetic_bench.json
  addition             200
  comparison           150
  multiplication       150
  multistep            150
  percentage           150
  subtraction          200

============================================================
Evaluating: Base LoRA
  Checkpoint: /tmpdir/m24047brmn/numbers/model_checkpoints/tulu_base_lora/ckpt_merged.pt
  use_adapter=False (plain text)
============================================================

Loading /tmpdir/m24047brmn/numbers/model_checkpoints/tulu_base_lora/ckpt_merged.pt...
number of parameters: 114.83M
  Loaded (135 keys), use_adapter=False
  [0] (multistep/medium)
       ref: 6978 + 7589 = 14567, 14567 - 1129 = 13438. The result is 13438
       gen: To solve the problem, we need to follow these steps:

1. **Calculate the Total Number of Pages:**
   - The total number 
       expected=13438.0, got=10.6978, match=False

  [1] (percentage/medium)
       ref: 75% of 772 = 579.0
       gen: To solve this problem, we need to calculate the percentage of the population who are not in the 75% range and then deter
       expected=579.0, got=75.0, match=False

  [2] (comparison/hard)
       ref: 97137.65 is larger than 95410.02
       gen: To solve this problem, we need to determine how many more people are in the room after the increase in the number of peo
       expected=97137.65, got=117727.65, match=False

  [3] (multistep/hard)
       ref: 63852 + 57749 = 121601, 121601 - 98652 = 22949. The result is 22949
       gen: To solve the problem, we need to follow these steps:

1. **Calculate the total number of people who have been affected b
       expected=22949.0, got=63852.0, match=False

  [4] (subtraction/medium)
       ref: 9612 - 3025 = 6587
       gen: To solve this problem, we need to calculate the total number of people who have been affected by the 96125 incidents and
       expected=6587.0, got=125.0, match=False

  [5] (percentage/easy)
       ref: 40% of 35 = 14.0
       gen: To solve this problem, we need to calculate the percentage of each type of material that is used in the 40% of the 40% o
       expected=14.0, got=40.0, match=False

  [6] (addition/easy)
       ref: 13 + 49 = 62
       gen: To solve this problem, we need to calculate the total number of hours spent on each activity and then sum them up to fin
       expected=62.0, got=12.0, match=False

  [7] (subtraction/hard)
       ref: 76469 - 49363 = 27106
       gen: To solve this problem, we need to calculate the total number of pages that are written by the author and then determine 
       expected=27106.0, got=2.0, match=False

  [8] (subtraction/hard)
       ref: 60140 - 24168 = 35972
       gen: To solve this problem, we need to determine how many pages are in the 60140-100th page and then find the total number of
       expected=35972.0, got=60140.0, match=False

  [9] (percentage/medium)
       ref: 30% of 9399 = 2819.7
       gen: To solve this problem, we need to calculate the percentage of the population that is 30% of the population that is 9399.
       expected=2819.7, got=2.0, match=False

  [10] (comparison/hard)
       ref: 76803.47 is larger than 47720.99
       gen: To solve this problem, we need to determine how many more people are in the room after the increase in the number of peo
       expected=76803.47, got=2.0, match=False

  [11] (subtraction/easy)
       ref: 75 - 14 = 61
       gen: To solve this problem, we need to calculate the total number of hours spent on each activity and then sum them up.

**St
       expected=61.0, got=15.0, match=False

slurmstepd: error: *** JOB 79295 ON turpancomp1 CANCELLED AT 2026-03-10T03:49:59 ***
