==========================================
Converting Baby Luciole NeMo checkpoint
  Input:  /tmpdir/m24047brmn/nemo_1b/output/baby_luciole-softmax-test/checkpoints/baby_luciole-softmax-test-step=0020998-last
  Output: /tmpdir/m24047brmn/numbers/checkpoints/baby_luciole_converted.pt
==========================================
============================================================
NeMo → PyTorch Checkpoint Converter
============================================================
  Input:  /tmpdir/m24047brmn/nemo_1b/output/baby_luciole-softmax-test/checkpoints/baby_luciole-softmax-test-step=0020998-last
  Output: /tmpdir/m24047brmn/numbers/checkpoints/baby_luciole_converted.pt

Loading via PyTorch DCP from /tmpdir/m24047brmn/nemo_1b/output/baby_luciole-softmax-test/checkpoints/baby_luciole-softmax-test-step=0020998-last/weights...
  Found 24 shard file(s)
  Initialized single-process distributed group (gloo)
  Metadata: 105 entries
  Loaded 44 tensors via DCP

Megatron state dict: 44 keys
  module.decoder.final_layernorm.bias: torch.Size([768])
  module.decoder.final_layernorm.weight: torch.Size([768])
  module.decoder.layers.mlp.linear_fc1.layer_norm_bias: torch.Size([12, 768])
  module.decoder.layers.mlp.linear_fc1.layer_norm_weight: torch.Size([12, 768])
  module.decoder.layers.mlp.linear_fc1.weight: torch.Size([12, 3072, 768])
  module.decoder.layers.mlp.linear_fc2.weight: torch.Size([12, 768, 3072])
  module.decoder.layers.self_attention.linear_proj.weight: torch.Size([12, 768, 768])
  module.decoder.layers.self_attention.linear_qkv.layer_norm_bias: torch.Size([12, 768])
  module.decoder.layers.self_attention.linear_qkv.layer_norm_weight: torch.Size([12, 768])
  module.decoder.layers.self_attention.linear_qkv.weight: torch.Size([12, 1280, 768])
  module.embedding.word_embeddings.weight: torch.Size([50256, 768])
  optimizer.state.exp_avg.module.decoder.final_layernorm.bias: torch.Size([1, 768])
  optimizer.state.exp_avg.module.decoder.final_layernorm.weight: torch.Size([1, 768])
  optimizer.state.exp_avg.module.decoder.layers.mlp.linear_fc1.layer_norm_bias: torch.Size([12, 1, 768])
  optimizer.state.exp_avg.module.decoder.layers.mlp.linear_fc1.layer_norm_weight: torch.Size([12, 1, 768])
  optimizer.state.exp_avg.module.decoder.layers.mlp.linear_fc1.weight: torch.Size([12, 1, 1, 2359296])
  optimizer.state.exp_avg.module.decoder.layers.mlp.linear_fc2.weight: torch.Size([12, 1, 1, 2359296])
  optimizer.state.exp_avg.module.decoder.layers.self_attention.linear_proj.weight: torch.Size([12, 1, 1, 589824])
  optimizer.state.exp_avg.module.decoder.layers.self_attention.linear_qkv.layer_norm_bias: torch.Size([12, 1, 768])
  optimizer.state.exp_avg.module.decoder.layers.self_attention.linear_qkv.layer_norm_weight: torch.Size([12, 1, 768])
  ... (24 more)

  unmapped: optimizer.state.exp_avg.module.decoder.final_layernorm.bias
  unmapped: optimizer.state.exp_avg_sq.module.decoder.final_layernorm.bias
  unmapped: optimizer.state.fp32_param.module.decoder.final_layernorm.bias
  unmapped: optimizer.state.exp_avg.module.decoder.final_layernorm.weight
  unmapped: optimizer.state.exp_avg_sq.module.decoder.final_layernorm.weight
  unmapped: optimizer.state.fp32_param.module.decoder.final_layernorm.weight
  unmapped: optimizer.state.exp_avg.module.decoder.layers.mlp.linear_fc2.weight
  unmapped: optimizer.state.exp_avg_sq.module.decoder.layers.mlp.linear_fc2.weight
  unmapped: optimizer.state.fp32_param.module.decoder.layers.mlp.linear_fc2.weight
  unmapped: optimizer.state.exp_avg.module.decoder.layers.mlp.linear_fc1.weight
  unmapped: optimizer.state.exp_avg_sq.module.decoder.layers.mlp.linear_fc1.weight
  unmapped: optimizer.state.fp32_param.module.decoder.layers.mlp.linear_fc1.weight
  unmapped: optimizer.state.exp_avg.module.decoder.layers.mlp.linear_fc1.layer_norm_bias
  unmapped: optimizer.state.exp_avg_sq.module.decoder.layers.mlp.linear_fc1.layer_norm_bias
  unmapped: optimizer.state.fp32_param.module.decoder.layers.mlp.linear_fc1.layer_norm_bias
  unmapped: optimizer.state.exp_avg.module.decoder.layers.mlp.linear_fc1.layer_norm_weight
  unmapped: optimizer.state.exp_avg_sq.module.decoder.layers.mlp.linear_fc1.layer_norm_weight
  unmapped: optimizer.state.fp32_param.module.decoder.layers.mlp.linear_fc1.layer_norm_weight
  unmapped: optimizer.state.exp_avg.module.decoder.layers.self_attention.linear_qkv.weight
  unmapped: optimizer.state.exp_avg_sq.module.decoder.layers.self_attention.linear_qkv.weight
  unmapped: optimizer.state.fp32_param.module.decoder.layers.self_attention.linear_qkv.weight
  unmapped: optimizer.state.exp_avg.module.decoder.layers.self_attention.linear_qkv.layer_norm_bias
  unmapped: optimizer.state.exp_avg_sq.module.decoder.layers.self_attention.linear_qkv.layer_norm_bias
  unmapped: optimizer.state.fp32_param.module.decoder.layers.self_attention.linear_qkv.layer_norm_bias
  unmapped: optimizer.state.exp_avg.module.decoder.layers.self_attention.linear_qkv.layer_norm_weight
  unmapped: optimizer.state.exp_avg_sq.module.decoder.layers.self_attention.linear_qkv.layer_norm_weight
  unmapped: optimizer.state.fp32_param.module.decoder.layers.self_attention.linear_qkv.layer_norm_weight
  unmapped: optimizer.state.exp_avg.module.decoder.layers.self_attention.linear_proj.weight
  unmapped: optimizer.state.exp_avg_sq.module.decoder.layers.self_attention.linear_proj.weight
  unmapped: optimizer.state.fp32_param.module.decoder.layers.self_attention.linear_proj.weight
  unmapped: module.decoder.layers.mlp.linear_fc1.weight
  unmapped: module.decoder.layers.mlp.linear_fc2.weight
  unmapped: module.decoder.layers.self_attention.linear_qkv.weight
  unmapped: module.decoder.layers.self_attention.linear_qkv.layer_norm_weight
  unmapped: module.decoder.layers.self_attention.linear_qkv.layer_norm_bias
  unmapped: module.decoder.layers.mlp.linear_fc1.layer_norm_weight
  unmapped: module.decoder.layers.mlp.linear_fc1.layer_norm_bias
  unmapped: module.decoder.final_layernorm.bias
  unmapped: optimizer.state.exp_avg.module.embedding.word_embeddings.weight
  unmapped: optimizer.state.exp_avg_sq.module.embedding.word_embeddings.weight
  unmapped: optimizer.state.fp32_param.module.embedding.word_embeddings.weight
  unmapped: module.decoder.layers.self_attention.linear_proj.weight

Converted state dict: 2 keys
  transformer.ln_f.weight: torch.Size([768])
  transformer.wte.weight: torch.Size([50256, 768])

Verification:
  MISSING: transformer.h.0.attn.q_proj.weight
  MISSING: transformer.h.0.attn.k_proj.weight
  MISSING: transformer.h.0.attn.v_proj.weight
  MISSING: transformer.h.0.attn.o_proj.weight
  MISSING: transformer.h.0.attn_norm.weight
  MISSING: transformer.h.0.mlp.up_proj.weight
  MISSING: transformer.h.0.mlp.down_proj.weight
  MISSING: transformer.h.0.ffn_norm.weight
  MISSING: transformer.h.1.attn.q_proj.weight
  MISSING: transformer.h.1.attn.k_proj.weight
  MISSING: transformer.h.1.attn.v_proj.weight
  MISSING: transformer.h.1.attn.o_proj.weight
  MISSING: transformer.h.1.attn_norm.weight
  MISSING: transformer.h.1.mlp.up_proj.weight
  MISSING: transformer.h.1.mlp.down_proj.weight
  MISSING: transformer.h.1.ffn_norm.weight
  MISSING: transformer.h.2.attn.q_proj.weight
  MISSING: transformer.h.2.attn.k_proj.weight
  MISSING: transformer.h.2.attn.v_proj.weight
  MISSING: transformer.h.2.attn.o_proj.weight
  MISSING: transformer.h.2.attn_norm.weight
  MISSING: transformer.h.2.mlp.up_proj.weight
  MISSING: transformer.h.2.mlp.down_proj.weight
  MISSING: transformer.h.2.ffn_norm.weight
  MISSING: transformer.h.3.attn.q_proj.weight
  MISSING: transformer.h.3.attn.k_proj.weight
  MISSING: transformer.h.3.attn.v_proj.weight
  MISSING: transformer.h.3.attn.o_proj.weight
  MISSING: transformer.h.3.attn_norm.weight
  MISSING: transformer.h.3.mlp.up_proj.weight
  MISSING: transformer.h.3.mlp.down_proj.weight
  MISSING: transformer.h.3.ffn_norm.weight
  MISSING: transformer.h.4.attn.q_proj.weight
  MISSING: transformer.h.4.attn.k_proj.weight
  MISSING: transformer.h.4.attn.v_proj.weight
  MISSING: transformer.h.4.attn.o_proj.weight
  MISSING: transformer.h.4.attn_norm.weight
  MISSING: transformer.h.4.mlp.up_proj.weight
  MISSING: transformer.h.4.mlp.down_proj.weight
  MISSING: transformer.h.4.ffn_norm.weight
  MISSING: transformer.h.5.attn.q_proj.weight
  MISSING: transformer.h.5.attn.k_proj.weight
  MISSING: transformer.h.5.attn.v_proj.weight
  MISSING: transformer.h.5.attn.o_proj.weight
  MISSING: transformer.h.5.attn_norm.weight
  MISSING: transformer.h.5.mlp.up_proj.weight
  MISSING: transformer.h.5.mlp.down_proj.weight
  MISSING: transformer.h.5.ffn_norm.weight
  MISSING: transformer.h.6.attn.q_proj.weight
  MISSING: transformer.h.6.attn.k_proj.weight
  MISSING: transformer.h.6.attn.v_proj.weight
  MISSING: transformer.h.6.attn.o_proj.weight
  MISSING: transformer.h.6.attn_norm.weight
  MISSING: transformer.h.6.mlp.up_proj.weight
  MISSING: transformer.h.6.mlp.down_proj.weight
  MISSING: transformer.h.6.ffn_norm.weight
  MISSING: transformer.h.7.attn.q_proj.weight
  MISSING: transformer.h.7.attn.k_proj.weight
  MISSING: transformer.h.7.attn.v_proj.weight
  MISSING: transformer.h.7.attn.o_proj.weight
  MISSING: transformer.h.7.attn_norm.weight
  MISSING: transformer.h.7.mlp.up_proj.weight
  MISSING: transformer.h.7.mlp.down_proj.weight
  MISSING: transformer.h.7.ffn_norm.weight
  MISSING: transformer.h.8.attn.q_proj.weight
  MISSING: transformer.h.8.attn.k_proj.weight
  MISSING: transformer.h.8.attn.v_proj.weight
  MISSING: transformer.h.8.attn.o_proj.weight
  MISSING: transformer.h.8.attn_norm.weight
  MISSING: transformer.h.8.mlp.up_proj.weight
  MISSING: transformer.h.8.mlp.down_proj.weight
  MISSING: transformer.h.8.ffn_norm.weight
  MISSING: transformer.h.9.attn.q_proj.weight
  MISSING: transformer.h.9.attn.k_proj.weight
  MISSING: transformer.h.9.attn.v_proj.weight
  MISSING: transformer.h.9.attn.o_proj.weight
  MISSING: transformer.h.9.attn_norm.weight
  MISSING: transformer.h.9.mlp.up_proj.weight
  MISSING: transformer.h.9.mlp.down_proj.weight
  MISSING: transformer.h.9.ffn_norm.weight
  MISSING: transformer.h.10.attn.q_proj.weight
  MISSING: transformer.h.10.attn.k_proj.weight
  MISSING: transformer.h.10.attn.v_proj.weight
  MISSING: transformer.h.10.attn.o_proj.weight
  MISSING: transformer.h.10.attn_norm.weight
  MISSING: transformer.h.10.mlp.up_proj.weight
  MISSING: transformer.h.10.mlp.down_proj.weight
  MISSING: transformer.h.10.ffn_norm.weight
  MISSING: transformer.h.11.attn.q_proj.weight
  MISSING: transformer.h.11.attn.k_proj.weight
  MISSING: transformer.h.11.attn.v_proj.weight
  MISSING: transformer.h.11.attn.o_proj.weight
  MISSING: transformer.h.11.attn_norm.weight
  MISSING: transformer.h.11.mlp.up_proj.weight
  MISSING: transformer.h.11.mlp.down_proj.weight
  MISSING: transformer.h.11.ffn_norm.weight
  WARNING: Some keys missing or wrong — check conversion logic

Saved: /tmpdir/m24047brmn/numbers/checkpoints/baby_luciole_converted.pt
Total parameters: 38,597,376 (38.60M)
==========================================
Conversion finished with status 0
==========================================
