==========================================
Baby Luciole + NumberEncoder Adapter Training
  Converted checkpoint: /tmpdir/m24047brmn/numbers/checkpoints/baby_luciole_converted.pt
  Encoder checkpoint:   /tmpdir/m24047brmn/numbers/checkpoints/np_emb_v10_2000k_model.pt
  Data dir:             /tmpdir/m24047brmn/numbers/data/numtasks_124M_fe
  Output dir:           /tmpdir/m24047brmn/numbers/model_checkpoints/luciole_fe_adapt
==========================================
Loading gnu/11.2.0
  Loading requirement: binutils/11.2.0
Error in cpuinfo: prctl(PR_SVE_GET_VL) failed
tokens per iteration will be: 81,920
data directory: /tmpdir/m24047brmn/numbers/data/numtasks_124M_fe
found vocab_size = 50258 (inside /tmpdir/m24047brmn/numbers/data/numtasks_124M_fe/meta.pkl)
Initializing from pretrained Baby Luciole checkpoint
Loaded NumberEncoder (v10_high_fidelity_1B) from /tmpdir/m24047brmn/numbers/checkpoints/np_emb_v10_2000k_model.pt
number of parameters: 114.83M
  partial: transformer.wte.weight (50256→50258)
Loaded 123 tensors from /tmpdir/m24047brmn/numbers/checkpoints/baby_luciole_converted.pt (skipped 0)
Stage 1: Freezing base model, training adapter only
  Trainable: 695,910 / 114,829,926 (0.6%)
/work/m24047/m24047brmn/numbers/GPT2/124M/fe_adapt/train.py:268: FutureWarning: `torch.cuda.amp.GradScaler(args...)` is deprecated. Please use `torch.amp.GradScaler('cuda', args...)` instead.
  scaler = torch.cuda.amp.GradScaler(enabled=(dtype == 'float16'))
optimizer parameter groups:
  adapter_decay: 3 tensors, 694,180 params, weight_decay=0.1, lr_scale=1.0
  adapter_nodecay: 5 tensors, 1,730 params, weight_decay=0.0, lr_scale=1.0
using fused AdamW: True
compiling the model... (takes a ~minute)
Error in cpuinfo: prctl(PR_SVE_GET_VL) failed
step 0: train loss 6.1502, val loss 6.1291
iter 0: loss 5.9129, time 69261.80ms, mfu -100.00%
  === DIAG iter 0 ===
  loss: 5.9129
  grads (preclip): total 0.0000, transformer 0.0000, adapter 0.0000
  grad ratio (preclip): transformer 0.0000, adapter 0.0000
  grads: total 0.0000, transformer 0.0000, adapter 0.0000
  grad ratio: transformer 0.0000, adapter 0.0000
  grad clip: max_norm 1.0000, pre_total 0.0000, coef 1.0000
  <NUM> input tokens: 140/1024 (13.7%)
  lr: base 9.99e-07, adapter 9.99e-07
  num inject: beta 0.0000, norm_match true, base_norm 0.5602, delta_raw_norm 14603.6826, delta_eff_norm 0.5602, blend_norm 0.5602, scale mean/max 0.023/0.060
  output token accuracy: 0.249 (238/956 tokens)
iter 10: loss 6.0695, time 1369.45ms, mfu 0.62%
iter 20: loss 5.9086, time 1425.95ms, mfu 0.62%
iter 30: loss 6.1026, time 1537.07ms, mfu 0.61%
iter 40: loss 6.1926, time 1575.09ms, mfu 0.61%
iter 50: loss 5.8402, time 1551.64ms, mfu 0.60%
iter 60: loss 6.1961, time 1503.89ms, mfu 0.60%
iter 70: loss 5.8517, time 1569.49ms, mfu 0.59%
iter 80: loss 6.2312, time 1612.46ms, mfu 0.59%
iter 90: loss 6.1496, time 1565.81ms, mfu 0.58%
iter 100: loss 6.0125, time 1657.23ms, mfu 0.58%
  === DIAG iter 100 ===
  loss: 6.0125
  grads (preclip): total 0.0000, transformer 0.0000, adapter 0.0000
  grad ratio (preclip): transformer 0.0000, adapter 0.0000
  grads: total 0.0000, transformer 0.0000, adapter 0.0000
  grad ratio: transformer 0.0000, adapter 0.0000
  grad clip: max_norm 1.0000, pre_total 0.0000, coef 1.0000
  <NUM> input tokens: 141/1024 (13.8%)
  lr: base 1.01e-04, adapter 1.01e-04
  num inject: beta 0.0000, norm_match true, base_norm 0.5602, delta_raw_norm 18653.0605, delta_eff_norm 0.5602, blend_norm 0.5602, scale mean/max 0.022/0.059
  output token accuracy: 0.258 (245/951 tokens)
slurmstepd: error: *** JOB 79217 ON turpancomp0 CANCELLED AT 2026-03-09T03:07:01 ***
