Loading gnu/11.2.0
  Loading requirement: binutils/11.2.0
Generating 56000 problems (train=50000, val=3000, test=3000)
Analytic adapted mode enabled: K=32, exp=[-32,32]
Error in cpuinfo: prctl(PR_SVE_GET_VL) failed
  train: 50000 problems
    base:     2,238,768 tokens,      0 <NUM>
    adapted:  1,432,972 tokens, 270614 <NUM>
  val: 3000 problems
    base:       135,720 tokens,      0 <NUM>
    adapted:     86,904 tokens,  16379 <NUM>
  test: 3000 problems
    base:       134,195 tokens,      0 <NUM>
    adapted:     85,945 tokens,  16245 <NUM>

Done! Data saved to:
  base:    /tmpdir/m24047brmn/numbers/data/synth_arith_surface/base
  adapted: /tmpdir/m24047brmn/numbers/data/synth_arith_surface/adapted
  adapted components: train/val/test_components.bin
  adapted surface: train/val/test_surface.bin
  test_examples.json: 3000 examples
