Loading gnu/11.2.0
  Loading requirement: binutils/11.2.0
Mode: ADAPTED (Stage1 + LoRA)
tokens per iteration will be: 40,960
data directory: /tmpdir/m24047brmn/numbers/data/synth_arith/adapted
Loading Stage 1 checkpoint: /tmpdir/m24047brmn/numbers/model_checkpoints/luciole_fe_adapt/ckpt.pt
number of parameters: 114.83M
  Loaded Stage 1 weights (135 keys)
  Applied LoRA (rank=16, alpha=32, dropout=0.05) to 48 layers
  Target modules: ['q_proj', 'v_proj', 'k_proj', 'o_proj']
Parameter budget (ADAPTED (Stage1 + LoRA)):
  LoRA:         983,040 params (0.85%)
  Adapter:      689,664 params (0.60%)
  Frozen:    114,140,262 params
  Trainable:  1,672,704 / 115,812,966 (1.44%)
optimizer parameter groups:
  lora_decay: 96 tensors, 983,040 params, weight_decay=0.1, lr_scale=1.0
  adapter_decay: 2 tensors, 688,128 params, weight_decay=0.1, lr_scale=0.3
  adapter_nodecay: 2 tensors, 1,536 params, weight_decay=0.0, lr_scale=0.3
using fused AdamW: True
compiling the model... (takes a ~minute)

Starting training from iter 0 (max_iters=6000)
step 0: train loss 4.9972, val loss 4.9971
/usr/local/lib/python3.12/dist-packages/torch/autograd/graph.py:824: UserWarning: Error detected in IndexPutBackward0. Traceback of forward call that caused the error:
  File "/work/m24047/m24047brmn/numbers/GPT2/124M/fe_adapt/model.py", line 350, in torch_dynamo_resume_in_forward_at_337
    tok_emb[num_mask] = (1.0 - beta) * base_num + beta * delta_num
 (Triggered internally at /opt/pytorch/pytorch/torch/csrc/autograd/python_anomaly_mode.cpp:122.)
  return Variable._execution_engine.run_backward(  # Calls into the C++ engine to run the backward pass
W0310 04:11:43.108000 3117073 torch/_dynamo/exc.py:367] [3/0] Backend compiler failed with aten.nonzero.default at 
W0310 04:11:43.108000 3117073 torch/_dynamo/exc.py:367] [3/0]   File "/work/m24047/m24047brmn/numbers/GPT2/124M/fe_adapt/model.py", line 370, in torch_dynamo_resume_in_forward_at_337
W0310 04:11:43.108000 3117073 torch/_dynamo/exc.py:367] [3/0]     return logits, loss
W0310 04:11:43.108000 3117073 torch/_dynamo/exc.py:367] [3/0] Adding a graph break.
/usr/local/lib/python3.12/dist-packages/torch/autograd/graph.py:824: UserWarning: Error detected in IndexPutBackward0. Traceback of forward call that caused the error:
  File "/work/m24047/m24047brmn/numbers/GPT2/124M/fe_adapt/model.py", line 350, in torch_dynamo_resume_in_forward_at_337
    tok_emb[num_mask] = (1.0 - beta) * base_num + beta * delta_num
 (Triggered internally at /opt/pytorch/pytorch/torch/csrc/autograd/python_anomaly_mode.cpp:122.)
  return Variable._execution_engine.run_backward(  # Calls into the C++ engine to run the backward pass
W0310 04:11:51.718000 3117073 torch/_dynamo/exc.py:367] [3/0_1] Backend compiler failed with aten.nonzero.default at 
W0310 04:11:51.718000 3117073 torch/_dynamo/exc.py:367] [3/0_1]   File "/work/m24047/m24047brmn/numbers/GPT2/124M/fe_adapt/model.py", line 370, in torch_dynamo_resume_in_forward_at_337
W0310 04:11:51.718000 3117073 torch/_dynamo/exc.py:367] [3/0_1]     return logits, loss
W0310 04:11:51.718000 3117073 torch/_dynamo/exc.py:367] [3/0_1] Adding a graph break.
iter 0: loss 5.0274, time 45621.07ms, mfu -100.00%
  === DIAG iter 0 ===
  loss: 5.0274
  grads (pre): total 75.3409, lora 75.3335, adapter 1.0571
  grads (post): total 1.0000, lora 0.9999, adapter 0.0140
  <NUM> tokens: 104/2048 (5.1%)
  lr: base 9.97e-07, lora 9.97e-07, adapter 2.99e-07
  num inject: base_norm 0.5602, delta_raw_norm 59633.6367, delta_eff_norm 0.5602, scale 0.0004
  token accuracy: 0.176 (351/1996)
iter 10: loss 4.2953, time 783.79ms, mfu 0.64%
iter 20: loss 3.3555, time 850.57ms, mfu 0.64%
iter 30: loss 2.4472, time 851.17ms, mfu 0.63%
iter 40: loss 1.9577, time 898.30ms, mfu 0.63%
iter 50: loss 1.6208, time 820.32ms, mfu 0.62%
iter 60: loss 1.3886, time 823.94ms, mfu 0.62%
iter 70: loss 1.2354, time 889.88ms, mfu 0.62%
iter 80: loss 1.1097, time 877.97ms, mfu 0.61%
iter 90: loss 1.0909, time 877.41ms, mfu 0.61%
iter 100: loss 1.0180, time 881.92ms, mfu 0.61%
  === DIAG iter 100 ===
  loss: 1.0180
  grads (pre): total 14.8092, lora 14.8091, adapter 0.0583
  grads (post): total 1.0000, lora 1.0000, adapter 0.0039
  <NUM> tokens: 105/2048 (5.1%)
  lr: base 1.01e-04, lora 1.01e-04, adapter 3.02e-05
  num inject: base_norm 0.5602, delta_raw_norm 60167.2500, delta_eff_norm 0.5602, scale 0.0003
  token accuracy: 0.655 (1306/1995)
iter 110: loss 1.0012, time 865.45ms, mfu 0.60%
iter 120: loss 0.9656, time 898.90ms, mfu 0.60%
iter 130: loss 0.9380, time 944.18ms, mfu 0.59%
iter 140: loss 0.8839, time 947.85ms, mfu 0.59%
iter 150: loss 0.8976, time 953.92ms, mfu 0.58%
iter 160: loss 0.9614, time 936.63ms, mfu 0.58%
iter 170: loss 0.9288, time 931.56ms, mfu 0.57%
iter 180: loss 0.8449, time 948.61ms, mfu 0.57%
iter 190: loss 0.8506, time 932.20ms, mfu 0.57%
iter 200: loss 0.8617, time 978.83ms, mfu 0.56%
  === DIAG iter 200 ===
  loss: 0.8617
  grads (pre): total 1.9346, lora 1.9345, adapter 0.0220
  grads (post): total 1.0000, lora 0.9999, adapter 0.0114
  <NUM> tokens: 109/2048 (5.3%)
  lr: base 2.00e-04, lora 2.00e-04, adapter 6.01e-05
  num inject: base_norm 0.5602, delta_raw_norm 69454.7578, delta_eff_norm 0.5602, scale 0.0003
  token accuracy: 0.672 (1337/1991)
iter 210: loss 0.8413, time 881.22ms, mfu 0.56%
iter 220: loss 0.8280, time 942.65ms, mfu 0.56%
iter 230: loss 0.8138, time 939.95ms, mfu 0.56%
iter 240: loss 0.7812, time 934.80ms, mfu 0.55%
iter 250: loss 0.8363, time 903.32ms, mfu 0.55%
iter 260: loss 0.8210, time 900.83ms, mfu 0.56%
iter 270: loss 0.8137, time 979.16ms, mfu 0.55%
iter 280: loss 0.7888, time 936.33ms, mfu 0.55%
iter 290: loss 0.8002, time 931.99ms, mfu 0.55%
iter 300: loss 0.8249, time 930.13ms, mfu 0.55%
  === DIAG iter 300 ===
  loss: 0.8249
  grads (pre): total 3.1994, lora 3.1983, adapter 0.0845
  grads (post): total 1.0000, lora 0.9997, adapter 0.0264
  <NUM> tokens: 105/2048 (5.1%)
  lr: base 3.00e-04, lora 3.00e-04, adapter 9.00e-05
  num inject: base_norm 0.5602, delta_raw_norm 71369.5391, delta_eff_norm 0.5602, scale 0.0004
  token accuracy: 0.678 (1354/1997)
iter 310: loss 0.7780, time 920.55ms, mfu 0.55%
iter 320: loss 0.7863, time 932.78ms, mfu 0.55%
iter 330: loss 0.7394, time 885.82ms, mfu 0.55%
iter 340: loss 0.7803, time 908.27ms, mfu 0.55%
iter 350: loss 0.7603, time 872.00ms, mfu 0.55%
iter 360: loss 0.8040, time 863.23ms, mfu 0.56%
iter 370: loss 0.7387, time 861.66ms, mfu 0.56%
iter 380: loss 0.7553, time 947.76ms, mfu 0.56%
iter 390: loss 0.7554, time 949.72ms, mfu 0.55%
iter 400: loss 0.7518, time 901.37ms, mfu 0.55%
  === DIAG iter 400 ===
  loss: 0.7518
  grads (pre): total 4.4605, lora 4.4548, adapter 0.2266
  grads (post): total 1.0000, lora 0.9987, adapter 0.0508
  <NUM> tokens: 103/2048 (5.0%)
  lr: base 3.00e-04, lora 3.00e-04, adapter 8.99e-05
  num inject: base_norm 0.5602, delta_raw_norm 67345.8359, delta_eff_norm 0.5602, scale 0.0007
  token accuracy: 0.707 (1412/1997)
iter 410: loss 0.7602, time 882.45ms, mfu 0.56%
iter 420: loss 0.7772, time 884.84ms, mfu 0.56%
iter 430: loss 0.7171, time 886.73ms, mfu 0.56%
iter 440: loss 0.7223, time 886.47ms, mfu 0.56%
iter 450: loss 0.7502, time 883.11ms, mfu 0.56%
iter 460: loss 0.7455, time 888.70ms, mfu 0.56%
iter 470: loss 0.7335, time 883.15ms, mfu 0.56%
iter 480: loss 0.7055, time 881.59ms, mfu 0.56%
iter 490: loss 0.6962, time 879.68ms, mfu 0.56%
iter 500: loss 0.7265, time 896.28ms, mfu 0.56%
  === DIAG iter 500 ===
  loss: 0.7265
  grads (pre): total 3.6546, lora 3.6477, adapter 0.2250
  grads (post): total 1.0000, lora 0.9981, adapter 0.0616
  <NUM> tokens: 106/2048 (5.2%)
  lr: base 2.99e-04, lora 2.99e-04, adapter 8.98e-05
  num inject: base_norm 0.5602, delta_raw_norm 55207.7188, delta_eff_norm 0.5602, scale 0.0010
  token accuracy: 0.710 (1419/1998)
  --- Sample eval (val) ---
iter 510: loss 0.7612, time 870.63ms, mfu 0.56%
iter 520: loss 0.7208, time 869.98ms, mfu 0.57%
iter 530: loss 0.7412, time 869.31ms, mfu 0.57%
iter 540: loss 0.7434, time 870.08ms, mfu 0.57%
iter 550: loss 0.7044, time 871.36ms, mfu 0.57%
iter 560: loss 0.7397, time 869.50ms, mfu 0.57%
iter 570: loss 0.6848, time 948.65ms, mfu 0.57%
iter 580: loss 0.6948, time 951.91ms, mfu 0.56%
iter 590: loss 0.6943, time 953.72ms, mfu 0.56%
iter 600: loss 0.7079, time 962.73ms, mfu 0.56%
  === DIAG iter 600 ===
  loss: 0.7079
  grads (pre): total 6.0877, lora 6.0717, adapter 0.4411
  grads (post): total 1.0000, lora 0.9974, adapter 0.0725
  <NUM> tokens: 102/2048 (5.0%)
  lr: base 2.98e-04, lora 2.98e-04, adapter 8.94e-05
  num inject: base_norm 0.5602, delta_raw_norm 57493.9102, delta_eff_norm 0.5602, scale 0.0015
  token accuracy: 0.725 (1447/1997)
iter 610: loss 0.6987, time 949.40ms, mfu 0.55%
iter 620: loss 0.6802, time 947.27ms, mfu 0.55%
iter 630: loss 0.7219, time 948.65ms, mfu 0.55%
iter 640: loss 0.6634, time 953.12ms, mfu 0.55%
iter 650: loss 0.7000, time 950.54ms, mfu 0.55%
iter 660: loss 0.7170, time 945.04ms, mfu 0.54%
iter 670: loss 0.6827, time 954.21ms, mfu 0.54%
iter 680: loss 0.7488, time 954.70ms, mfu 0.54%
iter 690: loss 0.6542, time 952.29ms, mfu 0.54%
iter 700: loss 0.7303, time 966.33ms, mfu 0.54%
  === DIAG iter 700 ===
  loss: 0.7303
  grads (pre): total 5.2614, lora 5.2405, adapter 0.4681
  grads (post): total 1.0000, lora 0.9960, adapter 0.0890
  <NUM> tokens: 106/2048 (5.2%)
  lr: base 2.97e-04, lora 2.97e-04, adapter 8.90e-05
  num inject: base_norm 0.5602, delta_raw_norm 63378.8867, delta_eff_norm 0.5602, scale 0.0012
  token accuracy: 0.712 (1422/1996)
iter 710: loss 0.6648, time 953.20ms, mfu 0.54%
iter 720: loss 0.6524, time 953.08ms, mfu 0.54%
iter 730: loss 0.7091, time 953.03ms, mfu 0.54%
iter 740: loss 0.6684, time 951.51ms, mfu 0.53%
iter 750: loss 0.6956, time 958.13ms, mfu 0.53%
iter 760: loss 0.6907, time 958.75ms, mfu 0.53%
iter 770: loss 0.6680, time 958.29ms, mfu 0.53%
iter 780: loss 0.6931, time 966.43ms, mfu 0.53%
iter 790: loss 0.6723, time 959.10ms, mfu 0.53%
iter 800: loss 0.6576, time 973.89ms, mfu 0.53%
  === DIAG iter 800 ===
  loss: 0.6576
  grads (pre): total 2.9180, lora 2.9072, adapter 0.2504
  grads (post): total 1.0000, lora 0.9963, adapter 0.0858
  <NUM> tokens: 104/2048 (5.1%)
  lr: base 2.95e-04, lora 2.95e-04, adapter 8.85e-05
  num inject: base_norm 0.5602, delta_raw_norm 65867.4062, delta_eff_norm 0.5602, scale 0.0012
  token accuracy: 0.749 (1496/1997)
iter 810: loss 0.6853, time 955.18ms, mfu 0.53%
iter 820: loss 0.6849, time 947.75ms, mfu 0.53%
iter 830: loss 0.6792, time 943.44ms, mfu 0.53%
iter 840: loss 0.6947, time 943.48ms, mfu 0.53%
iter 850: loss 0.6341, time 968.05ms, mfu 0.53%
iter 860: loss 0.6780, time 951.18ms, mfu 0.53%
iter 870: loss 0.6440, time 952.57ms, mfu 0.53%
iter 880: loss 0.6716, time 978.67ms, mfu 0.53%
iter 890: loss 0.7001, time 965.62ms, mfu 0.53%
iter 900: loss 0.6472, time 960.09ms, mfu 0.53%
  === DIAG iter 900 ===
  loss: 0.6472
  grads (pre): total 4.6452, lora 4.6182, adapter 0.4994
  grads (post): total 1.0000, lora 0.9942, adapter 0.1075
  <NUM> tokens: 109/2048 (5.3%)
  lr: base 2.93e-04, lora 2.93e-04, adapter 8.78e-05
  num inject: base_norm 0.5602, delta_raw_norm 45015.8789, delta_eff_norm 0.5602, scale 0.0025
  token accuracy: 0.742 (1483/1999)
iter 910: loss 0.6689, time 943.54ms, mfu 0.53%
iter 920: loss 0.6606, time 941.67ms, mfu 0.53%
iter 930: loss 0.6204, time 955.15ms, mfu 0.53%
iter 940: loss 0.6253, time 958.69ms, mfu 0.53%
iter 950: loss 0.6973, time 950.97ms, mfu 0.53%
iter 960: loss 0.6567, time 964.75ms, mfu 0.53%
iter 970: loss 0.6812, time 935.64ms, mfu 0.53%
iter 980: loss 0.6238, time 942.11ms, mfu 0.53%
iter 990: loss 0.6526, time 944.88ms, mfu 0.53%
step 1000: train loss 0.6279, val loss 0.6319
  saved checkpoint to /tmpdir/m24047brmn/numbers/model_checkpoints/synth_adapted_lora/ckpt_iter1000.pt
  new best val loss: 0.6319
iter 1000: loss 0.6563, time 16314.11ms, mfu 0.48%
  === DIAG iter 1000 ===
  loss: 0.6563
  grads (pre): total 3.3781, lora 3.3607, adapter 0.3425
  grads (post): total 1.0000, lora 0.9948, adapter 0.1014
  <NUM> tokens: 107/2048 (5.2%)
  lr: base 2.90e-04, lora 2.90e-04, adapter 8.70e-05
  num inject: base_norm 0.5602, delta_raw_norm 63778.9609, delta_eff_norm 0.5602, scale 0.0014
  token accuracy: 0.736 (1471/2000)
  --- Sample eval (val) ---
iter 1010: loss 0.6400, time 957.43ms, mfu 0.48%
iter 1020: loss 0.6615, time 956.15ms, mfu 0.49%
iter 1030: loss 0.6500, time 948.40ms, mfu 0.49%
iter 1040: loss 0.6111, time 944.27ms, mfu 0.50%
iter 1050: loss 0.6287, time 938.76ms, mfu 0.50%
iter 1060: loss 0.6073, time 941.76ms, mfu 0.50%
iter 1070: loss 0.6340, time 937.80ms, mfu 0.51%
iter 1080: loss 0.6533, time 940.92ms, mfu 0.51%
iter 1090: loss 0.6241, time 937.44ms, mfu 0.51%
iter 1100: loss 0.6393, time 950.03ms, mfu 0.51%
  === DIAG iter 1100 ===
  loss: 0.6393
  grads (pre): total 3.7053, lora 3.6858, adapter 0.3795
  grads (post): total 1.0000, lora 0.9947, adapter 0.1024
  <NUM> tokens: 102/2048 (5.0%)
  lr: base 2.87e-04, lora 2.87e-04, adapter 8.61e-05
  num inject: base_norm 0.5602, delta_raw_norm 52198.5078, delta_eff_norm 0.5602, scale 0.0016
  token accuracy: 0.750 (1498/1998)
iter 1110: loss 0.6164, time 935.37ms, mfu 0.52%
iter 1120: loss 0.6168, time 937.61ms, mfu 0.52%
iter 1130: loss 0.6219, time 937.24ms, mfu 0.52%
iter 1140: loss 0.5991, time 947.53ms, mfu 0.52%
iter 1150: loss 0.6245, time 948.56ms, mfu 0.52%
iter 1160: loss 0.6165, time 947.87ms, mfu 0.52%
iter 1170: loss 0.5731, time 972.24ms, mfu 0.52%
iter 1180: loss 0.6256, time 979.85ms, mfu 0.52%
iter 1190: loss 0.5973, time 966.53ms, mfu 0.52%
iter 1200: loss 0.6094, time 980.11ms, mfu 0.52%
  === DIAG iter 1200 ===
  loss: 0.6094
  grads (pre): total 3.3387, lora 3.3326, adapter 0.2024
  grads (post): total 1.0000, lora 0.9982, adapter 0.0606
  <NUM> tokens: 103/2048 (5.0%)
  lr: base 2.84e-04, lora 2.84e-04, adapter 8.51e-05
  num inject: base_norm 0.5602, delta_raw_norm 64959.5430, delta_eff_norm 0.5602, scale 0.0021
  token accuracy: 0.764 (1528/1999)
iter 1210: loss 0.6026, time 957.77ms, mfu 0.52%
iter 1220: loss 0.5703, time 974.21ms, mfu 0.52%
iter 1230: loss 0.5532, time 953.17ms, mfu 0.52%
iter 1240: loss 0.5749, time 950.89ms, mfu 0.52%
iter 1250: loss 0.5421, time 949.43ms, mfu 0.52%
iter 1260: loss 0.5719, time 947.57ms, mfu 0.52%
iter 1270: loss 0.6100, time 945.93ms, mfu 0.52%
iter 1280: loss 0.5901, time 945.33ms, mfu 0.53%
iter 1290: loss 0.5803, time 947.60ms, mfu 0.53%
iter 1300: loss 0.5548, time 962.41ms, mfu 0.53%
  === DIAG iter 1300 ===
  loss: 0.5548
  grads (pre): total 5.5842, lora 5.5394, adapter 0.7062
  grads (post): total 1.0000, lora 0.9920, adapter 0.1265
  <NUM> tokens: 105/2048 (5.1%)
  lr: base 2.80e-04, lora 2.80e-04, adapter 8.40e-05
  num inject: base_norm 0.5602, delta_raw_norm 53605.4883, delta_eff_norm 0.5602, scale 0.0023
  token accuracy: 0.783 (1566/2001)
iter 1310: loss 0.5813, time 944.43ms, mfu 0.53%
iter 1320: loss 0.5415, time 941.71ms, mfu 0.53%
iter 1330: loss 0.5857, time 945.68ms, mfu 0.53%
iter 1340: loss 0.5448, time 940.54ms, mfu 0.53%
iter 1350: loss 0.5361, time 940.85ms, mfu 0.53%
iter 1360: loss 0.5410, time 937.63ms, mfu 0.53%
iter 1370: loss 0.5532, time 938.67ms, mfu 0.53%
iter 1380: loss 0.5415, time 937.36ms, mfu 0.53%
iter 1390: loss 0.5587, time 939.02ms, mfu 0.53%
iter 1400: loss 0.5821, time 954.11ms, mfu 0.53%
  === DIAG iter 1400 ===
  loss: 0.5821
  grads (pre): total 5.4949, lora 5.4413, adapter 0.7657
  grads (post): total 1.0000, lora 0.9902, adapter 0.1393
  <NUM> tokens: 98/2048 (4.8%)
  lr: base 2.76e-04, lora 2.76e-04, adapter 8.28e-05
  num inject: base_norm 0.5602, delta_raw_norm 61093.5156, delta_eff_norm 0.5602, scale 0.0016
  token accuracy: 0.768 (1535/1999)
iter 1410: loss 0.5604, time 937.68ms, mfu 0.53%
iter 1420: loss 0.5280, time 948.63ms, mfu 0.53%
iter 1430: loss 0.5741, time 946.41ms, mfu 0.53%
iter 1440: loss 0.5473, time 934.84ms, mfu 0.53%
iter 1450: loss 0.5809, time 939.66ms, mfu 0.53%
iter 1460: loss 0.5695, time 932.60ms, mfu 0.53%
iter 1470: loss 0.5493, time 931.28ms, mfu 0.53%
iter 1480: loss 0.5501, time 929.03ms, mfu 0.53%
iter 1490: loss 0.5650, time 927.64ms, mfu 0.54%
iter 1500: loss 0.5564, time 942.31ms, mfu 0.54%
  === DIAG iter 1500 ===
  loss: 0.5564
  grads (pre): total 4.0274, lora 3.9898, adapter 0.5488
  grads (post): total 1.0000, lora 0.9907, adapter 0.1363
  <NUM> tokens: 102/2048 (5.0%)
  lr: base 2.72e-04, lora 2.72e-04, adapter 8.15e-05
  num inject: base_norm 0.5602, delta_raw_norm 49786.9023, delta_eff_norm 0.5602, scale 0.0030
  token accuracy: 0.779 (1556/1998)
  --- Sample eval (val) ---
iter 1510: loss 0.5894, time 924.79ms, mfu 0.54%
iter 1520: loss 0.5440, time 947.80ms, mfu 0.54%
iter 1530: loss 0.5430, time 944.05ms, mfu 0.54%
iter 1540: loss 0.5413, time 944.10ms, mfu 0.54%
iter 1550: loss 0.5831, time 972.79ms, mfu 0.53%
iter 1560: loss 0.5463, time 946.53ms, mfu 0.53%
iter 1570: loss 0.5105, time 967.58ms, mfu 0.53%
iter 1580: loss 0.5584, time 968.88ms, mfu 0.53%
iter 1590: loss 0.5376, time 971.04ms, mfu 0.53%
iter 1600: loss 0.5775, time 953.97ms, mfu 0.53%
  === DIAG iter 1600 ===
  loss: 0.5775
  grads (pre): total 4.7843, lora 4.7356, adapter 0.6812
  grads (post): total 1.0000, lora 0.9898, adapter 0.1424
  <NUM> tokens: 108/2048 (5.3%)
  lr: base 2.67e-04, lora 2.67e-04, adapter 8.00e-05
  num inject: base_norm 0.5602, delta_raw_norm 51288.3164, delta_eff_norm 0.5602, scale 0.0029
  token accuracy: 0.774 (1544/1995)
iter 1610: loss 0.5378, time 956.90ms, mfu 0.53%
iter 1620: loss 0.5140, time 953.20ms, mfu 0.53%
iter 1630: loss 0.5670, time 954.82ms, mfu 0.53%
iter 1640: loss 0.5123, time 953.34ms, mfu 0.53%
iter 1650: loss 0.5279, time 950.28ms, mfu 0.53%
iter 1660: loss 0.5623, time 953.24ms, mfu 0.53%
iter 1670: loss 0.5123, time 948.82ms, mfu 0.53%
iter 1680: loss 0.5569, time 950.40ms, mfu 0.53%
iter 1690: loss 0.5321, time 951.85ms, mfu 0.53%
iter 1700: loss 0.5134, time 994.23ms, mfu 0.53%
  === DIAG iter 1700 ===
  loss: 0.5134
  grads (pre): total 5.0217, lora 4.9660, adapter 0.7462
  grads (post): total 1.0000, lora 0.9889, adapter 0.1486
  <NUM> tokens: 104/2048 (5.1%)
  lr: base 2.62e-04, lora 2.62e-04, adapter 7.85e-05
  num inject: base_norm 0.5602, delta_raw_norm 48875.8672, delta_eff_norm 0.5602, scale 0.0033
  token accuracy: 0.798 (1595/1998)
iter 1710: loss 0.5053, time 981.60ms, mfu 0.53%
iter 1720: loss 0.5389, time 976.84ms, mfu 0.52%
iter 1730: loss 0.5466, time 977.86ms, mfu 0.52%
iter 1740: loss 0.5471, time 980.05ms, mfu 0.52%
iter 1750: loss 0.5098, time 972.40ms, mfu 0.52%
iter 1760: loss 0.5409, time 971.58ms, mfu 0.52%
iter 1770: loss 0.5057, time 974.08ms, mfu 0.52%
iter 1780: loss 0.5292, time 979.53ms, mfu 0.52%
iter 1790: loss 0.5598, time 976.94ms, mfu 0.52%
iter 1800: loss 0.5322, time 984.58ms, mfu 0.52%
  === DIAG iter 1800 ===
  loss: 0.5322
  grads (pre): total 3.2209, lora 3.1872, adapter 0.4642
  grads (post): total 1.0000, lora 0.9896, adapter 0.1441
  <NUM> tokens: 107/2048 (5.2%)
  lr: base 2.56e-04, lora 2.56e-04, adapter 7.69e-05
  num inject: base_norm 0.5602, delta_raw_norm 54169.9570, delta_eff_norm 0.5602, scale 0.0020
  token accuracy: 0.795 (1586/1996)
iter 1810: loss 0.5277, time 969.11ms, mfu 0.52%
iter 1820: loss 0.5400, time 974.58ms, mfu 0.52%
iter 1830: loss 0.4981, time 971.63ms, mfu 0.52%
iter 1840: loss 0.4959, time 977.33ms, mfu 0.52%
iter 1850: loss 0.4904, time 961.68ms, mfu 0.52%
iter 1860: loss 0.4928, time 1006.01ms, mfu 0.52%
iter 1870: loss 0.4922, time 970.99ms, mfu 0.52%
iter 1880: loss 0.5245, time 972.85ms, mfu 0.52%
iter 1890: loss 0.5259, time 971.82ms, mfu 0.52%
iter 1900: loss 0.5163, time 984.59ms, mfu 0.52%
  === DIAG iter 1900 ===
  loss: 0.5163
  grads (pre): total 7.4664, lora 7.3747, adapter 1.1665
  grads (post): total 1.0000, lora 0.9877, adapter 0.1562
  <NUM> tokens: 110/2048 (5.4%)
  lr: base 2.51e-04, lora 2.51e-04, adapter 7.52e-05
  num inject: base_norm 0.5602, delta_raw_norm 57377.3906, delta_eff_norm 0.5602, scale 0.0029
  token accuracy: 0.799 (1594/1994)
iter 1910: loss 0.5338, time 971.32ms, mfu 0.52%
iter 1920: loss 0.5168, time 971.25ms, mfu 0.52%
iter 1930: loss 0.4764, time 971.61ms, mfu 0.52%
iter 1940: loss 0.5279, time 969.54ms, mfu 0.52%
iter 1950: loss 0.5076, time 977.62ms, mfu 0.52%
iter 1960: loss 0.5399, time 969.74ms, mfu 0.52%
iter 1970: loss 0.5359, time 999.47ms, mfu 0.52%
iter 1980: loss 0.5196, time 947.56ms, mfu 0.52%
iter 1990: loss 0.4764, time 945.49ms, mfu 0.52%
step 2000: train loss 0.4832, val loss 0.4852
  saved checkpoint to /tmpdir/m24047brmn/numbers/model_checkpoints/synth_adapted_lora/ckpt_iter2000.pt
  new best val loss: 0.4852
iter 2000: loss 0.5356, time 16828.58ms, mfu 0.47%
  === DIAG iter 2000 ===
  loss: 0.5356
  grads (pre): total 2.9951, lora 2.9660, adapter 0.4166
  grads (post): total 1.0000, lora 0.9903, adapter 0.1391
  <NUM> tokens: 111/2048 (5.4%)
  lr: base 2.45e-04, lora 2.45e-04, adapter 7.35e-05
  num inject: base_norm 0.5602, delta_raw_norm 56975.8555, delta_eff_norm 0.5602, scale 0.0023
  token accuracy: 0.785 (1566/1994)
  --- Sample eval (val) ---
iter 2010: loss 0.4977, time 962.16ms, mfu 0.48%
iter 2020: loss 0.4601, time 951.53ms, mfu 0.48%
iter 2030: loss 0.5396, time 968.45ms, mfu 0.48%
iter 2040: loss 0.5128, time 990.40ms, mfu 0.49%
iter 2050: loss 0.4881, time 968.35ms, mfu 0.49%
iter 2060: loss 0.5185, time 969.63ms, mfu 0.49%
iter 2070: loss 0.5109, time 969.40ms, mfu 0.50%
iter 2080: loss 0.5071, time 950.58ms, mfu 0.50%
iter 2090: loss 0.4650, time 945.07ms, mfu 0.50%
iter 2100: loss 0.5200, time 983.77ms, mfu 0.50%
  === DIAG iter 2100 ===
  loss: 0.5200
  grads (pre): total 6.5140, lora 6.4251, adapter 1.0724
  grads (post): total 1.0000, lora 0.9864, adapter 0.1646
  <NUM> tokens: 106/2048 (5.2%)
  lr: base 2.39e-04, lora 2.39e-04, adapter 7.17e-05
  num inject: base_norm 0.5602, delta_raw_norm 56630.9297, delta_eff_norm 0.5602, scale 0.0025
  token accuracy: 0.796 (1589/1996)
iter 2110: loss 0.5110, time 944.04ms, mfu 0.51%
iter 2120: loss 0.4645, time 948.99ms, mfu 0.51%
iter 2130: loss 0.4653, time 952.48ms, mfu 0.51%
iter 2140: loss 0.4415, time 946.32ms, mfu 0.51%
iter 2150: loss 0.4918, time 987.95ms, mfu 0.51%
iter 2160: loss 0.4562, time 946.38ms, mfu 0.51%
iter 2170: loss 0.5538, time 944.09ms, mfu 0.52%
iter 2180: loss 0.5033, time 941.78ms, mfu 0.52%
iter 2190: loss 0.5186, time 940.20ms, mfu 0.52%
iter 2200: loss 0.5054, time 949.43ms, mfu 0.52%
  === DIAG iter 2200 ===
  loss: 0.5054
  grads (pre): total 4.2962, lora 4.2492, adapter 0.6338
  grads (post): total 1.0000, lora 0.9891, adapter 0.1475
  <NUM> tokens: 111/2048 (5.4%)
  lr: base 2.32e-04, lora 2.32e-04, adapter 6.97e-05
  num inject: base_norm 0.5602, delta_raw_norm 53158.9805, delta_eff_norm 0.5602, scale 0.0034
  token accuracy: 0.805 (1606/1994)
iter 2210: loss 0.5059, time 942.88ms, mfu 0.52%
iter 2220: loss 0.4703, time 938.59ms, mfu 0.52%
iter 2230: loss 0.5099, time 936.47ms, mfu 0.53%
iter 2240: loss 0.4690, time 939.54ms, mfu 0.53%
iter 2250: loss 0.5047, time 999.67ms, mfu 0.52%
iter 2260: loss 0.4759, time 997.26ms, mfu 0.52%
iter 2270: loss 0.4761, time 940.64ms, mfu 0.52%
iter 2280: loss 0.5043, time 953.06ms, mfu 0.52%
iter 2290: loss 0.4483, time 949.21ms, mfu 0.52%
iter 2300: loss 0.4656, time 960.83ms, mfu 0.52%
  === DIAG iter 2300 ===
  loss: 0.4656
  grads (pre): total 6.3338, lora 6.2563, adapter 0.9877
  grads (post): total 1.0000, lora 0.9878, adapter 0.1559
  <NUM> tokens: 108/2048 (5.3%)
  lr: base 2.26e-04, lora 2.26e-04, adapter 6.78e-05
  num inject: base_norm 0.5602, delta_raw_norm 47160.3672, delta_eff_norm 0.5602, scale 0.0026
  token accuracy: 0.818 (1635/1999)
iter 2310: loss 0.4909, time 949.90ms, mfu 0.52%
iter 2320: loss 0.4956, time 944.77ms, mfu 0.53%
iter 2330: loss 0.5003, time 949.98ms, mfu 0.53%
iter 2340: loss 0.4742, time 940.69ms, mfu 0.53%
iter 2350: loss 0.5173, time 943.24ms, mfu 0.53%
iter 2360: loss 0.5151, time 938.69ms, mfu 0.53%
iter 2370: loss 0.4796, time 939.11ms, mfu 0.53%
iter 2380: loss 0.4619, time 934.00ms, mfu 0.53%
iter 2390: loss 0.4841, time 936.18ms, mfu 0.53%
iter 2400: loss 0.4130, time 950.87ms, mfu 0.53%
  === DIAG iter 2400 ===
  loss: 0.4130
  grads (pre): total 5.8216, lora 5.7458, adapter 0.9367
  grads (post): total 1.0000, lora 0.9870, adapter 0.1609
  <NUM> tokens: 104/2048 (5.1%)
  lr: base 2.19e-04, lora 2.19e-04, adapter 6.58e-05
  num inject: base_norm 0.5602, delta_raw_norm 35763.4297, delta_eff_norm 0.5602, scale 0.0029
  token accuracy: 0.846 (1695/2004)
iter 2410: loss 0.4673, time 942.81ms, mfu 0.53%
iter 2420: loss 0.4814, time 980.63ms, mfu 0.53%
iter 2430: loss 0.4499, time 977.24ms, mfu 0.53%
iter 2440: loss 0.5142, time 977.23ms, mfu 0.53%
iter 2450: loss 0.4880, time 978.75ms, mfu 0.53%
iter 2460: loss 0.5105, time 979.14ms, mfu 0.52%
iter 2470: loss 0.4949, time 966.42ms, mfu 0.52%
iter 2480: loss 0.4301, time 967.78ms, mfu 0.52%
iter 2490: loss 0.4805, time 964.08ms, mfu 0.52%
iter 2500: loss 0.4964, time 978.97ms, mfu 0.52%
  === DIAG iter 2500 ===
  loss: 0.4964
  grads (pre): total 2.0346, lora 2.0176, adapter 0.2626
  grads (post): total 1.0000, lora 0.9916, adapter 0.1291
  <NUM> tokens: 107/2048 (5.2%)
  lr: base 2.12e-04, lora 2.12e-04, adapter 6.37e-05
  num inject: base_norm 0.5602, delta_raw_norm 51866.1445, delta_eff_norm 0.5602, scale 0.0034
  token accuracy: 0.803 (1602/1995)
  --- Sample eval (val) ---
iter 2510: loss 0.4869, time 972.67ms, mfu 0.52%
iter 2520: loss 0.4608, time 1007.43ms, mfu 0.52%
iter 2530: loss 0.4734, time 1008.51ms, mfu 0.52%
iter 2540: loss 0.4791, time 975.83ms, mfu 0.52%
iter 2550: loss 0.4818, time 991.95ms, mfu 0.52%
iter 2560: loss 0.4771, time 974.97ms, mfu 0.52%
iter 2570: loss 0.4706, time 1002.63ms, mfu 0.52%
iter 2580: loss 0.4846, time 960.88ms, mfu 0.52%
iter 2590: loss 0.4432, time 970.24ms, mfu 0.52%
iter 2600: loss 0.5278, time 998.63ms, mfu 0.52%
  === DIAG iter 2600 ===
  loss: 0.5278
  grads (pre): total 2.9842, lora 2.9467, adapter 0.4715
  grads (post): total 1.0000, lora 0.9874, adapter 0.1580
  <NUM> tokens: 104/2048 (5.1%)
  lr: base 2.05e-04, lora 2.05e-04, adapter 6.16e-05
  num inject: base_norm 0.5602, delta_raw_norm 48551.5508, delta_eff_norm 0.5602, scale 0.0028
  token accuracy: 0.794 (1586/1997)
iter 2610: loss 0.4812, time 956.48ms, mfu 0.52%
iter 2620: loss 0.4711, time 968.12ms, mfu 0.52%
iter 2630: loss 0.5058, time 967.21ms, mfu 0.52%
iter 2640: loss 0.4724, time 981.59ms, mfu 0.52%
iter 2650: loss 0.4763, time 980.53ms, mfu 0.52%
iter 2660: loss 0.4655, time 978.59ms, mfu 0.52%
iter 2670: loss 0.4561, time 999.59ms, mfu 0.51%
iter 2680: loss 0.4910, time 985.74ms, mfu 0.51%
iter 2690: loss 0.4661, time 999.57ms, mfu 0.51%
iter 2700: loss 0.4885, time 999.18ms, mfu 0.51%
  === DIAG iter 2700 ===
  loss: 0.4885
  grads (pre): total 9.3338, lora 9.2057, adapter 1.5414
  grads (post): total 1.0000, lora 0.9863, adapter 0.1651
  <NUM> tokens: 107/2048 (5.2%)
  lr: base 1.98e-04, lora 1.98e-04, adapter 5.94e-05
  num inject: base_norm 0.5602, delta_raw_norm 56887.6602, delta_eff_norm 0.5602, scale 0.0024
  token accuracy: 0.815 (1627/1997)
iter 2710: loss 0.4635, time 986.11ms, mfu 0.51%
iter 2720: loss 0.4691, time 985.17ms, mfu 0.51%
iter 2730: loss 0.4621, time 984.38ms, mfu 0.51%
iter 2740: loss 0.4633, time 981.62ms, mfu 0.51%
iter 2750: loss 0.4669, time 990.53ms, mfu 0.51%
iter 2760: loss 0.4529, time 982.88ms, mfu 0.51%
iter 2770: loss 0.4525, time 982.26ms, mfu 0.51%
iter 2780: loss 0.4541, time 1024.83ms, mfu 0.51%
iter 2790: loss 0.4534, time 989.34ms, mfu 0.51%
iter 2800: loss 0.4519, time 1005.66ms, mfu 0.51%
  === DIAG iter 2800 ===
  loss: 0.4519
  grads (pre): total 7.6052, lora 7.5097, adapter 1.2015
  grads (post): total 1.0000, lora 0.9874, adapter 0.1580
  <NUM> tokens: 108/2048 (5.3%)
  lr: base 1.91e-04, lora 1.91e-04, adapter 5.73e-05
  num inject: base_norm 0.5602, delta_raw_norm 36436.3281, delta_eff_norm 0.5602, scale 0.0030
  token accuracy: 0.825 (1649/1998)
iter 2810: loss 0.5017, time 992.53ms, mfu 0.51%
iter 2820: loss 0.4222, time 990.76ms, mfu 0.51%
iter 2830: loss 0.4707, time 993.08ms, mfu 0.51%
iter 2840: loss 0.4703, time 992.00ms, mfu 0.51%
iter 2850: loss 0.4853, time 987.33ms, mfu 0.51%
iter 2860: loss 0.4827, time 990.74ms, mfu 0.51%
iter 2870: loss 0.4956, time 991.02ms, mfu 0.51%
iter 2880: loss 0.4904, time 984.35ms, mfu 0.51%
iter 2890: loss 0.4850, time 977.01ms, mfu 0.51%
iter 2900: loss 0.4716, time 979.50ms, mfu 0.51%
  === DIAG iter 2900 ===
  loss: 0.4716
  grads (pre): total 6.6197, lora 6.5312, adapter 1.0782
  grads (post): total 1.0000, lora 0.9866, adapter 0.1629
  <NUM> tokens: 110/2048 (5.4%)
  lr: base 1.84e-04, lora 1.84e-04, adapter 5.51e-05
  num inject: base_norm 0.5602, delta_raw_norm 39763.8047, delta_eff_norm 0.5602, scale 0.0029
  token accuracy: 0.814 (1626/1998)
iter 2910: loss 0.4670, time 973.33ms, mfu 0.51%
iter 2920: loss 0.4759, time 1014.82ms, mfu 0.51%
iter 2930: loss 0.4861, time 984.74ms, mfu 0.51%
iter 2940: loss 0.4810, time 985.29ms, mfu 0.51%
iter 2950: loss 0.4445, time 981.04ms, mfu 0.51%
iter 2960: loss 0.4492, time 978.14ms, mfu 0.51%
iter 2970: loss 0.4462, time 990.03ms, mfu 0.51%
iter 2980: loss 0.4455, time 985.54ms, mfu 0.51%
iter 2990: loss 0.4863, time 1003.95ms, mfu 0.51%
step 3000: train loss 0.4421, val loss 0.4472
  saved checkpoint to /tmpdir/m24047brmn/numbers/model_checkpoints/synth_adapted_lora/ckpt_iter3000.pt
  new best val loss: 0.4472
iter 3000: loss 0.4495, time 16629.65ms, mfu 0.46%
  === DIAG iter 3000 ===
  loss: 0.4495
  grads (pre): total 7.2842, lora 7.1880, adapter 1.1803
  grads (post): total 1.0000, lora 0.9868, adapter 0.1620
  <NUM> tokens: 105/2048 (5.1%)
  lr: base 1.76e-04, lora 1.76e-04, adapter 5.28e-05
  num inject: base_norm 0.5602, delta_raw_norm 63326.8398, delta_eff_norm 0.5602, scale 0.0034
  token accuracy: 0.826 (1650/1998)
  --- Sample eval (val) ---
iter 3010: loss 0.4560, time 964.12ms, mfu 0.47%
iter 3020: loss 0.4810, time 955.14ms, mfu 0.47%
iter 3030: loss 0.4577, time 962.37ms, mfu 0.48%
iter 3040: loss 0.4449, time 957.01ms, mfu 0.48%
iter 3050: loss 0.4682, time 948.45ms, mfu 0.49%
iter 3060: loss 0.4334, time 948.30ms, mfu 0.49%
iter 3070: loss 0.4832, time 948.12ms, mfu 0.50%
iter 3080: loss 0.4444, time 946.26ms, mfu 0.50%
iter 3090: loss 0.4486, time 972.64ms, mfu 0.50%
iter 3100: loss 0.4876, time 992.63ms, mfu 0.50%
  === DIAG iter 3100 ===
  loss: 0.4876
  grads (pre): total 7.6242, lora 7.5216, adapter 1.2468
  grads (post): total 1.0000, lora 0.9865, adapter 0.1635
  <NUM> tokens: 102/2048 (5.0%)
  lr: base 1.69e-04, lora 1.69e-04, adapter 5.06e-05
  num inject: base_norm 0.5602, delta_raw_norm 38942.9727, delta_eff_norm 0.5602, scale 0.0034
  token accuracy: 0.809 (1617/1999)
iter 3110: loss 0.4589, time 975.73ms, mfu 0.50%
iter 3120: loss 0.4520, time 976.34ms, mfu 0.50%
iter 3130: loss 0.4589, time 974.67ms, mfu 0.51%
iter 3140: loss 0.4281, time 971.83ms, mfu 0.51%
iter 3150: loss 0.5463, time 967.40ms, mfu 0.51%
iter 3160: loss 0.3975, time 961.19ms, mfu 0.51%
iter 3170: loss 0.4454, time 954.59ms, mfu 0.51%
iter 3180: loss 0.4561, time 952.12ms, mfu 0.51%
iter 3190: loss 0.4667, time 951.42ms, mfu 0.51%
iter 3200: loss 0.4683, time 962.59ms, mfu 0.52%
  === DIAG iter 3200 ===
  loss: 0.4683
  grads (pre): total 5.2611, lora 5.1897, adapter 0.8643
  grads (post): total 1.0000, lora 0.9864, adapter 0.1643
  <NUM> tokens: 106/2048 (5.2%)
  lr: base 1.61e-04, lora 1.61e-04, adapter 4.84e-05
  num inject: base_norm 0.5602, delta_raw_norm 49606.5195, delta_eff_norm 0.5602, scale 0.0035
  token accuracy: 0.817 (1630/1996)
iter 3210: loss 0.4720, time 949.61ms, mfu 0.52%
iter 3220: loss 0.4733, time 950.65ms, mfu 0.52%
iter 3230: loss 0.4719, time 949.43ms, mfu 0.52%
iter 3240: loss 0.4532, time 1011.74ms, mfu 0.52%
iter 3250: loss 0.4587, time 960.52ms, mfu 0.52%
iter 3260: loss 0.5149, time 958.94ms, mfu 0.52%
iter 3270: loss 0.4333, time 956.84ms, mfu 0.52%
iter 3280: loss 0.4619, time 953.12ms, mfu 0.52%
iter 3290: loss 0.4130, time 951.01ms, mfu 0.52%
iter 3300: loss 0.4399, time 964.39ms, mfu 0.52%
  === DIAG iter 3300 ===
  loss: 0.4399
  grads (pre): total 6.3031, lora 6.2156, adapter 1.0466
  grads (post): total 1.0000, lora 0.9861, adapter 0.1660
  <NUM> tokens: 105/2048 (5.1%)
  lr: base 1.54e-04, lora 1.54e-04, adapter 4.62e-05
  num inject: base_norm 0.5602, delta_raw_norm 52649.7578, delta_eff_norm 0.5602, scale 0.0029
  token accuracy: 0.831 (1661/2000)
iter 3310: loss 0.4331, time 952.76ms, mfu 0.52%
iter 3320: loss 0.4549, time 951.57ms, mfu 0.52%
iter 3330: loss 0.4401, time 973.86ms, mfu 0.52%
iter 3340: loss 0.4825, time 957.44ms, mfu 0.52%
iter 3350: loss 0.4450, time 955.00ms, mfu 0.52%
iter 3360: loss 0.4399, time 973.33ms, mfu 0.52%
iter 3370: loss 0.4544, time 950.90ms, mfu 0.52%
iter 3380: loss 0.4170, time 951.47ms, mfu 0.52%
iter 3390: loss 0.4817, time 950.50ms, mfu 0.52%
iter 3400: loss 0.4493, time 1003.68ms, mfu 0.52%
  === DIAG iter 3400 ===
  loss: 0.4493
  grads (pre): total 9.4194, lora 9.3072, adapter 1.4498
  grads (post): total 1.0000, lora 0.9881, adapter 0.1539
  <NUM> tokens: 110/2048 (5.4%)
  lr: base 1.46e-04, lora 1.46e-04, adapter 4.39e-05
  num inject: base_norm 0.5602, delta_raw_norm 39829.0938, delta_eff_norm 0.5602, scale 0.0038
  token accuracy: 0.823 (1642/1995)
iter 3410: loss 0.4587, time 978.33ms, mfu 0.52%
iter 3420: loss 0.4290, time 975.97ms, mfu 0.52%
iter 3430: loss 0.5073, time 975.95ms, mfu 0.52%
iter 3440: loss 0.4509, time 963.70ms, mfu 0.52%
iter 3450: loss 0.4558, time 956.58ms, mfu 0.52%
iter 3460: loss 0.4584, time 957.01ms, mfu 0.52%
iter 3470: loss 0.4530, time 994.25ms, mfu 0.52%
iter 3480: loss 0.4572, time 984.95ms, mfu 0.52%
iter 3490: loss 0.4500, time 975.27ms, mfu 0.52%
iter 3500: loss 0.4338, time 989.59ms, mfu 0.52%
  === DIAG iter 3500 ===
  loss: 0.4338
  grads (pre): total 8.3877, lora 8.2660, adapter 1.4232
  grads (post): total 1.0000, lora 0.9855, adapter 0.1697
  <NUM> tokens: 105/2048 (5.1%)
  lr: base 1.39e-04, lora 1.39e-04, adapter 4.17e-05
  num inject: base_norm 0.5602, delta_raw_norm 48176.4062, delta_eff_norm 0.5602, scale 0.0034
  token accuracy: 0.835 (1668/1998)
  --- Sample eval (val) ---
iter 3510: loss 0.4283, time 974.02ms, mfu 0.52%
iter 3520: loss 0.3823, time 969.68ms, mfu 0.52%
iter 3530: loss 0.4551, time 976.46ms, mfu 0.52%
iter 3540: loss 0.4247, time 962.78ms, mfu 0.52%
iter 3550: loss 0.4872, time 959.83ms, mfu 0.52%
iter 3560: loss 0.4183, time 960.07ms, mfu 0.52%
iter 3570: loss 0.4116, time 970.60ms, mfu 0.52%
iter 3580: loss 0.4012, time 990.64ms, mfu 0.52%
iter 3590: loss 0.4092, time 986.83ms, mfu 0.52%
iter 3600: loss 0.4215, time 1002.84ms, mfu 0.52%
  === DIAG iter 3600 ===
  loss: 0.4215
  grads (pre): total 12.0886, lora 11.9261, adapter 1.9757
  grads (post): total 1.0000, lora 0.9866, adapter 0.1634
  <NUM> tokens: 107/2048 (5.2%)
  lr: base 1.32e-04, lora 1.32e-04, adapter 3.96e-05
  num inject: base_norm 0.5602, delta_raw_norm 42677.8320, delta_eff_norm 0.5602, scale 0.0039
  token accuracy: 0.837 (1668/1994)
iter 3610: loss 0.4631, time 988.98ms, mfu 0.52%
iter 3620: loss 0.4292, time 995.06ms, mfu 0.51%
iter 3630: loss 0.4288, time 991.43ms, mfu 0.51%
iter 3640: loss 0.4435, time 993.23ms, mfu 0.51%
iter 3650: loss 0.4027, time 980.88ms, mfu 0.51%
iter 3660: loss 0.4617, time 983.12ms, mfu 0.51%
iter 3670: loss 0.4343, time 979.64ms, mfu 0.51%
iter 3680: loss 0.4531, time 982.76ms, mfu 0.51%
iter 3690: loss 0.4088, time 973.11ms, mfu 0.51%
iter 3700: loss 0.4421, time 979.23ms, mfu 0.51%
  === DIAG iter 3700 ===
  loss: 0.4421
  grads (pre): total 4.3877, lora 4.3410, adapter 0.6385
  grads (post): total 1.0000, lora 0.9894, adapter 0.1455
  <NUM> tokens: 103/2048 (5.0%)
  lr: base 1.25e-04, lora 1.25e-04, adapter 3.74e-05
  num inject: base_norm 0.5602, delta_raw_norm 49253.4844, delta_eff_norm 0.5602, scale 0.0033
  token accuracy: 0.831 (1660/1998)
iter 3710: loss 0.4540, time 965.47ms, mfu 0.51%
iter 3720: loss 0.4224, time 964.60ms, mfu 0.51%
iter 3730: loss 0.4466, time 964.93ms, mfu 0.52%
iter 3740: loss 0.4642, time 966.80ms, mfu 0.52%
iter 3750: loss 0.4548, time 997.76ms, mfu 0.52%
iter 3760: loss 0.4061, time 988.78ms, mfu 0.51%
iter 3770: loss 0.4048, time 961.72ms, mfu 0.52%
iter 3780: loss 0.4341, time 956.49ms, mfu 0.52%
iter 3790: loss 0.4446, time 955.80ms, mfu 0.52%
iter 3800: loss 0.4206, time 981.44ms, mfu 0.52%
  === DIAG iter 3800 ===
  loss: 0.4206
  grads (pre): total 11.0786, lora 10.9244, adapter 1.8420
  grads (post): total 1.0000, lora 0.9861, adapter 0.1663
  <NUM> tokens: 108/2048 (5.3%)
  lr: base 1.18e-04, lora 1.18e-04, adapter 3.53e-05
  num inject: base_norm 0.5602, delta_raw_norm 35869.7461, delta_eff_norm 0.5602, scale 0.0031
  token accuracy: 0.835 (1671/2001)
iter 3810: loss 0.5041, time 968.23ms, mfu 0.52%
iter 3820: loss 0.4342, time 968.10ms, mfu 0.52%
iter 3830: loss 0.4399, time 980.37ms, mfu 0.52%
iter 3840: loss 0.4470, time 969.95ms, mfu 0.52%
iter 3850: loss 0.4207, time 970.88ms, mfu 0.52%
iter 3860: loss 0.4353, time 985.10ms, mfu 0.52%
iter 3870: loss 0.4307, time 981.63ms, mfu 0.52%
iter 3880: loss 0.4405, time 982.86ms, mfu 0.52%
iter 3890: loss 0.4303, time 974.61ms, mfu 0.52%
iter 3900: loss 0.4099, time 986.37ms, mfu 0.52%
  === DIAG iter 3900 ===
  loss: 0.4099
  grads (pre): total 3.6216, lora 3.5968, adapter 0.4227
  grads (post): total 1.0000, lora 0.9932, adapter 0.1167
  <NUM> tokens: 98/2048 (4.8%)
  lr: base 1.11e-04, lora 1.11e-04, adapter 3.32e-05
  num inject: base_norm 0.5602, delta_raw_norm 42385.0859, delta_eff_norm 0.5602, scale 0.0032
  token accuracy: 0.847 (1692/1998)
iter 3910: loss 0.4713, time 968.22ms, mfu 0.52%
iter 3920: loss 0.4339, time 1001.63ms, mfu 0.51%
iter 3930: loss 0.4917, time 972.48ms, mfu 0.51%
iter 3940: loss 0.4259, time 965.36ms, mfu 0.52%
iter 3950: loss 0.4465, time 990.76ms, mfu 0.51%
iter 3960: loss 0.4093, time 968.33ms, mfu 0.52%
iter 3970: loss 0.4606, time 967.93ms, mfu 0.52%
iter 3980: loss 0.4621, time 970.05ms, mfu 0.52%
iter 3990: loss 0.4557, time 970.19ms, mfu 0.52%
step 4000: train loss 0.4147, val loss 0.4239
  saved checkpoint to /tmpdir/m24047brmn/numbers/model_checkpoints/synth_adapted_lora/ckpt_iter4000.pt
  new best val loss: 0.4239
iter 4000: loss 0.5001, time 16533.58ms, mfu 0.47%
  === DIAG iter 4000 ===
  loss: 0.5001
  grads (pre): total 7.7031, lora 7.5980, adapter 1.2679
  grads (post): total 1.0000, lora 0.9864, adapter 0.1646
  <NUM> tokens: 104/2048 (5.1%)
  lr: base 1.04e-04, lora 1.04e-04, adapter 3.12e-05
  num inject: base_norm 0.5602, delta_raw_norm 67279.7266, delta_eff_norm 0.5602, scale 0.0015
  token accuracy: 0.803 (1604/1997)
  --- Sample eval (val) ---
iter 4010: loss 0.4181, time 955.45ms, mfu 0.47%
iter 4020: loss 0.3982, time 957.27ms, mfu 0.48%
iter 4030: loss 0.4479, time 954.85ms, mfu 0.48%
iter 4040: loss 0.4602, time 983.88ms, mfu 0.49%
iter 4050: loss 0.4255, time 991.25ms, mfu 0.49%
iter 4060: loss 0.4409, time 1000.82ms, mfu 0.49%
iter 4070: loss 0.4267, time 1554.25ms, mfu 0.47%
iter 4080: loss 0.4078, time 987.00ms, mfu 0.48%
iter 4090: loss 0.4031, time 999.97ms, mfu 0.48%
iter 4100: loss 0.4226, time 982.27ms, mfu 0.48%
  === DIAG iter 4100 ===
  loss: 0.4226
  grads (pre): total 8.2424, lora 8.1364, adapter 1.3177
  grads (post): total 1.0000, lora 0.9871, adapter 0.1599
  <NUM> tokens: 108/2048 (5.3%)
  lr: base 9.75e-05, lora 9.75e-05, adapter 2.93e-05
  num inject: base_norm 0.5602, delta_raw_norm 50500.9922, delta_eff_norm 0.5602, scale 0.0032
  token accuracy: 0.841 (1681/2000)
iter 4110: loss 0.4022, time 966.74ms, mfu 0.49%
iter 4120: loss 0.4409, time 966.40ms, mfu 0.49%
iter 4130: loss 0.4339, time 969.08ms, mfu 0.49%
iter 4140: loss 0.4685, time 960.13ms, mfu 0.50%
iter 4150: loss 0.3797, time 971.26ms, mfu 0.50%
iter 4160: loss 0.4229, time 968.75ms, mfu 0.50%
iter 4170: loss 0.4208, time 967.67ms, mfu 0.50%
iter 4180: loss 0.4146, time 966.16ms, mfu 0.50%
iter 4190: loss 0.4361, time 965.82ms, mfu 0.51%
iter 4200: loss 0.4324, time 978.09ms, mfu 0.51%
  === DIAG iter 4200 ===
  loss: 0.4324
  grads (pre): total 5.2017, lora 5.1394, adapter 0.8022
  grads (post): total 1.0000, lora 0.9880, adapter 0.1542
  <NUM> tokens: 100/2048 (4.9%)
  lr: base 9.12e-05, lora 9.12e-05, adapter 2.73e-05
  num inject: base_norm 0.5602, delta_raw_norm 51816.8594, delta_eff_norm 0.5602, scale 0.0025
  token accuracy: 0.839 (1677/1999)
iter 4210: loss 0.4744, time 971.94ms, mfu 0.51%
iter 4220: loss 0.4032, time 967.27ms, mfu 0.51%
iter 4230: loss 0.4227, time 963.84ms, mfu 0.51%
iter 4240: loss 0.4694, time 1009.22ms, mfu 0.51%
iter 4250: loss 0.4066, time 985.34ms, mfu 0.51%
iter 4260: loss 0.4099, time 984.78ms, mfu 0.51%
iter 4270: loss 0.3987, time 982.02ms, mfu 0.51%
iter 4280: loss 0.4607, time 982.81ms, mfu 0.51%
iter 4290: loss 0.3961, time 983.55ms, mfu 0.51%
iter 4300: loss 0.4011, time 995.85ms, mfu 0.51%
  === DIAG iter 4300 ===
  loss: 0.4011
  grads (pre): total 11.7881, lora 11.6353, adapter 1.8919
  grads (post): total 1.0000, lora 0.9870, adapter 0.1605
  <NUM> tokens: 99/2048 (4.8%)
  lr: base 8.50e-05, lora 8.50e-05, adapter 2.55e-05
  num inject: base_norm 0.5602, delta_raw_norm 39251.7852, delta_eff_norm 0.5602, scale 0.0033
  token accuracy: 0.838 (1677/2001)
iter 4310: loss 0.4389, time 981.69ms, mfu 0.51%
iter 4320: loss 0.4374, time 976.60ms, mfu 0.51%
iter 4330: loss 0.4481, time 977.59ms, mfu 0.51%
iter 4340: loss 0.4444, time 976.94ms, mfu 0.51%
iter 4350: loss 0.4565, time 978.41ms, mfu 0.51%
iter 4360: loss 0.4465, time 978.22ms, mfu 0.51%
iter 4370: loss 0.4511, time 976.00ms, mfu 0.51%
iter 4380: loss 0.4370, time 976.95ms, mfu 0.51%
iter 4390: loss 0.4457, time 978.13ms, mfu 0.51%
iter 4400: loss 0.4436, time 992.42ms, mfu 0.51%
  === DIAG iter 4400 ===
  loss: 0.4436
  grads (pre): total 10.5526, lora 10.4255, adapter 1.6325
  grads (post): total 1.0000, lora 0.9880, adapter 0.1547
  <NUM> tokens: 106/2048 (5.2%)
  lr: base 7.92e-05, lora 7.92e-05, adapter 2.38e-05
  num inject: base_norm 0.5602, delta_raw_norm 47658.6641, delta_eff_norm 0.5602, scale 0.0027
  token accuracy: 0.837 (1672/1997)
iter 4410: loss 0.4553, time 976.14ms, mfu 0.51%
iter 4420: loss 0.4555, time 976.92ms, mfu 0.51%
iter 4430: loss 0.4379, time 973.85ms, mfu 0.51%
iter 4440: loss 0.3873, time 976.11ms, mfu 0.51%
iter 4450: loss 0.4283, time 974.66ms, mfu 0.51%
iter 4460: loss 0.4285, time 1018.72ms, mfu 0.51%
iter 4470: loss 0.4362, time 985.57ms, mfu 0.51%
iter 4480: loss 0.4051, time 984.35ms, mfu 0.51%
iter 4490: loss 0.3985, time 985.80ms, mfu 0.51%
iter 4500: loss 0.4411, time 1019.84ms, mfu 0.51%
  === DIAG iter 4500 ===
  loss: 0.4411
  grads (pre): total 4.3603, lora 4.3135, adapter 0.6373
  grads (post): total 1.0000, lora 0.9893, adapter 0.1462
  <NUM> tokens: 106/2048 (5.2%)
  lr: base 7.36e-05, lora 7.36e-05, adapter 2.21e-05
  num inject: base_norm 0.5602, delta_raw_norm 53562.7539, delta_eff_norm 0.5602, scale 0.0026
  token accuracy: 0.830 (1660/2001)
  --- Sample eval (val) ---
iter 4510: loss 0.4350, time 991.20ms, mfu 0.51%
iter 4520: loss 0.4269, time 987.87ms, mfu 0.51%
iter 4530: loss 0.4272, time 972.54ms, mfu 0.51%
iter 4540: loss 0.4345, time 977.14ms, mfu 0.51%
iter 4550: loss 0.4162, time 976.50ms, mfu 0.51%
iter 4560: loss 0.4488, time 975.80ms, mfu 0.51%
iter 4570: loss 0.4095, time 1034.00ms, mfu 0.51%
iter 4580: loss 0.4166, time 998.03ms, mfu 0.51%
iter 4590: loss 0.4226, time 1012.34ms, mfu 0.51%
iter 4600: loss 0.4139, time 989.00ms, mfu 0.51%
  === DIAG iter 4600 ===
  loss: 0.4139
  grads (pre): total 7.5230, lora 7.4298, adapter 1.1804
  grads (post): total 1.0000, lora 0.9876, adapter 0.1569
  <NUM> tokens: 98/2048 (4.8%)
  lr: base 6.82e-05, lora 6.82e-05, adapter 2.05e-05
  num inject: base_norm 0.5602, delta_raw_norm 44044.4570, delta_eff_norm 0.5602, scale 0.0033
  token accuracy: 0.843 (1685/1998)
iter 4610: loss 0.4030, time 973.20ms, mfu 0.51%
iter 4620: loss 0.4436, time 1011.72ms, mfu 0.51%
iter 4630: loss 0.4026, time 980.48ms, mfu 0.51%
iter 4640: loss 0.4382, time 982.88ms, mfu 0.51%
iter 4650: loss 0.3923, time 975.62ms, mfu 0.51%
iter 4660: loss 0.4012, time 972.69ms, mfu 0.51%
iter 4670: loss 0.4383, time 968.08ms, mfu 0.51%
iter 4680: loss 0.4390, time 972.79ms, mfu 0.51%
iter 4690: loss 0.4142, time 989.55ms, mfu 0.51%
iter 4700: loss 0.4015, time 1002.74ms, mfu 0.51%
  === DIAG iter 4700 ===
  loss: 0.4015
  grads (pre): total 2.7863, lora 2.7735, adapter 0.2676
  grads (post): total 1.0000, lora 0.9954, adapter 0.0961
  <NUM> tokens: 97/2048 (4.7%)
  lr: base 6.32e-05, lora 6.32e-05, adapter 1.90e-05
  num inject: base_norm 0.5602, delta_raw_norm 39858.3945, delta_eff_norm 0.5602, scale 0.0026
  token accuracy: 0.841 (1685/2004)
iter 4710: loss 0.4274, time 988.38ms, mfu 0.51%
iter 4720: loss 0.4401, time 989.84ms, mfu 0.51%
iter 4730: loss 0.4149, time 994.54ms, mfu 0.51%
iter 4740: loss 0.4295, time 968.46ms, mfu 0.51%
iter 4750: loss 0.3875, time 966.51ms, mfu 0.51%
iter 4760: loss 0.4205, time 969.26ms, mfu 0.51%
iter 4770: loss 0.3977, time 970.20ms, mfu 0.51%
iter 4780: loss 0.4040, time 967.23ms, mfu 0.51%
iter 4790: loss 0.4442, time 965.82ms, mfu 0.51%
iter 4800: loss 0.3896, time 1003.50ms, mfu 0.51%
  === DIAG iter 4800 ===
  loss: 0.3896
  grads (pre): total 3.9896, lora 3.9503, adapter 0.5583
  grads (post): total 1.0000, lora 0.9902, adapter 0.1399
  <NUM> tokens: 111/2048 (5.4%)
  lr: base 5.85e-05, lora 5.85e-05, adapter 1.75e-05
  num inject: base_norm 0.5602, delta_raw_norm 38900.6367, delta_eff_norm 0.5602, scale 0.0036
  token accuracy: 0.852 (1701/1996)
iter 4810: loss 0.4140, time 985.30ms, mfu 0.51%
iter 4820: loss 0.4127, time 978.81ms, mfu 0.51%
iter 4830: loss 0.4174, time 985.53ms, mfu 0.51%
iter 4840: loss 0.3842, time 964.98ms, mfu 0.51%
iter 4850: loss 0.4246, time 968.54ms, mfu 0.51%
iter 4860: loss 0.4188, time 990.14ms, mfu 0.51%
iter 4870: loss 0.3771, time 986.75ms, mfu 0.51%
iter 4880: loss 0.4682, time 981.12ms, mfu 0.51%
iter 4890: loss 0.3947, time 988.31ms, mfu 0.51%
iter 4900: loss 0.4307, time 993.86ms, mfu 0.51%
  === DIAG iter 4900 ===
  loss: 0.4307
  grads (pre): total 9.5846, lora 9.4745, adapter 1.4485
  grads (post): total 1.0000, lora 0.9885, adapter 0.1511
  <NUM> tokens: 105/2048 (5.1%)
  lr: base 5.41e-05, lora 5.41e-05, adapter 1.62e-05
  num inject: base_norm 0.5602, delta_raw_norm 45438.6836, delta_eff_norm 0.5602, scale 0.0038
  token accuracy: 0.829 (1656/1997)
iter 4910: loss 0.4061, time 967.34ms, mfu 0.51%
iter 4920: loss 0.4097, time 972.69ms, mfu 0.51%
iter 4930: loss 0.3901, time 1008.11ms, mfu 0.51%
iter 4940: loss 0.4109, time 989.20ms, mfu 0.51%
iter 4950: loss 0.4010, time 1000.69ms, mfu 0.51%
iter 4960: loss 0.4576, time 964.19ms, mfu 0.51%
iter 4970: loss 0.4410, time 965.18ms, mfu 0.51%
iter 4980: loss 0.4232, time 979.81ms, mfu 0.51%
iter 4990: loss 0.3566, time 981.65ms, mfu 0.51%
step 5000: train loss 0.3950, val loss 0.4045
  saved checkpoint to /tmpdir/m24047brmn/numbers/model_checkpoints/synth_adapted_lora/ckpt_iter5000.pt
  new best val loss: 0.4045
iter 5000: loss 0.4233, time 17125.98ms, mfu 0.46%
  === DIAG iter 5000 ===
  loss: 0.4233
  grads (pre): total 9.8717, lora 9.7605, adapter 1.4772
  grads (post): total 1.0000, lora 0.9887, adapter 0.1496
  <NUM> tokens: 104/2048 (5.1%)
  lr: base 5.00e-05, lora 5.00e-05, adapter 1.50e-05
  num inject: base_norm 0.5602, delta_raw_norm 41213.8242, delta_eff_norm 0.5602, scale 0.0045
  token accuracy: 0.836 (1666/1993)
  --- Sample eval (val) ---
iter 5010: loss 0.4387, time 958.10ms, mfu 0.47%
iter 5020: loss 0.4153, time 959.87ms, mfu 0.48%
iter 5030: loss 0.4049, time 954.02ms, mfu 0.48%
iter 5040: loss 0.4077, time 954.27ms, mfu 0.49%
iter 5050: loss 0.4054, time 953.69ms, mfu 0.49%
iter 5060: loss 0.3921, time 954.22ms, mfu 0.49%
iter 5070: loss 0.4679, time 971.12ms, mfu 0.50%
iter 5080: loss 0.4587, time 994.98ms, mfu 0.50%
iter 5090: loss 0.3821, time 991.20ms, mfu 0.50%
iter 5100: loss 0.3909, time 1003.06ms, mfu 0.50%
  === DIAG iter 5100 ===
  loss: 0.3909
  grads (pre): total 7.3219, lora 7.2481, adapter 1.0369
  grads (post): total 1.0000, lora 0.9899, adapter 0.1416
  <NUM> tokens: 109/2048 (5.3%)
  lr: base 4.63e-05, lora 4.63e-05, adapter 1.39e-05
  num inject: base_norm 0.5602, delta_raw_norm 37985.8555, delta_eff_norm 0.5602, scale 0.0035
  token accuracy: 0.850 (1697/1996)
iter 5110: loss 0.4251, time 986.54ms, mfu 0.50%
iter 5120: loss 0.4073, time 985.10ms, mfu 0.50%
iter 5130: loss 0.4179, time 987.60ms, mfu 0.50%
iter 5140: loss 0.3888, time 969.53ms, mfu 0.50%
iter 5150: loss 0.4234, time 969.74ms, mfu 0.51%
iter 5160: loss 0.4408, time 972.28ms, mfu 0.51%
iter 5170: loss 0.3680, time 973.71ms, mfu 0.51%
iter 5180: loss 0.3979, time 977.99ms, mfu 0.51%
iter 5190: loss 0.4013, time 979.05ms, mfu 0.51%
iter 5200: loss 0.3980, time 989.26ms, mfu 0.51%
  === DIAG iter 5200 ===
  loss: 0.3980
  grads (pre): total 8.1494, lora 8.0569, adapter 1.2241
  grads (post): total 1.0000, lora 0.9887, adapter 0.1502
  <NUM> tokens: 107/2048 (5.2%)
  lr: base 4.29e-05, lora 4.29e-05, adapter 1.29e-05
  num inject: base_norm 0.5602, delta_raw_norm 39173.3945, delta_eff_norm 0.5602, scale 0.0037
  token accuracy: 0.845 (1688/1997)
iter 5210: loss 0.4103, time 967.24ms, mfu 0.51%
iter 5220: loss 0.4055, time 969.05ms, mfu 0.51%
iter 5230: loss 0.4424, time 985.67ms, mfu 0.51%
iter 5240: loss 0.4561, time 1015.62ms, mfu 0.51%
iter 5250: loss 0.4475, time 991.55ms, mfu 0.51%
iter 5260: loss 0.4062, time 968.98ms, mfu 0.51%
iter 5270: loss 0.3819, time 982.95ms, mfu 0.51%
iter 5280: loss 0.4299, time 983.07ms, mfu 0.51%
iter 5290: loss 0.4078, time 982.35ms, mfu 0.51%
iter 5300: loss 0.4441, time 994.48ms, mfu 0.51%
  === DIAG iter 5300 ===
  loss: 0.4441
  grads (pre): total 13.2787, lora 13.1047, adapter 2.1431
  grads (post): total 1.0000, lora 0.9869, adapter 0.1614
  <NUM> tokens: 106/2048 (5.2%)
  lr: base 3.99e-05, lora 3.99e-05, adapter 1.20e-05
  num inject: base_norm 0.5602, delta_raw_norm 50402.3203, delta_eff_norm 0.5602, scale 0.0029
  token accuracy: 0.825 (1647/1996)
iter 5310: loss 0.4291, time 980.43ms, mfu 0.51%
iter 5320: loss 0.4040, time 976.11ms, mfu 0.51%
iter 5330: loss 0.4099, time 980.66ms, mfu 0.51%
iter 5340: loss 0.4444, time 979.97ms, mfu 0.51%
iter 5350: loss 0.3676, time 964.48ms, mfu 0.51%
iter 5360: loss 0.4431, time 908.72ms, mfu 0.52%
iter 5370: loss 0.3984, time 969.16ms, mfu 0.52%
iter 5380: loss 0.4251, time 971.23ms, mfu 0.52%
iter 5390: loss 0.4672, time 989.51ms, mfu 0.52%
iter 5400: loss 0.3934, time 989.71ms, mfu 0.52%
  === DIAG iter 5400 ===
  loss: 0.3934
  grads (pre): total 6.9942, lora 6.9233, adapter 0.9935
  grads (post): total 1.0000, lora 0.9899, adapter 0.1420
  <NUM> tokens: 104/2048 (5.1%)
  lr: base 3.73e-05, lora 3.73e-05, adapter 1.12e-05
  num inject: base_norm 0.5602, delta_raw_norm 39949.9492, delta_eff_norm 0.5602, scale 0.0032
  token accuracy: 0.849 (1696/1998)
iter 5410: loss 0.4435, time 970.56ms, mfu 0.52%
iter 5420: loss 0.4123, time 1013.15ms, mfu 0.51%
iter 5430: loss 0.4387, time 978.12ms, mfu 0.51%
iter 5440: loss 0.4136, time 995.70ms, mfu 0.51%
iter 5450: loss 0.4069, time 980.02ms, mfu 0.51%
iter 5460: loss 0.4341, time 979.37ms, mfu 0.51%
iter 5470: loss 0.4160, time 973.80ms, mfu 0.51%
iter 5480: loss 0.4000, time 993.99ms, mfu 0.51%
iter 5490: loss 0.4427, time 990.83ms, mfu 0.51%
iter 5500: loss 0.3867, time 1006.01ms, mfu 0.51%
  === DIAG iter 5500 ===
  loss: 0.3867
  grads (pre): total 5.7002, lora 5.6433, adapter 0.8036
  grads (post): total 1.0000, lora 0.9900, adapter 0.1410
  <NUM> tokens: 109/2048 (5.3%)
  lr: base 3.51e-05, lora 3.51e-05, adapter 1.05e-05
  num inject: base_norm 0.5602, delta_raw_norm 44870.9492, delta_eff_norm 0.5602, scale 0.0032
  token accuracy: 0.846 (1691/1999)
  --- Sample eval (val) ---
iter 5510: loss 0.4129, time 984.57ms, mfu 0.51%
iter 5520: loss 0.3879, time 973.25ms, mfu 0.51%
iter 5530: loss 0.4417, time 969.77ms, mfu 0.51%
iter 5540: loss 0.3970, time 970.72ms, mfu 0.51%
iter 5550: loss 0.3860, time 970.52ms, mfu 0.51%
iter 5560: loss 0.4350, time 971.72ms, mfu 0.51%
iter 5570: loss 0.3968, time 1006.18ms, mfu 0.51%
iter 5580: loss 0.3630, time 989.60ms, mfu 0.51%
iter 5590: loss 0.4072, time 976.30ms, mfu 0.51%
iter 5600: loss 0.4173, time 994.85ms, mfu 0.51%
  === DIAG iter 5600 ===
  loss: 0.4173
  grads (pre): total 9.1640, lora 9.0721, adapter 1.2944
  grads (post): total 1.0000, lora 0.9900, adapter 0.1413
  <NUM> tokens: 98/2048 (4.8%)
  lr: base 3.33e-05, lora 3.33e-05, adapter 9.98e-06
  num inject: base_norm 0.5602, delta_raw_norm 46105.5742, delta_eff_norm 0.5602, scale 0.0018
  token accuracy: 0.840 (1680/2000)
iter 5610: loss 0.4293, time 974.13ms, mfu 0.51%
iter 5620: loss 0.4380, time 982.28ms, mfu 0.51%
iter 5630: loss 0.4152, time 981.69ms, mfu 0.51%
iter 5640: loss 0.4305, time 983.04ms, mfu 0.51%
iter 5650: loss 0.4457, time 975.36ms, mfu 0.51%
iter 5660: loss 0.4162, time 971.06ms, mfu 0.51%
iter 5670: loss 0.4209, time 968.47ms, mfu 0.51%
iter 5680: loss 0.4173, time 976.39ms, mfu 0.51%
iter 5690: loss 0.4213, time 976.98ms, mfu 0.51%
iter 5700: loss 0.4021, time 989.05ms, mfu 0.51%
  === DIAG iter 5700 ===
  loss: 0.4021
  grads (pre): total 5.4513, lora 5.3955, adapter 0.7786
  grads (post): total 1.0000, lora 0.9897, adapter 0.1428
  <NUM> tokens: 106/2048 (5.2%)
  lr: base 3.18e-05, lora 3.18e-05, adapter 9.55e-06
  num inject: base_norm 0.5602, delta_raw_norm 55008.7852, delta_eff_norm 0.5602, scale 0.0026
  token accuracy: 0.844 (1686/1998)
iter 5710: loss 0.4426, time 975.53ms, mfu 0.51%
iter 5720: loss 0.4236, time 974.26ms, mfu 0.51%
iter 5730: loss 0.4000, time 969.88ms, mfu 0.51%
iter 5740: loss 0.4287, time 972.46ms, mfu 0.52%
iter 5750: loss 0.4153, time 971.26ms, mfu 0.52%
iter 5760: loss 0.4313, time 974.72ms, mfu 0.52%
iter 5770: loss 0.4326, time 963.28ms, mfu 0.52%
iter 5780: loss 0.4083, time 968.55ms, mfu 0.52%
iter 5790: loss 0.4074, time 1007.68ms, mfu 0.51%
iter 5800: loss 0.3700, time 1024.83ms, mfu 0.51%
  === DIAG iter 5800 ===
  loss: 0.3700
  grads (pre): total 8.5100, lora 8.4187, adapter 1.2429
  grads (post): total 1.0000, lora 0.9893, adapter 0.1461
  <NUM> tokens: 103/2048 (5.0%)
  lr: base 3.08e-05, lora 3.08e-05, adapter 9.25e-06
  num inject: base_norm 0.5602, delta_raw_norm 34043.4141, delta_eff_norm 0.5602, scale 0.0032
  token accuracy: 0.863 (1725/2000)
iter 5810: loss 0.4000, time 980.16ms, mfu 0.51%
iter 5820: loss 0.3999, time 1003.90ms, mfu 0.51%
iter 5830: loss 0.4281, time 977.69ms, mfu 0.51%
iter 5840: loss 0.3879, time 971.18ms, mfu 0.51%
iter 5850: loss 0.4133, time 974.03ms, mfu 0.51%
iter 5860: loss 0.3921, time 970.56ms, mfu 0.51%
iter 5870: loss 0.4247, time 969.88ms, mfu 0.51%
iter 5880: loss 0.3820, time 968.49ms, mfu 0.51%
iter 5890: loss 0.4173, time 968.41ms, mfu 0.52%
iter 5900: loss 0.3960, time 980.27ms, mfu 0.52%
  === DIAG iter 5900 ===
  loss: 0.3960
  grads (pre): total 6.1791, lora 6.1177, adapter 0.8687
  grads (post): total 1.0000, lora 0.9901, adapter 0.1406
  <NUM> tokens: 104/2048 (5.1%)
  lr: base 3.02e-05, lora 3.02e-05, adapter 9.06e-06
  num inject: base_norm 0.5602, delta_raw_norm 36252.1914, delta_eff_norm 0.5602, scale 0.0041
  token accuracy: 0.851 (1697/1995)
iter 5910: loss 0.4306, time 964.67ms, mfu 0.52%
iter 5920: loss 0.4197, time 967.62ms, mfu 0.52%
iter 5930: loss 0.4121, time 986.55ms, mfu 0.52%
iter 5940: loss 0.4180, time 963.47ms, mfu 0.52%
iter 5950: loss 0.3847, time 962.53ms, mfu 0.52%
iter 5960: loss 0.4426, time 964.09ms, mfu 0.52%
iter 5970: loss 0.4047, time 962.52ms, mfu 0.52%
iter 5980: loss 0.4376, time 962.00ms, mfu 0.52%
iter 5990: loss 0.3933, time 980.87ms, mfu 0.52%
step 6000: train loss 0.3874, val loss 0.3931
  saved checkpoint to /tmpdir/m24047brmn/numbers/model_checkpoints/synth_adapted_lora/ckpt_iter6000.pt
  new best val loss: 0.3931
iter 6000: loss 0.3762, time 17095.95ms, mfu 0.47%
  === DIAG iter 6000 ===
  loss: 0.3762
  grads (pre): total 15.2131, lora 15.0647, adapter 2.1202
  grads (post): total 1.0000, lora 0.9902, adapter 0.1394
  <NUM> tokens: 103/2048 (5.0%)
  lr: base 3.00e-05, lora 3.00e-05, adapter 9.00e-06
  num inject: base_norm 0.5602, delta_raw_norm 40161.1758, delta_eff_norm 0.5602, scale 0.0022
  token accuracy: 0.858 (1718/2002)
  --- Sample eval (val) ---

============================================================
Training complete. Saving final checkpoints...
  saved checkpoint to /tmpdir/m24047brmn/numbers/model_checkpoints/synth_adapted_lora/ckpt_iter6001.pt
  Unmerged: /tmpdir/m24047brmn/numbers/model_checkpoints/synth_adapted_lora/ckpt_iter6001.pt
  Merged:   /tmpdir/m24047brmn/numbers/model_checkpoints/synth_adapted_lora/ckpt_merged.pt
============================================================
Adapted LoRA training complete.
