Loading gnu/11.2.0
  Loading requirement: binutils/11.2.0
Mode: BASE (LoRA only)
tokens per iteration will be: 81,920
data directory: /tmpdir/m24047brmn/numbers/data/tulu3_math_grade/base
Loading pretrained checkpoint: /tmpdir/m24047brmn/numbers/checkpoints/baby_luciole_converted.pt
number of parameters: 114.83M
  partial: transformer.wte.weight (50256→50258)
Loaded 123 tensors from /tmpdir/m24047brmn/numbers/checkpoints/baby_luciole_converted.pt (skipped 0)
  Applied LoRA (rank=16, alpha=32, dropout=0.05) to 48 layers
  Target modules: ['q_proj', 'v_proj', 'k_proj', 'o_proj']
Parameter budget (BASE (LoRA only)):
  LoRA:         983,040 params (0.85%)
  Frozen:    114,140,262 params
  Trainable:    983,040 / 115,812,966 (0.85%)
optimizer parameter groups:
  lora_decay: 96 tensors, 983,040 params, weight_decay=0.1, lr_scale=1.0
using fused AdamW: True
compiling the model... (takes a ~minute)

Starting training from iter 0 (max_iters=15000)
step 0: train loss 5.5506, val loss 5.5300
iter 0: loss 5.3551, time 53849.88ms, mfu -100.00%
  === DIAG iter 0 ===
  loss: 5.3551
  grads (pre): total 19.6739, lora 19.6739, adapter 0.0000
  grads (post): total 1.0000, lora 1.0000, adapter 0.0000
  <NUM> tokens: 0/2048 (0.0%)
  lr: base 5.99e-07, lora 5.99e-07, adapter 1.80e-07
  token accuracy: 0.175 (357/2044)
iter 10: loss 5.2560, time 1636.29ms, mfu 1.00%
iter 20: loss 4.8911, time 1606.48ms, mfu 1.01%
iter 30: loss 4.6653, time 1666.50ms, mfu 1.00%
iter 40: loss 4.2230, time 1674.56ms, mfu 1.00%
iter 50: loss 4.1333, time 1687.30ms, mfu 1.00%
iter 60: loss 3.7780, time 1699.53ms, mfu 0.99%
iter 70: loss 3.7739, time 1664.94ms, mfu 0.99%
iter 80: loss 3.4677, time 1640.10ms, mfu 0.99%
iter 90: loss 3.2253, time 1636.96ms, mfu 1.00%
iter 100: loss 3.0885, time 1647.74ms, mfu 1.00%
  === DIAG iter 100 ===
  loss: 3.0885
  grads (pre): total 5.7732, lora 5.7732, adapter 0.0000
  grads (post): total 1.0000, lora 1.0000, adapter 0.0000
  <NUM> tokens: 0/2048 (0.0%)
  lr: base 6.05e-05, lora 6.05e-05, adapter 1.81e-05
  token accuracy: 0.364 (744/2044)
iter 110: loss 2.6615, time 1675.51ms, mfu 0.99%
iter 120: loss 2.5689, time 1676.94ms, mfu 0.99%
iter 130: loss 2.3223, time 1667.83ms, mfu 0.99%
iter 140: loss 2.0260, time 1674.68ms, mfu 0.99%
iter 150: loss 2.4338, time 1667.47ms, mfu 0.99%
iter 160: loss 2.3224, time 1690.08ms, mfu 0.99%
iter 170: loss 1.9580, time 1664.97ms, mfu 0.99%
iter 180: loss 2.0740, time 1659.90ms, mfu 0.99%
iter 190: loss 2.0484, time 1654.66ms, mfu 0.99%
iter 200: loss 1.8272, time 1728.29ms, mfu 0.98%
  === DIAG iter 200 ===
  loss: 1.8272
  grads (pre): total 5.3509, lora 5.3509, adapter 0.0000
  grads (post): total 1.0000, lora 1.0000, adapter 0.0000
  <NUM> tokens: 0/2048 (0.0%)
  lr: base 1.20e-04, lora 1.20e-04, adapter 3.61e-05
  token accuracy: 0.594 (1214/2044)
iter 210: loss 1.8625, time 1679.00ms, mfu 0.98%
iter 220: loss 1.9834, time 1642.19ms, mfu 0.99%
iter 230: loss 1.8185, time 1622.21ms, mfu 0.99%
iter 240: loss 1.9001, time 1612.44ms, mfu 0.99%
iter 250: loss 1.5255, time 1632.39ms, mfu 0.99%
iter 260: loss 1.6619, time 1615.56ms, mfu 0.99%
iter 270: loss 1.7522, time 1678.11ms, mfu 0.99%
iter 280: loss 1.6150, time 1665.14ms, mfu 0.99%
iter 290: loss 1.2519, time 1668.95ms, mfu 0.99%
iter 300: loss 1.4889, time 1677.46ms, mfu 0.99%
  === DIAG iter 300 ===
  loss: 1.4889
  grads (pre): total 3.1184, lora 3.1184, adapter 0.0000
  grads (post): total 1.0000, lora 1.0000, adapter 0.0000
  <NUM> tokens: 0/2048 (0.0%)
  lr: base 1.80e-04, lora 1.80e-04, adapter 5.41e-05
  token accuracy: 0.657 (1343/2043)
iter 310: loss 1.6934, time 1738.05ms, mfu 0.99%
iter 320: loss 1.6150, time 1717.00ms, mfu 0.98%
iter 330: loss 1.5245, time 1740.49ms, mfu 0.98%
iter 340: loss 1.6073, time 1715.79ms, mfu 0.98%
iter 350: loss 1.5352, time 1704.61ms, mfu 0.98%
iter 360: loss 1.7884, time 1708.97ms, mfu 0.97%
iter 370: loss 1.5983, time 1819.55ms, mfu 0.97%
iter 380: loss 1.6166, time 1761.74ms, mfu 0.96%
iter 390: loss 1.5921, time 1675.44ms, mfu 0.96%
iter 400: loss 1.5113, time 1688.85ms, mfu 0.97%
  === DIAG iter 400 ===
  loss: 1.5113
  grads (pre): total 2.9474, lora 2.9474, adapter 0.0000
  grads (post): total 1.0000, lora 1.0000, adapter 0.0000
  <NUM> tokens: 0/2048 (0.0%)
  lr: base 2.40e-04, lora 2.40e-04, adapter 7.20e-05
  token accuracy: 0.641 (1310/2043)
iter 410: loss 1.4825, time 1672.22ms, mfu 0.97%
iter 420: loss 1.3014, time 1676.84ms, mfu 0.97%
iter 430: loss 1.4127, time 1672.61ms, mfu 0.97%
iter 440: loss 1.4520, time 1672.32ms, mfu 0.97%
iter 450: loss 1.3981, time 1684.16ms, mfu 0.97%
iter 460: loss 1.5162, time 1700.70ms, mfu 0.97%
iter 470: loss 1.4464, time 1693.79ms, mfu 0.97%
iter 480: loss 1.5410, time 1706.12ms, mfu 0.97%
iter 490: loss 1.4580, time 1678.96ms, mfu 0.97%
iter 500: loss 1.4894, time 1732.23ms, mfu 0.97%
  === DIAG iter 500 ===
  loss: 1.4894
  grads (pre): total 2.6794, lora 2.6794, adapter 0.0000
  grads (post): total 1.0000, lora 1.0000, adapter 0.0000
  <NUM> tokens: 0/2048 (0.0%)
  lr: base 3.00e-04, lora 3.00e-04, adapter 9.00e-05
  token accuracy: 0.653 (1334/2044)
iter 510: loss 1.3962, time 2137.64ms, mfu 0.95%
iter 520: loss 1.4837, time 1724.95ms, mfu 0.95%
iter 530: loss 1.5438, time 1710.46ms, mfu 0.95%
iter 540: loss 1.0029, time 1690.06ms, mfu 0.95%
iter 550: loss 1.3546, time 1647.57ms, mfu 0.96%
iter 560: loss 1.0510, time 1677.96ms, mfu 0.96%
iter 570: loss 1.2834, time 1639.60ms, mfu 0.96%
iter 580: loss 1.5078, time 1673.46ms, mfu 0.96%
iter 590: loss 1.2309, time 1623.00ms, mfu 0.97%
iter 600: loss 1.3063, time 1702.60ms, mfu 0.97%
  === DIAG iter 600 ===
  loss: 1.3063
  grads (pre): total 2.0401, lora 2.0401, adapter 0.0000
  grads (post): total 1.0000, lora 1.0000, adapter 0.0000
  <NUM> tokens: 0/2048 (0.0%)
  lr: base 3.00e-04, lora 3.00e-04, adapter 9.00e-05
  token accuracy: 0.690 (1411/2044)
iter 610: loss 1.1476, time 1681.65ms, mfu 0.97%
iter 620: loss 1.6076, time 1666.41ms, mfu 0.97%
iter 630: loss 1.3569, time 1671.59ms, mfu 0.97%
iter 640: loss 1.2623, time 1675.93ms, mfu 0.97%
iter 650: loss 1.1831, time 1681.25ms, mfu 0.97%
iter 660: loss 1.5371, time 1705.52ms, mfu 0.97%
iter 670: loss 1.2883, time 1705.75ms, mfu 0.97%
iter 680: loss 1.4828, time 1708.62ms, mfu 0.97%
iter 690: loss 1.2631, time 1723.60ms, mfu 0.97%
iter 700: loss 1.3392, time 1717.14ms, mfu 0.97%
  === DIAG iter 700 ===
  loss: 1.3392
  grads (pre): total 1.8047, lora 1.8047, adapter 0.0000
  grads (post): total 1.0000, lora 1.0000, adapter 0.0000
  <NUM> tokens: 0/2048 (0.0%)
  lr: base 3.00e-04, lora 3.00e-04, adapter 9.00e-05
  token accuracy: 0.681 (1391/2044)
iter 710: loss 1.4934, time 1704.56ms, mfu 0.97%
iter 720: loss 1.4063, time 1700.59ms, mfu 0.97%
iter 730: loss 1.4636, time 1703.48ms, mfu 0.97%
iter 740: loss 1.1357, time 1706.02ms, mfu 0.97%
iter 750: loss 1.2835, time 1700.71ms, mfu 0.97%
iter 760: loss 1.4607, time 1700.32ms, mfu 0.97%
iter 770: loss 1.5039, time 1739.74ms, mfu 0.96%
iter 780: loss 1.2078, time 1665.79ms, mfu 0.97%
iter 790: loss 1.2688, time 1698.74ms, mfu 0.97%
iter 800: loss 1.4049, time 1693.94ms, mfu 0.97%
  === DIAG iter 800 ===
  loss: 1.4049
  grads (pre): total 1.6732, lora 1.6732, adapter 0.0000
  grads (post): total 1.0000, lora 1.0000, adapter 0.0000
  <NUM> tokens: 0/2048 (0.0%)
  lr: base 3.00e-04, lora 3.00e-04, adapter 8.99e-05
  token accuracy: 0.672 (1375/2045)
iter 810: loss 1.3367, time 1681.17ms, mfu 0.97%
iter 820: loss 1.4572, time 1603.05ms, mfu 0.97%
iter 830: loss 1.3599, time 1717.38ms, mfu 0.97%
iter 840: loss 1.3628, time 1715.50ms, mfu 0.97%
iter 850: loss 1.2262, time 1731.99ms, mfu 0.97%
iter 860: loss 1.3878, time 1785.54ms, mfu 0.96%
iter 870: loss 1.3609, time 1734.92ms, mfu 0.96%
iter 880: loss 1.1718, time 1679.12ms, mfu 0.96%
iter 890: loss 1.1218, time 1671.48ms, mfu 0.96%
iter 900: loss 1.0074, time 1685.86ms, mfu 0.97%
  === DIAG iter 900 ===
  loss: 1.0074
  grads (pre): total 1.6918, lora 1.6918, adapter 0.0000
  grads (post): total 1.0000, lora 1.0000, adapter 0.0000
  <NUM> tokens: 0/2048 (0.0%)
  lr: base 2.99e-04, lora 2.99e-04, adapter 8.98e-05
  token accuracy: 0.749 (1530/2044)
iter 910: loss 1.4898, time 1670.17ms, mfu 0.97%
iter 920: loss 1.3136, time 1668.45ms, mfu 0.97%
iter 930: loss 1.2432, time 1668.92ms, mfu 0.97%
iter 940: loss 1.1706, time 1738.14ms, mfu 0.97%
iter 950: loss 1.0120, time 1717.62ms, mfu 0.97%
iter 960: loss 1.2923, time 1711.21ms, mfu 0.97%
iter 970: loss 1.4130, time 1703.93ms, mfu 0.97%
iter 980: loss 1.2211, time 1699.04ms, mfu 0.97%
iter 990: loss 1.4199, time 1697.33ms, mfu 0.97%
iter 1000: loss 1.2962, time 1698.05ms, mfu 0.97%
  === DIAG iter 1000 ===
  loss: 1.2962
  grads (pre): total 1.5520, lora 1.5520, adapter 0.0000
  grads (post): total 1.0000, lora 1.0000, adapter 0.0000
  <NUM> tokens: 0/2048 (0.0%)
  lr: base 2.99e-04, lora 2.99e-04, adapter 8.98e-05
  token accuracy: 0.683 (1396/2044)
  --- Sample eval (val) ---
iter 1010: loss 1.2009, time 2174.59ms, mfu 0.94%
iter 1020: loss 1.2305, time 1652.59ms, mfu 0.95%
iter 1030: loss 1.0516, time 1677.70ms, mfu 0.95%
iter 1040: loss 1.3271, time 1638.74ms, mfu 0.96%
iter 1050: loss 1.2600, time 1730.79ms, mfu 0.96%
iter 1060: loss 1.1989, time 1643.82ms, mfu 0.96%
iter 1070: loss 1.1403, time 1786.03ms, mfu 0.96%
iter 1080: loss 1.3190, time 1737.66ms, mfu 0.96%
iter 1090: loss 1.1451, time 1746.00ms, mfu 0.95%
iter 1100: loss 1.2807, time 1742.63ms, mfu 0.95%
  === DIAG iter 1100 ===
  loss: 1.2807
  grads (pre): total 1.4207, lora 1.4207, adapter 0.0000
  grads (post): total 1.0000, lora 1.0000, adapter 0.0000
  <NUM> tokens: 0/2048 (0.0%)
  lr: base 2.99e-04, lora 2.99e-04, adapter 8.97e-05
  token accuracy: 0.702 (1435/2043)
iter 1110: loss 1.3922, time 1726.83ms, mfu 0.95%
iter 1120: loss 1.3730, time 1756.57ms, mfu 0.95%
iter 1130: loss 1.3743, time 1701.43ms, mfu 0.95%
iter 1140: loss 1.3176, time 1694.86ms, mfu 0.95%
iter 1150: loss 1.3068, time 1693.12ms, mfu 0.96%
iter 1160: loss 1.1166, time 1691.29ms, mfu 0.96%
iter 1170: loss 1.1284, time 1652.50ms, mfu 0.96%
iter 1180: loss 0.6782, time 1658.26ms, mfu 0.96%
iter 1190: loss 1.3299, time 1667.69ms, mfu 0.97%
iter 1200: loss 1.1909, time 1675.26ms, mfu 0.97%
  === DIAG iter 1200 ===
  loss: 1.1909
  grads (pre): total 1.5262, lora 1.5262, adapter 0.0000
  grads (post): total 1.0000, lora 1.0000, adapter 0.0000
  <NUM> tokens: 0/2048 (0.0%)
  lr: base 2.98e-04, lora 2.98e-04, adapter 8.95e-05
  token accuracy: 0.712 (1456/2044)
iter 1210: loss 1.2576, time 1655.11ms, mfu 0.97%
iter 1220: loss 1.1971, time 1672.20ms, mfu 0.97%
iter 1230: loss 1.0247, time 1670.33ms, mfu 0.97%
iter 1240: loss 1.2202, time 1658.51ms, mfu 0.97%
iter 1250: loss 0.8720, time 1659.45ms, mfu 0.98%
iter 1260: loss 1.2495, time 1676.11ms, mfu 0.98%
iter 1270: loss 1.0456, time 1668.40ms, mfu 0.98%
iter 1280: loss 1.2978, time 1650.04ms, mfu 0.98%
iter 1290: loss 1.2424, time 1738.40ms, mfu 0.97%
iter 1300: loss 1.1051, time 1749.15ms, mfu 0.97%
  === DIAG iter 1300 ===
  loss: 1.1051
  grads (pre): total 1.3833, lora 1.3833, adapter 0.0000
  grads (post): total 1.0000, lora 1.0000, adapter 0.0000
  <NUM> tokens: 0/2048 (0.0%)
  lr: base 2.98e-04, lora 2.98e-04, adapter 8.94e-05
  token accuracy: 0.740 (1512/2043)
iter 1310: loss 1.3286, time 1726.23ms, mfu 0.97%
iter 1320: loss 1.1716, time 1723.91ms, mfu 0.97%
iter 1330: loss 1.2535, time 1700.48ms, mfu 0.97%
iter 1340: loss 1.0769, time 1711.06ms, mfu 0.97%
iter 1350: loss 1.0730, time 1709.31ms, mfu 0.97%
iter 1360: loss 1.0899, time 1655.82ms, mfu 0.97%
iter 1370: loss 1.5095, time 1656.17ms, mfu 0.97%
iter 1380: loss 1.0959, time 1780.09ms, mfu 0.97%
iter 1390: loss 1.0397, time 1713.81ms, mfu 0.97%
iter 1400: loss 1.2455, time 1738.39ms, mfu 0.96%
  === DIAG iter 1400 ===
  loss: 1.2455
  grads (pre): total 1.5592, lora 1.5592, adapter 0.0000
  grads (post): total 1.0000, lora 1.0000, adapter 0.0000
  <NUM> tokens: 0/2048 (0.0%)
  lr: base 2.97e-04, lora 2.97e-04, adapter 8.92e-05
  token accuracy: 0.695 (1420/2044)
iter 1410: loss 1.3472, time 1729.53ms, mfu 0.96%
iter 1420: loss 1.5916, time 1732.51ms, mfu 0.96%
iter 1430: loss 1.0791, time 1725.13ms, mfu 0.96%
iter 1440: loss 1.4082, time 1712.07ms, mfu 0.96%
iter 1450: loss 1.2955, time 1733.38ms, mfu 0.96%
iter 1460: loss 1.1102, time 1721.32ms, mfu 0.96%
iter 1470: loss 1.0215, time 1740.13ms, mfu 0.96%
iter 1480: loss 1.2137, time 1717.82ms, mfu 0.96%
iter 1490: loss 1.1998, time 1717.82ms, mfu 0.96%
iter 1500: loss 1.2157, time 1727.35ms, mfu 0.96%
  === DIAG iter 1500 ===
  loss: 1.2157
  grads (pre): total 1.3800, lora 1.3800, adapter 0.0000
  grads (post): total 1.0000, lora 1.0000, adapter 0.0000
  <NUM> tokens: 0/2048 (0.0%)
  lr: base 2.97e-04, lora 2.97e-04, adapter 8.91e-05
  token accuracy: 0.712 (1456/2045)
iter 1510: loss 1.2734, time 1717.61ms, mfu 0.96%
iter 1520: loss 1.2461, time 1732.64ms, mfu 0.95%
iter 1530: loss 1.0088, time 1717.31ms, mfu 0.95%
iter 1540: loss 1.2198, time 1719.38ms, mfu 0.95%
iter 1550: loss 1.2115, time 1755.75ms, mfu 0.95%
iter 1560: loss 1.2021, time 1670.82ms, mfu 0.96%
iter 1570: loss 1.1369, time 1681.22ms, mfu 0.96%
iter 1580: loss 0.8563, time 1676.71ms, mfu 0.96%
iter 1590: loss 1.3013, time 1675.14ms, mfu 0.96%
iter 1600: loss 1.0285, time 1664.97ms, mfu 0.96%
  === DIAG iter 1600 ===
  loss: 1.0285
  grads (pre): total 1.2231, lora 1.2231, adapter 0.0000
  grads (post): total 1.0000, lora 1.0000, adapter 0.0000
  <NUM> tokens: 0/2048 (0.0%)
  lr: base 2.96e-04, lora 2.96e-04, adapter 8.89e-05
  token accuracy: 0.742 (1516/2044)
iter 1610: loss 1.1722, time 1691.07ms, mfu 0.97%
iter 1620: loss 1.1959, time 1722.61ms, mfu 0.96%
iter 1630: loss 0.9425, time 1695.13ms, mfu 0.96%
iter 1640: loss 1.3451, time 1685.72ms, mfu 0.97%
iter 1650: loss 1.0661, time 1726.18ms, mfu 0.96%
iter 1660: loss 1.2699, time 1715.34ms, mfu 0.96%
iter 1670: loss 1.2258, time 1713.44ms, mfu 0.96%
iter 1680: loss 1.1790, time 1708.18ms, mfu 0.96%
iter 1690: loss 1.0842, time 1668.46ms, mfu 0.96%
iter 1700: loss 1.2631, time 1723.39ms, mfu 0.96%
  === DIAG iter 1700 ===
  loss: 1.2631
  grads (pre): total 1.3297, lora 1.3297, adapter 0.0000
  grads (post): total 1.0000, lora 1.0000, adapter 0.0000
  <NUM> tokens: 0/2048 (0.0%)
  lr: base 2.95e-04, lora 2.95e-04, adapter 8.86e-05
  token accuracy: 0.697 (1424/2044)
iter 1710: loss 1.3327, time 1739.36ms, mfu 0.96%
iter 1720: loss 1.1153, time 1724.97ms, mfu 0.96%
iter 1730: loss 1.2869, time 1730.38ms, mfu 0.96%
iter 1740: loss 1.3307, time 1726.71ms, mfu 0.96%
iter 1750: loss 1.4060, time 1704.50ms, mfu 0.96%
iter 1760: loss 1.2537, time 2201.42ms, mfu 0.94%
iter 1770: loss 1.2007, time 1756.81ms, mfu 0.94%
iter 1780: loss 1.4023, time 1716.19ms, mfu 0.94%
iter 1790: loss 1.2373, time 1715.55ms, mfu 0.94%
iter 1800: loss 1.1907, time 1726.16ms, mfu 0.94%
  === DIAG iter 1800 ===
  loss: 1.1907
  grads (pre): total 1.2797, lora 1.2797, adapter 0.0000
  grads (post): total 1.0000, lora 1.0000, adapter 0.0000
  <NUM> tokens: 0/2048 (0.0%)
  lr: base 2.95e-04, lora 2.95e-04, adapter 8.84e-05
  token accuracy: 0.728 (1488/2044)
iter 1810: loss 1.2166, time 1711.97ms, mfu 0.94%
iter 1820: loss 1.1435, time 1750.03ms, mfu 0.94%
iter 1830: loss 1.2748, time 1732.05ms, mfu 0.94%
iter 1840: loss 1.2526, time 1702.87ms, mfu 0.95%
iter 1850: loss 1.1585, time 1697.09ms, mfu 0.95%
iter 1860: loss 1.2770, time 1693.56ms, mfu 0.95%
iter 1870: loss 1.3760, time 1687.85ms, mfu 0.95%
iter 1880: loss 1.0838, time 1713.91ms, mfu 0.95%
iter 1890: loss 1.1871, time 1701.01ms, mfu 0.95%
iter 1900: loss 1.2949, time 1711.65ms, mfu 0.95%
  === DIAG iter 1900 ===
  loss: 1.2949
  grads (pre): total 1.2265, lora 1.2265, adapter 0.0000
  grads (post): total 1.0000, lora 1.0000, adapter 0.0000
  <NUM> tokens: 0/2048 (0.0%)
  lr: base 2.94e-04, lora 2.94e-04, adapter 8.82e-05
  token accuracy: 0.697 (1424/2042)
iter 1910: loss 1.1664, time 1701.24ms, mfu 0.96%
iter 1920: loss 0.9986, time 1704.50ms, mfu 0.96%
iter 1930: loss 1.2258, time 1695.24ms, mfu 0.96%
iter 1940: loss 1.1160, time 1700.17ms, mfu 0.96%
iter 1950: loss 1.2717, time 1707.09ms, mfu 0.96%
iter 1960: loss 1.1365, time 1701.47ms, mfu 0.96%
iter 1970: loss 1.3145, time 1694.95ms, mfu 0.96%
iter 1980: loss 0.8000, time 1692.11ms, mfu 0.96%
iter 1990: loss 1.0141, time 1701.88ms, mfu 0.96%
step 2000: train loss 1.1550, val loss 1.1578
  saved checkpoint to /tmpdir/m24047brmn/numbers/model_checkpoints/tulu_base_lora/ckpt_iter2000.pt
  new best val loss: 5.5300
iter 2000: loss 1.2122, time 16587.87ms, mfu 0.88%
  === DIAG iter 2000 ===
  loss: 1.2122
  grads (pre): total 1.2383, lora 1.2383, adapter 0.0000
  grads (post): total 1.0000, lora 1.0000, adapter 0.0000
  <NUM> tokens: 0/2048 (0.0%)
  lr: base 2.93e-04, lora 2.93e-04, adapter 8.79e-05
  token accuracy: 0.713 (1457/2043)
  --- Sample eval (val) ---
iter 2010: loss 1.1806, time 1702.70ms, mfu 0.88%
iter 2020: loss 1.1247, time 1695.10ms, mfu 0.89%
iter 2030: loss 0.9635, time 1673.74ms, mfu 0.90%
iter 2040: loss 1.3230, time 1683.26ms, mfu 0.91%
iter 2050: loss 1.0074, time 1650.19ms, mfu 0.92%
iter 2060: loss 1.1267, time 1623.82ms, mfu 0.93%
iter 2070: loss 1.2197, time 1656.39ms, mfu 0.93%
iter 2080: loss 1.0464, time 1618.42ms, mfu 0.94%
iter 2090: loss 1.2026, time 1643.11ms, mfu 0.95%
iter 2100: loss 1.2389, time 1671.49ms, mfu 0.95%
  === DIAG iter 2100 ===
  loss: 1.2389
  grads (pre): total 1.1685, lora 1.1685, adapter 0.0000
  grads (post): total 1.0000, lora 1.0000, adapter 0.0000
  <NUM> tokens: 0/2048 (0.0%)
  lr: base 2.92e-04, lora 2.92e-04, adapter 8.76e-05
  token accuracy: 0.704 (1439/2044)
iter 2110: loss 1.0460, time 1676.05ms, mfu 0.95%
iter 2120: loss 1.0858, time 1745.65ms, mfu 0.95%
iter 2130: loss 1.2039, time 1674.78ms, mfu 0.95%
iter 2140: loss 1.2747, time 1670.10ms, mfu 0.96%
iter 2150: loss 1.1210, time 1690.43ms, mfu 0.96%
iter 2160: loss 0.9773, time 1741.64ms, mfu 0.96%
iter 2170: loss 1.2195, time 1684.17ms, mfu 0.96%
iter 2180: loss 1.0345, time 1681.48ms, mfu 0.96%
iter 2190: loss 0.8674, time 1681.83ms, mfu 0.96%
iter 2200: loss 1.0847, time 1691.12ms, mfu 0.96%
  === DIAG iter 2200 ===
  loss: 1.0847
  grads (pre): total 1.1638, lora 1.1638, adapter 0.0000
  grads (post): total 1.0000, lora 1.0000, adapter 0.0000
  <NUM> tokens: 0/2048 (0.0%)
  lr: base 2.91e-04, lora 2.91e-04, adapter 8.73e-05
  token accuracy: 0.737 (1507/2044)
iter 2210: loss 1.0320, time 1736.83ms, mfu 0.96%
iter 2220: loss 1.0514, time 1704.07ms, mfu 0.96%
iter 2230: loss 1.1782, time 1678.23ms, mfu 0.96%
iter 2240: loss 1.1247, time 1671.84ms, mfu 0.97%
iter 2250: loss 1.0421, time 1670.39ms, mfu 0.97%
iter 2260: loss 1.1727, time 1673.07ms, mfu 0.97%
iter 2270: loss 1.1168, time 1646.04ms, mfu 0.97%
iter 2280: loss 1.4164, time 1681.31ms, mfu 0.97%
iter 2290: loss 1.4107, time 1631.45ms, mfu 0.98%
iter 2300: loss 1.1689, time 1655.66ms, mfu 0.98%
  === DIAG iter 2300 ===
  loss: 1.1689
  grads (pre): total 1.1465, lora 1.1465, adapter 0.0000
  grads (post): total 1.0000, lora 1.0000, adapter 0.0000
  <NUM> tokens: 0/2048 (0.0%)
  lr: base 2.90e-04, lora 2.90e-04, adapter 8.70e-05
  token accuracy: 0.723 (1477/2044)
iter 2310: loss 1.3853, time 1665.80ms, mfu 0.98%
iter 2320: loss 1.1015, time 1660.84ms, mfu 0.98%
iter 2330: loss 1.2527, time 1799.65ms, mfu 0.97%
iter 2340: loss 1.0792, time 1746.53ms, mfu 0.97%
iter 2350: loss 1.2260, time 1739.99ms, mfu 0.97%
iter 2360: loss 1.1700, time 1723.80ms, mfu 0.96%
iter 2370: loss 1.4025, time 1737.27ms, mfu 0.96%
iter 2380: loss 1.0747, time 1748.38ms, mfu 0.96%
iter 2390: loss 1.1542, time 1728.94ms, mfu 0.96%
iter 2400: loss 0.9942, time 1761.59ms, mfu 0.96%
  === DIAG iter 2400 ===
  loss: 0.9942
  grads (pre): total 1.1524, lora 1.1524, adapter 0.0000
  grads (post): total 1.0000, lora 1.0000, adapter 0.0000
  <NUM> tokens: 0/2048 (0.0%)
  lr: base 2.89e-04, lora 2.89e-04, adapter 8.66e-05
  token accuracy: 0.755 (1544/2045)
iter 2410: loss 1.1236, time 1735.58ms, mfu 0.96%
iter 2420: loss 1.1561, time 1730.89ms, mfu 0.95%
iter 2430: loss 0.9596, time 1715.41ms, mfu 0.96%
iter 2440: loss 1.0831, time 1662.95ms, mfu 0.96%
iter 2450: loss 1.2087, time 1692.78ms, mfu 0.96%
iter 2460: loss 1.1748, time 1687.53ms, mfu 0.96%
iter 2470: loss 0.9675, time 1713.40ms, mfu 0.96%
iter 2480: loss 1.0872, time 1691.64ms, mfu 0.96%
iter 2490: loss 1.2463, time 1685.23ms, mfu 0.96%
iter 2500: loss 1.2756, time 1719.26ms, mfu 0.96%
  === DIAG iter 2500 ===
  loss: 1.2756
  grads (pre): total 1.0550, lora 1.0550, adapter 0.0000
  grads (post): total 1.0000, lora 1.0000, adapter 0.0000
  <NUM> tokens: 0/2048 (0.0%)
  lr: base 2.88e-04, lora 2.88e-04, adapter 8.63e-05
  token accuracy: 0.698 (1427/2045)
iter 2510: loss 1.2302, time 2175.42ms, mfu 0.94%
iter 2520: loss 1.1371, time 1744.59ms, mfu 0.94%
iter 2530: loss 1.0122, time 1669.39ms, mfu 0.95%
iter 2540: loss 1.2424, time 1762.33ms, mfu 0.94%
iter 2550: loss 1.2906, time 1672.09ms, mfu 0.95%
iter 2560: loss 1.1690, time 1646.79ms, mfu 0.95%
iter 2570: loss 1.1710, time 1706.50ms, mfu 0.95%
iter 2580: loss 1.2721, time 1718.51ms, mfu 0.95%
iter 2590: loss 1.0405, time 1658.71ms, mfu 0.96%
iter 2600: loss 0.9610, time 1636.92ms, mfu 0.96%
  === DIAG iter 2600 ===
  loss: 0.9610
  grads (pre): total 1.0462, lora 1.0462, adapter 0.0000
  grads (post): total 1.0000, lora 1.0000, adapter 0.0000
  <NUM> tokens: 0/2048 (0.0%)
  lr: base 2.86e-04, lora 2.86e-04, adapter 8.59e-05
  token accuracy: 0.764 (1562/2045)
iter 2610: loss 1.2429, time 1705.34ms, mfu 0.96%
iter 2620: loss 0.9895, time 1693.29ms, mfu 0.96%
iter 2630: loss 1.1530, time 1671.11ms, mfu 0.96%
iter 2640: loss 1.2359, time 1670.46ms, mfu 0.97%
iter 2650: loss 1.1323, time 1678.54ms, mfu 0.97%
iter 2660: loss 0.9053, time 1655.15ms, mfu 0.97%
iter 2670: loss 1.0551, time 1718.04ms, mfu 0.97%
iter 2680: loss 1.4162, time 1755.52ms, mfu 0.97%
iter 2690: loss 1.5525, time 1686.54ms, mfu 0.97%
iter 2700: loss 1.0555, time 1695.86ms, mfu 0.97%
  === DIAG iter 2700 ===
  loss: 1.0555
  grads (pre): total 1.0612, lora 1.0612, adapter 0.0000
  grads (post): total 1.0000, lora 1.0000, adapter 0.0000
  <NUM> tokens: 0/2048 (0.0%)
  lr: base 2.85e-04, lora 2.85e-04, adapter 8.55e-05
  token accuracy: 0.750 (1534/2044)
iter 2710: loss 1.1454, time 1695.76ms, mfu 0.97%
iter 2720: loss 0.9987, time 1687.64ms, mfu 0.97%
iter 2730: loss 1.1785, time 1705.28ms, mfu 0.97%
iter 2740: loss 1.0241, time 1689.87ms, mfu 0.97%
iter 2750: loss 1.1782, time 1690.90ms, mfu 0.97%
iter 2760: loss 0.9445, time 1658.95ms, mfu 0.97%
iter 2770: loss 1.3902, time 1662.69ms, mfu 0.97%
iter 2780: loss 0.8792, time 1674.93ms, mfu 0.97%
iter 2790: loss 1.2444, time 1738.54ms, mfu 0.97%
iter 2800: loss 1.0439, time 1729.56ms, mfu 0.97%
  === DIAG iter 2800 ===
  loss: 1.0439
  grads (pre): total 1.0538, lora 1.0538, adapter 0.0000
  grads (post): total 1.0000, lora 1.0000, adapter 0.0000
  <NUM> tokens: 0/2048 (0.0%)
  lr: base 2.84e-04, lora 2.84e-04, adapter 8.51e-05
  token accuracy: 0.739 (1512/2045)
iter 2810: loss 1.1638, time 1725.82ms, mfu 0.97%
iter 2820: loss 1.2445, time 1733.30ms, mfu 0.96%
iter 2830: loss 1.1323, time 1679.70ms, mfu 0.97%
iter 2840: loss 1.0726, time 1724.02ms, mfu 0.96%
iter 2850: loss 1.2551, time 1704.18ms, mfu 0.96%
iter 2860: loss 1.1095, time 1693.80ms, mfu 0.96%
iter 2870: loss 1.3062, time 1688.60ms, mfu 0.97%
iter 2880: loss 1.1079, time 1688.49ms, mfu 0.97%
iter 2890: loss 1.4115, time 1689.76ms, mfu 0.97%
iter 2900: loss 1.2559, time 1716.22ms, mfu 0.97%
  === DIAG iter 2900 ===
  loss: 1.2559
  grads (pre): total 1.0238, lora 1.0238, adapter 0.0000
  grads (post): total 1.0000, lora 1.0000, adapter 0.0000
  <NUM> tokens: 0/2048 (0.0%)
  lr: base 2.82e-04, lora 2.82e-04, adapter 8.46e-05
  token accuracy: 0.682 (1393/2043)
iter 2910: loss 1.2079, time 1701.82ms, mfu 0.97%
iter 2920: loss 1.2057, time 1696.31ms, mfu 0.97%
iter 2930: loss 1.1173, time 1689.12ms, mfu 0.97%
iter 2940: loss 1.3615, time 1686.31ms, mfu 0.97%
iter 2950: loss 1.2566, time 1689.64ms, mfu 0.97%
iter 2960: loss 1.1527, time 1706.61ms, mfu 0.97%
iter 2970: loss 0.9415, time 1702.03ms, mfu 0.97%
iter 2980: loss 0.9498, time 1711.59ms, mfu 0.97%
iter 2990: loss 1.0982, time 1720.21ms, mfu 0.96%
iter 3000: loss 1.3149, time 1728.71ms, mfu 0.96%
  === DIAG iter 3000 ===
  loss: 1.3149
  grads (pre): total 0.9715, lora 0.9715, adapter 0.0000
  grads (post): total 0.9715, lora 0.9715, adapter 0.0000
  <NUM> tokens: 0/2048 (0.0%)
  lr: base 2.81e-04, lora 2.81e-04, adapter 8.42e-05
  token accuracy: 0.696 (1422/2044)
  --- Sample eval (val) ---
iter 3010: loss 1.1531, time 1762.73ms, mfu 0.96%
iter 3020: loss 1.2552, time 1694.27ms, mfu 0.96%
iter 3030: loss 1.1679, time 1686.59ms, mfu 0.96%
iter 3040: loss 1.1118, time 1698.75ms, mfu 0.96%
iter 3050: loss 1.1403, time 1687.35ms, mfu 0.96%
iter 3060: loss 1.1606, time 1679.54ms, mfu 0.96%
iter 3070: loss 1.3501, time 1687.97ms, mfu 0.97%
iter 3080: loss 1.4519, time 1677.23ms, mfu 0.97%
iter 3090: loss 1.1212, time 1686.32ms, mfu 0.97%
iter 3100: loss 1.2311, time 1699.42ms, mfu 0.97%
  === DIAG iter 3100 ===
  loss: 1.2311
  grads (pre): total 1.1307, lora 1.1307, adapter 0.0000
  grads (post): total 1.0000, lora 1.0000, adapter 0.0000
  <NUM> tokens: 0/2048 (0.0%)
  lr: base 2.79e-04, lora 2.79e-04, adapter 8.37e-05
  token accuracy: 0.707 (1445/2044)
iter 3110: loss 1.0204, time 1686.61ms, mfu 0.97%
iter 3120: loss 1.1448, time 1683.98ms, mfu 0.97%
iter 3130: loss 1.2127, time 1700.04ms, mfu 0.97%
iter 3140: loss 1.2276, time 1687.26ms, mfu 0.97%
iter 3150: loss 1.3758, time 1676.33ms, mfu 0.97%
iter 3160: loss 1.1882, time 1678.50ms, mfu 0.97%
iter 3170: loss 1.2557, time 1685.10ms, mfu 0.97%
iter 3180: loss 1.2239, time 1678.66ms, mfu 0.97%
iter 3190: loss 0.9738, time 1677.23ms, mfu 0.97%
iter 3200: loss 1.2125, time 1693.34ms, mfu 0.97%
  === DIAG iter 3200 ===
  loss: 1.2125
  grads (pre): total 1.0949, lora 1.0949, adapter 0.0000
  grads (post): total 1.0000, lora 1.0000, adapter 0.0000
  <NUM> tokens: 0/2048 (0.0%)
  lr: base 2.78e-04, lora 2.78e-04, adapter 8.33e-05
  token accuracy: 0.703 (1437/2044)
iter 3210: loss 1.0201, time 1680.92ms, mfu 0.97%
iter 3220: loss 0.9780, time 1720.50ms, mfu 0.97%
iter 3230: loss 1.0142, time 1717.10ms, mfu 0.97%
iter 3240: loss 1.0336, time 1684.44ms, mfu 0.97%
iter 3250: loss 1.0243, time 1664.86ms, mfu 0.97%
iter 3260: loss 1.0781, time 2178.92ms, mfu 0.95%
iter 3270: loss 1.0289, time 1680.07ms, mfu 0.95%
iter 3280: loss 1.0595, time 1707.68ms, mfu 0.95%
iter 3290: loss 1.1240, time 1694.33ms, mfu 0.95%
iter 3300: loss 1.2724, time 1714.52ms, mfu 0.96%
  === DIAG iter 3300 ===
  loss: 1.2724
  grads (pre): total 1.0390, lora 1.0390, adapter 0.0000
  grads (post): total 1.0000, lora 1.0000, adapter 0.0000
  <NUM> tokens: 0/2048 (0.0%)
  lr: base 2.76e-04, lora 2.76e-04, adapter 8.28e-05
  token accuracy: 0.716 (1463/2044)
iter 3310: loss 1.0649, time 1700.17ms, mfu 0.96%
iter 3320: loss 1.1024, time 1690.00ms, mfu 0.96%
iter 3330: loss 1.1163, time 1705.71ms, mfu 0.96%
iter 3340: loss 1.1132, time 1694.34ms, mfu 0.96%
iter 3350: loss 1.3482, time 1684.26ms, mfu 0.96%
iter 3360: loss 1.1427, time 1702.05ms, mfu 0.96%
iter 3370: loss 1.3820, time 1708.27ms, mfu 0.96%
iter 3380: loss 1.1780, time 1710.37ms, mfu 0.96%
iter 3390: loss 0.9896, time 1694.79ms, mfu 0.96%
iter 3400: loss 1.1123, time 1755.24ms, mfu 0.96%
  === DIAG iter 3400 ===
  loss: 1.1123
  grads (pre): total 0.9638, lora 0.9638, adapter 0.0000
  grads (post): total 0.9638, lora 0.9638, adapter 0.0000
  <NUM> tokens: 0/2048 (0.0%)
  lr: base 2.74e-04, lora 2.74e-04, adapter 8.23e-05
  token accuracy: 0.728 (1488/2044)
iter 3410: loss 1.0759, time 1706.89ms, mfu 0.96%
iter 3420: loss 1.0287, time 1691.06ms, mfu 0.96%
iter 3430: loss 1.0882, time 1697.81ms, mfu 0.96%
iter 3440: loss 1.2575, time 1686.28ms, mfu 0.96%
iter 3450: loss 1.0071, time 1728.85ms, mfu 0.96%
iter 3460: loss 1.2127, time 1705.05ms, mfu 0.96%
iter 3470: loss 1.0765, time 1702.08ms, mfu 0.96%
iter 3480: loss 1.2394, time 1704.05ms, mfu 0.96%
iter 3490: loss 1.2579, time 1704.93ms, mfu 0.96%
iter 3500: loss 1.0503, time 1748.31ms, mfu 0.96%
  === DIAG iter 3500 ===
  loss: 1.0503
  grads (pre): total 0.9957, lora 0.9957, adapter 0.0000
  grads (post): total 0.9957, lora 0.9957, adapter 0.0000
  <NUM> tokens: 0/2048 (0.0%)
  lr: base 2.72e-04, lora 2.72e-04, adapter 8.17e-05
  token accuracy: 0.740 (1513/2044)
iter 3510: loss 1.2337, time 1701.85ms, mfu 0.96%
iter 3520: loss 0.9039, time 1679.13ms, mfu 0.96%
iter 3530: loss 1.1239, time 1694.48ms, mfu 0.96%
iter 3540: loss 1.1526, time 1670.62ms, mfu 0.96%
iter 3550: loss 1.2263, time 1722.03ms, mfu 0.96%
iter 3560: loss 1.0083, time 1727.67ms, mfu 0.96%
iter 3570: loss 1.2649, time 1706.43ms, mfu 0.96%
iter 3580: loss 1.0543, time 1695.81ms, mfu 0.96%
iter 3590: loss 1.0901, time 1732.70ms, mfu 0.96%
iter 3600: loss 1.1624, time 1730.80ms, mfu 0.96%
  === DIAG iter 3600 ===
  loss: 1.1624
  grads (pre): total 1.0017, lora 1.0017, adapter 0.0000
  grads (post): total 1.0000, lora 1.0000, adapter 0.0000
  <NUM> tokens: 0/2048 (0.0%)
  lr: base 2.71e-04, lora 2.71e-04, adapter 8.12e-05
  token accuracy: 0.734 (1502/2045)
iter 3610: loss 1.0447, time 1696.13ms, mfu 0.96%
iter 3620: loss 1.0566, time 1701.28ms, mfu 0.96%
iter 3630: loss 1.4270, time 1686.10ms, mfu 0.96%
iter 3640: loss 1.2716, time 1695.08ms, mfu 0.96%
iter 3650: loss 1.2708, time 1693.22ms, mfu 0.96%
iter 3660: loss 1.1905, time 1688.85ms, mfu 0.96%
iter 3670: loss 1.3124, time 1698.40ms, mfu 0.96%
iter 3680: loss 1.1897, time 1709.84ms, mfu 0.96%
iter 3690: loss 1.1003, time 1679.48ms, mfu 0.97%
iter 3700: loss 0.9684, time 1679.85ms, mfu 0.97%
  === DIAG iter 3700 ===
  loss: 0.9684
  grads (pre): total 0.9816, lora 0.9816, adapter 0.0000
  grads (post): total 0.9816, lora 0.9816, adapter 0.0000
  <NUM> tokens: 0/2048 (0.0%)
  lr: base 2.69e-04, lora 2.69e-04, adapter 8.06e-05
  token accuracy: 0.762 (1557/2044)
iter 3710: loss 1.0804, time 1667.11ms, mfu 0.97%
iter 3720: loss 1.4786, time 1635.54ms, mfu 0.97%
iter 3730: loss 1.0535, time 1648.97ms, mfu 0.97%
iter 3740: loss 1.0570, time 1655.71ms, mfu 0.98%
iter 3750: loss 0.9364, time 1639.90ms, mfu 0.98%
iter 3760: loss 1.0331, time 1630.01ms, mfu 0.98%
iter 3770: loss 1.2825, time 1622.90ms, mfu 0.98%
iter 3780: loss 1.0578, time 1661.32ms, mfu 0.98%
iter 3790: loss 1.1230, time 1641.55ms, mfu 0.99%
iter 3800: loss 1.2152, time 1739.70ms, mfu 0.98%
  === DIAG iter 3800 ===
  loss: 1.2152
  grads (pre): total 0.9185, lora 0.9185, adapter 0.0000
  grads (post): total 0.9185, lora 0.9185, adapter 0.0000
  <NUM> tokens: 0/2048 (0.0%)
  lr: base 2.67e-04, lora 2.67e-04, adapter 8.01e-05
  token accuracy: 0.720 (1472/2044)
iter 3810: loss 1.1388, time 1653.87ms, mfu 0.98%
iter 3820: loss 1.1771, time 1643.84ms, mfu 0.98%
iter 3830: loss 1.1809, time 1644.50ms, mfu 0.99%
iter 3840: loss 1.0099, time 1651.51ms, mfu 0.99%
iter 3850: loss 0.9967, time 1661.81ms, mfu 0.99%
iter 3860: loss 1.2714, time 1657.80ms, mfu 0.99%
iter 3870: loss 1.2953, time 1652.36ms, mfu 0.99%
iter 3880: loss 1.1069, time 1659.78ms, mfu 0.99%
iter 3890: loss 1.2659, time 1660.02ms, mfu 0.99%
iter 3900: loss 1.1253, time 1648.87ms, mfu 0.99%
  === DIAG iter 3900 ===
  loss: 1.1253
  grads (pre): total 1.0533, lora 1.0533, adapter 0.0000
  grads (post): total 1.0000, lora 1.0000, adapter 0.0000
  <NUM> tokens: 0/2048 (0.0%)
  lr: base 2.65e-04, lora 2.65e-04, adapter 7.95e-05
  token accuracy: 0.745 (1524/2045)
iter 3910: loss 1.1456, time 1648.46ms, mfu 0.99%
iter 3920: loss 1.0260, time 1654.62ms, mfu 0.99%
iter 3930: loss 1.1655, time 1655.66ms, mfu 0.99%
iter 3940: loss 1.0218, time 1692.26ms, mfu 0.99%
iter 3950: loss 0.9955, time 1719.75ms, mfu 0.98%
iter 3960: loss 1.1386, time 1641.63ms, mfu 0.99%
iter 3970: loss 0.9953, time 1629.06ms, mfu 0.99%
iter 3980: loss 1.1999, time 1639.22ms, mfu 0.99%
iter 3990: loss 1.0752, time 1637.95ms, mfu 0.99%
step 4000: train loss 1.0902, val loss 1.1032
  saved checkpoint to /tmpdir/m24047brmn/numbers/model_checkpoints/tulu_base_lora/ckpt_iter4000.pt
  new best val loss: 1.1578
iter 4000: loss 1.1443, time 16860.29ms, mfu 0.90%
  === DIAG iter 4000 ===
  loss: 1.1443
  grads (pre): total 0.9082, lora 0.9082, adapter 0.0000
  grads (post): total 0.9082, lora 0.9082, adapter 0.0000
  <NUM> tokens: 0/2048 (0.0%)
  lr: base 2.63e-04, lora 2.63e-04, adapter 7.89e-05
  token accuracy: 0.730 (1492/2044)
  --- Sample eval (val) ---
iter 4010: loss 1.0646, time 1646.03ms, mfu 0.91%
iter 4020: loss 1.1104, time 1624.06ms, mfu 0.92%
iter 4030: loss 1.2727, time 1649.02ms, mfu 0.93%
iter 4040: loss 1.0994, time 1690.71ms, mfu 0.93%
iter 4050: loss 1.4158, time 1705.44ms, mfu 0.94%
iter 4060: loss 1.1531, time 1681.43ms, mfu 0.94%
iter 4070: loss 0.8198, time 1691.72ms, mfu 0.94%
iter 4080: loss 1.4485, time 1706.78ms, mfu 0.94%
iter 4090: loss 0.7829, time 1680.66ms, mfu 0.95%
iter 4100: loss 1.2061, time 1679.78ms, mfu 0.95%
  === DIAG iter 4100 ===
  loss: 1.2061
  grads (pre): total 0.9497, lora 0.9497, adapter 0.0000
  grads (post): total 0.9497, lora 0.9497, adapter 0.0000
  <NUM> tokens: 0/2048 (0.0%)
  lr: base 2.61e-04, lora 2.61e-04, adapter 7.83e-05
  token accuracy: 0.705 (1441/2044)
iter 4110: loss 1.1965, time 1672.59ms, mfu 0.95%
iter 4120: loss 0.9839, time 1665.33ms, mfu 0.96%
iter 4130: loss 1.2605, time 1672.60ms, mfu 0.96%
iter 4140: loss 1.1310, time 1661.77ms, mfu 0.96%
iter 4150: loss 1.2119, time 1674.34ms, mfu 0.96%
iter 4160: loss 1.2065, time 1719.98ms, mfu 0.96%
iter 4170: loss 1.1586, time 1708.35ms, mfu 0.96%
iter 4180: loss 1.1235, time 1715.39ms, mfu 0.96%
iter 4190: loss 1.0798, time 1705.01ms, mfu 0.96%
iter 4200: loss 1.0166, time 1661.17ms, mfu 0.97%
  === DIAG iter 4200 ===
  loss: 1.0166
  grads (pre): total 0.9528, lora 0.9528, adapter 0.0000
  grads (post): total 0.9528, lora 0.9528, adapter 0.0000
  <NUM> tokens: 0/2048 (0.0%)
  lr: base 2.59e-04, lora 2.59e-04, adapter 7.77e-05
  token accuracy: 0.750 (1533/2045)
iter 4210: loss 1.2725, time 1733.50ms, mfu 0.96%
iter 4220: loss 1.0527, time 1722.92ms, mfu 0.96%
iter 4230: loss 1.0997, time 1705.28ms, mfu 0.96%
iter 4240: loss 1.0539, time 1695.54ms, mfu 0.96%
iter 4250: loss 1.0485, time 1698.34ms, mfu 0.96%
iter 4260: loss 1.0661, time 1695.95ms, mfu 0.96%
iter 4270: loss 1.3188, time 1701.09ms, mfu 0.96%
iter 4280: loss 1.1991, time 1691.25ms, mfu 0.96%
iter 4290: loss 1.2069, time 1676.58ms, mfu 0.97%
iter 4300: loss 1.1371, time 1699.72ms, mfu 0.97%
  === DIAG iter 4300 ===
  loss: 1.1371
  grads (pre): total 0.9514, lora 0.9514, adapter 0.0000
  grads (post): total 0.9514, lora 0.9514, adapter 0.0000
  <NUM> tokens: 0/2048 (0.0%)
  lr: base 2.57e-04, lora 2.57e-04, adapter 7.70e-05
  token accuracy: 0.733 (1499/2045)
iter 4310: loss 1.1939, time 1680.81ms, mfu 0.97%
iter 4320: loss 1.3197, time 1672.30ms, mfu 0.97%
iter 4330: loss 1.2427, time 1678.72ms, mfu 0.97%
iter 4340: loss 1.1755, time 1668.04ms, mfu 0.97%
iter 4350: loss 1.1611, time 1617.59ms, mfu 0.98%
iter 4360: loss 1.0087, time 1731.62ms, mfu 0.97%
iter 4370: loss 1.1212, time 1729.90ms, mfu 0.97%
iter 4380: loss 1.2019, time 1721.92ms, mfu 0.97%
iter 4390: loss 1.0934, time 1697.69ms, mfu 0.97%
iter 4400: loss 0.9514, time 1717.17ms, mfu 0.97%
  === DIAG iter 4400 ===
  loss: 0.9514
  grads (pre): total 0.9044, lora 0.9044, adapter 0.0000
  grads (post): total 0.9044, lora 0.9044, adapter 0.0000
  <NUM> tokens: 0/2048 (0.0%)
  lr: base 2.55e-04, lora 2.55e-04, adapter 7.64e-05
  token accuracy: 0.784 (1601/2043)
iter 4410: loss 0.9159, time 1716.56ms, mfu 0.97%
iter 4420: loss 1.2763, time 1649.66ms, mfu 0.97%
iter 4430: loss 1.1151, time 1664.28ms, mfu 0.97%
iter 4440: loss 1.0063, time 1672.98ms, mfu 0.97%
iter 4450: loss 0.8369, time 1761.63ms, mfu 0.97%
iter 4460: loss 1.0643, time 1685.91ms, mfu 0.97%
iter 4470: loss 1.1770, time 1686.92ms, mfu 0.97%
iter 4480: loss 1.0350, time 1665.63ms, mfu 0.97%
iter 4490: loss 1.0127, time 1688.60ms, mfu 0.97%
iter 4500: loss 1.1605, time 1721.10ms, mfu 0.97%
  === DIAG iter 4500 ===
  loss: 1.1605
  grads (pre): total 0.8852, lora 0.8852, adapter 0.0000
  grads (post): total 0.8852, lora 0.8852, adapter 0.0000
  <NUM> tokens: 0/2048 (0.0%)
  lr: base 2.52e-04, lora 2.52e-04, adapter 7.57e-05
  token accuracy: 0.727 (1487/2044)
iter 4510: loss 1.0688, time 1682.81ms, mfu 0.97%
iter 4520: loss 1.2377, time 1684.26ms, mfu 0.97%
iter 4530: loss 1.0574, time 1681.06ms, mfu 0.97%
iter 4540: loss 0.9666, time 1665.48ms, mfu 0.97%
iter 4550: loss 1.1127, time 1701.52ms, mfu 0.97%
iter 4560: loss 1.1918, time 1667.51ms, mfu 0.97%
iter 4570: loss 1.1647, time 1653.62ms, mfu 0.97%
iter 4580: loss 1.1592, time 1669.08ms, mfu 0.98%
iter 4590: loss 1.2255, time 1662.64ms, mfu 0.98%
iter 4600: loss 1.3512, time 1686.75ms, mfu 0.98%
  === DIAG iter 4600 ===
  loss: 1.3512
  grads (pre): total 0.9679, lora 0.9679, adapter 0.0000
  grads (post): total 0.9679, lora 0.9679, adapter 0.0000
  <NUM> tokens: 0/2048 (0.0%)
  lr: base 2.50e-04, lora 2.50e-04, adapter 7.50e-05
  token accuracy: 0.687 (1404/2045)
iter 4610: loss 1.2438, time 1663.56ms, mfu 0.98%
iter 4620: loss 1.0032, time 1671.74ms, mfu 0.98%
iter 4630: loss 0.9308, time 1660.86ms, mfu 0.98%
iter 4640: loss 1.0388, time 1708.37ms, mfu 0.98%
iter 4650: loss 1.0385, time 1716.66ms, mfu 0.98%
iter 4660: loss 0.8952, time 1706.02ms, mfu 0.97%
iter 4670: loss 0.8763, time 1695.26ms, mfu 0.97%
iter 4680: loss 1.2646, time 1704.18ms, mfu 0.97%
iter 4690: loss 1.0381, time 1701.99ms, mfu 0.97%
iter 4700: loss 1.2237, time 1711.33ms, mfu 0.97%
  === DIAG iter 4700 ===
  loss: 1.2237
  grads (pre): total 0.8737, lora 0.8737, adapter 0.0000
  grads (post): total 0.8737, lora 0.8737, adapter 0.0000
  <NUM> tokens: 0/2048 (0.0%)
  lr: base 2.48e-04, lora 2.48e-04, adapter 7.44e-05
  token accuracy: 0.705 (1442/2045)
iter 4710: loss 0.9943, time 1708.29ms, mfu 0.97%
iter 4720: loss 1.0038, time 1739.97ms, mfu 0.97%
iter 4730: loss 1.0696, time 1736.85ms, mfu 0.96%
iter 4740: loss 0.8705, time 1658.00ms, mfu 0.97%
iter 4750: loss 1.0210, time 1643.25ms, mfu 0.97%
iter 4760: loss 1.1670, time 1655.35ms, mfu 0.97%
iter 4770: loss 1.2767, time 1640.72ms, mfu 0.98%
iter 4780: loss 1.0830, time 1645.80ms, mfu 0.98%
iter 4790: loss 1.2065, time 1651.66ms, mfu 0.98%
iter 4800: loss 1.1291, time 1635.17ms, mfu 0.98%
  === DIAG iter 4800 ===
  loss: 1.1291
  grads (pre): total 0.8917, lora 0.8917, adapter 0.0000
  grads (post): total 0.8917, lora 0.8917, adapter 0.0000
  <NUM> tokens: 0/2048 (0.0%)
  lr: base 2.46e-04, lora 2.46e-04, adapter 7.37e-05
  token accuracy: 0.741 (1515/2044)
iter 4810: loss 1.0655, time 1658.78ms, mfu 0.98%
iter 4820: loss 0.9878, time 1633.03ms, mfu 0.98%
iter 4830: loss 1.0126, time 1650.13ms, mfu 0.99%
iter 4840: loss 1.1646, time 1725.69ms, mfu 0.98%
iter 4850: loss 1.3096, time 1722.35ms, mfu 0.98%
iter 4860: loss 1.0394, time 1709.80ms, mfu 0.98%
iter 4870: loss 0.9645, time 1737.27ms, mfu 0.97%
iter 4880: loss 1.3376, time 1762.32ms, mfu 0.97%
iter 4890: loss 1.1288, time 1746.16ms, mfu 0.97%
