Loading gnu/11.2.0
  Loading requirement: binutils/11.2.0
Error in cpuinfo: prctl(PR_SVE_GET_VL) failed
PyTorch 2.5.0a0+e000cf0ad9.nv24.10, CUDA: True, GPU: NVIDIA A100 80GB PCIe
Error in cpuinfo: prctl(PR_SVE_GET_VL) failed
Log: logs/run_addsub_20260302_164403_K32.log
Seed: 42  |  Max steps: 500000  |  Device: cuda
Additive dims: 32
GPU: NVIDIA A100 80GB PCIe

======================================================================
NUMBER EMBEDDING — ADDITIVE SUBSPACE VARIANT
======================================================================

Architecture:  71 raw + 32 additive → 128d embedding
  Additive:   32 dims (x * weight, exactly linear)
  Standard:   96 dims (Fourier + LogMag + Sign + Poly → proj → LN)
  Fourier:    64 dims  |  Log-mag: 1  |  Sign: 1  |  Poly: 5
  Parameters: 69,338
  Device:     cuda

Before training:
     0.00000 → add_norm=0.000  std_norm=10.068  [0.000, 0.000, 0.000... | -0.711, -0.380, 2.492...]
     0.00000 → add_norm=0.000  std_norm=10.007  [0.000, 0.000, 0.000... | -0.645, -0.418, 2.466...]
     0.00100 → add_norm=0.000  std_norm=9.899  [0.000, 0.000, 0.000... | -0.453, -0.795, 2.330...]
     0.10000 → add_norm=0.015  std_norm=9.883  [0.000, 0.000, 0.000... | 0.618, -0.463, 0.134...]
     1.00000 → add_norm=0.149  std_norm=9.820  [0.000, 0.000, 0.000... | 1.316, 0.357, 0.212...]
     3.14159 → add_norm=0.469  std_norm=9.881  [0.000, 0.000, 0.000... | 0.374, -0.984, -1.049...]
   -42.00000 → add_norm=6.275  std_norm=9.892  [-0.000, -0.001, -0.001... | -0.822, 0.267, -1.435...]
   100.00000 → add_norm=14.940  std_norm=9.920  [0.001, 0.001, 0.002... | 2.263, 0.995, -0.968...]
  1000.00000 → add_norm=149.403  std_norm=9.931  [0.010, 0.013, 0.018... | 1.942, 0.100, -1.681...]
  100000.00000 → add_norm=14940.281  std_norm=10.000  [1.000, 1.346, 1.812... | 1.821, 0.127, -2.092...]
  -1234.50000 → add_norm=184.438  std_norm=9.914  [-0.012, -0.017, -0.022... | 0.766, 0.084, -2.417...]

Training (500000 steps, batch 512, K=32)...
  Step   5000/500000 | Loss: 11.387932 [P1] | lr: 5.00e-04 | add_w: [-2.41e-03, 8.40e-03]
  Step  10000/500000 | Loss: 4.899224 [P1] | lr: 5.00e-04 | add_w: [-3.47e-03, 2.82e-03]
  Step  15000/500000 | Loss: 2.868818 [P1] | lr: 4.99e-04 | add_w: [-2.32e-03, 2.85e-03]
  Step  20000/500000 | Loss: 1.201874 [P1] | lr: 4.98e-04 | add_w: [-1.53e-03, 2.28e-03]
  Step  25000/500000 | Loss: 0.417579 [P1] | lr: 4.97e-04 | add_w: [-1.45e-03, 1.71e-03]
  Step  30000/500000 | Loss: 0.175700 [P1] | lr: 4.96e-04 | add_w: [-1.05e-03, 1.66e-03]
  Step  35000/500000 | Loss: 0.139530 [P1] | lr: 4.95e-04 | add_w: [-6.88e-04, 1.90e-03]
  Step  40000/500000 | Loss: 0.109864 [P1] | lr: 4.93e-04 | add_w: [-1.31e-03, 1.19e-03]
  Step  45000/500000 | Loss: 0.069229 [P1] | lr: 4.91e-04 | add_w: [-5.59e-04, 1.72e-03]
  Step  50000/500000 | Loss: 0.056391 [P1] | lr: 4.89e-04 | add_w: [-1.86e-04, 1.69e-03]
  Step  55000/500000 | Loss: 0.093710 [P1] | lr: 4.86e-04 | add_w: [-1.04e-03, 1.60e-03]
  Step  60000/500000 | Loss: 0.047269 [P1] | lr: 4.83e-04 | add_w: [-3.99e-04, 1.51e-03]
  Step  65000/500000 | Loss: 0.047481 [P1] | lr: 4.81e-04 | add_w: [-6.48e-04, 1.40e-03]
  Step  70000/500000 | Loss: 0.037674 [P1] | lr: 4.77e-04 | add_w: [-4.15e-04, 1.75e-03]
  Step  75000/500000 | Loss: 0.029529 [P1] | lr: 4.74e-04 | add_w: [-1.18e-03, 1.64e-03]
  Step  80000/500000 | Loss: 0.038801 [P1] | lr: 4.70e-04 | add_w: [-2.13e-04, 1.59e-03]
  Step  85000/500000 | Loss: 0.025582 [P1] | lr: 4.67e-04 | add_w: [-2.31e-04, 1.62e-03]
  Step  90000/500000 | Loss: 0.029737 [P1] | lr: 4.62e-04 | add_w: [-3.19e-04, 1.21e-03]
  Step  95000/500000 | Loss: 0.031458 [P1] | lr: 4.58e-04 | add_w: [-1.51e-04, 1.37e-03]
  Step 100000/500000 | Loss: 0.033284 [P1] | lr: 4.54e-04 | add_w: [-2.61e-04, 1.30e-03]
  Step 105000/500000 | Loss: 0.025532 [P1] | lr: 4.49e-04 | add_w: [-2.56e-04, 1.56e-03]
  Step 110000/500000 | Loss: 0.028931 [P1] | lr: 4.44e-04 | add_w: [-2.47e-04, 1.22e-03]
  Step 115000/500000 | Loss: 0.031709 [P1] | lr: 4.39e-04 | add_w: [-3.60e-04, 1.16e-03]
  Step 120000/500000 | Loss: 0.030390 [P1] | lr: 4.34e-04 | add_w: [-3.62e-04, 1.20e-03]
  Step 125000/500000 | Loss: 0.038442 [P1] | lr: 4.28e-04 | add_w: [-1.79e-04, 1.16e-03]
  Step 130000/500000 | Loss: 0.030255 [P1] | lr: 4.23e-04 | add_w: [-1.57e-04, 1.07e-03]
  Step 135000/500000 | Loss: 0.034029 [P1] | lr: 4.17e-04 | add_w: [-2.67e-04, 1.12e-03]
  Step 140000/500000 | Loss: 0.024623 [P1] | lr: 4.11e-04 | add_w: [-3.95e-04, 1.23e-03]
  Step 145000/500000 | Loss: 0.038466 [P1] | lr: 4.05e-04 | add_w: [-1.85e-04, 1.08e-03]
  Step 150000/500000 | Loss: 0.026193 [P1] | lr: 3.99e-04 | add_w: [-1.49e-04, 1.12e-03]
  Step 155000/500000 | Loss: 0.023385 [P1] | lr: 3.92e-04 | add_w: [-3.23e-04, 9.75e-04]
  Step 160000/500000 | Loss: 0.029364 [P1] | lr: 3.86e-04 | add_w: [-1.15e-04, 1.09e-03]
  Step 165000/500000 | Loss: 0.024286 [P1] | lr: 3.79e-04 | add_w: [-6.14e-04, 1.26e-03]
  Step 170000/500000 | Loss: 0.029916 [P1] | lr: 3.72e-04 | add_w: [-1.86e-04, 1.12e-03]
  Step 175000/500000 | Loss: 0.027783 [P1] | lr: 3.65e-04 | add_w: [-2.36e-04, 1.14e-03]
  Step 180000/500000 | Loss: 0.024359 [P1] | lr: 3.58e-04 | add_w: [-2.43e-04, 9.06e-04]
  Step 185000/500000 | Loss: 0.025629 [P1] | lr: 3.51e-04 | add_w: [-2.22e-04, 1.02e-03]
  Step 190000/500000 | Loss: 0.020877 [P1] | lr: 3.44e-04 | add_w: [-1.86e-04, 8.71e-04]
  Step 195000/500000 | Loss: 0.026581 [P1] | lr: 3.36e-04 | add_w: [-2.34e-04, 9.76e-04]
  Step 200000/500000 | Loss: 0.021891 [ramp] | lr: 3.29e-04 | add_w: [-8.28e-04, 8.27e-04]
  Step 205000/500000 | Loss: 0.019430 [ramp] | lr: 3.22e-04 | add_w: [-1.98e-04, 9.39e-04]
  Step 210000/500000 | Loss: 0.016906 [ramp] | lr: 3.14e-04 | add_w: [-2.41e-04, 8.34e-04]
  Step 215000/500000 | Loss: 0.018288 [ramp] | lr: 3.06e-04 | add_w: [-9.21e-05, 8.23e-04]
  Step 220000/500000 | Loss: 0.021712 [ramp] | lr: 2.99e-04 | add_w: [-3.32e-04, 8.25e-04]
  Step 225000/500000 | Loss: 0.016274 [ramp] | lr: 2.91e-04 | add_w: [-1.88e-04, 8.47e-04]
  Step 230000/500000 | Loss: 0.015045 [ramp] | lr: 2.83e-04 | add_w: [-1.15e-04, 9.07e-04]
  Step 235000/500000 | Loss: 0.011492 [ramp] | lr: 2.75e-04 | add_w: [-1.90e-04, 7.00e-04]
  Step 240000/500000 | Loss: 0.008481 [ramp] | lr: 2.67e-04 | add_w: [-2.03e-04, 8.86e-04]
  Step 245000/500000 | Loss: 0.015980 [ramp] | lr: 2.59e-04 | add_w: [-1.01e-04, 7.74e-04]
  Step 250000/500000 | Loss: 0.012204 [P2] | lr: 2.52e-04 | add_w: [-2.37e-04, 8.92e-04]
  Step 255000/500000 | Loss: 0.014615 [P2] | lr: 2.44e-04 | add_w: [-2.25e-04, 7.14e-04]
  Step 260000/500000 | Loss: 0.008292 [P2] | lr: 2.36e-04 | add_w: [-1.28e-04, 7.15e-04]
  Step 265000/500000 | Loss: 0.007485 [P2] | lr: 2.28e-04 | add_w: [-2.48e-04, 6.58e-04]
  Step 270000/500000 | Loss: 0.015496 [P2] | lr: 2.20e-04 | add_w: [-1.64e-04, 6.98e-04]
  Step 275000/500000 | Loss: 0.014692 [P2] | lr: 2.12e-04 | add_w: [-8.54e-05, 6.66e-04]
  Step 280000/500000 | Loss: 0.016385 [P2] | lr: 2.05e-04 | add_w: [-1.17e-04, 6.99e-04]
  Step 285000/500000 | Loss: 0.016032 [P2] | lr: 1.97e-04 | add_w: [-1.11e-04, 7.57e-04]
  Step 290000/500000 | Loss: 0.016703 [P2] | lr: 1.89e-04 | add_w: [-1.86e-04, 5.65e-04]
  Step 295000/500000 | Loss: 0.010879 [P2] | lr: 1.81e-04 | add_w: [-2.72e-04, 5.19e-04]
  Step 300000/500000 | Loss: 0.009418 [P2] | lr: 1.74e-04 | add_w: [-1.26e-04, 6.09e-04]
  Step 305000/500000 | Loss: 0.013861 [P2] | lr: 1.66e-04 | add_w: [-5.89e-05, 5.17e-04]
  Step 310000/500000 | Loss: 0.007836 [P2] | lr: 1.59e-04 | add_w: [-2.60e-04, 4.54e-04]
  Step 315000/500000 | Loss: 0.008794 [P2] | lr: 1.52e-04 | add_w: [-9.56e-05, 4.81e-04]
  Step 320000/500000 | Loss: 0.006070 [P2] | lr: 1.45e-04 | add_w: [-1.10e-04, 5.10e-04]
  Step 325000/500000 | Loss: 0.007272 [P2] | lr: 1.37e-04 | add_w: [-1.60e-04, 4.84e-04]
  Step 330000/500000 | Loss: 0.006038 [P2] | lr: 1.31e-04 | add_w: [-6.96e-05, 4.89e-04]
  Step 335000/500000 | Loss: 0.006315 [P2] | lr: 1.24e-04 | add_w: [-1.85e-04, 4.04e-04]
  Step 340000/500000 | Loss: 0.010962 [P2] | lr: 1.17e-04 | add_w: [-1.14e-04, 4.50e-04]
  Step 345000/500000 | Loss: 0.005830 [P2] | lr: 1.10e-04 | add_w: [-1.04e-04, 4.30e-04]
  Step 350000/500000 | Loss: 0.010930 [P2] | lr: 1.04e-04 | add_w: [-1.66e-04, 3.96e-04]
  Step 355000/500000 | Loss: 0.009810 [P2] | lr: 9.75e-05 | add_w: [-1.60e-04, 3.68e-04]
  Step 360000/500000 | Loss: 0.005568 [P2] | lr: 9.13e-05 | add_w: [-6.35e-05, 3.62e-04]
  Step 365000/500000 | Loss: 0.005308 [P2] | lr: 8.53e-05 | add_w: [-1.48e-04, 3.10e-04]
  Step 370000/500000 | Loss: 0.005136 [P2] | lr: 7.95e-05 | add_w: [-1.23e-04, 3.43e-04]
  Step 375000/500000 | Loss: 0.005071 [P2] | lr: 7.38e-05 | add_w: [-4.32e-05, 2.96e-04]
  Step 380000/500000 | Loss: 0.005400 [P2] | lr: 6.83e-05 | add_w: [-1.40e-04, 2.88e-04]
  Step 385000/500000 | Loss: 0.008737 [P2] | lr: 6.30e-05 | add_w: [-9.14e-05, 2.82e-04]
  Step 390000/500000 | Loss: 0.005890 [P2] | lr: 5.78e-05 | add_w: [-1.01e-04, 2.53e-04]
  Step 395000/500000 | Loss: 0.004626 [P2] | lr: 5.29e-05 | add_w: [-6.30e-05, 2.36e-04]
  Step 400000/500000 | Loss: 0.004399 [P2] | lr: 4.81e-05 | add_w: [-2.91e-05, 2.47e-04]
  Step 405000/500000 | Loss: 0.004318 [P2] | lr: 4.36e-05 | add_w: [-6.20e-05, 2.29e-04]
  Step 410000/500000 | Loss: 0.004238 [P2] | lr: 3.92e-05 | add_w: [-7.24e-05, 2.21e-04]
  Step 415000/500000 | Loss: 0.004166 [P2] | lr: 3.51e-05 | add_w: [-5.10e-05, 1.91e-04]
  Step 420000/500000 | Loss: 0.004135 [P2] | lr: 3.12e-05 | add_w: [-8.95e-05, 1.84e-04]
  Step 425000/500000 | Loss: 0.004031 [P2] | lr: 2.75e-05 | add_w: [-2.13e-05, 1.74e-04]
  Step 430000/500000 | Loss: 0.004041 [P2] | lr: 2.40e-05 | add_w: [-6.99e-05, 1.79e-04]
  Step 435000/500000 | Loss: 0.003927 [P2] | lr: 2.07e-05 | add_w: [-1.85e-05, 1.61e-04]
  Step 440000/500000 | Loss: 0.003885 [P2] | lr: 1.77e-05 | add_w: [-2.85e-05, 1.60e-04]
  Step 445000/500000 | Loss: 0.003846 [P2] | lr: 1.49e-05 | add_w: [-2.60e-05, 1.50e-04]
  Step 450000/500000 | Loss: 0.003806 [P2] | lr: 1.23e-05 | add_w: [-5.08e-05, 1.41e-04]
  Step 455000/500000 | Loss: 0.003790 [P2] | lr: 1.00e-05 | add_w: [-3.15e-05, 1.36e-04]
  Step 460000/500000 | Loss: 0.003762 [P2] | lr: 7.92e-06 | add_w: [-1.77e-05, 1.36e-04]
  Step 465000/500000 | Loss: 0.003730 [P2] | lr: 6.07e-06 | add_w: [-3.22e-05, 1.33e-04]
  Step 470000/500000 | Loss: 0.003713 [P2] | lr: 4.46e-06 | add_w: [-2.53e-05, 1.32e-04]
  Step 475000/500000 | Loss: 0.003696 [P2] | lr: 3.10e-06 | add_w: [-1.31e-05, 1.28e-04]
  Step 480000/500000 | Loss: 0.003710 [P2] | lr: 1.99e-06 | add_w: [-2.14e-05, 1.27e-04]
  Step 485000/500000 | Loss: 0.003674 [P2] | lr: 1.12e-06 | add_w: [-1.57e-05, 1.26e-04]
  Step 490000/500000 | Loss: 0.003673 [P2] | lr: 4.97e-07 | add_w: [-6.18e-06, 1.27e-04]
  Step 495000/500000 | Loss: 0.003671 [P2] | lr: 1.24e-07 | add_w: [-1.21e-05, 1.27e-04]
  Step 500000/500000 | Loss: 0.003657 [P2] | lr: 0.00e+00 | add_w: [-9.29e-06, 1.26e-04]
  Done in 2972.8s

After training:
         Input  →         Decoded       Error
  ────────────     ──────────────  ──────────
       0.00000  →        -0.00000     0.00000
       0.00000  →         0.00000     0.00000
       0.00100  →         0.00100     0.00000
       0.10000  →         0.10600     0.00600
       1.00000  →         0.99442     0.00558
       3.14159  →         3.15373     0.01214
     -42.00000  →       -41.85318     0.14682
     100.00000  →        99.64002     0.35998
    1000.00000  →      1005.33240     5.33240
  100000.00000  →    102046.81250  2046.81250
   -1234.50000  →     -1234.43616     0.06384

Additive subspace check (should be ~0 error):
  e(3.0+5.0): subspace_err=3.28e-12, full_err=14.4928
  e(100.0+200.0): subspace_err=3.36e-10, full_err=13.9342
  e(-42.0+42.0): subspace_err=0.00e+00, full_err=18.1191
  e(1000.0+2345.0): subspace_err=2.51e-09, full_err=10.8868

  Model saved: /tmpdir/m24047brmn/numbers/checkpoints/np_emb_addsub_500k_K32_model.pt

----------------------------------------------------------------------
TEST 1: UNIQUENESS — Distinct numbers → distinct embeddings
----------------------------------------------------------------------
  [PASS] Max cosine sim < 0.99
         Max cosine sim: 0.6867
  [PASS] All pairwise L2 distances > 0
         Min L2 dist: 7.854840
  [PASS] 1.0000 vs 1.0001 distinguishable
         L2 dist: 4.68840122
----------------------------------------------------------------------
TEST 2: CONTINUITY — Small perturbations → small embedding changes
----------------------------------------------------------------------
  [PASS] ε=0.1: bounded relative change
         Max Δ: 14.9010, Relative: 1.4989
  [PASS] ε=0.01: bounded relative change
         Max Δ: 14.6458, Relative: 1.4732
  [PASS] ε=0.001: bounded relative change
         Max Δ: 13.6567, Relative: 1.3737
  [PASS] Smaller ε → smaller (or comparable) embedding Δ
         Deltas: ['14.9010', '14.6458', '13.6567']
  [PASS] Distance monotonicity
         Dists: ['6.8385', '8.5294', '8.7904', '11.4972']
----------------------------------------------------------------------
TEST 3: REVERSIBILITY — Round-trip reconstruction accuracy
----------------------------------------------------------------------
  [PASS] Reconstruction [Small positive]
         |err|_max: 0.0059, rel_max: 0.0593
  [PASS] Reconstruction [Medium]
         |err|_max: 0.0585, rel_max: 0.0234
  [PASS] Reconstruction [Large]
         |err|_max: 1.1860, rel_max: 0.0059
  [PASS] Reconstruction [Negative]
         |err|_max: 0.3668, rel_max: 0.0073
  [PASS] Reconstruction [Near zero]
         |err|_max: 0.0001, rel_max: 0.0055
  [PASS] Reconstruction [Integers]
         |err|_max: 0.3258, rel_max: 0.0078

         Input  →         Decoded     Abs Err     Rel Err
  ────────────     ──────────────  ──────────  ──────────
       0.00000  →        -0.00000     0.00000    1.3298%
       0.00000  →         0.00000     0.00000    0.1227%
       0.00010  →         0.00010     0.00000    0.0197%
       0.00012  →         0.00012     0.00000    0.3174%
       0.00100  →         0.00100     0.00000    0.2095%
       0.01000  →         0.01003     0.00003    0.2548%
       0.10000  →         0.10595     0.00595    5.9519%
       0.50000  →         0.50629     0.00629    1.2571%
       1.00000  →         0.99478     0.00522    0.5219%
       2.71828  →         2.68626     0.03202    1.1780%
       3.14159  →         3.15836     0.01677    0.5338%
       7.00000  →         7.05331     0.05331    0.7615%
      10.00000  →         9.96610     0.03390    0.3390%
      42.00000  →        42.32978     0.32978    0.7852%
      99.00000  →        99.19134     0.19134    0.1933%
     500.00000  →       498.03766     1.96234    0.3925%
    1000.00000  →      1004.22998     4.22998    0.4230%
    9999.00000  →      9879.51172   119.48828    1.1950%
  100000.00000  →    102119.14844  2119.14844    2.1191%
  1000000.00000  →   1019219.75000  19219.75000    1.9220%
      -0.00100  →        -0.00100     0.00000    0.0808%
      -0.50000  →        -0.52101     0.02101    4.2026%
      -1.00000  →        -0.99861     0.00139    0.1389%
      -3.14159  →        -3.23581     0.09422    2.9990%
     -10.00000  →       -10.08625     0.08625    0.8625%
     -42.00000  →       -41.80196     0.19804    0.4715%
   -1000.00000  →     -1010.95300    10.95300    1.0953%
   -1234.50000  →     -1234.44385     0.05615    0.0045%
       0.33333  →         0.32889     0.00444    1.3333%
       0.99999  →         0.97841     0.02158    2.1576%
       1.00001  →         0.99954     0.00047    0.0467%
  123456.00000  →    117631.03906  5824.96094    4.7182%
  -99999.00000  →    -99642.97656   356.02344    0.3560%

----------------------------------------------------------------------
TEST 4: EXPRESSIVENESS — Structural properties of embedding space
----------------------------------------------------------------------
  [PASS] High effective dimensionality (>20)
         Effective dims: 68/128
  [PASS] PC1 correlates with ordering
         Spearman ρ = 0.9612
  [PASS] Similar numbers cluster tighter
         Intra max: 10.3768, Inter min: 11.9017
----------------------------------------------------------------------
TEST 5: MODEL COMPATIBILITY — Standard ops & integration
----------------------------------------------------------------------
  [PASS] Batch (64,) → (64, d)
  [PASS] Single number works
  [PASS] Downstream linear layer
  [PASS] Dot-product attention
  [PASS] Deterministic
----------------------------------------------------------------------
TEST: ADDITIVITY — e(x+y) ≈ e(x) + e(y)
----------------------------------------------------------------------
           small+small:  full=1.4138  additive_sub=0.000000  standard=1.4138
         medium+medium:  full=1.4600  additive_sub=0.000000  standard=1.4601
           large+large:  full=1.0092  additive_sub=0.000000  standard=1.3331
           small+large:  full=1.2919  additive_sub=0.000000  standard=1.2954
              integers:  full=1.4743  additive_sub=0.000000  standard=1.4743

  Overall:  full=1.3298  additive_sub=0.000000  standard=1.3953
  [PASS] Additive subspace error ≈ 0
         Subspace error: 0.000000
  [FAIL] Full embedding additivity error < 0.5
         Full error: 1.3298
----------------------------------------------------------------------
TEST 7: SUBSPACE STRUCTURE — Additive dims are proportional to x
----------------------------------------------------------------------
  [PASS] Additive dims scale linearly with x
         Max ratio std across dims: 0.000000
  Additive weight range: [-9.29e-06, 1.26e-04]
  For x=100000: additive values range [-0.93, 12.62]
======================================================================
RESULTS: 24/25 PASSED, 1/25 FAILED
======================================================================

Output saved to: logs/run_addsub_20260302_164403_K32.log
