Log: logs/run_torch_20260220_010741_steps500000.log
Seed: 42  |  Max steps: 500000  |  Device: cuda
GPU: NVIDIA A100 80GB PCIe

======================================================================
NUMBER EMBEDDING REPRESENTATION — DEMO (PyTorch)
======================================================================

Architecture:  71 raw dims → 128d embedding
  Fourier:    64 dims  |  Log-mag: 1  |  Sign: 1  |  Poly: 5
  Parameters: 71,610
  Device:     cuda

Before training:
     0.00000 → norm=11.587  [0.064, 0.041, 0.009, 0.130, 0.332...]
     0.00000 → norm=11.530  [0.182, -0.043, -0.075, 0.259, 0.319...]
     0.00100 → norm=11.428  [1.003, -0.062, 0.038, 0.701, 0.224...]
     0.10000 → norm=11.416  [-0.392, -0.243, 0.046, 1.569, 0.939...]
     1.00000 → norm=11.370  [1.216, -0.530, 0.503, 1.589, 1.050...]
     3.14159 → norm=11.400  [2.592, -1.185, -0.528, 1.090, -0.133...]
   -42.00000 → norm=11.435  [-1.642, 0.186, -1.154, -0.398, -0.287...]
   100.00000 → norm=11.448  [1.348, -0.233, 1.120, 1.431, 0.574...]
  1000.00000 → norm=11.466  [2.724, -1.266, 0.803, 0.716, 0.246...]
  100000.00000 → norm=11.511  [1.121, -0.061, 0.272, 0.845, 0.329...]
  -1234.50000 → norm=11.472  [-1.617, -0.121, -0.319, -0.423, -0.392...]

Training (500000 steps, batch 512)...
  Step   5000/500000 | Loss: 1.777548 [P1] | lr: 5.00e-04
  Step  10000/500000 | Loss: 0.036838 [P1] | lr: 5.00e-04
  Step  15000/500000 | Loss: 0.033232 [P1] | lr: 4.99e-04
  Step  20000/500000 | Loss: 0.045456 [P1] | lr: 4.98e-04
  Step  25000/500000 | Loss: 0.044230 [P1] | lr: 4.97e-04
  Step  30000/500000 | Loss: 0.041578 [P1] | lr: 4.96e-04
  Step  35000/500000 | Loss: 0.039646 [P1] | lr: 4.95e-04
  Step  40000/500000 | Loss: 0.038672 [P1] | lr: 4.93e-04
  Step  45000/500000 | Loss: 0.037574 [P1] | lr: 4.91e-04
  Step  50000/500000 | Loss: 0.036716 [P1] | lr: 4.89e-04
  Step  55000/500000 | Loss: 0.036153 [P1] | lr: 4.86e-04
  Step  60000/500000 | Loss: 0.035759 [P1] | lr: 4.83e-04
  Step  65000/500000 | Loss: 0.031383 [P1] | lr: 4.81e-04
  Step  70000/500000 | Loss: 0.008023 [P1] | lr: 4.77e-04
  Step  75000/500000 | Loss: 0.009285 [P1] | lr: 4.74e-04
  Step  80000/500000 | Loss: 0.011843 [P1] | lr: 4.70e-04
  Step  85000/500000 | Loss: 0.012043 [P1] | lr: 4.67e-04
  Step  90000/500000 | Loss: 0.011329 [P1] | lr: 4.62e-04
  Step  95000/500000 | Loss: 0.006827 [P1] | lr: 4.58e-04
  Step 100000/500000 | Loss: 0.007125 [P1] | lr: 4.54e-04
  Step 105000/500000 | Loss: 0.003555 [P1] | lr: 4.49e-04
  Step 110000/500000 | Loss: 0.003367 [P1] | lr: 4.44e-04
  Step 115000/500000 | Loss: 0.005192 [P1] | lr: 4.39e-04
  Step 120000/500000 | Loss: 0.006241 [P1] | lr: 4.34e-04
  Step 125000/500000 | Loss: 0.004045 [P1] | lr: 4.28e-04
  Step 130000/500000 | Loss: 0.002759 [P1] | lr: 4.23e-04
  Step 135000/500000 | Loss: 0.005331 [P1] | lr: 4.17e-04
  Step 140000/500000 | Loss: 0.008307 [P1] | lr: 4.11e-04
  Step 145000/500000 | Loss: 0.009764 [P1] | lr: 4.05e-04
  Step 150000/500000 | Loss: 0.010328 [P1] | lr: 3.99e-04
  Step 155000/500000 | Loss: 0.010378 [P1] | lr: 3.92e-04
  Step 160000/500000 | Loss: 0.009711 [P1] | lr: 3.86e-04
  Step 165000/500000 | Loss: 0.009698 [P1] | lr: 3.79e-04
  Step 170000/500000 | Loss: 0.009590 [P1] | lr: 3.72e-04
  Step 175000/500000 | Loss: 0.009057 [P1] | lr: 3.65e-04
  Step 180000/500000 | Loss: 0.008845 [P1] | lr: 3.58e-04
  Step 185000/500000 | Loss: 0.006932 [P1] | lr: 3.51e-04
  Step 190000/500000 | Loss: 0.006260 [P1] | lr: 3.44e-04
  Step 195000/500000 | Loss: 0.008575 [P1] | lr: 3.36e-04
  Step 200000/500000 | Loss: 0.008282 [ramp] | lr: 3.29e-04
  Step 205000/500000 | Loss: 0.008289 [ramp] | lr: 3.22e-04
  Step 210000/500000 | Loss: 0.008256 [ramp] | lr: 3.14e-04
  Step 215000/500000 | Loss: 0.007263 [ramp] | lr: 3.06e-04
  Step 220000/500000 | Loss: 0.002024 [ramp] | lr: 2.99e-04
  Step 225000/500000 | Loss: 0.003312 [ramp] | lr: 2.91e-04
  Step 230000/500000 | Loss: 0.005491 [ramp] | lr: 2.83e-04
  Step 235000/500000 | Loss: 0.008070 [ramp] | lr: 2.75e-04
  Step 240000/500000 | Loss: 0.008325 [ramp] | lr: 2.67e-04
  Step 245000/500000 | Loss: 0.008221 [ramp] | lr: 2.59e-04
  Step 250000/500000 | Loss: 0.008711 [P2] | lr: 2.52e-04
  Step 255000/500000 | Loss: 0.008722 [P2] | lr: 2.44e-04
  Step 260000/500000 | Loss: 0.008716 [P2] | lr: 2.36e-04
  Step 265000/500000 | Loss: 0.008596 [P2] | lr: 2.28e-04
  Step 270000/500000 | Loss: 0.008524 [P2] | lr: 2.20e-04
  Step 275000/500000 | Loss: 0.008166 [P2] | lr: 2.12e-04
  Step 280000/500000 | Loss: 0.008009 [P2] | lr: 2.05e-04
  Step 285000/500000 | Loss: 0.008195 [P2] | lr: 1.97e-04
  Step 290000/500000 | Loss: 0.008089 [P2] | lr: 1.89e-04
  Step 295000/500000 | Loss: 0.008052 [P2] | lr: 1.81e-04
  Step 300000/500000 | Loss: 0.008010 [P2] | lr: 1.74e-04
  Step 305000/500000 | Loss: 0.008217 [P2] | lr: 1.66e-04
  Step 310000/500000 | Loss: 0.008024 [P2] | lr: 1.59e-04
  Step 315000/500000 | Loss: 0.007942 [P2] | lr: 1.52e-04
  Step 320000/500000 | Loss: 0.007752 [P2] | lr: 1.45e-04
  Step 325000/500000 | Loss: 0.007823 [P2] | lr: 1.37e-04
  Step 330000/500000 | Loss: 0.008571 [P2] | lr: 1.31e-04
  Step 335000/500000 | Loss: 0.011524 [P2] | lr: 1.24e-04
  Step 340000/500000 | Loss: 0.009928 [P2] | lr: 1.17e-04
  Step 345000/500000 | Loss: 0.008195 [P2] | lr: 1.10e-04
  Step 350000/500000 | Loss: 0.007947 [P2] | lr: 1.04e-04
  Step 355000/500000 | Loss: 0.007833 [P2] | lr: 9.75e-05
  Step 360000/500000 | Loss: 0.007797 [P2] | lr: 9.13e-05
  Step 365000/500000 | Loss: 0.007815 [P2] | lr: 8.53e-05
  Step 370000/500000 | Loss: 0.007744 [P2] | lr: 7.95e-05
  Step 375000/500000 | Loss: 0.007707 [P2] | lr: 7.38e-05
  Step 380000/500000 | Loss: 0.007694 [P2] | lr: 6.83e-05
  Step 385000/500000 | Loss: 0.007657 [P2] | lr: 6.30e-05
  Step 390000/500000 | Loss: 0.007726 [P2] | lr: 5.78e-05
  Step 395000/500000 | Loss: 0.007698 [P2] | lr: 5.29e-05
  Step 400000/500000 | Loss: 0.007688 [P2] | lr: 4.81e-05
  Step 405000/500000 | Loss: 0.007671 [P2] | lr: 4.36e-05
  Step 410000/500000 | Loss: 0.007649 [P2] | lr: 3.92e-05
  Step 415000/500000 | Loss: 0.007636 [P2] | lr: 3.51e-05
  Step 420000/500000 | Loss: 0.007659 [P2] | lr: 3.12e-05
  Step 425000/500000 | Loss: 0.007686 [P2] | lr: 2.75e-05
  Step 430000/500000 | Loss: 0.007679 [P2] | lr: 2.40e-05
  Step 435000/500000 | Loss: 0.007629 [P2] | lr: 2.07e-05
  Step 440000/500000 | Loss: 0.007665 [P2] | lr: 1.77e-05
  Step 445000/500000 | Loss: 0.007608 [P2] | lr: 1.49e-05
  Step 450000/500000 | Loss: 0.007618 [P2] | lr: 1.23e-05
  Step 455000/500000 | Loss: 0.007603 [P2] | lr: 1.00e-05
  Step 460000/500000 | Loss: 0.007602 [P2] | lr: 7.92e-06
  Step 465000/500000 | Loss: 0.007594 [P2] | lr: 6.07e-06
  Step 470000/500000 | Loss: 0.007571 [P2] | lr: 4.46e-06
  Step 475000/500000 | Loss: 0.007575 [P2] | lr: 3.10e-06
  Step 480000/500000 | Loss: 0.007569 [P2] | lr: 1.99e-06
  Step 485000/500000 | Loss: 0.007568 [P2] | lr: 1.12e-06
  Step 490000/500000 | Loss: 0.007567 [P2] | lr: 4.97e-07
  Step 495000/500000 | Loss: 0.007567 [P2] | lr: 1.24e-07
  Step 500000/500000 | Loss: 0.007561 [P2] | lr: 0.00e+00
  Done in 2948.5s

After training:
         Input  →         Decoded       Error
  ────────────     ──────────────  ──────────
       0.00000  →        -0.00000     0.00000
       0.00000  →         0.00000     0.00000
       0.00100  →         0.00100     0.00000
       0.10000  →         0.10045     0.00045
       1.00000  →         1.00058     0.00058
       3.14159  →         3.14349     0.00190
     -42.00000  →       -42.06787     0.06787
     100.00000  →       100.13890     0.13890
    1000.00000  →      1002.17401     2.17401
  100000.00000  →    100041.65625    41.65625
   -1234.50000  →     -1236.62720     2.12720

  Model saved: /tmpdir/m24047brmn/numbers/checkpoints/np_emb_v8_500k_model.pt
  Embeddings saved: /tmpdir/m24047brmn/numbers/checkpoints/np_emb_v8_500k_embeddings.npz (2200 reference points)

----------------------------------------------------------------------
TEST 1: UNIQUENESS — Distinct numbers → distinct embeddings
----------------------------------------------------------------------
  [PASS] Max cosine sim < 0.99
         Max cosine sim: 0.2768
  [PASS] All pairwise L2 distances > 0
         Min L2 dist: 13.819852
  [PASS] 1.0000 vs 1.0001 distinguishable
         L2 dist: 5.78781176
----------------------------------------------------------------------
TEST 2: CONTINUITY — Small perturbations → small embedding changes
----------------------------------------------------------------------
  [PASS] ε=0.1: bounded relative change
         Max Δ: 15.7321, Relative: 1.3744
  [PASS] ε=0.01: bounded relative change
         Max Δ: 15.7869, Relative: 1.3792
  [PASS] ε=0.001: bounded relative change
         Max Δ: 15.5850, Relative: 1.3615
  [PASS] Smaller ε → smaller (or comparable) embedding Δ
         Deltas: ['15.7321', '15.7869', '15.5850']
  [PASS] Distance monotonicity
         Dists: ['9.2136', '10.9073', '14.2448', '13.6795']
----------------------------------------------------------------------
TEST 3: REVERSIBILITY — Round-trip reconstruction accuracy
----------------------------------------------------------------------
  [PASS] Reconstruction [Small positive]
         |err|_max: 0.0004, rel_max: 0.0081
  [PASS] Reconstruction [Medium]
         |err|_max: 0.0062, rel_max: 0.0025
  [PASS] Reconstruction [Large]
         |err|_max: 0.2135, rel_max: 0.0016
  [PASS] Reconstruction [Negative]
         |err|_max: 0.1965, rel_max: 0.0039
  [PASS] Reconstruction [Near zero]
         |err|_max: 0.0000, rel_max: 0.0027
  [PASS] Reconstruction [Integers]
         |err|_max: 0.1329, rel_max: 0.0030

         Input  →         Decoded     Abs Err     Rel Err
  ────────────     ──────────────  ──────────  ──────────
       0.00000  →        -0.00000     0.00000    0.0642%
       0.00000  →         0.00000     0.00000    0.0640%
       0.00010  →         0.00010     0.00000    0.2023%
       0.00012  →         0.00012     0.00000    0.0399%
       0.00100  →         0.00100     0.00000    0.0231%
       0.01000  →         0.01001     0.00001    0.0889%
       0.10000  →         0.10032     0.00032    0.3162%
       0.50000  →         0.50309     0.00309    0.6185%
       1.00000  →         1.00025     0.00025    0.0248%
       2.71828  →         2.71284     0.00544    0.2000%
       3.14159  →         3.14478     0.00319    0.1015%
       7.00000  →         6.99597     0.00403    0.0576%
      10.00000  →        10.03538     0.03538    0.3538%
      42.00000  →        42.00420     0.00420    0.0100%
      99.00000  →        98.96720     0.03280    0.0331%
     500.00000  →       500.13837     0.13837    0.0277%
    1000.00000  →      1001.91589     1.91589    0.1916%
    9999.00000  →      9967.81836    31.18164    0.3118%
  100000.00000  →    100072.38281    72.38281    0.0724%
  1000000.00000  →   1005804.81250  5804.81250    0.5805%
      -0.00100  →        -0.00100     0.00000    0.0211%
      -0.50000  →        -0.49650     0.00350    0.6998%
      -1.00000  →        -0.99920     0.00080    0.0799%
      -3.14159  →        -3.13648     0.00511    0.1626%
     -10.00000  →       -10.01021     0.01021    0.1021%
     -42.00000  →       -42.06586     0.06586    0.1568%
   -1000.00000  →      -999.10071     0.89929    0.0899%
   -1234.50000  →     -1236.81995     2.31995    0.1879%
       0.33333  →         0.33242     0.00091    0.2724%
       0.99999  →         1.01502     0.01503    1.5026%
       1.00001  →         0.98587     0.01414    1.4139%
  123456.00000  →    123436.97656    19.02344    0.0154%
  -99999.00000  →   -100192.50781   193.50781    0.1935%

----------------------------------------------------------------------
TEST 4: EXPRESSIVENESS — Structural properties of embedding space
----------------------------------------------------------------------
  [PASS] High effective dimensionality (>20)
         Effective dims: 72/128
  [PASS] PC1 correlates with ordering
         Spearman ρ = 0.9520
  [PASS] Similar numbers cluster tighter
         Intra max: 11.7377, Inter min: 15.9870
----------------------------------------------------------------------
TEST 5: MODEL COMPATIBILITY — Standard ops & integration
----------------------------------------------------------------------
  [PASS] Batch (64,) → (64, d)
  [PASS] Single number works
  [PASS] Downstream linear layer
  [PASS] Dot-product attention
  [PASS] Deterministic
======================================================================
RESULTS: 22/22 PASSED, 0/22 FAILED
======================================================================
