Log: logs/run_20260218_034709_steps30000.log
Seed: 42  |  Max steps: 30000

======================================================================
NUMBER EMBEDDING REPRESENTATION — DEMO
======================================================================

Architecture:  71 raw dims → 128d embedding
  Fourier:    64 dims  |  Log-mag: 1  |  Sign: 1  |  Poly: 5

Before training:
     0.00000 → norm=11.634  [0.141, -0.347, -0.078, -0.707, -0.165...]
     1.00000 → norm=11.349  [0.512, 1.231, -0.312, -0.681, -0.628...]
     3.14159 → norm=11.405  [-1.579, -0.286, -1.160, -1.206, -1.754...]
   -42.00000 → norm=11.423  [0.618, 0.076, 0.257, 1.253, 1.519...]
   100.00000 → norm=11.441  [0.369, 0.707, -0.740, -0.139, -0.993...]
     0.00100 → norm=11.457  [0.073, -0.238, -0.572, -1.069, -0.263...]

Training (30000 steps)...
  Step   500/30000 | Loss: 10.356097
  Step  1000/30000 | Loss: 3.874309
  Step  1500/30000 | Loss: 3.208501
  Step  2000/30000 | Loss: 3.221357
  Step  2500/30000 | Loss: 3.029174
  Step  3000/30000 | Loss: 3.031507
  Step  3500/30000 | Loss: 3.022031
  Step  4000/30000 | Loss: 3.003533
  Step  4500/30000 | Loss: 2.989534
  Step  5000/30000 | Loss: 2.991949
  Step  5500/30000 | Loss: 2.995001
  Step  6000/30000 | Loss: 2.997931
  Step  6500/30000 | Loss: 3.003713
  Step  7000/30000 | Loss: 2.988870
  Step  7500/30000 | Loss: 2.996852
  Step  8000/30000 | Loss: 3.030273
  Step  8500/30000 | Loss: 3.002370
  Step  9000/30000 | Loss: 3.009543
  Step  9500/30000 | Loss: 3.010047
  Step 10000/30000 | Loss: 2.988430
  Step 10500/30000 | Loss: 2.988026
  Step 11000/30000 | Loss: 2.994727
  Step 11500/30000 | Loss: 2.997814
  Step 12000/30000 | Loss: 2.991894
  Step 12500/30000 | Loss: 2.990502
  Step 13000/30000 | Loss: 3.007220
  Step 13500/30000 | Loss: 2.990645
  Step 14000/30000 | Loss: 2.984936
  Step 14500/30000 | Loss: 2.991605
  Step 15000/30000 | Loss: 2.996454
  Step 15500/30000 | Loss: 3.012467
  Step 16000/30000 | Loss: 2.996036
  Step 16500/30000 | Loss: 3.015205
  Step 17000/30000 | Loss: 2.998168
  Step 17500/30000 | Loss: 2.974716
  Step 18000/30000 | Loss: 3.003146
  Step 18500/30000 | Loss: 2.993021
  Step 19000/30000 | Loss: 2.992597
  Step 19500/30000 | Loss: 3.002067
  Step 20000/30000 | Loss: 3.003782
  Step 20500/30000 | Loss: 3.025752
  Step 21000/30000 | Loss: 3.003568
  Step 21500/30000 | Loss: 2.985853
  Step 22000/30000 | Loss: 2.987862
  Step 22500/30000 | Loss: 2.996750
  Step 23000/30000 | Loss: 3.001410
  Step 23500/30000 | Loss: 2.986718
  Step 24000/30000 | Loss: 2.993922
  Step 24500/30000 | Loss: 2.992537
  Step 25000/30000 | Loss: 2.979041
  Step 25500/30000 | Loss: 2.990433
  Step 26000/30000 | Loss: 2.980428
  Step 26500/30000 | Loss: 2.992210
  Step 27000/30000 | Loss: 2.993307
  Step 27500/30000 | Loss: 3.016931
  Step 28000/30000 | Loss: 2.995469
  Step 28500/30000 | Loss: 2.996950
  Step 29000/30000 | Loss: 2.994498
  Step 29500/30000 | Loss: 2.991239
  Step 30000/30000 | Loss: 2.984529
  Done in 325.6s

After training:
         Input  →         Decoded       Error
  ────────────     ──────────────  ──────────
       0.00000  →        -0.00033     0.00033
       1.00000  →         0.96399     0.03601
       3.14159  →         3.13947     0.00212
     -42.00000  →        -8.00034    33.99966
     100.00000  →         8.00034    91.99966
       0.00100  →        -0.00100     0.00200


----------------------------------------------------------------------
TEST 1: UNIQUENESS — Distinct numbers → distinct embeddings
----------------------------------------------------------------------
  [PASS] Max cosine sim < 0.99
         Max cosine sim: 0.9551
  [PASS] All pairwise L2 distances > 0
         Min L2 dist: 3.466822
  [PASS] 1.0000 vs 1.0001 distinguishable
         L2 dist: 2.42058165
----------------------------------------------------------------------
TEST 2: CONTINUITY — Small perturbations → small embedding changes
----------------------------------------------------------------------
  [PASS] ε=0.1: bounded relative change
         Max Δ: 11.8770, Relative: 1.0367
  [PASS] ε=0.01: bounded relative change
         Max Δ: 8.3569, Relative: 0.7295
  [PASS] ε=0.001: bounded relative change
         Max Δ: 5.8268, Relative: 0.5086
  [PASS] Smaller ε → smaller (or comparable) embedding Δ
         Deltas: ['11.8770', '8.3569', '5.8268']
  [PASS] Distance monotonicity
         Dists: ['3.5415', '4.8623', '6.3321', '8.7124']
----------------------------------------------------------------------
TEST 3: REVERSIBILITY — Round-trip reconstruction accuracy
----------------------------------------------------------------------
  [PASS] Reconstruction [Small positive]
         |err|_max: 0.1998, rel_max: 2.0031
  [PASS] Reconstruction [Medium]
         |err|_max: 0.0622, rel_max: 0.0360
  [PASS] Reconstruction [Large]
         |err|_max: 191.9997, rel_max: 0.9600
  [PASS] Reconstruction [Negative]
         |err|_max: 41.9997, rel_max: 0.8400
  [PASS] Reconstruction [Near zero]
         |err|_max: 0.0200, rel_max: 32756.1729
  [PASS] Reconstruction [Integers]
         |err|_max: 90.9997, rel_max: 0.9192

         Input  →         Decoded     Abs Err     Rel Err
  ────────────     ──────────────  ──────────  ──────────
       0.00012  →        -0.00033     0.00046  371.6193%
       0.01000  →        -0.01001     0.02001  200.1066%
       1.00000  →         0.96399     0.03601    3.6014%
       3.14159  →         3.13947     0.00212    0.0673%
       7.00000  →         6.93777     0.06223    0.8891%
      42.00000  →         8.00034    33.99966   80.9516%
      99.00000  →         8.00034    90.99966   91.9189%
     500.00000  →         8.00034   491.99966   98.3999%
  100000.00000  →         8.00034  99991.99966   99.9920%
      -0.50000  →        -0.50236     0.00236    0.4711%
     -10.00000  →        -8.00034     1.99966   19.9966%
     -42.00000  →        -8.00034    33.99966   80.9516%
   -1234.50000  →        -8.00034  1226.49966   99.3519%
       0.00000  →        -0.00033     0.00033  32833.7327%
       0.00000  →        -0.00033     0.00033  3275617.2939%

----------------------------------------------------------------------
TEST 4: EXPRESSIVENESS — Structural properties of embedding space
----------------------------------------------------------------------
  [PASS] High effective dimensionality (>20)
         Effective dims: 70/128
  [PASS] PC1 correlates with ordering
         Spearman ρ = 0.8608
  [PASS] Similar numbers cluster tighter
         Intra max: 9.2611, Inter min: 12.8698
----------------------------------------------------------------------
TEST 5: MODEL COMPATIBILITY — Standard ops & integration
----------------------------------------------------------------------
  [PASS] Batch (64,) → (64, d)
  [PASS] Single number works
  [PASS] Downstream linear layer
  [PASS] Dot-product attention
  [PASS] Deterministic
======================================================================
RESULTS: 22/22 PASSED, 0/22 FAILED
======================================================================
