Log: logs/run_20260218_143507_steps30000.log
Seed: 42  |  Max steps: 30000

======================================================================
NUMBER EMBEDDING REPRESENTATION — DEMO
======================================================================

Architecture:  71 raw dims → 128d embedding
  Fourier:    64 dims  |  Log-mag: 1  |  Sign: 1  |  Poly: 5

Before training:
     0.00000 → norm=11.634  [0.141, -0.347, -0.078, -0.707, -0.165...]
     1.00000 → norm=11.349  [0.512, 1.231, -0.312, -0.681, -0.628...]
     3.14159 → norm=11.405  [-1.579, -0.286, -1.160, -1.206, -1.754...]
   -42.00000 → norm=11.423  [0.618, 0.076, 0.257, 1.253, 1.519...]
   100.00000 → norm=11.441  [0.369, 0.707, -0.740, -0.139, -0.993...]
     0.00100 → norm=11.457  [0.073, -0.238, -0.572, -1.069, -0.263...]

Training (30000 steps)...
  Step   500/30000 | Loss: 2.510402 [P1]
  Step  1000/30000 | Loss: 0.040406 [P1]
  Step  1500/30000 | Loss: 0.015456 [P1]
  Step  2000/30000 | Loss: 0.007585 [P1]
  Step  2500/30000 | Loss: 0.004323 [P1]
  Step  3000/30000 | Loss: 0.002887 [P1]
  Step  3500/30000 | Loss: 0.002103 [P1]
  Step  4000/30000 | Loss: 0.001573 [P1]
  Step  4500/30000 | Loss: 0.001266 [P1]
  Step  5000/30000 | Loss: 0.001054 [P1]
  Step  5500/30000 | Loss: 0.001009 [P1]
  Step  6000/30000 | Loss: 0.000760 [P1]
  Step  6500/30000 | Loss: 0.000796 [P1]
  Step  7000/30000 | Loss: 0.000609 [P1]
  Step  7500/30000 | Loss: 0.000656 [P1]
  Step  8000/30000 | Loss: 0.000516 [P1]
  Step  8500/30000 | Loss: 0.000562 [P1]
  Step  9000/30000 | Loss: 0.000513 [P1]
  Step  9500/30000 | Loss: 0.000431 [P1]
  Step 10000/30000 | Loss: 0.000429 [P1]
  Step 10500/30000 | Loss: 0.000344 [P1]
  Step 11000/30000 | Loss: 0.000343 [P1]
  Step 11500/30000 | Loss: 0.000242 [P1]
  Step 12000/30000 | Loss: 0.000346 [P1]
  Step 12500/30000 | Loss: 0.000220 [P1]
  Step 13000/30000 | Loss: 0.000233 [P1]
  Step 13500/30000 | Loss: 0.000252 [P1]
  Step 14000/30000 | Loss: 0.000229 [P1]
  Step 14500/30000 | Loss: 0.000192 [P1]
  Step 15000/30000 | Loss: 0.000203 [P1]
  Step 15500/30000 | Loss: 0.000138 [P1]
  Step 16000/30000 | Loss: 0.000134 [P1]
  Step 16500/30000 | Loss: 0.000133 [P1]
  Step 17000/30000 | Loss: 0.000132 [P1]
  Step 17500/30000 | Loss: 0.000119 [P1]
  Step 18000/30000 | Loss: 0.000095 [P2]
  Step 18500/30000 | Loss: 0.000246 [P2]
  Step 19000/30000 | Loss: 0.000138 [P2]
  Step 19500/30000 | Loss: 0.000112 [P2]
  Step 20000/30000 | Loss: 0.000102 [P2]
  Step 20500/30000 | Loss: 0.000099 [P2]
  Step 21000/30000 | Loss: 0.000084 [P2]
  Step 21500/30000 | Loss: 0.000081 [P2]
  Step 22000/30000 | Loss: 0.000069 [P2]
  Step 22500/30000 | Loss: 0.000066 [P2]
  Step 23000/30000 | Loss: 0.000068 [P2]
  Step 23500/30000 | Loss: 0.000060 [P2]
  Step 24000/30000 | Loss: 0.000050 [P2]
  Step 24500/30000 | Loss: 0.000052 [P2]
  Step 25000/30000 | Loss: 0.000045 [P2]
  Step 25500/30000 | Loss: 0.000048 [P2]
  Step 26000/30000 | Loss: 0.000038 [P2]
  Step 26500/30000 | Loss: 0.000039 [P2]
  Step 27000/30000 | Loss: 0.000037 [P2]
  Step 27500/30000 | Loss: 0.000041 [P2]
  Step 28000/30000 | Loss: 0.000036 [P2]
  Step 28500/30000 | Loss: 0.000033 [P2]
  Step 29000/30000 | Loss: 0.000038 [P2]
  Step 29500/30000 | Loss: 0.000036 [P2]
  Step 30000/30000 | Loss: 0.000037 [P2]
  Done in 473.1s

After training:
         Input  →         Decoded       Error
  ────────────     ──────────────  ──────────
       0.00000  →         0.00018     0.00018
       1.00000  →         1.00726     0.00726
       3.14159  →         3.16051     0.01892
     -42.00000  →       -42.10825     0.10825
     100.00000  →        99.87703     0.12297
       0.00100  →         0.00222     0.00122


----------------------------------------------------------------------
TEST 1: UNIQUENESS — Distinct numbers → distinct embeddings
----------------------------------------------------------------------
  [PASS] Max cosine sim < 0.99
         Max cosine sim: 0.9539
  [PASS] All pairwise L2 distances > 0
         Min L2 dist: 3.510929
  [PASS] 1.0000 vs 1.0001 distinguishable
         L2 dist: 2.18395455
----------------------------------------------------------------------
TEST 2: CONTINUITY — Small perturbations → small embedding changes
----------------------------------------------------------------------
  [PASS] ε=0.1: bounded relative change
         Max Δ: 12.4373, Relative: 1.0847
  [PASS] ε=0.01: bounded relative change
         Max Δ: 8.9105, Relative: 0.7771
  [PASS] ε=0.001: bounded relative change
         Max Δ: 5.9668, Relative: 0.5204
  [PASS] Smaller ε → smaller (or comparable) embedding Δ
         Deltas: ['12.4373', '8.9105', '5.9668']
  [PASS] Distance monotonicity
         Dists: ['2.5180', '3.4987', '4.6438', '6.7665']
----------------------------------------------------------------------
TEST 3: REVERSIBILITY — Round-trip reconstruction accuracy
----------------------------------------------------------------------
  [PASS] Reconstruction [Small positive]
         |err|_max: 0.0030, rel_max: 0.0479
  [PASS] Reconstruction [Medium]
         |err|_max: 0.0189, rel_max: 0.0073
  [PASS] Reconstruction [Large]
         |err|_max: 0.7765, rel_max: 0.0039
  [PASS] Reconstruction [Negative]
         |err|_max: 0.0593, rel_max: 0.0076
  [PASS] Reconstruction [Near zero]
         |err|_max: 0.0005, rel_max: 18410.8999
  [PASS] Reconstruction [Integers]
         |err|_max: 0.0746, rel_max: 0.0073

         Input  →         Decoded     Abs Err     Rel Err
  ────────────     ──────────────  ──────────  ──────────
       0.00012  →         0.00197     0.00185  1502.4059%
       0.01000  →         0.00952     0.00048    4.7880%
       1.00000  →         1.00726     0.00726    0.7258%
       3.14159  →         3.16051     0.01892    0.6022%
       7.00000  →         7.00316     0.00316    0.0451%
      42.00000  →        42.06644     0.06644    0.1582%
      99.00000  →        99.07463     0.07463    0.0754%
     500.00000  →       503.96417     3.96417    0.7928%
  100000.00000  →     26883.58938  73116.41062   73.1164%
      -0.50000  →        -0.49808     0.00192    0.3837%
     -10.00000  →       -10.05929     0.05929    0.5929%
     -42.00000  →       -42.10825     0.10825    0.2577%
   -1234.50000  →     -1220.16595    14.33405    1.1611%
       0.00000  →         0.00045     0.00045  44093.6700%
       0.00000  →         0.00018     0.00018  1841089.9875%

----------------------------------------------------------------------
TEST 4: EXPRESSIVENESS — Structural properties of embedding space
----------------------------------------------------------------------
  [PASS] High effective dimensionality (>20)
         Effective dims: 70/128
  [PASS] PC1 correlates with ordering
         Spearman ρ = 0.8652
  [PASS] Similar numbers cluster tighter
         Intra max: 9.5102, Inter min: 10.8861
----------------------------------------------------------------------
TEST 5: MODEL COMPATIBILITY — Standard ops & integration
----------------------------------------------------------------------
  [PASS] Batch (64,) → (64, d)
  [PASS] Single number works
  [PASS] Downstream linear layer
  [PASS] Dot-product attention
  [PASS] Deterministic
======================================================================
RESULTS: 22/22 PASSED, 0/22 FAILED
======================================================================
