Log: logs/run_20260218_041443_steps30000.log
Seed: 42  |  Max steps: 30000

======================================================================
NUMBER EMBEDDING REPRESENTATION — DEMO
======================================================================

Architecture:  71 raw dims → 128d embedding
  Fourier:    64 dims  |  Log-mag: 1  |  Sign: 1  |  Poly: 5

Before training:
     0.00000 → norm=11.634  [0.141, -0.347, -0.078, -0.707, -0.165...]
     1.00000 → norm=11.349  [0.512, 1.231, -0.312, -0.681, -0.628...]
     3.14159 → norm=11.405  [-1.579, -0.286, -1.160, -1.206, -1.754...]
   -42.00000 → norm=11.423  [0.618, 0.076, 0.257, 1.253, 1.519...]
   100.00000 → norm=11.441  [0.369, 0.707, -0.740, -0.139, -0.993...]
     0.00100 → norm=11.457  [0.073, -0.238, -0.572, -1.069, -0.263...]

Training (30000 steps)...
  Step   500/30000 | Loss: 2.478444
  Step  1000/30000 | Loss: 0.042817
  Step  1500/30000 | Loss: 0.023253
  Step  2000/30000 | Loss: 0.016386
  Step  2500/30000 | Loss: 0.013665
  Step  3000/30000 | Loss: 0.012477
  Step  3500/30000 | Loss: 0.012107
  Step  4000/30000 | Loss: 0.011290
  Step  4500/30000 | Loss: 0.011061
  Step  5000/30000 | Loss: 0.010756
  Step  5500/30000 | Loss: 0.010694
  Step  6000/30000 | Loss: 0.006451
  Step  6500/30000 | Loss: 0.000642
  Step  7000/30000 | Loss: 0.000575
  Step  7500/30000 | Loss: 0.000491
  Step  8000/30000 | Loss: 0.000533
  Step  8500/30000 | Loss: 0.000458
  Step  9000/30000 | Loss: 0.000531
  Step  9500/30000 | Loss: 0.000317
  Step 10000/30000 | Loss: 0.000377
  Step 10500/30000 | Loss: 0.000318
  Step 11000/30000 | Loss: 0.000248
  Step 11500/30000 | Loss: 0.000232
  Step 12000/30000 | Loss: 0.000242
  Step 12500/30000 | Loss: 0.000235
  Step 13000/30000 | Loss: 0.000188
  Step 13500/30000 | Loss: 0.000213
  Step 14000/30000 | Loss: 0.000181
  Step 14500/30000 | Loss: 0.000135
  Step 15000/30000 | Loss: 0.000145
  Step 15500/30000 | Loss: 0.000108
  Step 16000/30000 | Loss: 0.000109
  Step 16500/30000 | Loss: 0.000128
  Step 17000/30000 | Loss: 0.000091
  Step 17500/30000 | Loss: 0.000087
  Step 18000/30000 | Loss: 0.000074
  Step 18500/30000 | Loss: 0.000066
  Step 19000/30000 | Loss: 0.000059
  Step 19500/30000 | Loss: 0.000063
  Step 20000/30000 | Loss: 0.000054
  Step 20500/30000 | Loss: 0.000050
  Step 21000/30000 | Loss: 0.000040
  Step 21500/30000 | Loss: 0.000038
  Step 22000/30000 | Loss: 0.000035
  Step 22500/30000 | Loss: 0.000030
  Step 23000/30000 | Loss: 0.000034
  Step 23500/30000 | Loss: 0.000026
  Step 24000/30000 | Loss: 0.000024
  Step 24500/30000 | Loss: 0.000022
  Step 25000/30000 | Loss: 0.000022
  Step 25500/30000 | Loss: 0.000021
  Step 26000/30000 | Loss: 0.000019
  Step 26500/30000 | Loss: 0.000018
  Step 27000/30000 | Loss: 0.000017
  Step 27500/30000 | Loss: 0.000017
  Step 28000/30000 | Loss: 0.000016
  Step 28500/30000 | Loss: 0.000015
  Step 29000/30000 | Loss: 0.000015
  Step 29500/30000 | Loss: 0.000015
  Step 30000/30000 | Loss: 0.000015
  Done in 351.7s

After training:
         Input  →         Decoded       Error
  ────────────     ──────────────  ──────────
       0.00000  →        -0.00015     0.00015
       1.00000  →         0.99945     0.00055
       3.14159  →         3.16120     0.01961
     -42.00000  →       -42.18943     0.18943
     100.00000  →       100.04761     0.04761
       0.00100  →         0.00107     0.00007


----------------------------------------------------------------------
TEST 1: UNIQUENESS — Distinct numbers → distinct embeddings
----------------------------------------------------------------------
  [PASS] Max cosine sim < 0.99
         Max cosine sim: 0.9586
  [PASS] All pairwise L2 distances > 0
         Min L2 dist: 3.327244
  [PASS] 1.0000 vs 1.0001 distinguishable
         L2 dist: 1.92150784
----------------------------------------------------------------------
TEST 2: CONTINUITY — Small perturbations → small embedding changes
----------------------------------------------------------------------
  [PASS] ε=0.1: bounded relative change
         Max Δ: 12.0108, Relative: 1.0473
  [PASS] ε=0.01: bounded relative change
         Max Δ: 8.9112, Relative: 0.7770
  [PASS] ε=0.001: bounded relative change
         Max Δ: 6.0065, Relative: 0.5238
  [PASS] Smaller ε → smaller (or comparable) embedding Δ
         Deltas: ['12.0108', '8.9112', '6.0065']
  [PASS] Distance monotonicity
         Dists: ['2.5486', '3.5085', '4.6315', '6.8235']
----------------------------------------------------------------------
TEST 3: REVERSIBILITY — Round-trip reconstruction accuracy
----------------------------------------------------------------------
  [PASS] Reconstruction [Small positive]
         |err|_max: 0.0008, rel_max: 0.0454
  [PASS] Reconstruction [Medium]
         |err|_max: 0.0202, rel_max: 0.0081
  [PASS] Reconstruction [Large]
         |err|_max: 0.7095, rel_max: 0.0035
  [PASS] Reconstruction [Negative]
         |err|_max: 0.1047, rel_max: 0.0056
  [PASS] Reconstruction [Near zero]
         |err|_max: 0.0005, rel_max: 14977.2861
  [PASS] Reconstruction [Integers]
         |err|_max: 0.0447, rel_max: 0.0014

         Input  →         Decoded     Abs Err     Rel Err
  ────────────     ──────────────  ──────────  ──────────
       0.00012  →        -0.00006     0.00018  149.1767%
       0.01000  →         0.00955     0.00045    4.5385%
       1.00000  →         0.99945     0.00055    0.0555%
       3.14159  →         3.16120     0.01961    0.6242%
       7.00000  →         6.99848     0.00152    0.0217%
      42.00000  →        41.95527     0.04473    0.1065%
      99.00000  →        99.02187     0.02187    0.0221%
     500.00000  →       502.29684     2.29684    0.4594%
  100000.00000  →      2960.37988  97039.62012   97.0396%
      -0.50000  →        -0.49469     0.00531    1.0611%
     -10.00000  →       -10.01852     0.01852    0.1852%
     -42.00000  →       -42.18943     0.18943    0.4510%
   -1234.50000  →     -1213.12404    21.37596    1.7315%
       0.00000  →        -0.00010     0.00011  10426.4413%
       0.00000  →        -0.00015     0.00015  1497728.6105%

----------------------------------------------------------------------
TEST 4: EXPRESSIVENESS — Structural properties of embedding space
----------------------------------------------------------------------
  [PASS] High effective dimensionality (>20)
         Effective dims: 70/128
  [PASS] PC1 correlates with ordering
         Spearman ρ = 0.8605
  [PASS] Similar numbers cluster tighter
         Intra max: 9.5406, Inter min: 11.1583
----------------------------------------------------------------------
TEST 5: MODEL COMPATIBILITY — Standard ops & integration
----------------------------------------------------------------------
  [PASS] Batch (64,) → (64, d)
  [PASS] Single number works
  [PASS] Downstream linear layer
  [PASS] Dot-product attention
  [PASS] Deterministic
======================================================================
RESULTS: 22/22 PASSED, 0/22 FAILED
======================================================================
