Log: logs/run_torch_20260219_031224_steps500000.log
Seed: 42  |  Max steps: 500000  |  Device: cuda
GPU: NVIDIA A100 80GB PCIe

======================================================================
NUMBER EMBEDDING REPRESENTATION — DEMO (PyTorch)
======================================================================

Architecture:  71 raw dims → 128d embedding
  Fourier:    64 dims  |  Log-mag: 1  |  Sign: 1  |  Poly: 5
  Parameters: 71,538
  Device:     cuda

Before training:
     0.00000 → norm=11.582  [-0.101, 0.518, 1.509, -0.069, -2.447...]
     0.00000 → norm=11.522  [-0.043, 0.428, 1.551, 0.006, -2.377...]
     0.00100 → norm=11.418  [0.246, 0.103, 1.583, 0.178, -1.998...]
     0.10000 → norm=11.378  [0.250, -0.281, 0.798, -1.173, -0.766...]
     1.00000 → norm=11.339  [-0.157, -0.228, 0.195, -1.099, -0.681...]
     3.14159 → norm=11.392  [0.737, 0.607, -0.653, -0.481, -0.180...]
   -42.00000 → norm=11.394  [0.125, -0.579, -0.352, 1.012, 0.140...]
   100.00000 → norm=11.426  [0.990, 0.734, -1.234, -0.601, 1.908...]
  1000.00000 → norm=11.460  [0.600, 0.388, -1.518, 0.623, 2.226...]
  100000.00000 → norm=11.510  [0.494, 0.096, -2.374, 0.244, 2.442...]
  -1234.50000 → norm=11.443  [0.283, -0.866, -0.779, 1.132, 1.066...]

Training (500000 steps, batch 4096)...
  Step   5000/500000 | Loss: 1.726810 [P1] | lr: 5.00e-04
  Step  10000/500000 | Loss: 0.029767 [P1] | lr: 5.00e-04
  Step  15000/500000 | Loss: 0.032039 [P1] | lr: 4.99e-04
  Step  20000/500000 | Loss: 0.039066 [P1] | lr: 4.98e-04
  Step  25000/500000 | Loss: 0.037617 [P1] | lr: 4.97e-04
  Step  30000/500000 | Loss: 0.037926 [P1] | lr: 4.96e-04
  Step  35000/500000 | Loss: 0.020008 [P1] | lr: 4.95e-04
  Step  40000/500000 | Loss: 0.024184 [P1] | lr: 4.93e-04
  Step  45000/500000 | Loss: 0.037437 [P1] | lr: 4.91e-04
  Step  50000/500000 | Loss: 0.037537 [P1] | lr: 4.89e-04
  Step  55000/500000 | Loss: 0.036559 [P1] | lr: 4.86e-04
  Step  60000/500000 | Loss: 0.036093 [P1] | lr: 4.83e-04
  Step  65000/500000 | Loss: 0.035830 [P1] | lr: 4.81e-04
  Step  70000/500000 | Loss: 0.035893 [P1] | lr: 4.77e-04
  Step  75000/500000 | Loss: 0.035255 [P1] | lr: 4.74e-04
  Step  80000/500000 | Loss: 0.034992 [P1] | lr: 4.70e-04
  Step  85000/500000 | Loss: 0.035427 [P1] | lr: 4.67e-04
  Step  90000/500000 | Loss: 0.017154 [P1] | lr: 4.62e-04
  Step  95000/500000 | Loss: 0.019861 [P1] | lr: 4.58e-04
  Step 100000/500000 | Loss: 0.020029 [P1] | lr: 4.54e-04
  Step 105000/500000 | Loss: 0.017710 [P1] | lr: 4.49e-04
  Step 110000/500000 | Loss: 0.021539 [P1] | lr: 4.44e-04
  Step 115000/500000 | Loss: 0.020519 [P1] | lr: 4.39e-04
  Step 120000/500000 | Loss: 0.022951 [P1] | lr: 4.34e-04
  Step 125000/500000 | Loss: 0.023350 [P1] | lr: 4.28e-04
  Step 130000/500000 | Loss: 0.024151 [P1] | lr: 4.23e-04
  Step 135000/500000 | Loss: 0.028997 [P1] | lr: 4.17e-04
  Step 140000/500000 | Loss: 0.028017 [P1] | lr: 4.11e-04
  Step 145000/500000 | Loss: 0.032395 [P1] | lr: 4.05e-04
  Step 150000/500000 | Loss: 0.030554 [ramp] | lr: 3.99e-04
  Step 155000/500000 | Loss: 0.028547 [ramp] | lr: 3.92e-04
  Step 160000/500000 | Loss: 0.027013 [ramp] | lr: 3.86e-04
  Step 165000/500000 | Loss: 0.032610 [ramp] | lr: 3.79e-04
  Step 170000/500000 | Loss: 0.026942 [ramp] | lr: 3.72e-04
  Step 175000/500000 | Loss: 0.045654 [ramp] | lr: 3.65e-04
  Step 180000/500000 | Loss: 0.033498 [ramp] | lr: 3.58e-04
  Step 185000/500000 | Loss: 0.022902 [ramp] | lr: 3.51e-04
  Step 190000/500000 | Loss: 0.022645 [ramp] | lr: 3.44e-04
  Step 195000/500000 | Loss: 0.015701 [ramp] | lr: 3.36e-04
  Step 200000/500000 | Loss: 0.017390 [P2] | lr: 3.29e-04
  Step 205000/500000 | Loss: 0.015003 [P2] | lr: 3.22e-04
  Step 210000/500000 | Loss: 0.014460 [P2] | lr: 3.14e-04
  Step 215000/500000 | Loss: 0.014966 [P2] | lr: 3.06e-04
  Step 220000/500000 | Loss: 0.016015 [P2] | lr: 2.99e-04
  Step 225000/500000 | Loss: 0.022919 [P2] | lr: 2.91e-04
  Step 230000/500000 | Loss: 0.035897 [P2] | lr: 2.83e-04
  Step 235000/500000 | Loss: 0.023115 [P2] | lr: 2.75e-04
  Step 240000/500000 | Loss: 0.031771 [P2] | lr: 2.67e-04
  Step 245000/500000 | Loss: 0.025428 [P2] | lr: 2.59e-04
  Step 250000/500000 | Loss: 0.018313 [P2] | lr: 2.52e-04
  Step 255000/500000 | Loss: 0.016232 [P2] | lr: 2.44e-04
  Step 260000/500000 | Loss: 0.017281 [P2] | lr: 2.36e-04
  Step 265000/500000 | Loss: 0.016060 [P2] | lr: 2.28e-04
  Step 270000/500000 | Loss: 0.015152 [P2] | lr: 2.20e-04
  Step 275000/500000 | Loss: 0.028656 [P2] | lr: 2.12e-04
  Step 280000/500000 | Loss: 0.028227 [P2] | lr: 2.05e-04
  Step 285000/500000 | Loss: 0.022624 [P2] | lr: 1.97e-04
  Step 290000/500000 | Loss: 0.017767 [P2] | lr: 1.89e-04
  Step 295000/500000 | Loss: 0.016284 [P2] | lr: 1.81e-04
  Step 300000/500000 | Loss: 0.015847 [P2] | lr: 1.74e-04
  Step 305000/500000 | Loss: 0.017708 [P2] | lr: 1.66e-04
  Step 310000/500000 | Loss: 0.013343 [P2] | lr: 1.59e-04
  Step 315000/500000 | Loss: 0.014206 [P2] | lr: 1.52e-04
  Step 320000/500000 | Loss: 0.012556 [P2] | lr: 1.45e-04
  Step 325000/500000 | Loss: 0.011273 [P2] | lr: 1.37e-04
  Step 330000/500000 | Loss: 0.011320 [P2] | lr: 1.31e-04
  Step 335000/500000 | Loss: 0.010494 [P2] | lr: 1.24e-04
  Step 340000/500000 | Loss: 0.009903 [P2] | lr: 1.17e-04
  Step 345000/500000 | Loss: 0.009553 [P2] | lr: 1.10e-04
  Step 350000/500000 | Loss: 0.009893 [P2] | lr: 1.04e-04
  Step 355000/500000 | Loss: 0.009506 [P2] | lr: 9.75e-05
  Step 360000/500000 | Loss: 0.008717 [P2] | lr: 9.13e-05
  Step 365000/500000 | Loss: 0.008732 [P2] | lr: 8.53e-05
  Step 370000/500000 | Loss: 0.008706 [P2] | lr: 7.95e-05
  Step 375000/500000 | Loss: 0.008449 [P2] | lr: 7.38e-05
  Step 380000/500000 | Loss: 0.009624 [P2] | lr: 6.83e-05
  Step 385000/500000 | Loss: 0.009207 [P2] | lr: 6.30e-05
  Step 390000/500000 | Loss: 0.011427 [P2] | lr: 5.78e-05
  Step 395000/500000 | Loss: 0.008516 [P2] | lr: 5.29e-05
  Step 400000/500000 | Loss: 0.008967 [P2] | lr: 4.81e-05
  Step 405000/500000 | Loss: 0.011383 [P2] | lr: 4.36e-05
  Step 410000/500000 | Loss: 0.009097 [P2] | lr: 3.92e-05
  Step 415000/500000 | Loss: 0.006974 [P2] | lr: 3.51e-05
  Step 420000/500000 | Loss: 0.006899 [P2] | lr: 3.12e-05
  Step 425000/500000 | Loss: 0.006723 [P2] | lr: 2.75e-05
  Step 430000/500000 | Loss: 0.006539 [P2] | lr: 2.40e-05
  Step 435000/500000 | Loss: 0.006439 [P2] | lr: 2.07e-05
  Step 440000/500000 | Loss: 0.006472 [P2] | lr: 1.77e-05
  Step 445000/500000 | Loss: 0.006105 [P2] | lr: 1.49e-05
  Step 450000/500000 | Loss: 0.005814 [P2] | lr: 1.23e-05
  Step 455000/500000 | Loss: 0.005592 [P2] | lr: 1.00e-05
  Step 460000/500000 | Loss: 0.005743 [P2] | lr: 7.92e-06
  Step 465000/500000 | Loss: 0.005271 [P2] | lr: 6.07e-06
  Step 470000/500000 | Loss: 0.005065 [P2] | lr: 4.46e-06
  Step 475000/500000 | Loss: 0.004856 [P2] | lr: 3.10e-06
  Step 480000/500000 | Loss: 0.004813 [P2] | lr: 1.99e-06
  Step 485000/500000 | Loss: 0.004746 [P2] | lr: 1.12e-06
  Step 490000/500000 | Loss: 0.004622 [P2] | lr: 4.97e-07
  Step 495000/500000 | Loss: 0.004581 [P2] | lr: 1.24e-07
  Step 500000/500000 | Loss: 0.004625 [P2] | lr: 0.00e+00
  Done in 2700.5s

After training:
         Input  →         Decoded       Error
  ────────────     ──────────────  ──────────
       0.00000  →        -0.00000     0.00000
       0.00000  →        -0.00000     0.00000
       0.00100  →         0.00100     0.00000
       0.10000  →         0.10000     0.00000
       1.00000  →         1.00125     0.00125
       3.14159  →         3.13814     0.00345
     -42.00000  →       -42.02089     0.02089
     100.00000  →        99.83315     0.16685
    1000.00000  →       995.68781     4.31219
  100000.00000  →    100271.94531   271.94531
   -1234.50000  →     -1238.99231     4.49231


----------------------------------------------------------------------
TEST 1: UNIQUENESS — Distinct numbers → distinct embeddings
----------------------------------------------------------------------
  [PASS] Max cosine sim < 0.99
         Max cosine sim: 0.9838
  [PASS] All pairwise L2 distances > 0
         Min L2 dist: 2.120253
  [PASS] 1.0000 vs 1.0001 distinguishable
         L2 dist: 0.91031045
----------------------------------------------------------------------
TEST 2: CONTINUITY — Small perturbations → small embedding changes
----------------------------------------------------------------------
  [PASS] ε=0.1: bounded relative change
         Max Δ: 13.8675, Relative: 1.1993
  [PASS] ε=0.01: bounded relative change
         Max Δ: 12.5165, Relative: 1.0824
  [PASS] ε=0.001: bounded relative change
         Max Δ: 7.6259, Relative: 0.6595
  [PASS] Smaller ε → smaller (or comparable) embedding Δ
         Deltas: ['13.8675', '12.5165', '7.6259']
  [PASS] Distance monotonicity
         Dists: ['0.2184', '2.2564', '2.6580', '4.0802']
----------------------------------------------------------------------
TEST 3: REVERSIBILITY — Round-trip reconstruction accuracy
----------------------------------------------------------------------
  [PASS] Reconstruction [Small positive]
         |err|_max: 0.0002, rel_max: 0.0017
  [PASS] Reconstruction [Medium]
         |err|_max: 0.0045, rel_max: 0.0015
  [PASS] Reconstruction [Large]
         |err|_max: 0.2078, rel_max: 0.0019
  [PASS] Reconstruction [Negative]
         |err|_max: 0.0418, rel_max: 0.0018
  [PASS] Reconstruction [Near zero]
         |err|_max: 0.0000, rel_max: 0.3102
  [PASS] Reconstruction [Integers]
         |err|_max: 0.0597, rel_max: 0.0015

         Input  →         Decoded     Abs Err     Rel Err
  ────────────     ──────────────  ──────────  ──────────
       0.00000  →        -0.00000     0.00000   27.6688%
       0.00000  →        -0.00000     0.00000  191.0839%
       0.00010  →         0.00010     0.00000    0.2350%
       0.00012  →         0.00012     0.00000    1.1375%
       0.00100  →         0.00100     0.00000    0.3809%
       0.01000  →         0.00999     0.00001    0.0644%
       0.10000  →         0.09995     0.00005    0.0457%
       0.50000  →         0.49937     0.00063    0.1255%
       1.00000  →         0.99847     0.00153    0.1531%
       2.71828  →         2.70954     0.00874    0.3215%
       3.14159  →         3.13845     0.00314    0.1000%
       7.00000  →         7.00514     0.00514    0.0734%
      10.00000  →         9.98862     0.01138    0.1138%
      42.00000  →        42.05899     0.05899    0.1405%
      99.00000  →        99.01012     0.01012    0.0102%
     500.00000  →       499.70090     0.29910    0.0598%
    1000.00000  →       996.04773     3.95227    0.3952%
    9999.00000  →     10013.24707    14.24707    0.1425%
  100000.00000  →    100266.96875   266.96875    0.2670%
  1000000.00000  →   1002010.62500  2010.62500    0.2011%
      -0.00100  →        -0.00101     0.00001    0.7083%
      -0.50000  →        -0.49978     0.00022    0.0449%
      -1.00000  →        -1.00187     0.00187    0.1869%
      -3.14159  →        -3.13921     0.00238    0.0758%
     -10.00000  →        -9.98669     0.01331    0.1331%
     -42.00000  →       -41.98928     0.01072    0.0255%
   -1000.00000  →     -1000.09827     0.09827    0.0098%
   -1234.50000  →     -1239.44189     4.94189    0.4003%
       0.33333  →         0.33178     0.00155    0.4648%
       0.99999  →         1.00777     0.00778    0.7777%
       1.00001  →         0.99255     0.00746    0.7463%
  123456.00000  →    123182.26562   273.73438    0.2217%
  -99999.00000  →    -99652.20312   346.79688    0.3468%

----------------------------------------------------------------------
TEST 4: EXPRESSIVENESS — Structural properties of embedding space
----------------------------------------------------------------------
  [PASS] High effective dimensionality (>20)
         Effective dims: 61/128
  [PASS] PC1 correlates with ordering
         Spearman ρ = 0.9232
  [FAIL] Similar numbers cluster tighter
         Intra max: 12.3679, Inter min: 9.7584
----------------------------------------------------------------------
TEST 5: MODEL COMPATIBILITY — Standard ops & integration
----------------------------------------------------------------------
  [PASS] Batch (64,) → (64, d)
  [PASS] Single number works
  [PASS] Downstream linear layer
  [PASS] Dot-product attention
  [PASS] Deterministic
======================================================================
RESULTS: 21/22 PASSED, 1/22 FAILED
======================================================================
