Log: logs/run_20260218_040043_steps30000.log
Seed: 42  |  Max steps: 30000

======================================================================
NUMBER EMBEDDING REPRESENTATION — DEMO
======================================================================

Architecture:  71 raw dims → 128d embedding
  Fourier:    64 dims  |  Log-mag: 1  |  Sign: 1  |  Poly: 5

Before training:
     0.00000 → norm=11.634  [0.141, -0.347, -0.078, -0.707, -0.165...]
     1.00000 → norm=11.349  [0.512, 1.231, -0.312, -0.681, -0.628...]
     3.14159 → norm=11.405  [-1.579, -0.286, -1.160, -1.206, -1.754...]
   -42.00000 → norm=11.423  [0.618, 0.076, 0.257, 1.253, 1.519...]
   100.00000 → norm=11.441  [0.369, 0.707, -0.740, -0.139, -0.993...]
     0.00100 → norm=11.457  [0.073, -0.238, -0.572, -1.069, -0.263...]

Training (30000 steps)...
  Step   500/30000 | Loss: 50.864503
  Step  1000/30000 | Loss: 74.773173
  Step  1500/30000 | Loss: 74.948443
  Step  2000/30000 | Loss: 74.891125
  Step  2500/30000 | Loss: 74.921692
  Step  3000/30000 | Loss: 74.952483
  Step  3500/30000 | Loss: 75.139371
  Step  4000/30000 | Loss: 75.139597
