Log: logs/run_addloss_20260302_164358_w0.1.log
Seed: 42  |  Max steps: 500000  |  Device: cuda
Additivity weight: 0.1
GPU: NVIDIA A100 80GB PCIe

======================================================================
NUMBER EMBEDDING — ADDITIVE LOSS VARIANT
======================================================================

Architecture:  71 raw dims → 128d embedding
  Fourier:    64 dims  |  Log-mag: 1  |  Sign: 1  |  Poly: 5
  Parameters: 71,610
  Device:     cuda
  Additivity weight: 0.1

Before training:
     0.00000 → norm=11.587  [0.064, 0.041, 0.009, 0.130, 0.332...]
     0.00000 → norm=11.530  [0.182, -0.043, -0.075, 0.259, 0.319...]
     0.00100 → norm=11.428  [1.003, -0.062, 0.038, 0.701, 0.224...]
     0.10000 → norm=11.416  [-0.392, -0.243, 0.046, 1.569, 0.939...]
     1.00000 → norm=11.370  [1.216, -0.530, 0.503, 1.589, 1.050...]
     3.14159 → norm=11.400  [2.592, -1.185, -0.528, 1.090, -0.133...]
   -42.00000 → norm=11.435  [-1.642, 0.186, -1.154, -0.398, -0.287...]
   100.00000 → norm=11.448  [1.348, -0.233, 1.120, 1.431, 0.574...]
  1000.00000 → norm=11.466  [2.724, -1.266, 0.803, 0.716, 0.246...]
  100000.00000 → norm=11.511  [1.121, -0.061, 0.272, 0.845, 0.329...]
  -1234.50000 → norm=11.472  [-1.617, -0.121, -0.319, -0.423, -0.392...]

Training (500000 steps, batch 512, add_weight=0.1)...
  Step   5000/500000 | Loss: 1.777548 [P1] | lr: 5.00e-04
  Step  10000/500000 | Loss: 0.036838 [P1] | lr: 5.00e-04
  Step  15000/500000 | Loss: 0.033232 [P1] | lr: 4.99e-04
  Step  20000/500000 | Loss: 0.045456 [P1] | lr: 4.98e-04
  Step  25000/500000 | Loss: 0.044230 [P1] | lr: 4.97e-04
  Step  30000/500000 | Loss: 0.041578 [P1] | lr: 4.96e-04
  Step  35000/500000 | Loss: 0.039646 [P1] | lr: 4.95e-04
  Step  40000/500000 | Loss: 0.038672 [P1] | lr: 4.93e-04
  Step  45000/500000 | Loss: 0.037574 [P1] | lr: 4.91e-04
  Step  50000/500000 | Loss: 0.036716 [P1] | lr: 4.89e-04
  Step  55000/500000 | Loss: 0.036153 [P1] | lr: 4.86e-04
  Step  60000/500000 | Loss: 0.035759 [P1] | lr: 4.83e-04
  Step  65000/500000 | Loss: 0.031383 [P1] | lr: 4.81e-04
  Step  70000/500000 | Loss: 0.008023 [P1] | lr: 4.77e-04
  Step  75000/500000 | Loss: 0.009285 [P1] | lr: 4.74e-04
  Step  80000/500000 | Loss: 0.011843 [P1] | lr: 4.70e-04
  Step  85000/500000 | Loss: 0.012043 [P1] | lr: 4.67e-04
  Step  90000/500000 | Loss: 0.011329 [P1] | lr: 4.62e-04
  Step  95000/500000 | Loss: 0.006827 [P1] | lr: 4.58e-04
  Step 100000/500000 | Loss: 0.007125 [P1] | lr: 4.54e-04
  Step 105000/500000 | Loss: 0.013820 [P1 add=0.010] | lr: 4.49e-04
  Step 110000/500000 | Loss: 0.027753 [P1 add=0.020] | lr: 4.44e-04
  Step 115000/500000 | Loss: 0.044717 [P1 add=0.030] | lr: 4.39e-04
  Step 120000/500000 | Loss: 0.053415 [P1 add=0.040] | lr: 4.34e-04
  Step 125000/500000 | Loss: 0.065300 [P1 add=0.050] | lr: 4.28e-04
  Step 130000/500000 | Loss: 0.075897 [P1 add=0.060] | lr: 4.23e-04
  Step 135000/500000 | Loss: 0.085636 [P1 add=0.070] | lr: 4.17e-04
  Step 140000/500000 | Loss: 0.098803 [P1 add=0.080] | lr: 4.11e-04
  Step 145000/500000 | Loss: 0.108218 [P1 add=0.090] | lr: 4.05e-04
  Step 150000/500000 | Loss: 0.116372 [P1 add=0.100] | lr: 3.99e-04
  Step 155000/500000 | Loss: 0.122594 [P1 add=0.100] | lr: 3.92e-04
  Step 160000/500000 | Loss: 0.124643 [P1 add=0.100] | lr: 3.86e-04
  Step 165000/500000 | Loss: 0.123795 [P1 add=0.100] | lr: 3.79e-04
  Step 170000/500000 | Loss: 0.123611 [P1 add=0.100] | lr: 3.72e-04
  Step 175000/500000 | Loss: 0.125074 [P1 add=0.100] | lr: 3.65e-04
  Step 180000/500000 | Loss: 0.123688 [P1 add=0.100] | lr: 3.58e-04
  Step 185000/500000 | Loss: 0.123849 [P1 add=0.100] | lr: 3.51e-04
  Step 190000/500000 | Loss: 0.123148 [P1 add=0.100] | lr: 3.44e-04
  Step 195000/500000 | Loss: 0.128558 [P1 add=0.100] | lr: 3.36e-04
  Step 200000/500000 | Loss: 0.121094 [ramp add=0.100] | lr: 3.29e-04
  Step 205000/500000 | Loss: 0.120263 [ramp add=0.100] | lr: 3.22e-04
  Step 210000/500000 | Loss: 0.122935 [ramp add=0.100] | lr: 3.14e-04
  Step 215000/500000 | Loss: 0.121690 [ramp add=0.100] | lr: 3.06e-04
  Step 220000/500000 | Loss: 0.122427 [ramp add=0.100] | lr: 2.99e-04
  Step 225000/500000 | Loss: 0.121820 [ramp add=0.100] | lr: 2.91e-04
  Step 230000/500000 | Loss: 0.121693 [ramp add=0.100] | lr: 2.83e-04
  Step 235000/500000 | Loss: 0.121593 [ramp add=0.100] | lr: 2.75e-04
  Step 240000/500000 | Loss: 0.123384 [ramp add=0.100] | lr: 2.67e-04
  Step 245000/500000 | Loss: 0.123232 [ramp add=0.100] | lr: 2.59e-04
  Step 250000/500000 | Loss: 0.121514 [P2 add=0.100] | lr: 2.52e-04
  Step 255000/500000 | Loss: 0.123471 [P2 add=0.100] | lr: 2.44e-04
  Step 260000/500000 | Loss: 0.119362 [P2 add=0.100] | lr: 2.36e-04
  Step 265000/500000 | Loss: 0.121199 [P2 add=0.100] | lr: 2.28e-04
  Step 270000/500000 | Loss: 0.121030 [P2 add=0.100] | lr: 2.20e-04
  Step 275000/500000 | Loss: 0.120614 [P2 add=0.100] | lr: 2.12e-04
  Step 280000/500000 | Loss: 0.116388 [P2 add=0.100] | lr: 2.05e-04
  Step 285000/500000 | Loss: 0.118070 [P2 add=0.100] | lr: 1.97e-04
  Step 290000/500000 | Loss: 0.115953 [P2 add=0.100] | lr: 1.89e-04
  Step 295000/500000 | Loss: 0.115457 [P2 add=0.100] | lr: 1.81e-04
  Step 300000/500000 | Loss: 0.116628 [P2 add=0.100] | lr: 1.74e-04
  Step 305000/500000 | Loss: 0.115243 [P2 add=0.100] | lr: 1.66e-04
  Step 310000/500000 | Loss: 0.112860 [P2 add=0.100] | lr: 1.59e-04
  Step 315000/500000 | Loss: 0.113490 [P2 add=0.100] | lr: 1.52e-04
  Step 320000/500000 | Loss: 0.115359 [P2 add=0.100] | lr: 1.45e-04
  Step 325000/500000 | Loss: 0.115543 [P2 add=0.100] | lr: 1.37e-04
  Step 330000/500000 | Loss: 0.115974 [P2 add=0.100] | lr: 1.31e-04
  Step 335000/500000 | Loss: 0.115345 [P2 add=0.100] | lr: 1.24e-04
  Step 340000/500000 | Loss: 0.115650 [P2 add=0.100] | lr: 1.17e-04
  Step 345000/500000 | Loss: 0.115869 [P2 add=0.100] | lr: 1.10e-04
  Step 350000/500000 | Loss: 0.116458 [P2 add=0.100] | lr: 1.04e-04
  Step 355000/500000 | Loss: 0.117181 [P2 add=0.100] | lr: 9.75e-05
  Step 360000/500000 | Loss: 0.119047 [P2 add=0.100] | lr: 9.13e-05
  Step 365000/500000 | Loss: 0.119126 [P2 add=0.100] | lr: 8.53e-05
  Step 370000/500000 | Loss: 0.118951 [P2 add=0.100] | lr: 7.95e-05
  Step 375000/500000 | Loss: 0.118873 [P2 add=0.100] | lr: 7.38e-05
  Step 380000/500000 | Loss: 0.118822 [P2 add=0.100] | lr: 6.83e-05
  Step 385000/500000 | Loss: 0.118736 [P2 add=0.100] | lr: 6.30e-05
  Step 390000/500000 | Loss: 0.118776 [P2 add=0.100] | lr: 5.78e-05
  Step 395000/500000 | Loss: 0.118744 [P2 add=0.100] | lr: 5.29e-05
  Step 400000/500000 | Loss: 0.118645 [P2 add=0.100] | lr: 4.81e-05
  Step 405000/500000 | Loss: 0.118611 [P2 add=0.100] | lr: 4.36e-05
  Step 410000/500000 | Loss: 0.118590 [P2 add=0.100] | lr: 3.92e-05
  Step 415000/500000 | Loss: 0.118525 [P2 add=0.100] | lr: 3.51e-05
  Step 420000/500000 | Loss: 0.118535 [P2 add=0.100] | lr: 3.12e-05
  Step 425000/500000 | Loss: 0.118493 [P2 add=0.100] | lr: 2.75e-05
  Step 430000/500000 | Loss: 0.118533 [P2 add=0.100] | lr: 2.40e-05
  Step 435000/500000 | Loss: 0.118452 [P2 add=0.100] | lr: 2.07e-05
  Step 440000/500000 | Loss: 0.118421 [P2 add=0.100] | lr: 1.77e-05
  Step 445000/500000 | Loss: 0.118381 [P2 add=0.100] | lr: 1.49e-05
  Step 450000/500000 | Loss: 0.118391 [P2 add=0.100] | lr: 1.23e-05
  Step 455000/500000 | Loss: 0.118359 [P2 add=0.100] | lr: 1.00e-05
  Step 460000/500000 | Loss: 0.118369 [P2 add=0.100] | lr: 7.92e-06
  Step 465000/500000 | Loss: 0.118341 [P2 add=0.100] | lr: 6.07e-06
  Step 470000/500000 | Loss: 0.118322 [P2 add=0.100] | lr: 4.46e-06
  Step 475000/500000 | Loss: 0.118331 [P2 add=0.100] | lr: 3.10e-06
  Step 480000/500000 | Loss: 0.118322 [P2 add=0.100] | lr: 1.99e-06
  Step 485000/500000 | Loss: 0.118272 [P2 add=0.100] | lr: 1.12e-06
  Step 490000/500000 | Loss: 0.118320 [P2 add=0.100] | lr: 4.97e-07
  Step 495000/500000 | Loss: 0.118321 [P2 add=0.100] | lr: 1.24e-07
  Step 500000/500000 | Loss: 0.118287 [P2 add=0.100] | lr: 0.00e+00
  Done in 4041.9s

After training:
         Input  →         Decoded       Error
  ────────────     ──────────────  ──────────
       0.00000  →        -0.00000     0.00000
       0.00000  →         0.00000     0.00000
       0.00100  →         0.00100     0.00000
       0.10000  →         0.10013     0.00013
       1.00000  →         1.00188     0.00188
       3.14159  →         3.13784     0.00375
     -42.00000  →       -42.15336     0.15336
     100.00000  →        99.86772     0.13228
    1000.00000  →       999.65448     0.34552
  100000.00000  →     99766.50000   233.50000
   -1234.50000  →     -1235.76001     1.26001

  Model saved: /tmpdir/m24047brmn/numbers/checkpoints/np_emb_addloss_500k_w0.1_model.pt

----------------------------------------------------------------------
TEST 1: UNIQUENESS — Distinct numbers → distinct embeddings
----------------------------------------------------------------------
  [PASS] Max cosine sim < 0.99
         Max cosine sim: 0.9820
  [PASS] All pairwise L2 distances > 0
         Min L2 dist: 2.182426
  [PASS] 1.0000 vs 1.0001 distinguishable
         L2 dist: 0.69175875
----------------------------------------------------------------------
TEST 2: CONTINUITY — Small perturbations → small embedding changes
----------------------------------------------------------------------
  [PASS] ε=0.1: bounded relative change
         Max Δ: 15.4265, Relative: 1.3459
  [PASS] ε=0.01: bounded relative change
         Max Δ: 16.8283, Relative: 1.4682
  [PASS] ε=0.001: bounded relative change
         Max Δ: 17.5150, Relative: 1.5281
  [PASS] Smaller ε → smaller (or comparable) embedding Δ
         Deltas: ['15.4265', '16.8283', '17.5150']
  [PASS] Distance monotonicity
         Dists: ['0.5167', '1.2872', '1.4258', '3.9510']
----------------------------------------------------------------------
TEST 3: REVERSIBILITY — Round-trip reconstruction accuracy
----------------------------------------------------------------------
  [PASS] Reconstruction [Small positive]
         |err|_max: 0.0001, rel_max: 0.0050
  [PASS] Reconstruction [Medium]
         |err|_max: 0.0068, rel_max: 0.0036
  [PASS] Reconstruction [Large]
         |err|_max: 0.0967, rel_max: 0.0019
  [PASS] Reconstruction [Negative]
         |err|_max: 0.3137, rel_max: 0.0063
  [PASS] Reconstruction [Near zero]
         |err|_max: 0.0001, rel_max: 0.0052
  [PASS] Reconstruction [Integers]
         |err|_max: 0.0674, rel_max: 0.0036

         Input  →         Decoded     Abs Err     Rel Err
  ────────────     ──────────────  ──────────  ──────────
       0.00000  →        -0.00000     0.00000    0.5208%
       0.00000  →         0.00000     0.00000    0.2391%
       0.00010  →         0.00010     0.00000    0.0385%
       0.00012  →         0.00012     0.00000    0.1682%
       0.00100  →         0.00100     0.00000    0.0331%
       0.01000  →         0.00995     0.00005    0.4922%
       0.10000  →         0.10014     0.00014    0.1377%
       0.50000  →         0.49898     0.00102    0.2035%
       1.00000  →         1.00261     0.00261    0.2606%
       2.71828  →         2.71471     0.00357    0.1312%
       3.14159  →         3.13812     0.00347    0.1104%
       7.00000  →         6.99538     0.00462    0.0660%
      10.00000  →         9.99586     0.00414    0.0414%
      42.00000  →        42.03638     0.03638    0.0866%
      99.00000  →        99.14523     0.14523    0.1467%
     500.00000  →       500.61197     0.61197    0.1224%
    1000.00000  →       999.62488     0.37512    0.0375%
    9999.00000  →      9987.54492    11.45508    0.1146%
  100000.00000  →     99823.79688   176.20312    0.1762%
  1000000.00000  →    998904.06250  1095.93750    0.1096%
      -0.00100  →        -0.00100     0.00000    0.4806%
      -0.50000  →        -0.49908     0.00092    0.1845%
      -1.00000  →        -1.00209     0.00209    0.2095%
      -3.14159  →        -3.14231     0.00072    0.0230%
     -10.00000  →        -9.99448     0.00552    0.0552%
     -42.00000  →       -42.17938     0.17938    0.4271%
   -1000.00000  →     -1001.78168     1.78168    0.1782%
   -1234.50000  →     -1235.95740     1.45740    0.1181%
       0.33333  →         0.33312     0.00021    0.0637%
       0.99999  →         0.99670     0.00329    0.3294%
       1.00001  →         1.00757     0.00756    0.7557%
  123456.00000  →    123236.54688   219.45312    0.1778%
  -99999.00000  →    -99962.50000    36.50000    0.0365%

----------------------------------------------------------------------
TEST 4: EXPRESSIVENESS — Structural properties of embedding space
----------------------------------------------------------------------
  [PASS] High effective dimensionality (>20)
         Effective dims: 34/128
  [PASS] PC1 correlates with ordering
         Spearman ρ = 0.9423
  [PASS] Similar numbers cluster tighter
         Intra max: 7.1847, Inter min: 10.8102
----------------------------------------------------------------------
TEST 5: MODEL COMPATIBILITY — Standard ops & integration
----------------------------------------------------------------------
  [PASS] Batch (64,) → (64, d)
  [PASS] Single number works
  [PASS] Downstream linear layer
  [PASS] Dot-product attention
  [PASS] Deterministic
----------------------------------------------------------------------
TEST: ADDITIVITY — e(x+y) ≈ e(x) + e(y)
----------------------------------------------------------------------
           small+small: rel_err=1.0652 (max 2.0217), abs_err=12.2508
         medium+medium: rel_err=1.0245 (max 1.2772), abs_err=11.8027
           large+large: rel_err=1.0188 (max 1.2668), abs_err=11.7566
           small+large: rel_err=1.0111 (max 1.2619), abs_err=11.6561
              integers: rel_err=1.0288 (max 2.0357), abs_err=11.8488

  Overall mean relative additivity error: 1.0297
  [FAIL] Mean additivity error < 0.5
         Error: 1.0297
======================================================================
RESULTS: 22/23 PASSED, 1/23 FAILED
======================================================================
