Loading gnu/11.2.0
  Loading requirement: binutils/11.2.0
==========================================
Generating 5-digit BASE dataset -> /tmpdir/m24047brmn/numbers/data/numtasks_base_4dig_r10k_20260303_205237_ood_d1_3
  NUMBER_RANGE=10000
  SIG_DIGITS=1-3
  N_TRAIN=20000
  N_VAL=10000
  MAX_LEN=10
  REASONING_WEIGHT=1
  NUMERIC_WEIGHT=2
==========================================
tiktoken OK
============================================================
NUMERICAL TASK DATA GENERATOR (BASE GPT-2, PLAIN TEXT)
============================================================
  Tasks:           CMP, GT, IS_POS, IS_SORTED, CHECKSORT, CHECKADD, SUM_CMP, SORT, ADD, SUB, MIN, MAX, SUM, COUNT
  Reasoning (1x): CMP, GT, IS_POS, IS_SORTED, CHECKSORT, CHECKADD, SUM_CMP
  Regression (2x): SORT, ADD, SUB, MIN, MAX, SUM, COUNT
  Train examples:  20,000
  Val examples:    10,000
  Block size:      256
  Sequence length: 2-10
  Number range:    [-10000, 10000]
  Exponent target: E-9..E9
  Sig digits max:  15
  Digit range:     fixed 1-3
  Digit curriculum:off (fixed range overrides curriculum)
  Allow float:     True
  Output dir:      /tmpdir/m24047brmn/numbers/data/numtasks_base_4dig_r10k_20260303_205237_ood_d1_3
  Seed:            42

Generating train (20,000 examples)...
generating train:   0%|          | 0/20000 [00:00<?, ?it/s]generating train:  19%|█▉        | 3810/20000 [00:00<00:00, 38093.22it/s]generating train:  38%|███▊      | 7662/20000 [00:00<00:00, 38335.62it/s]generating train:  58%|█████▊    | 11576/20000 [00:00<00:00, 38696.34it/s]generating train:  77%|███████▋  | 15495/20000 [00:00<00:00, 38887.66it/s]generating train:  97%|█████████▋| 19384/20000 [00:00<00:00, 38747.23it/s]generating train: 100%|██████████| 20000/20000 [00:00<00:00, 38695.64it/s]

Sample examples:
  MIN: 2000 -1424 → -1424
  CHECKSORT: -7.44e-06 9000 4000 -8.26e-05 1291 -9459 → -9459 -8.26e-05 -7.44e-06 1291 4000 9000 CHECK → YES
  GT: 4.4e-08 7.03e-06 → NO
  SUB: 320 - 0.3 → 320
  CHECKADD: 0.585 + -1e-05 = 0.585 → YES
  IS_POS: 7120 → YES
  COUNT: -0.9 -4371 9.58e-09 8.8e-08 0.000786 9813 10000 -0.0834 0.249 1 → 10
  CMP: 10 -0.0009 → GREATER
  SUM: 7000 -1697 0.24 86.8 -920 0 6000 → 10500
  SUM_CMP: 6000 + 9030 vs 3000 + 4600 → FIRST
  MAX: 2840 7510 3.2e-09 61.8 → 7510
  IS_SORTED: -6630 -0.00505 0 → YES
  ADD: 9000 + 9700 → 18700
  SORT: -5390 0 7000 753 -5.78e-06 8.84 5.2e-06 → [-5390 -5.78e-06 0 5.2e-06 8.84 753 7000]

Tokenizing train (plain text numbers)...
tokenizing train:   0%|          | 0/20000 [00:00<?, ?it/s]tokenizing train:  45%|████▌     | 9020/20000 [00:00<00:00, 90191.91it/s]tokenizing train:  91%|█████████ | 18161/20000 [00:00<00:00, 90902.60it/s]tokenizing train: 100%|██████████| 20000/20000 [00:00<00:00, 90905.73it/s]
  Token lengths: min=7, max=95, avg=20.8
Packing into blocks of 256...
  20,000 examples packed into 1,710 blocks
  Examples per block: 11.7 avg
  Task distribution: {'CMP': 994, 'GT': 948, 'IS_POS': 969, 'IS_SORTED': 975, 'CHECKSORT': 886, 'CHECKADD': 978, 'SUM_CMP': 934, 'SORT': 1880, 'ADD': 1882, 'SUB': 1926, 'MIN': 1830, 'MAX': 1960, 'SUM': 1958, 'COUNT': 1880}
Saving train...
  train: 437,760 tokens

Generating val (10,000 examples)...
generating val:   0%|          | 0/10000 [00:00<?, ?it/s]generating val:  38%|███▊      | 3783/10000 [00:00<00:00, 37823.54it/s]generating val:  76%|███████▌  | 7566/10000 [00:00<00:00, 37780.74it/s]generating val: 100%|██████████| 10000/10000 [00:00<00:00, 38061.94it/s]
Tokenizing val (plain text numbers)...
tokenizing val:   0%|          | 0/10000 [00:00<?, ?it/s]tokenizing val:  90%|████████▉ | 8993/10000 [00:00<00:00, 89913.58it/s]tokenizing val: 100%|██████████| 10000/10000 [00:00<00:00, 89705.26it/s]
  Token lengths: min=7, max=89, avg=21.0
Packing into blocks of 256...
  10,000 examples packed into 865 blocks
  Examples per block: 11.6 avg
  Task distribution: {'CMP': 493, 'GT': 461, 'IS_POS': 440, 'IS_SORTED': 498, 'CHECKSORT': 480, 'CHECKADD': 449, 'SUM_CMP': 491, 'SORT': 988, 'ADD': 928, 'SUB': 968, 'MIN': 954, 'MAX': 940, 'SUM': 967, 'COUNT': 943}
Saving val...
  val: 221,440 tokens

Tokenization example:
  Input:  MIN: 2000 -1424 →
  Output: -1424
  Tokens: [23678, 25, 4751, 532, 1415, 1731, 15168, 532, 1415, 1731, 50256]
  Length: 11 tokens

Done. To train:
  python base/train.py data_dir=/tmpdir/m24047brmn/numbers/data/numtasks_base_4dig_r10k_20260303_205237_ood_d1_3
