Loading gnu/11.2.0
  Loading requirement: binutils/11.2.0
==========================================
Generating 5-digit BASE dataset -> /tmpdir/m24047brmn/numbers/data/numtasks_base_ood_fixlen_outd4_20260305_120000_ood_d1_3
  NUMBER_RANGE=9999
  SIG_DIGITS=1-3
  OUTPUT_SIG_DIGITS_MAX=4
  N_TRAIN=20000
  N_VAL=10000
  MAX_LEN=10
  REASONING_WEIGHT=1
  NUMERIC_WEIGHT=2
==========================================
tiktoken OK
============================================================
NUMERICAL TASK DATA GENERATOR (BASE GPT-2, PLAIN TEXT)
============================================================
  Tasks:           CMP, GT, IS_POS, IS_SORTED, CHECKSORT, CHECKADD, SUM_CMP, SORT, ADD, SUB, MIN, MAX, SUM, COUNT
  Reasoning (1x): CMP, GT, IS_POS, IS_SORTED, CHECKSORT, CHECKADD, SUM_CMP
  Regression (2x): SORT, ADD, SUB, MIN, MAX, SUM, COUNT
  Train examples:  20,000
  Val examples:    10,000
  Block size:      256
  Sequence length: 2-10
  Number range:    [-9999, 9999]
  Exponent target: E-9..E9
  Sig digits max:  15
  Digit range:     fixed 1-3
  Digit curriculum:off (fixed range overrides curriculum)
  Output digits:   capped at 4 (override)
  Allow float:     True
  Output dir:      /tmpdir/m24047brmn/numbers/data/numtasks_base_ood_fixlen_outd4_20260305_120000_ood_d1_3
  Seed:            42

Generating train (20,000 examples)...
generating train:   0%|          | 0/20000 [00:00<?, ?it/s]generating train:  19%|█▉        | 3827/20000 [00:00<00:00, 38264.29it/s]generating train:  38%|███▊      | 7665/20000 [00:00<00:00, 38328.82it/s]generating train:  58%|█████▊    | 11520/20000 [00:00<00:00, 38428.53it/s]generating train:  77%|███████▋  | 15392/20000 [00:00<00:00, 38540.52it/s]generating train:  96%|█████████▋| 19266/20000 [00:00<00:00, 38609.11it/s]generating train: 100%|██████████| 20000/20000 [00:00<00:00, 38569.55it/s]

Sample examples:
  MIN: 2000 -1424 → -1424
  CHECKSORT: -7.44e-06 9000 4000 -8.26e-05 1291 -9459 → -9459 -8.26e-05 -7.44e-06 1291 4000 9000 CHECK → YES
  GT: 4.4e-08 7.03e-06 → NO
  SUB: 320 - 0.3 → 319.7
  CHECKADD: 0.585 + -1e-05 = 0.585 → YES
  IS_POS: 7120 → YES
  COUNT: -0.9 -4371 9.58e-09 8.8e-08 0.000786 9813 9999 -0.0834 0.249 1 → 10
  ADD: 5e-05 + 6.87e-09 → 5.001e-05
  CMP: 10 -0.0009 → GREATER
  SUM: 7000 -1697 0.24 86.8 -920 0 6000 → 10470
  SUM_CMP: 6000 + 9030 vs 3000 + 4600 → FIRST
  MAX: 2840 7510 3.2e-09 61.8 → 7510
  IS_SORTED: -6620 -0.00505 0 → YES
  SORT: 0.00615 50 490 3770 -78 -68 1.8e-07 5900 -2600 → [-2600 -78 -68 1.8e-07 0.00615 50 490 3770 5900]

Tokenizing train (plain text numbers)...
tokenizing train:   0%|          | 0/20000 [00:00<?, ?it/s]tokenizing train:  45%|████▍     | 8988/20000 [00:00<00:00, 89874.73it/s]tokenizing train:  91%|█████████ | 18103/20000 [00:00<00:00, 90613.10it/s]tokenizing train: 100%|██████████| 20000/20000 [00:00<00:00, 90660.80it/s]
  Token lengths: min=7, max=105, avg=21.5
Packing into blocks of 256...
  20,000 examples packed into 1,775 blocks
  Examples per block: 11.3 avg
  Task distribution: {'CMP': 970, 'GT': 977, 'IS_POS': 965, 'IS_SORTED': 985, 'CHECKSORT': 931, 'CHECKADD': 943, 'SUM_CMP': 957, 'SORT': 1861, 'ADD': 1878, 'SUB': 1934, 'MIN': 1939, 'MAX': 1940, 'SUM': 1826, 'COUNT': 1894}
Saving train...
  train: 454,400 tokens

Generating val (10,000 examples)...
generating val:   0%|          | 0/10000 [00:00<?, ?it/s]generating val:  38%|███▊      | 3830/10000 [00:00<00:00, 38294.74it/s]generating val:  77%|███████▋  | 7660/10000 [00:00<00:00, 37902.02it/s]generating val: 100%|██████████| 10000/10000 [00:00<00:00, 38282.47it/s]
Tokenizing val (plain text numbers)...
tokenizing val:   0%|          | 0/10000 [00:00<?, ?it/s]tokenizing val:  90%|█████████ | 9004/10000 [00:00<00:00, 90029.57it/s]tokenizing val: 100%|██████████| 10000/10000 [00:00<00:00, 90188.45it/s]
  Token lengths: min=7, max=85, avg=21.6
Packing into blocks of 256...
  10,000 examples packed into 891 blocks
  Examples per block: 11.2 avg
  Task distribution: {'CMP': 513, 'GT': 467, 'IS_POS': 451, 'IS_SORTED': 469, 'CHECKSORT': 473, 'CHECKADD': 459, 'SUM_CMP': 526, 'SORT': 960, 'ADD': 953, 'SUB': 909, 'MIN': 901, 'MAX': 969, 'SUM': 983, 'COUNT': 967}
Saving val...
  val: 228,096 tokens

Tokenization example:
  Input:  MIN: 2000 -1424 →
  Output: -1424
  Tokens: [23678, 25, 4751, 532, 1415, 1731, 15168, 532, 1415, 1731, 50256]
  Length: 11 tokens

Done. To train:
  python base/train.py data_dir=/tmpdir/m24047brmn/numbers/data/numtasks_base_ood_fixlen_outd4_20260305_120000_ood_d1_3
