Loading gnu/11.2.0
  Loading requirement: binutils/11.2.0
==========================================
GPT-2 BASE Training (Plain Number Tokens)
  Nodes:          4
  GPUs/node:      2
  Total GPUs:     8
  Dataset:        numtasks_base_1k
  Data dir:       /tmpdir/m24047brmn/numbers/data/numtasks_base_1k
  Max iters:      15000
  Init from:      scratch
  Out dir:        /tmpdir/m24047brmn/numbers/model_checkpoints/base_numtasks
  Master:         10.158.1.105:38247
==========================================
Error in cpuinfo: prctl(PR_SVE_GET_VL) failed
Error in cpuinfo: prctl(PR_SVE_GET_VL) failed
Error in cpuinfo: prctl(PR_SVE_GET_VL) failed
Error in cpuinfo: prctl(PR_SVE_GET_VL) failed
W0225 21:37:21.780000 293551 torch/distributed/run.py:793] 
W0225 21:37:21.780000 293551 torch/distributed/run.py:793] *****************************************
W0225 21:37:21.780000 293551 torch/distributed/run.py:793] Setting OMP_NUM_THREADS environment variable for each process to be 1 in default, to avoid your system being overloaded, please further tune the variable for optimal performance in your application as needed. 
W0225 21:37:21.780000 293551 torch/distributed/run.py:793] *****************************************
W0225 21:37:21.794000 2333646 torch/distributed/run.py:793] 
W0225 21:37:21.794000 2333646 torch/distributed/run.py:793] *****************************************
W0225 21:37:21.794000 2333646 torch/distributed/run.py:793] Setting OMP_NUM_THREADS environment variable for each process to be 1 in default, to avoid your system being overloaded, please further tune the variable for optimal performance in your application as needed. 
W0225 21:37:21.794000 2333646 torch/distributed/run.py:793] *****************************************
W0225 21:37:21.816000 179692 torch/distributed/run.py:793] 
W0225 21:37:21.816000 179692 torch/distributed/run.py:793] *****************************************
W0225 21:37:21.816000 179692 torch/distributed/run.py:793] Setting OMP_NUM_THREADS environment variable for each process to be 1 in default, to avoid your system being overloaded, please further tune the variable for optimal performance in your application as needed. 
W0225 21:37:21.816000 179692 torch/distributed/run.py:793] *****************************************
W0225 21:37:21.866000 1818280 torch/distributed/run.py:793] 
W0225 21:37:21.866000 1818280 torch/distributed/run.py:793] *****************************************
W0225 21:37:21.866000 1818280 torch/distributed/run.py:793] Setting OMP_NUM_THREADS environment variable for each process to be 1 in default, to avoid your system being overloaded, please further tune the variable for optimal performance in your application as needed. 
W0225 21:37:21.866000 1818280 torch/distributed/run.py:793] *****************************************
tokens per iteration will be: 122,880
tokens per iteration will be: 122,880
tokens per iteration will be: 122,880
data directory: /tmpdir/m24047brmn/numbers/data/numtasks_base_1k
tokens per iteration will be: 122,880
data directory: /tmpdir/m24047brmn/numbers/data/numtasks_base_1k
data directory: /tmpdir/m24047brmn/numbers/data/numtasks_base_1k
data directory: /tmpdir/m24047brmn/numbers/data/numtasks_base_1k
found vocab_size = 50304 (inside /tmpdir/m24047brmn/numbers/data/numtasks_base_1k/meta.pkl)
Initializing a new model from scratch
found vocab_size = 50304 (inside /tmpdir/m24047brmn/numbers/data/numtasks_base_1k/meta.pkl)
Initializing a new model from scratch
found vocab_size = 50304 (inside /tmpdir/m24047brmn/numbers/data/numtasks_base_1k/meta.pkl)
Initializing a new model from scratch
Error in cpuinfo: prctl(PR_SVE_GET_VL) failed
Error in cpuinfo: prctl(PR_SVE_GET_VL) failed
found vocab_size = 50304 (inside /tmpdir/m24047brmn/numbers/data/numtasks_base_1k/meta.pkl)
Initializing a new model from scratch
Error in cpuinfo: prctl(PR_SVE_GET_VL) failed
Error in cpuinfo: prctl(PR_SVE_GET_VL) failed
tokens per iteration will be: 122,880
data directory: /tmpdir/m24047brmn/numbers/data/numtasks_base_1k
found vocab_size = 50304 (inside /tmpdir/m24047brmn/numbers/data/numtasks_base_1k/meta.pkl)
Initializing a new model from scratch
Error in cpuinfo: prctl(PR_SVE_GET_VL) failed
tokens per iteration will be: 122,880
data directory: /tmpdir/m24047brmn/numbers/data/numtasks_base_1k
tokens per iteration will be: 122,880
data directory: /tmpdir/m24047brmn/numbers/data/numtasks_base_1k
tokens per iteration will be: 122,880
data directory: /tmpdir/m24047brmn/numbers/data/numtasks_base_1k
found vocab_size = 50304 (inside /tmpdir/m24047brmn/numbers/data/numtasks_base_1k/meta.pkl)
Initializing a new model from scratch
Error in cpuinfo: prctl(PR_SVE_GET_VL) failed
found vocab_size = 50304 (inside /tmpdir/m24047brmn/numbers/data/numtasks_base_1k/meta.pkl)
Initializing a new model from scratch
Error in cpuinfo: prctl(PR_SVE_GET_VL) failed
found vocab_size = 50304 (inside /tmpdir/m24047brmn/numbers/data/numtasks_base_1k/meta.pkl)
Initializing a new model from scratch
Error in cpuinfo: prctl(PR_SVE_GET_VL) failed
number of parameters: 22.32M
number of parameters: 22.32M
number of parameters: 22.32M
number of parameters: 22.32M
number of parameters: 22.32M
number of parameters: 22.32M
number of parameters: 22.32M
number of parameters: 22.32M
/work/m24047/m24047brmn/numbers/GPT2/base/train.py:199: FutureWarning: `torch.cuda.amp.GradScaler(args...)` is deprecated. Please use `torch.amp.GradScaler('cuda', args...)` instead.
  scaler = torch.cuda.amp.GradScaler(enabled=(dtype == 'float16'))
num decayed parameter tensors: 50, with 22,380,544 parameters
num non-decayed parameter tensors: 25, with 6,400 parameters
/work/m24047/m24047brmn/numbers/GPT2/base/train.py:199: FutureWarning: `torch.cuda.amp.GradScaler(args...)` is deprecated. Please use `torch.amp.GradScaler('cuda', args...)` instead.
  scaler = torch.cuda.amp.GradScaler(enabled=(dtype == 'float16'))
num decayed parameter tensors: 50, with 22,380,544 parameters
num non-decayed parameter tensors: 25, with 6,400 parameters
/work/m24047/m24047brmn/numbers/GPT2/base/train.py:199: FutureWarning: `torch.cuda.amp.GradScaler(args...)` is deprecated. Please use `torch.amp.GradScaler('cuda', args...)` instead.
  scaler = torch.cuda.amp.GradScaler(enabled=(dtype == 'float16'))
num decayed parameter tensors: 50, with 22,380,544 parameters
num non-decayed parameter tensors: 25, with 6,400 parameters
/work/m24047/m24047brmn/numbers/GPT2/base/train.py:199: FutureWarning: `torch.cuda.amp.GradScaler(args...)` is deprecated. Please use `torch.amp.GradScaler('cuda', args...)` instead.
  scaler = torch.cuda.amp.GradScaler(enabled=(dtype == 'float16'))
num decayed parameter tensors: 50, with 22,380,544 parameters
num non-decayed parameter tensors: 25, with 6,400 parameters
/work/m24047/m24047brmn/numbers/GPT2/base/train.py:199: FutureWarning: `torch.cuda.amp.GradScaler(args...)` is deprecated. Please use `torch.amp.GradScaler('cuda', args...)` instead.
  scaler = torch.cuda.amp.GradScaler(enabled=(dtype == 'float16'))
num decayed parameter tensors: 50, with 22,380,544 parameters
num non-decayed parameter tensors: 25, with 6,400 parameters
/work/m24047/m24047brmn/numbers/GPT2/base/train.py:199: FutureWarning: `torch.cuda.amp.GradScaler(args...)` is deprecated. Please use `torch.amp.GradScaler('cuda', args...)` instead.
  scaler = torch.cuda.amp.GradScaler(enabled=(dtype == 'float16'))
num decayed parameter tensors: 50, with 22,380,544 parameters
num non-decayed parameter tensors: 25, with 6,400 parameters
/work/m24047/m24047brmn/numbers/GPT2/base/train.py:199: FutureWarning: `torch.cuda.amp.GradScaler(args...)` is deprecated. Please use `torch.amp.GradScaler('cuda', args...)` instead.
  scaler = torch.cuda.amp.GradScaler(enabled=(dtype == 'float16'))
num decayed parameter tensors: 50, with 22,380,544 parameters
num non-decayed parameter tensors: 25, with 6,400 parameters
/work/m24047/m24047brmn/numbers/GPT2/base/train.py:199: FutureWarning: `torch.cuda.amp.GradScaler(args...)` is deprecated. Please use `torch.amp.GradScaler('cuda', args...)` instead.
  scaler = torch.cuda.amp.GradScaler(enabled=(dtype == 'float16'))
num decayed parameter tensors: 50, with 22,380,544 parameters
num non-decayed parameter tensors: 25, with 6,400 parameters
using fused AdamW: True
compiling the model... (takes a ~minute)
using fused AdamW: True
compiling the model... (takes a ~minute)
using fused AdamW: True
compiling the model... (takes a ~minute)
using fused AdamW: True
compiling the model... (takes a ~minute)
using fused AdamW: True
compiling the model... (takes a ~minute)
using fused AdamW: True
compiling the model... (takes a ~minute)
using fused AdamW: True
compiling the model... (takes a ~minute)
using fused AdamW: True
compiling the model... (takes a ~minute)
step 0: train loss 10.7871, val loss 10.7892
iter 0: loss 10.8098, time 97384.27ms, mfu -100.00%
iter 1: loss 10.7966, time 142.18ms, mfu -100.00%
iter 2: loss 10.8287, time 430.02ms, mfu -100.00%
iter 3: loss 10.7770, time 229.75ms, mfu -100.00%
iter 4: loss 10.7372, time 248.27ms, mfu -100.00%
iter 5: loss 10.6774, time 259.05ms, mfu 2.72%
iter 6: loss 10.6694, time 220.91ms, mfu 2.77%
iter 7: loss 10.6341, time 241.47ms, mfu 2.79%
iter 8: loss 10.5331, time 250.78ms, mfu 2.79%
iter 9: loss 10.5706, time 256.66ms, mfu 2.79%
iter 10: loss 10.4926, time 256.77ms, mfu 2.78%
iter 11: loss 10.4693, time 242.36ms, mfu 2.79%
iter 12: loss 10.4401, time 231.44ms, mfu 2.82%
iter 13: loss 10.3819, time 297.99ms, mfu 2.78%
iter 14: loss 10.3340, time 196.31ms, mfu 2.86%
iter 15: loss 10.3660, time 277.40ms, mfu 2.83%
iter 16: loss 10.2699, time 225.24ms, mfu 2.86%
iter 17: loss 10.1409, time 278.11ms, mfu 2.82%
iter 18: loss 10.1582, time 204.20ms, mfu 2.89%
iter 19: loss 10.1211, time 231.20ms, mfu 2.90%
iter 20: loss 10.1132, time 243.23ms, mfu 2.90%
iter 21: loss 10.0080, time 255.45ms, mfu 2.89%
iter 22: loss 10.0407, time 222.37ms, mfu 2.92%
iter 23: loss 9.9670, time 249.24ms, mfu 2.91%
iter 24: loss 9.9406, time 251.39ms, mfu 2.90%
iter 25: loss 9.8884, time 254.19ms, mfu 2.89%
iter 26: loss 9.8668, time 253.78ms, mfu 2.88%
iter 27: loss 9.8776, time 255.84ms, mfu 2.86%
iter 28: loss 9.7417, time 223.22ms, mfu 2.89%
iter 29: loss 9.8314, time 244.76ms, mfu 2.89%
iter 30: loss 9.7413, time 288.93ms, mfu 2.85%
iter 31: loss 9.7911, time 189.97ms, mfu 2.94%
iter 32: loss 9.7214, time 259.64ms, mfu 2.91%
iter 33: loss 9.7222, time 248.55ms, mfu 2.91%
iter 34: loss 9.6206, time 262.77ms, mfu 2.88%
iter 35: loss 9.6968, time 235.16ms, mfu 2.90%
iter 36: loss 9.6445, time 238.39ms, mfu 2.90%
iter 37: loss 9.5962, time 241.81ms, mfu 2.90%
iter 38: loss 9.5930, time 228.54ms, mfu 2.92%
iter 39: loss 9.4681, time 239.18ms, mfu 2.93%
iter 40: loss 9.5869, time 242.45ms, mfu 2.92%
iter 41: loss 9.5906, time 232.65ms, mfu 2.93%
iter 42: loss 9.5537, time 239.66ms, mfu 2.94%
iter 43: loss 9.5269, time 259.93ms, mfu 2.91%
iter 44: loss 9.4917, time 245.09ms, mfu 2.91%
iter 45: loss 9.4311, time 237.60ms, mfu 2.92%
iter 46: loss 9.5174, time 273.57ms, mfu 2.88%
iter 47: loss 9.3720, time 217.98ms, mfu 2.92%
iter 48: loss 9.4062, time 233.78ms, mfu 2.93%
iter 49: loss 9.2810, time 269.79ms, mfu 2.90%
iter 50: loss 9.2556, time 237.49ms, mfu 2.90%
iter 51: loss 9.3309, time 267.32ms, mfu 2.88%
iter 52: loss 9.2112, time 234.23ms, mfu 2.89%
iter 53: loss 9.2403, time 246.56ms, mfu 2.89%
iter 54: loss 9.2274, time 241.30ms, mfu 2.89%
iter 55: loss 9.3009, time 249.85ms, mfu 2.89%
iter 56: loss 9.1991, time 246.91ms, mfu 2.88%
iter 57: loss 9.2218, time 263.51ms, mfu 2.86%
iter 58: loss 9.1512, time 241.26ms, mfu 2.87%
iter 59: loss 9.1202, time 291.72ms, mfu 2.82%
iter 60: loss 9.0857, time 205.35ms, mfu 2.89%
iter 61: loss 9.1223, time 244.10ms, mfu 2.89%
iter 62: loss 8.9613, time 252.26ms, mfu 2.88%
iter 63: loss 9.0786, time 229.97ms, mfu 2.90%
iter 64: loss 9.0883, time 251.07ms, mfu 2.89%
iter 65: loss 9.0010, time 252.61ms, mfu 2.88%
iter 66: loss 8.9832, time 245.17ms, mfu 2.88%
iter 67: loss 8.9678, time 225.25ms, mfu 2.90%
iter 68: loss 8.9203, time 234.94ms, mfu 2.91%
iter 69: loss 8.9188, time 269.46ms, mfu 2.88%
iter 70: loss 8.9116, time 245.32ms, mfu 2.88%
iter 71: loss 8.7507, time 257.00ms, mfu 2.87%
iter 72: loss 8.7474, time 233.90ms, mfu 2.88%
iter 73: loss 8.8684, time 240.28ms, mfu 2.89%
iter 74: loss 8.8740, time 227.36ms, mfu 2.91%
iter 75: loss 8.8038, time 248.35ms, mfu 2.90%
iter 76: loss 8.7910, time 271.25ms, mfu 2.87%
iter 77: loss 8.8156, time 244.00ms, mfu 2.88%
iter 78: loss 8.7489, time 234.99ms, mfu 2.89%
iter 79: loss 8.7776, time 250.37ms, mfu 2.88%
iter 80: loss 8.7599, time 247.05ms, mfu 2.88%
iter 81: loss 8.7061, time 244.30ms, mfu 2.88%
iter 82: loss 8.7465, time 234.68ms, mfu 2.89%
iter 83: loss 8.7995, time 231.61ms, mfu 2.91%
iter 84: loss 8.6537, time 250.69ms, mfu 2.90%
iter 85: loss 8.5919, time 241.79ms, mfu 2.90%
iter 86: loss 8.5731, time 256.90ms, mfu 2.89%
iter 87: loss 8.5893, time 219.70ms, mfu 2.92%
iter 88: loss 8.5543, time 250.38ms, mfu 2.91%
iter 89: loss 8.6686, time 248.66ms, mfu 2.90%
iter 90: loss 8.6364, time 281.82ms, mfu 2.86%
iter 91: loss 8.5481, time 251.13ms, mfu 2.86%
iter 92: loss 8.6057, time 181.63ms, mfu 2.96%
iter 93: loss 8.5780, time 234.60ms, mfu 2.96%
iter 94: loss 8.5550, time 256.86ms, mfu 2.94%
iter 95: loss 8.5086, time 251.26ms, mfu 2.93%
iter 96: loss 8.4602, time 251.97ms, mfu 2.92%
iter 97: loss 8.4889, time 262.66ms, mfu 2.89%
iter 98: loss 8.4035, time 191.78ms, mfu 2.97%
iter 99: loss 8.5050, time 260.82ms, mfu 2.95%
iter 100: loss 8.4679, time 259.67ms, mfu 2.92%
iter 101: loss 8.4925, time 245.92ms, mfu 2.92%
iter 102: loss 8.4367, time 227.60ms, mfu 2.94%
iter 103: loss 8.4770, time 262.79ms, mfu 2.91%
iter 104: loss 8.4174, time 263.65ms, mfu 2.89%
iter 105: loss 8.3137, time 247.01ms, mfu 2.88%
iter 106: loss 8.4139, time 238.57ms, mfu 2.89%
iter 107: loss 8.3984, time 255.70ms, mfu 2.88%
iter 108: loss 8.4080, time 246.34ms, mfu 2.88%
iter 109: loss 8.3293, time 253.48ms, mfu 2.87%
iter 110: loss 8.2774, time 243.86ms, mfu 2.87%
iter 111: loss 8.3987, time 258.40ms, mfu 2.86%
iter 112: loss 8.3774, time 253.15ms, mfu 2.85%
iter 113: loss 8.3233, time 227.39ms, mfu 2.88%
iter 114: loss 8.2492, time 261.71ms, mfu 2.86%
iter 115: loss 8.3256, time 260.71ms, mfu 2.84%
iter 116: loss 8.2518, time 227.55ms, mfu 2.87%
iter 117: loss 8.2946, time 229.85ms, mfu 2.89%
iter 118: loss 8.2489, time 274.60ms, mfu 2.86%
iter 119: loss 8.3210, time 208.77ms, mfu 2.91%
iter 120: loss 8.1779, time 236.86ms, mfu 2.92%
iter 121: loss 8.1003, time 237.75ms, mfu 2.92%
iter 122: loss 8.1985, time 268.48ms, mfu 2.89%
iter 123: loss 8.2192, time 256.18ms, mfu 2.88%
iter 124: loss 8.2021, time 220.96ms, mfu 2.91%
iter 125: loss 8.0825, time 251.57ms, mfu 2.90%
iter 126: loss 8.1179, time 267.91ms, mfu 2.87%
iter 127: loss 8.0341, time 276.87ms, mfu 2.84%
iter 128: loss 8.1566, time 238.86ms, mfu 2.85%
iter 129: loss 8.1200, time 239.31ms, mfu 2.86%
iter 130: loss 8.0423, time 257.02ms, mfu 2.85%
iter 131: loss 7.9432, time 248.72ms, mfu 2.85%
iter 132: loss 8.0185, time 260.90ms, mfu 2.83%
iter 133: loss 8.0125, time 248.91ms, mfu 2.83%
iter 134: loss 7.9384, time 301.26ms, mfu 2.79%
iter 135: loss 7.9837, time 181.84ms, mfu 2.90%
iter 136: loss 7.8614, time 239.45ms, mfu 2.90%
iter 137: loss 7.9202, time 257.10ms, mfu 2.88%
iter 138: loss 7.9672, time 256.64ms, mfu 2.87%
iter 139: loss 7.8198, time 235.79ms, mfu 2.88%
iter 140: loss 7.7561, time 252.45ms, mfu 2.87%
iter 141: loss 7.9659, time 259.36ms, mfu 2.86%
iter 142: loss 7.9104, time 234.41ms, mfu 2.87%
iter 143: loss 7.7594, time 248.58ms, mfu 2.87%
iter 144: loss 7.8134, time 255.31ms, mfu 2.86%
iter 145: loss 7.9130, time 240.94ms, mfu 2.87%
iter 146: loss 7.8272, time 242.91ms, mfu 2.87%
iter 147: loss 7.8199, time 235.46ms, mfu 2.88%
iter 148: loss 7.8343, time 267.13ms, mfu 2.86%
iter 149: loss 7.6986, time 219.57ms, mfu 2.90%
iter 150: loss 7.6962, time 234.45ms, mfu 2.91%
iter 151: loss 7.7116, time 251.75ms, mfu 2.90%
iter 152: loss 7.7014, time 244.60ms, mfu 2.90%
iter 153: loss 7.7037, time 236.50ms, mfu 2.90%
iter 154: loss 7.6948, time 263.83ms, mfu 2.88%
iter 155: loss 7.6664, time 228.24ms, mfu 2.90%
iter 156: loss 7.6805, time 251.60ms, mfu 2.89%
iter 157: loss 7.6293, time 245.55ms, mfu 2.89%
iter 158: loss 7.6474, time 298.34ms, mfu 2.84%
iter 159: loss 7.6896, time 195.18ms, mfu 2.92%
iter 160: loss 7.5721, time 248.59ms, mfu 2.91%
iter 161: loss 7.5647, time 273.07ms, mfu 2.88%
iter 162: loss 7.4938, time 297.14ms, mfu 2.83%
iter 163: loss 7.4439, time 208.16ms, mfu 2.88%
iter 164: loss 7.5428, time 251.75ms, mfu 2.87%
iter 165: loss 7.5067, time 239.67ms, mfu 2.88%
iter 166: loss 7.5369, time 231.83ms, mfu 2.90%
iter 167: loss 7.4981, time 271.56ms, mfu 2.87%
iter 168: loss 7.3711, time 242.30ms, mfu 2.87%
iter 169: loss 7.3581, time 248.05ms, mfu 2.87%
iter 170: loss 7.3561, time 252.78ms, mfu 2.86%
iter 171: loss 7.3488, time 269.79ms, mfu 2.84%
iter 172: loss 7.3188, time 200.32ms, mfu 2.91%
iter 173: loss 7.2987, time 304.99ms, mfu 2.85%
iter 174: loss 7.2826, time 188.39ms, mfu 2.94%
iter 175: loss 7.2325, time 297.92ms, mfu 2.88%
iter 176: loss 7.2800, time 273.62ms, mfu 2.85%
iter 177: loss 7.1297, time 189.80ms, mfu 2.94%
iter 178: loss 7.1703, time 265.31ms, mfu 2.91%
iter 179: loss 7.1581, time 270.42ms, mfu 2.88%
iter 180: loss 7.1297, time 238.63ms, mfu 2.89%
iter 181: loss 7.1039, time 242.67ms, mfu 2.89%
iter 182: loss 7.1518, time 245.04ms, mfu 2.89%
iter 183: loss 7.0668, time 257.93ms, mfu 2.87%
iter 184: loss 6.9972, time 229.40ms, mfu 2.89%
iter 185: loss 7.0772, time 249.63ms, mfu 2.89%
iter 186: loss 7.0266, time 224.51ms, mfu 2.91%
iter 187: loss 6.9235, time 262.49ms, mfu 2.89%
iter 188: loss 6.9954, time 259.52ms, mfu 2.87%
iter 189: loss 7.0076, time 254.22ms, mfu 2.86%
iter 190: loss 6.9218, time 229.74ms, mfu 2.88%
iter 191: loss 6.9237, time 244.80ms, mfu 2.88%
iter 192: loss 6.9450, time 258.96ms, mfu 2.87%
iter 193: loss 6.8181, time 238.45ms, mfu 2.88%
iter 194: loss 6.8608, time 228.27ms, mfu 2.90%
iter 195: loss 6.8486, time 236.05ms, mfu 2.91%
iter 196: loss 6.8725, time 235.65ms, mfu 2.92%
iter 197: loss 6.7679, time 281.39ms, mfu 2.88%
iter 198: loss 6.7807, time 229.17ms, mfu 2.90%
iter 199: loss 6.7176, time 250.88ms, mfu 2.89%
iter 200: loss 6.7472, time 207.84ms, mfu 2.94%
iter 201: loss 6.7483, time 264.77ms, mfu 2.91%
iter 202: loss 6.6610, time 240.97ms, mfu 2.91%
iter 203: loss 6.6966, time 240.62ms, mfu 2.92%
iter 204: loss 6.5795, time 240.18ms, mfu 2.92%
iter 205: loss 6.6124, time 260.09ms, mfu 2.90%
iter 206: loss 6.5545, time 244.93ms, mfu 2.90%
iter 207: loss 6.6063, time 224.06ms, mfu 2.92%
iter 208: loss 6.5216, time 237.52ms, mfu 2.93%
iter 209: loss 6.5642, time 255.74ms, mfu 2.91%
iter 210: loss 6.4610, time 237.89ms, mfu 2.92%
iter 211: loss 6.4781, time 245.53ms, mfu 2.91%
iter 212: loss 6.4057, time 253.58ms, mfu 2.90%
iter 213: loss 6.4367, time 236.21ms, mfu 2.91%
iter 214: loss 6.4227, time 257.55ms, mfu 2.89%
iter 215: loss 6.4042, time 252.66ms, mfu 2.88%
iter 216: loss 6.3529, time 240.71ms, mfu 2.89%
iter 217: loss 6.3896, time 240.28ms, mfu 2.89%
iter 218: loss 6.3867, time 249.09ms, mfu 2.89%
iter 219: loss 6.2581, time 244.09ms, mfu 2.89%
iter 220: loss 6.2441, time 241.92ms, mfu 2.89%
iter 221: loss 6.2293, time 237.13ms, mfu 2.90%
iter 222: loss 6.2325, time 235.34ms, mfu 2.91%
iter 223: loss 6.1984, time 255.01ms, mfu 2.89%
iter 224: loss 6.1508, time 291.52ms, mfu 2.85%
iter 225: loss 6.1498, time 190.94ms, mfu 2.93%
iter 226: loss 6.1766, time 266.59ms, mfu 2.90%
iter 227: loss 6.0958, time 245.90ms, mfu 2.90%
iter 228: loss 6.0980, time 267.68ms, mfu 2.87%
iter 229: loss 6.0698, time 272.24ms, mfu 2.85%
iter 230: loss 5.9801, time 221.43ms, mfu 2.88%
iter 231: loss 6.0231, time 251.58ms, mfu 2.87%
iter 232: loss 5.9848, time 255.83ms, mfu 2.86%
iter 233: loss 5.9765, time 220.62ms, mfu 2.89%
iter 234: loss 6.0282, time 281.79ms, mfu 2.86%
iter 235: loss 5.9849, time 199.81ms, mfu 2.92%
iter 236: loss 5.7884, time 279.88ms, mfu 2.88%
iter 237: loss 5.8296, time 217.99ms, mfu 2.92%
iter 238: loss 5.8793, time 238.40ms, mfu 2.92%
iter 239: loss 5.8558, time 260.17ms, mfu 2.90%
iter 240: loss 5.8416, time 263.58ms, mfu 2.88%
iter 241: loss 5.7684, time 249.15ms, mfu 2.87%
iter 242: loss 5.7607, time 269.79ms, mfu 2.85%
iter 243: loss 5.8195, time 207.08ms, mfu 2.90%
iter 244: loss 5.7147, time 271.15ms, mfu 2.87%
iter 245: loss 5.6355, time 243.87ms, mfu 2.88%
iter 246: loss 5.6590, time 271.71ms, mfu 2.85%
iter 247: loss 5.5828, time 188.92ms, mfu 2.94%
iter 248: loss 5.7183, time 256.63ms, mfu 2.92%
iter 249: loss 5.5714, time 227.25ms, mfu 2.94%
iter 250: loss 5.5822, time 239.06ms, mfu 2.94%
iter 251: loss 5.4956, time 239.87ms, mfu 2.94%
iter 252: loss 5.4884, time 244.44ms, mfu 2.93%
iter 253: loss 5.5233, time 272.74ms, mfu 2.90%
iter 254: loss 5.4280, time 244.19ms, mfu 2.90%
iter 255: loss 5.4242, time 227.89ms, mfu 2.92%
iter 256: loss 5.3384, time 243.94ms, mfu 2.92%
iter 257: loss 5.4277, time 277.92ms, mfu 2.88%
iter 258: loss 5.4827, time 205.00ms, mfu 2.93%
iter 259: loss 5.3727, time 276.52ms, mfu 2.90%
iter 260: loss 5.3117, time 220.62ms, mfu 2.93%
iter 261: loss 5.3148, time 261.53ms, mfu 2.90%
iter 262: loss 5.1881, time 207.19ms, mfu 2.95%
iter 263: loss 5.2294, time 253.63ms, mfu 2.94%
iter 264: loss 5.2290, time 260.04ms, mfu 2.91%
iter 265: loss 5.1938, time 254.79ms, mfu 2.90%
iter 266: loss 5.1764, time 229.18ms, mfu 2.92%
iter 267: loss 5.1991, time 244.24ms, mfu 2.92%
iter 268: loss 5.1267, time 264.07ms, mfu 2.89%
iter 269: loss 5.1597, time 236.54ms, mfu 2.90%
iter 270: loss 5.0091, time 240.37ms, mfu 2.90%
iter 271: loss 5.1001, time 275.25ms, mfu 2.87%
iter 272: loss 5.1282, time 236.64ms, mfu 2.88%
iter 273: loss 5.0735, time 242.42ms, mfu 2.88%
iter 274: loss 5.0008, time 235.15ms, mfu 2.90%
iter 275: loss 4.9254, time 247.04ms, mfu 2.89%
iter 276: loss 4.9876, time 241.81ms, mfu 2.89%
iter 277: loss 4.9662, time 249.98ms, mfu 2.89%
iter 278: loss 4.9796, time 237.36ms, mfu 2.90%
iter 279: loss 4.8386, time 237.80ms, mfu 2.90%
iter 280: loss 4.9318, time 288.00ms, mfu 2.86%
iter 281: loss 4.7440, time 238.00ms, mfu 2.87%
iter 282: loss 4.7863, time 223.01ms, mfu 2.90%
iter 283: loss 4.7893, time 250.27ms, mfu 2.89%
iter 284: loss 4.8169, time 256.98ms, mfu 2.88%
iter 285: loss 4.7635, time 227.53ms, mfu 2.90%
iter 286: loss 4.6591, time 235.69ms, mfu 2.91%
iter 287: loss 4.8592, time 248.38ms, mfu 2.90%
iter 288: loss 4.6896, time 246.44ms, mfu 2.90%
iter 289: loss 4.6714, time 233.50ms, mfu 2.91%
iter 290: loss 4.5595, time 261.18ms, mfu 2.89%
iter 291: loss 4.6565, time 245.80ms, mfu 2.89%
iter 292: loss 4.6063, time 259.71ms, mfu 2.87%
iter 293: loss 4.6289, time 233.82ms, mfu 2.89%
iter 294: loss 4.5516, time 246.56ms, mfu 2.88%
iter 295: loss 4.5280, time 239.26ms, mfu 2.89%
iter 296: loss 4.6297, time 243.13ms, mfu 2.89%
iter 297: loss 4.4222, time 240.42ms, mfu 2.90%
iter 298: loss 4.5130, time 248.79ms, mfu 2.89%
iter 299: loss 4.5747, time 259.67ms, mfu 2.87%
iter 300: loss 4.3959, time 226.35ms, mfu 2.90%
iter 301: loss 4.4407, time 264.15ms, mfu 2.87%
iter 302: loss 4.3456, time 242.88ms, mfu 2.88%
iter 303: loss 4.3657, time 246.04ms, mfu 2.88%
iter 304: loss 4.3518, time 237.74ms, mfu 2.89%
iter 305: loss 4.3857, time 229.87ms, mfu 2.90%
iter 306: loss 4.2910, time 289.05ms, mfu 2.86%
iter 307: loss 4.4428, time 210.89ms, mfu 2.91%
iter 308: loss 4.2976, time 275.13ms, mfu 2.87%
iter 309: loss 4.2392, time 193.43ms, mfu 2.95%
iter 310: loss 4.2895, time 299.78ms, mfu 2.89%
iter 311: loss 4.2526, time 266.92ms, mfu 2.87%
iter 312: loss 4.3124, time 218.78ms, mfu 2.90%
iter 313: loss 4.2857, time 246.91ms, mfu 2.90%
iter 314: loss 4.1802, time 254.75ms, mfu 2.89%
iter 315: loss 4.2791, time 256.90ms, mfu 2.87%
iter 316: loss 4.1549, time 238.41ms, mfu 2.88%
iter 317: loss 4.1540, time 220.81ms, mfu 2.91%
iter 318: loss 4.1151, time 236.97ms, mfu 2.92%
iter 319: loss 4.1758, time 234.25ms, mfu 2.93%
iter 320: loss 4.1128, time 228.80ms, mfu 2.94%
iter 321: loss 4.1082, time 267.12ms, mfu 2.91%
iter 322: loss 4.0187, time 204.09ms, mfu 2.97%
iter 323: loss 4.1365, time 273.74ms, mfu 2.93%
iter 324: loss 4.0779, time 207.93ms, mfu 2.98%
iter 325: loss 3.9525, time 272.08ms, mfu 2.94%
iter 326: loss 4.0847, time 234.89ms, mfu 2.94%
iter 327: loss 4.0278, time 239.89ms, mfu 2.94%
iter 328: loss 4.0163, time 258.63ms, mfu 2.92%
iter 329: loss 4.0224, time 232.44ms, mfu 2.93%
iter 330: loss 3.9656, time 266.05ms, mfu 2.91%
iter 331: loss 4.0285, time 234.69ms, mfu 2.92%
iter 332: loss 3.9760, time 245.10ms, mfu 2.91%
iter 333: loss 3.9257, time 240.81ms, mfu 2.91%
iter 334: loss 3.8932, time 242.14ms, mfu 2.91%
iter 335: loss 3.9469, time 226.46ms, mfu 2.93%
iter 336: loss 3.8705, time 253.92ms, mfu 2.92%
iter 337: loss 3.7883, time 224.60ms, mfu 2.94%
iter 338: loss 3.7881, time 237.78ms, mfu 2.94%
iter 339: loss 3.8574, time 259.33ms, mfu 2.92%
iter 340: loss 3.9179, time 249.86ms, mfu 2.91%
iter 341: loss 3.7980, time 253.21ms, mfu 2.90%
iter 342: loss 3.8112, time 242.80ms, mfu 2.90%
iter 343: loss 3.8864, time 236.09ms, mfu 2.91%
iter 344: loss 3.8781, time 301.55ms, mfu 2.85%
iter 345: loss 3.7720, time 227.09ms, mfu 2.88%
iter 346: loss 3.7787, time 210.59ms, mfu 2.93%
iter 347: loss 3.8552, time 241.35ms, mfu 2.93%
iter 348: loss 3.6433, time 245.03ms, mfu 2.92%
iter 349: loss 3.5780, time 282.34ms, mfu 2.88%
iter 350: loss 3.6492, time 201.14ms, mfu 2.94%
iter 351: loss 3.5901, time 237.21ms, mfu 2.95%
iter 352: loss 3.6764, time 229.38ms, mfu 2.96%
iter 353: loss 3.6580, time 260.26ms, mfu 2.93%
iter 354: loss 3.7780, time 226.22ms, mfu 2.95%
iter 355: loss 3.5993, time 246.30ms, mfu 2.94%
iter 356: loss 3.7610, time 251.84ms, mfu 2.93%
iter 357: loss 3.6086, time 248.94ms, mfu 2.92%
iter 358: loss 3.6850, time 248.93ms, mfu 2.91%
iter 359: loss 3.5730, time 253.39ms, mfu 2.90%
iter 360: loss 3.5085, time 239.07ms, mfu 2.90%
iter 361: loss 3.5691, time 241.70ms, mfu 2.91%
iter 362: loss 3.5197, time 243.62ms, mfu 2.91%
iter 363: loss 3.5889, time 247.72ms, mfu 2.90%
iter 364: loss 3.5220, time 241.67ms, mfu 2.90%
iter 365: loss 3.6163, time 248.36ms, mfu 2.90%
iter 366: loss 3.6246, time 257.87ms, mfu 2.88%
iter 367: loss 3.4321, time 238.01ms, mfu 2.89%
iter 368: loss 3.5063, time 252.39ms, mfu 2.88%
iter 369: loss 3.4668, time 244.41ms, mfu 2.88%
iter 370: loss 3.5181, time 235.03ms, mfu 2.89%
iter 371: loss 3.4578, time 244.66ms, mfu 2.89%
iter 372: loss 3.4639, time 261.37ms, mfu 2.87%
iter 373: loss 3.3786, time 226.77ms, mfu 2.90%
iter 374: loss 3.5813, time 242.80ms, mfu 2.90%
iter 375: loss 3.4085, time 258.67ms, mfu 2.88%
iter 376: loss 3.3332, time 240.43ms, mfu 2.89%
iter 377: loss 3.4091, time 256.74ms, mfu 2.87%
iter 378: loss 3.4327, time 242.53ms, mfu 2.88%
iter 379: loss 3.4276, time 264.75ms, mfu 2.86%
iter 380: loss 3.3675, time 229.85ms, mfu 2.88%
iter 381: loss 3.3933, time 229.09ms, mfu 2.90%
iter 382: loss 3.3886, time 254.90ms, mfu 2.88%
iter 383: loss 3.3638, time 251.42ms, mfu 2.88%
iter 384: loss 3.3765, time 238.51ms, mfu 2.88%
iter 385: loss 3.4250, time 240.57ms, mfu 2.89%
iter 386: loss 3.3716, time 266.75ms, mfu 2.87%
iter 387: loss 3.2397, time 243.60ms, mfu 2.87%
iter 388: loss 3.3521, time 239.31ms, mfu 2.88%
iter 389: loss 3.4681, time 264.14ms, mfu 2.86%
iter 390: loss 3.2452, time 275.57ms, mfu 2.83%
iter 391: loss 3.3368, time 198.84ms, mfu 2.90%
iter 392: loss 3.3389, time 250.98ms, mfu 2.89%
iter 393: loss 3.2654, time 239.18ms, mfu 2.90%
iter 394: loss 3.2669, time 257.74ms, mfu 2.88%
iter 395: loss 3.3367, time 253.32ms, mfu 2.87%
iter 396: loss 3.2609, time 273.99ms, mfu 2.84%
iter 397: loss 3.3716, time 198.09ms, mfu 2.91%
iter 398: loss 3.2235, time 250.13ms, mfu 2.90%
iter 399: loss 3.0982, time 240.89ms, mfu 2.91%
iter 400: loss 3.2499, time 262.86ms, mfu 2.88%
iter 401: loss 3.3081, time 243.17ms, mfu 2.89%
iter 402: loss 3.3581, time 270.40ms, mfu 2.86%
iter 403: loss 3.1773, time 239.38ms, mfu 2.87%
iter 404: loss 3.1354, time 244.11ms, mfu 2.87%
iter 405: loss 3.3104, time 256.64ms, mfu 2.86%
iter 406: loss 3.3722, time 243.23ms, mfu 2.86%
iter 407: loss 3.2262, time 243.37ms, mfu 2.87%
iter 408: loss 3.1966, time 241.42ms, mfu 2.87%
iter 409: loss 3.2031, time 236.26ms, mfu 2.88%
iter 410: loss 3.1609, time 255.65ms, mfu 2.87%
iter 411: loss 3.1154, time 220.53ms, mfu 2.90%
iter 412: loss 3.2207, time 231.37ms, mfu 2.92%
iter 413: loss 3.2736, time 274.19ms, mfu 2.88%
iter 414: loss 3.2387, time 262.72ms, mfu 2.86%
iter 415: loss 3.0434, time 233.31ms, mfu 2.88%
iter 416: loss 3.0908, time 237.47ms, mfu 2.89%
iter 417: loss 3.1911, time 242.13ms, mfu 2.89%
iter 418: loss 3.0480, time 254.71ms, mfu 2.88%
iter 419: loss 3.2453, time 249.76ms, mfu 2.87%
iter 420: loss 3.1759, time 241.05ms, mfu 2.88%
iter 421: loss 3.0510, time 243.35ms, mfu 2.88%
iter 422: loss 3.1575, time 255.94ms, mfu 2.87%
iter 423: loss 3.1843, time 248.69ms, mfu 2.87%
iter 424: loss 3.1379, time 228.85ms, mfu 2.89%
iter 425: loss 3.1626, time 281.27ms, mfu 2.85%
iter 426: loss 3.0530, time 206.27ms, mfu 2.91%
iter 427: loss 3.0752, time 258.83ms, mfu 2.89%
iter 428: loss 3.0435, time 223.02ms, mfu 2.92%
iter 429: loss 3.0676, time 293.50ms, mfu 2.87%
iter 430: loss 3.1520, time 248.85ms, mfu 2.86%
iter 431: loss 3.0428, time 246.46ms, mfu 2.86%
iter 432: loss 3.0006, time 328.76ms, mfu 2.79%
iter 433: loss 3.1151, time 184.23ms, mfu 2.90%
iter 434: loss 3.1703, time 254.22ms, mfu 2.88%
iter 435: loss 3.0649, time 241.92ms, mfu 2.89%
iter 436: loss 3.0838, time 238.43ms, mfu 2.89%
iter 437: loss 3.0257, time 266.20ms, mfu 2.87%
iter 438: loss 3.1312, time 236.92ms, mfu 2.88%
iter 439: loss 3.0546, time 260.78ms, mfu 2.86%
iter 440: loss 2.9818, time 237.39ms, mfu 2.87%
iter 441: loss 3.1612, time 234.51ms, mfu 2.89%
iter 442: loss 2.9918, time 274.30ms, mfu 2.86%
iter 443: loss 3.0634, time 239.78ms, mfu 2.87%
iter 444: loss 3.0402, time 254.81ms, mfu 2.86%
iter 445: loss 3.0563, time 264.24ms, mfu 2.84%
iter 446: loss 2.9240, time 229.64ms, mfu 2.86%
iter 447: loss 3.0343, time 260.05ms, mfu 2.85%
iter 448: loss 2.9387, time 252.53ms, mfu 2.84%
iter 449: loss 3.0790, time 308.83ms, mfu 2.79%
iter 450: loss 2.9423, time 202.06ms, mfu 2.86%
iter 451: loss 3.1699, time 256.58ms, mfu 2.85%
iter 452: loss 3.0428, time 244.51ms, mfu 2.85%
iter 453: loss 3.0172, time 248.43ms, mfu 2.85%
iter 454: loss 3.0065, time 249.23ms, mfu 2.85%
iter 455: loss 3.0334, time 257.33ms, mfu 2.84%
iter 456: loss 2.9943, time 235.78ms, mfu 2.85%
iter 457: loss 3.0914, time 232.51ms, mfu 2.87%
iter 458: loss 3.1219, time 250.12ms, mfu 2.87%
iter 459: loss 3.0763, time 249.44ms, mfu 2.86%
iter 460: loss 2.9387, time 250.03ms, mfu 2.86%
iter 461: loss 2.9267, time 222.78ms, mfu 2.89%
iter 462: loss 3.0491, time 248.34ms, mfu 2.88%
iter 463: loss 2.9451, time 232.08ms, mfu 2.90%
iter 464: loss 2.9351, time 258.40ms, mfu 2.88%
iter 465: loss 2.9494, time 248.53ms, mfu 2.88%
iter 466: loss 3.0051, time 238.36ms, mfu 2.89%
iter 467: loss 3.0676, time 231.84ms, mfu 2.90%
iter 468: loss 2.9349, time 275.50ms, mfu 2.87%
iter 469: loss 3.0487, time 230.80ms, mfu 2.89%
iter 470: loss 2.9201, time 236.08ms, mfu 2.90%
iter 471: loss 3.0203, time 273.72ms, mfu 2.87%
iter 472: loss 2.8983, time 240.82ms, mfu 2.87%
iter 473: loss 3.0007, time 219.95ms, mfu 2.91%
iter 474: loss 3.0076, time 242.33ms, mfu 2.91%
iter 475: loss 2.9382, time 267.88ms, mfu 2.88%
iter 476: loss 2.9878, time 236.60ms, mfu 2.89%
iter 477: loss 3.0136, time 243.77ms, mfu 2.89%
iter 478: loss 2.8338, time 261.04ms, mfu 2.87%
iter 479: loss 2.8672, time 254.63ms, mfu 2.86%
iter 480: loss 2.8685, time 238.40ms, mfu 2.87%
iter 481: loss 2.8071, time 243.93ms, mfu 2.87%
iter 482: loss 3.0163, time 236.00ms, mfu 2.89%
iter 483: loss 3.0070, time 247.40ms, mfu 2.88%
iter 484: loss 2.9360, time 260.50ms, mfu 2.86%
iter 485: loss 2.9690, time 242.97ms, mfu 2.87%
iter 486: loss 2.8563, time 254.50ms, mfu 2.86%
iter 487: loss 2.9668, time 238.96ms, mfu 2.87%
iter 488: loss 2.9334, time 239.66ms, mfu 2.88%
iter 489: loss 3.0153, time 277.69ms, mfu 2.84%
iter 490: loss 2.8916, time 224.22ms, mfu 2.87%
iter 491: loss 2.9935, time 266.69ms, mfu 2.85%
iter 492: loss 2.8556, time 249.50ms, mfu 2.85%
iter 493: loss 2.9447, time 263.45ms, mfu 2.83%
iter 494: loss 2.8733, time 230.46ms, mfu 2.85%
iter 495: loss 3.0074, time 261.91ms, mfu 2.84%
iter 496: loss 2.8136, time 239.95ms, mfu 2.85%
iter 497: loss 3.0175, time 250.79ms, mfu 2.85%
iter 498: loss 2.9733, time 250.51ms, mfu 2.84%
iter 499: loss 2.8997, time 269.77ms, mfu 2.82%
iter 500: loss 3.0099, time 235.15ms, mfu 2.84%
iter 501: loss 2.9034, time 231.81ms, mfu 2.86%
iter 502: loss 2.8723, time 261.67ms, mfu 2.84%
iter 503: loss 3.0490, time 246.68ms, mfu 2.84%
iter 504: loss 2.9740, time 321.39ms, mfu 2.78%
iter 505: loss 2.8143, time 214.29ms, mfu 2.83%
iter 506: loss 2.8510, time 225.34ms, mfu 2.86%
iter 507: loss 2.7435, time 236.42ms, mfu 2.87%
iter 508: loss 3.0197, time 249.48ms, mfu 2.87%
iter 509: loss 2.8608, time 263.32ms, mfu 2.85%
iter 510: loss 3.0974, time 234.93ms, mfu 2.87%
iter 511: loss 2.8605, time 231.32ms, mfu 2.88%
iter 512: loss 2.7597, time 245.01ms, mfu 2.88%
iter 513: loss 2.9703, time 232.30ms, mfu 2.90%
iter 514: loss 2.8425, time 252.34ms, mfu 2.89%
iter 515: loss 3.0196, time 269.23ms, mfu 2.86%
iter 516: loss 2.7507, time 243.23ms, mfu 2.87%
iter 517: loss 2.8001, time 254.28ms, mfu 2.86%
iter 518: loss 2.8716, time 213.59ms, mfu 2.90%
iter 519: loss 2.9662, time 250.82ms, mfu 2.89%
iter 520: loss 2.8280, time 227.24ms, mfu 2.91%
iter 521: loss 2.7422, time 253.45ms, mfu 2.90%
iter 522: loss 2.9798, time 277.85ms, mfu 2.87%
iter 523: loss 3.0106, time 243.08ms, mfu 2.87%
iter 524: loss 2.9835, time 236.78ms, mfu 2.88%
iter 525: loss 2.8046, time 232.51ms, mfu 2.90%
iter 526: loss 2.7996, time 242.20ms, mfu 2.90%
iter 527: loss 2.7909, time 261.78ms, mfu 2.88%
iter 528: loss 2.8908, time 235.46ms, mfu 2.89%
iter 529: loss 2.8017, time 229.22ms, mfu 2.91%
iter 530: loss 2.8532, time 233.59ms, mfu 2.92%
iter 531: loss 2.9159, time 275.48ms, mfu 2.88%
iter 532: loss 2.7616, time 233.99ms, mfu 2.90%
iter 533: loss 2.7046, time 251.95ms, mfu 2.89%
iter 534: loss 2.7738, time 264.79ms, mfu 2.87%
iter 535: loss 2.8159, time 230.10ms, mfu 2.89%
iter 536: loss 2.7077, time 247.14ms, mfu 2.88%
iter 537: loss 2.7997, time 266.58ms, mfu 2.86%
iter 538: loss 2.8206, time 230.39ms, mfu 2.88%
iter 539: loss 2.9365, time 275.30ms, mfu 2.85%
iter 540: loss 2.8290, time 239.40ms, mfu 2.86%
iter 541: loss 2.8410, time 241.79ms, mfu 2.86%
iter 542: loss 2.8513, time 239.53ms, mfu 2.87%
iter 543: loss 2.7574, time 244.23ms, mfu 2.87%
iter 544: loss 2.8423, time 244.98ms, mfu 2.87%
iter 545: loss 2.7484, time 226.55ms, mfu 2.90%
iter 546: loss 2.8857, time 254.89ms, mfu 2.89%
iter 547: loss 2.8419, time 243.47ms, mfu 2.89%
iter 548: loss 2.8164, time 254.57ms, mfu 2.88%
iter 549: loss 2.8448, time 255.31ms, mfu 2.86%
iter 550: loss 2.8852, time 297.62ms, mfu 2.82%
iter 551: loss 2.8135, time 179.87ms, mfu 2.93%
iter 552: loss 2.8506, time 255.34ms, mfu 2.91%
iter 553: loss 2.8050, time 224.54ms, mfu 2.93%
iter 554: loss 2.8114, time 257.63ms, mfu 2.91%
iter 555: loss 2.7789, time 243.13ms, mfu 2.91%
iter 556: loss 2.8940, time 239.74ms, mfu 2.92%
iter 557: loss 2.8229, time 236.84ms, mfu 2.92%
iter 558: loss 2.8558, time 239.81ms, mfu 2.92%
iter 559: loss 2.8218, time 258.39ms, mfu 2.91%
iter 560: loss 2.7519, time 246.63ms, mfu 2.90%
iter 561: loss 2.7553, time 253.98ms, mfu 2.89%
iter 562: loss 2.7880, time 246.08ms, mfu 2.89%
iter 563: loss 2.7793, time 259.71ms, mfu 2.87%
iter 564: loss 2.7317, time 215.90ms, mfu 2.91%
iter 565: loss 2.8441, time 243.78ms, mfu 2.91%
iter 566: loss 2.8251, time 263.66ms, mfu 2.89%
iter 567: loss 2.9026, time 250.23ms, mfu 2.88%
iter 568: loss 2.7711, time 261.95ms, mfu 2.86%
iter 569: loss 2.9206, time 236.01ms, mfu 2.87%
iter 570: loss 2.9246, time 250.14ms, mfu 2.87%
iter 571: loss 2.9016, time 237.86ms, mfu 2.88%
iter 572: loss 2.7827, time 235.77ms, mfu 2.89%
iter 573: loss 2.8989, time 254.44ms, mfu 2.88%
iter 574: loss 2.7645, time 251.37ms, mfu 2.87%
iter 575: loss 2.6713, time 245.84ms, mfu 2.87%
iter 576: loss 2.7681, time 243.91ms, mfu 2.87%
iter 577: loss 2.8181, time 229.61ms, mfu 2.89%
iter 578: loss 2.8361, time 246.55ms, mfu 2.89%
iter 579: loss 2.8705, time 258.63ms, mfu 2.87%
iter 580: loss 2.8597, time 253.06ms, mfu 2.87%
iter 581: loss 2.7914, time 241.27ms, mfu 2.87%
iter 582: loss 2.7761, time 238.03ms, mfu 2.88%
iter 583: loss 2.7914, time 247.90ms, mfu 2.88%
iter 584: loss 2.8355, time 251.64ms, mfu 2.87%
iter 585: loss 2.8908, time 243.29ms, mfu 2.87%
iter 586: loss 2.8622, time 243.41ms, mfu 2.88%
iter 587: loss 2.7826, time 248.12ms, mfu 2.87%
iter 588: loss 2.7005, time 233.87ms, mfu 2.89%
iter 589: loss 2.7722, time 243.41ms, mfu 2.89%
iter 590: loss 2.7533, time 265.85ms, mfu 2.87%
iter 591: loss 2.6762, time 235.42ms, mfu 2.88%
iter 592: loss 2.6754, time 255.96ms, mfu 2.87%
iter 593: loss 2.8144, time 228.73ms, mfu 2.89%
iter 594: loss 2.8933, time 244.36ms, mfu 2.89%
iter 595: loss 2.7605, time 238.59ms, mfu 2.90%
iter 596: loss 2.7317, time 247.95ms, mfu 2.89%
iter 597: loss 2.8934, time 267.13ms, mfu 2.87%
iter 598: loss 2.8532, time 258.83ms, mfu 2.85%
iter 599: loss 2.6958, time 190.93ms, mfu 2.94%
iter 600: loss 2.7248, time 248.74ms, mfu 2.93%
iter 601: loss 2.8749, time 281.04ms, mfu 2.88%
iter 602: loss 2.7686, time 231.33ms, mfu 2.90%
iter 603: loss 2.8386, time 256.65ms, mfu 2.89%
iter 604: loss 2.9154, time 254.37ms, mfu 2.88%
iter 605: loss 2.7819, time 237.27ms, mfu 2.89%
iter 606: loss 2.7572, time 262.71ms, mfu 2.87%
iter 607: loss 2.9232, time 244.92ms, mfu 2.87%
iter 608: loss 2.8029, time 283.52ms, mfu 2.83%
iter 609: loss 2.7390, time 264.22ms, mfu 2.81%
iter 610: loss 2.8018, time 180.18ms, mfu 2.92%
iter 611: loss 2.8815, time 271.21ms, mfu 2.89%
iter 612: loss 2.7219, time 239.25ms, mfu 2.90%
iter 613: loss 2.7292, time 263.17ms, mfu 2.88%
iter 614: loss 2.7672, time 243.74ms, mfu 2.88%
iter 615: loss 2.8513, time 242.82ms, mfu 2.88%
iter 616: loss 2.7666, time 251.62ms, mfu 2.87%
iter 617: loss 2.8387, time 221.61ms, mfu 2.90%
iter 618: loss 2.8172, time 243.68ms, mfu 2.90%
iter 619: loss 2.7484, time 260.04ms, mfu 2.88%
iter 620: loss 2.7342, time 243.83ms, mfu 2.89%
iter 621: loss 2.8457, time 232.31ms, mfu 2.90%
iter 622: loss 2.8304, time 232.87ms, mfu 2.91%
iter 623: loss 2.7989, time 253.41ms, mfu 2.90%
iter 624: loss 2.8554, time 244.82ms, mfu 2.90%
iter 625: loss 2.7740, time 272.27ms, mfu 2.87%
iter 626: loss 2.7046, time 221.64ms, mfu 2.90%
iter 627: loss 2.7748, time 245.21ms, mfu 2.90%
iter 628: loss 2.7011, time 251.52ms, mfu 2.89%
iter 629: loss 2.8405, time 248.93ms, mfu 2.88%
iter 630: loss 2.5241, time 238.38ms, mfu 2.89%
iter 631: loss 2.7432, time 243.94ms, mfu 2.89%
iter 632: loss 2.7587, time 247.91ms, mfu 2.89%
iter 633: loss 2.7324, time 232.56ms, mfu 2.90%
iter 634: loss 2.6958, time 246.45ms, mfu 2.90%
iter 635: loss 2.6876, time 243.21ms, mfu 2.90%
iter 636: loss 2.8466, time 249.51ms, mfu 2.89%
iter 637: loss 2.7468, time 230.70ms, mfu 2.91%
iter 638: loss 2.6434, time 282.84ms, mfu 2.87%
iter 639: loss 2.7735, time 203.37ms, mfu 2.93%
iter 640: loss 2.8045, time 282.94ms, mfu 2.88%
iter 641: loss 2.7028, time 200.01ms, mfu 2.95%
iter 642: loss 2.7924, time 239.12ms, mfu 2.95%
iter 643: loss 2.8280, time 241.78ms, mfu 2.95%
iter 644: loss 2.6610, time 268.74ms, mfu 2.91%
iter 645: loss 2.7713, time 226.76ms, mfu 2.93%
iter 646: loss 2.7504, time 238.83ms, mfu 2.94%
iter 647: loss 2.7565, time 276.48ms, mfu 2.90%
iter 648: loss 2.6805, time 232.38ms, mfu 2.91%
iter 649: loss 2.6764, time 240.56ms, mfu 2.91%
iter 650: loss 2.6812, time 260.38ms, mfu 2.89%
iter 651: loss 2.7505, time 222.23ms, mfu 2.92%
iter 652: loss 2.7502, time 277.81ms, mfu 2.88%
iter 653: loss 2.6479, time 225.69ms, mfu 2.91%
iter 654: loss 2.7707, time 241.54ms, mfu 2.91%
iter 655: loss 2.7504, time 242.25ms, mfu 2.91%
iter 656: loss 2.7652, time 241.86ms, mfu 2.91%
iter 657: loss 2.7855, time 263.98ms, mfu 2.89%
iter 658: loss 2.7825, time 237.32ms, mfu 2.90%
iter 659: loss 2.6499, time 233.66ms, mfu 2.91%
iter 660: loss 2.7399, time 247.55ms, mfu 2.90%
iter 661: loss 2.7437, time 252.63ms, mfu 2.89%
iter 662: loss 2.7749, time 244.23ms, mfu 2.89%
iter 663: loss 2.6679, time 232.18ms, mfu 2.91%
iter 664: loss 2.7643, time 230.36ms, mfu 2.92%
iter 665: loss 2.6797, time 257.85ms, mfu 2.90%
iter 666: loss 2.5603, time 236.12ms, mfu 2.91%
iter 667: loss 2.6583, time 265.32ms, mfu 2.89%
iter 668: loss 2.7972, time 241.07ms, mfu 2.89%
iter 669: loss 2.7163, time 254.16ms, mfu 2.88%
iter 670: loss 2.7277, time 210.02ms, mfu 2.93%
iter 671: loss 2.7442, time 265.31ms, mfu 2.90%
iter 672: loss 2.8003, time 228.31ms, mfu 2.92%
iter 673: loss 2.8297, time 231.50ms, mfu 2.93%
iter 674: loss 2.7286, time 329.69ms, mfu 2.85%
iter 675: loss 2.8079, time 219.86ms, mfu 2.89%
iter 676: loss 2.7065, time 255.52ms, mfu 2.88%
iter 677: loss 2.8375, time 244.53ms, mfu 2.88%
iter 678: loss 2.8336, time 253.09ms, mfu 2.87%
iter 679: loss 2.6759, time 248.79ms, mfu 2.87%
iter 680: loss 2.6955, time 266.62ms, mfu 2.84%
iter 681: loss 2.8053, time 271.20ms, mfu 2.82%
iter 682: loss 2.7423, time 186.88ms, mfu 2.92%
iter 683: loss 2.7677, time 242.24ms, mfu 2.92%
iter 684: loss 2.6890, time 254.10ms, mfu 2.90%
iter 685: loss 2.7652, time 244.20ms, mfu 2.90%
iter 686: loss 2.8850, time 235.58ms, mfu 2.91%
iter 687: loss 2.8157, time 251.79ms, mfu 2.90%
iter 688: loss 2.7588, time 237.80ms, mfu 2.91%
iter 689: loss 2.7862, time 256.88ms, mfu 2.89%
iter 690: loss 2.8173, time 271.86ms, mfu 2.86%
iter 691: loss 2.7057, time 227.47ms, mfu 2.89%
iter 692: loss 2.7017, time 234.04ms, mfu 2.90%
iter 693: loss 2.7505, time 284.38ms, mfu 2.86%
iter 694: loss 2.6784, time 203.32ms, mfu 2.92%
iter 695: loss 2.9740, time 252.36ms, mfu 2.91%
iter 696: loss 2.6958, time 249.26ms, mfu 2.90%
iter 697: loss 2.6709, time 245.88ms, mfu 2.90%
iter 698: loss 2.8136, time 243.42ms, mfu 2.90%
iter 699: loss 2.7191, time 281.18ms, mfu 2.86%
iter 700: loss 2.6910, time 181.08ms, mfu 2.96%
iter 701: loss 2.7896, time 267.16ms, mfu 2.93%
iter 702: loss 2.6572, time 236.18ms, mfu 2.94%
iter 703: loss 2.8400, time 238.38ms, mfu 2.94%
iter 704: loss 2.7515, time 240.97ms, mfu 2.94%
iter 705: loss 2.8416, time 267.08ms, mfu 2.91%
iter 706: loss 2.8533, time 278.18ms, mfu 2.87%
iter 707: loss 2.7640, time 210.54ms, mfu 2.92%
iter 708: loss 2.6743, time 257.26ms, mfu 2.90%
iter 709: loss 2.8056, time 257.38ms, mfu 2.89%
iter 710: loss 2.5989, time 213.37ms, mfu 2.93%
iter 711: loss 2.6872, time 278.28ms, mfu 2.89%
iter 712: loss 2.7633, time 209.90ms, mfu 2.94%
iter 713: loss 2.6080, time 249.75ms, mfu 2.92%
iter 714: loss 2.6833, time 201.26ms, mfu 2.98%
iter 715: loss 2.6928, time 282.67ms, mfu 2.93%
iter 716: loss 2.6218, time 228.62ms, mfu 2.95%
iter 717: loss 2.6270, time 251.08ms, mfu 2.94%
iter 718: loss 2.6821, time 252.88ms, mfu 2.92%
iter 719: loss 2.6957, time 268.80ms, mfu 2.89%
iter 720: loss 2.7882, time 222.84ms, mfu 2.92%
iter 721: loss 2.7202, time 269.95ms, mfu 2.89%
iter 722: loss 2.8480, time 279.36ms, mfu 2.85%
iter 723: loss 2.7288, time 196.90ms, mfu 2.93%
iter 724: loss 2.6963, time 307.07ms, mfu 2.86%
iter 725: loss 2.7138, time 204.50ms, mfu 2.92%
iter 726: loss 2.8321, time 244.68ms, mfu 2.92%
iter 727: loss 2.7487, time 281.21ms, mfu 2.88%
iter 728: loss 2.7244, time 207.00ms, mfu 2.93%
iter 729: loss 2.7283, time 239.22ms, mfu 2.93%
iter 730: loss 2.6142, time 240.92ms, mfu 2.93%
iter 731: loss 2.7559, time 239.93ms, mfu 2.93%
iter 732: loss 2.6142, time 248.27ms, mfu 2.92%
iter 733: loss 2.5844, time 227.41ms, mfu 2.94%
iter 734: loss 2.7987, time 249.40ms, mfu 2.93%
iter 735: loss 2.8233, time 265.21ms, mfu 2.90%
iter 736: loss 2.6645, time 237.15ms, mfu 2.91%
iter 737: loss 2.7748, time 229.06ms, mfu 2.93%
iter 738: loss 2.7127, time 266.61ms, mfu 2.90%
iter 739: loss 2.7358, time 222.40ms, mfu 2.93%
iter 740: loss 2.7357, time 266.16ms, mfu 2.90%
iter 741: loss 2.5816, time 235.87ms, mfu 2.91%
iter 742: loss 2.7001, time 289.17ms, mfu 2.86%
iter 743: loss 2.7148, time 195.25ms, mfu 2.94%
iter 744: loss 2.6451, time 262.46ms, mfu 2.91%
iter 745: loss 2.6927, time 247.37ms, mfu 2.91%
iter 746: loss 2.6702, time 252.80ms, mfu 2.90%
iter 747: loss 2.6509, time 239.22ms, mfu 2.90%
iter 748: loss 2.8269, time 245.74ms, mfu 2.90%
iter 749: loss 2.6626, time 239.22ms, mfu 2.90%
iter 750: loss 2.6680, time 238.68ms, mfu 2.91%
iter 751: loss 2.7206, time 267.33ms, mfu 2.88%
iter 752: loss 2.6981, time 255.90ms, mfu 2.87%
iter 753: loss 2.7647, time 208.63ms, mfu 2.92%
iter 754: loss 2.7945, time 255.10ms, mfu 2.91%
iter 755: loss 2.8294, time 256.60ms, mfu 2.89%
iter 756: loss 2.7411, time 259.17ms, mfu 2.87%
iter 757: loss 2.7153, time 226.15ms, mfu 2.90%
iter 758: loss 2.7479, time 246.34ms, mfu 2.89%
iter 759: loss 2.7812, time 232.19ms, mfu 2.91%
iter 760: loss 2.6837, time 247.94ms, mfu 2.90%
iter 761: loss 2.6205, time 238.25ms, mfu 2.91%
iter 762: loss 2.7396, time 241.73ms, mfu 2.91%
iter 763: loss 2.6717, time 254.27ms, mfu 2.90%
iter 764: loss 2.6892, time 236.48ms, mfu 2.91%
iter 765: loss 2.7848, time 228.04ms, mfu 2.92%
iter 766: loss 2.5268, time 239.33ms, mfu 2.93%
iter 767: loss 2.7063, time 261.33ms, mfu 2.90%
iter 768: loss 2.8105, time 249.84ms, mfu 2.90%
iter 769: loss 2.6654, time 256.72ms, mfu 2.88%
iter 770: loss 2.7512, time 195.48ms, mfu 2.95%
iter 771: loss 2.8314, time 242.03ms, mfu 2.95%
iter 772: loss 2.7694, time 247.13ms, mfu 2.94%
iter 773: loss 2.7610, time 237.71ms, mfu 2.94%
iter 774: loss 2.7835, time 260.10ms, mfu 2.92%
iter 775: loss 2.7244, time 237.31ms, mfu 2.93%
iter 776: loss 2.7321, time 256.82ms, mfu 2.91%
iter 777: loss 2.7133, time 236.36ms, mfu 2.92%
iter 778: loss 2.6515, time 264.52ms, mfu 2.89%
iter 779: loss 2.6574, time 267.78ms, mfu 2.87%
iter 780: loss 2.7815, time 197.05ms, mfu 2.94%
iter 781: loss 2.5999, time 235.86ms, mfu 2.94%
iter 782: loss 2.8850, time 246.16ms, mfu 2.94%
iter 783: loss 2.6660, time 266.31ms, mfu 2.91%
iter 784: loss 2.6870, time 233.84ms, mfu 2.92%
iter 785: loss 2.6383, time 229.68ms, mfu 2.93%
iter 786: loss 2.7180, time 233.97ms, mfu 2.94%
iter 787: loss 2.6919, time 232.05ms, mfu 2.95%
iter 788: loss 2.7404, time 240.89ms, mfu 2.95%
iter 789: loss 2.7441, time 235.52ms, mfu 2.95%
iter 790: loss 2.8056, time 243.40ms, mfu 2.95%
iter 791: loss 2.7802, time 293.17ms, mfu 2.89%
iter 792: loss 2.7444, time 196.67ms, mfu 2.96%
iter 793: loss 2.7931, time 254.11ms, mfu 2.95%
iter 794: loss 2.6755, time 268.91ms, mfu 2.91%
iter 795: loss 2.7323, time 218.65ms, mfu 2.94%
iter 796: loss 2.6120, time 238.84ms, mfu 2.95%
iter 797: loss 2.6220, time 239.15ms, mfu 2.95%
iter 798: loss 2.6872, time 245.91ms, mfu 2.94%
iter 799: loss 2.6841, time 239.69ms, mfu 2.94%
iter 800: loss 2.8133, time 245.45ms, mfu 2.93%
iter 801: loss 2.6899, time 238.87ms, mfu 2.94%
iter 802: loss 2.5271, time 250.96ms, mfu 2.92%
iter 803: loss 2.5829, time 270.99ms, mfu 2.89%
iter 804: loss 2.6921, time 263.14ms, mfu 2.87%
iter 805: loss 2.8051, time 197.46ms, mfu 2.94%
iter 806: loss 2.5308, time 256.51ms, mfu 2.92%
iter 807: loss 2.6810, time 233.61ms, mfu 2.93%
iter 808: loss 2.7508, time 292.05ms, mfu 2.88%
iter 809: loss 2.6547, time 207.15ms, mfu 2.93%
iter 810: loss 2.7774, time 237.09ms, mfu 2.94%
iter 811: loss 2.6835, time 279.79ms, mfu 2.90%
iter 812: loss 2.8051, time 192.24ms, mfu 2.97%
iter 813: loss 2.7477, time 285.90ms, mfu 2.92%
iter 814: loss 2.6928, time 225.34ms, mfu 2.94%
iter 815: loss 2.5637, time 206.01ms, mfu 2.99%
iter 816: loss 2.7334, time 251.68ms, mfu 2.97%
iter 817: loss 2.7339, time 232.76ms, mfu 2.98%
iter 818: loss 2.7471, time 227.91ms, mfu 2.99%
iter 819: loss 2.5859, time 238.78ms, mfu 2.99%
iter 820: loss 2.6399, time 251.62ms, mfu 2.97%
iter 821: loss 2.6765, time 255.54ms, mfu 2.95%
iter 822: loss 2.7022, time 233.02ms, mfu 2.96%
iter 823: loss 2.7925, time 245.20ms, mfu 2.95%
iter 824: loss 2.6770, time 234.17ms, mfu 2.96%
iter 825: loss 2.7001, time 260.63ms, mfu 2.93%
iter 826: loss 2.7441, time 245.45ms, mfu 2.93%
iter 827: loss 2.6679, time 267.54ms, mfu 2.90%
iter 828: loss 2.6852, time 232.46ms, mfu 2.91%
iter 829: loss 2.5079, time 239.31ms, mfu 2.91%
iter 830: loss 2.6718, time 245.42ms, mfu 2.91%
iter 831: loss 2.7743, time 231.66ms, mfu 2.92%
iter 832: loss 2.7732, time 255.77ms, mfu 2.91%
iter 833: loss 2.7727, time 248.62ms, mfu 2.90%
iter 834: loss 2.8504, time 240.66ms, mfu 2.90%
iter 835: loss 2.6706, time 221.58ms, mfu 2.93%
iter 836: loss 2.6015, time 297.47ms, mfu 2.88%
iter 837: loss 2.6404, time 197.15ms, mfu 2.95%
iter 838: loss 2.6888, time 279.34ms, mfu 2.90%
iter 839: loss 2.6862, time 196.49ms, mfu 2.97%
iter 840: loss 2.6371, time 257.37ms, mfu 2.95%
iter 841: loss 2.7620, time 232.54ms, mfu 2.96%
iter 842: loss 2.6269, time 280.21ms, mfu 2.91%
iter 843: loss 2.7575, time 222.84ms, mfu 2.94%
iter 844: loss 2.7550, time 237.40ms, mfu 2.94%
iter 845: loss 2.7459, time 279.23ms, mfu 2.90%
iter 846: loss 2.6884, time 223.54ms, mfu 2.93%
iter 847: loss 2.6715, time 225.67ms, mfu 2.95%
iter 848: loss 2.7823, time 272.77ms, mfu 2.91%
iter 849: loss 2.6569, time 237.01ms, mfu 2.92%
iter 850: loss 2.6552, time 243.97ms, mfu 2.92%
iter 851: loss 2.6446, time 242.01ms, mfu 2.92%
iter 852: loss 2.6637, time 225.73ms, mfu 2.94%
iter 853: loss 2.7566, time 235.12ms, mfu 2.94%
iter 854: loss 2.5955, time 304.02ms, mfu 2.88%
iter 855: loss 2.6329, time 224.31ms, mfu 2.91%
iter 856: loss 2.6636, time 252.45ms, mfu 2.90%
iter 857: loss 2.6870, time 237.42ms, mfu 2.90%
iter 858: loss 2.7639, time 247.06ms, mfu 2.90%
iter 859: loss 2.6121, time 239.89ms, mfu 2.90%
iter 860: loss 2.6841, time 244.71ms, mfu 2.90%
iter 861: loss 2.5523, time 231.47ms, mfu 2.92%
iter 862: loss 2.6721, time 260.87ms, mfu 2.90%
iter 863: loss 2.6632, time 260.55ms, mfu 2.88%
iter 864: loss 2.7121, time 232.94ms, mfu 2.89%
iter 865: loss 2.7172, time 235.90ms, mfu 2.90%
iter 866: loss 2.8320, time 228.62ms, mfu 2.92%
iter 867: loss 2.7521, time 247.54ms, mfu 2.91%
iter 868: loss 2.6129, time 232.00ms, mfu 2.93%
iter 869: loss 2.5552, time 260.98ms, mfu 2.90%
iter 870: loss 2.6662, time 248.09ms, mfu 2.90%
iter 871: loss 2.7091, time 228.26ms, mfu 2.92%
iter 872: loss 2.6522, time 244.24ms, mfu 2.91%
iter 873: loss 2.6793, time 235.66ms, mfu 2.92%
iter 874: loss 2.6929, time 230.65ms, mfu 2.94%
iter 875: loss 2.6469, time 304.76ms, mfu 2.87%
iter 876: loss 2.6523, time 181.35ms, mfu 2.98%
iter 877: loss 2.5788, time 256.37ms, mfu 2.95%
iter 878: loss 2.5728, time 263.88ms, mfu 2.93%
iter 879: loss 2.7210, time 223.81ms, mfu 2.95%
iter 880: loss 2.7029, time 294.30ms, mfu 2.89%
iter 881: loss 2.7276, time 182.92ms, mfu 2.99%
iter 882: loss 2.6095, time 290.66ms, mfu 2.93%
iter 883: loss 2.5255, time 192.26ms, mfu 3.01%
iter 884: loss 2.7019, time 264.59ms, mfu 2.97%
iter 885: loss 2.5761, time 253.86ms, mfu 2.95%
iter 886: loss 2.6528, time 232.63ms, mfu 2.96%
iter 887: loss 2.5768, time 247.14ms, mfu 2.95%
iter 888: loss 2.8599, time 241.73ms, mfu 2.95%
iter 889: loss 2.6014, time 245.86ms, mfu 2.94%
iter 890: loss 2.6840, time 321.65ms, mfu 2.87%
iter 891: loss 2.5829, time 195.47ms, mfu 2.94%
iter 892: loss 2.7425, time 279.67ms, mfu 2.90%
iter 893: loss 2.5623, time 220.86ms, mfu 2.93%
iter 894: loss 2.6872, time 265.51ms, mfu 2.90%
iter 895: loss 2.7746, time 203.30ms, mfu 2.96%
iter 896: loss 2.6603, time 256.43ms, mfu 2.94%
iter 897: loss 2.7296, time 236.69ms, mfu 2.94%
iter 898: loss 2.6016, time 251.72ms, mfu 2.93%
iter 899: loss 2.6285, time 261.04ms, mfu 2.91%
iter 900: loss 2.6861, time 234.54ms, mfu 2.92%
iter 901: loss 2.8331, time 237.52ms, mfu 2.92%
iter 902: loss 2.6339, time 243.82ms, mfu 2.92%
iter 903: loss 2.7447, time 256.84ms, mfu 2.90%
iter 904: loss 2.6412, time 238.51ms, mfu 2.91%
iter 905: loss 2.7287, time 228.15ms, mfu 2.93%
iter 906: loss 2.6901, time 247.00ms, mfu 2.92%
iter 907: loss 2.7334, time 245.35ms, mfu 2.92%
iter 908: loss 2.6991, time 269.93ms, mfu 2.89%
iter 909: loss 2.6342, time 240.81ms, mfu 2.89%
iter 910: loss 2.6470, time 237.86ms, mfu 2.90%
iter 911: loss 2.7806, time 243.98ms, mfu 2.90%
iter 912: loss 2.7971, time 227.89ms, mfu 2.92%
iter 913: loss 2.6077, time 239.33ms, mfu 2.92%
iter 914: loss 2.7527, time 244.87ms, mfu 2.92%
iter 915: loss 2.6307, time 247.87ms, mfu 2.91%
iter 916: loss 2.5755, time 228.20ms, mfu 2.93%
iter 917: loss 2.6894, time 267.54ms, mfu 2.90%
iter 918: loss 2.6342, time 238.23ms, mfu 2.91%
iter 919: loss 2.7946, time 255.74ms, mfu 2.89%
iter 920: loss 2.5717, time 214.49ms, mfu 2.93%
iter 921: loss 2.5604, time 253.68ms, mfu 2.92%
iter 922: loss 2.6895, time 253.74ms, mfu 2.90%
iter 923: loss 2.7112, time 248.44ms, mfu 2.90%
iter 924: loss 2.6451, time 248.00ms, mfu 2.89%
iter 925: loss 2.6429, time 230.90ms, mfu 2.91%
iter 926: loss 2.7236, time 253.22ms, mfu 2.90%
iter 927: loss 2.6396, time 244.98ms, mfu 2.89%
iter 928: loss 2.6557, time 257.15ms, mfu 2.88%
iter 929: loss 2.5807, time 227.05ms, mfu 2.90%
iter 930: loss 2.6572, time 228.19ms, mfu 2.92%
iter 931: loss 2.7740, time 238.82ms, mfu 2.92%
iter 932: loss 2.6131, time 255.71ms, mfu 2.91%
iter 933: loss 2.6381, time 246.59ms, mfu 2.90%
iter 934: loss 2.5515, time 226.74ms, mfu 2.92%
iter 935: loss 2.6635, time 257.60ms, mfu 2.91%
iter 936: loss 2.5731, time 253.41ms, mfu 2.89%
iter 937: loss 2.6706, time 238.81ms, mfu 2.90%
iter 938: loss 2.6782, time 243.35ms, mfu 2.90%
iter 939: loss 2.7312, time 256.27ms, mfu 2.89%
iter 940: loss 2.5669, time 255.34ms, mfu 2.87%
iter 941: loss 2.6736, time 240.96ms, mfu 2.88%
iter 942: loss 2.6149, time 258.76ms, mfu 2.86%
iter 943: loss 2.5558, time 245.00ms, mfu 2.87%
iter 944: loss 2.7583, time 278.05ms, mfu 2.83%
iter 945: loss 2.5961, time 218.46ms, mfu 2.87%
iter 946: loss 2.5547, time 227.83ms, mfu 2.90%
iter 947: loss 2.6165, time 232.90ms, mfu 2.91%
iter 948: loss 2.7605, time 247.59ms, mfu 2.90%
iter 949: loss 2.5738, time 258.59ms, mfu 2.89%
iter 950: loss 2.5954, time 255.02ms, mfu 2.87%
iter 951: loss 2.6232, time 274.90ms, mfu 2.84%
iter 952: loss 2.6398, time 194.46ms, mfu 2.92%
iter 953: loss 2.6230, time 253.50ms, mfu 2.91%
iter 954: loss 2.8238, time 221.32ms, mfu 2.94%
iter 955: loss 2.5276, time 235.03ms, mfu 2.94%
iter 956: loss 2.6101, time 245.26ms, mfu 2.94%
iter 957: loss 2.6253, time 234.25ms, mfu 2.94%
iter 958: loss 2.7837, time 247.36ms, mfu 2.93%
iter 959: loss 2.5780, time 269.14ms, mfu 2.90%
iter 960: loss 2.6320, time 193.74ms, mfu 2.98%
iter 961: loss 2.6249, time 248.91ms, mfu 2.96%
iter 962: loss 2.7775, time 257.91ms, mfu 2.94%
iter 963: loss 2.6023, time 244.30ms, mfu 2.94%
iter 964: loss 2.6805, time 247.84ms, mfu 2.93%
iter 965: loss 2.4743, time 250.04ms, mfu 2.92%
iter 966: loss 2.5933, time 250.48ms, mfu 2.91%
iter 967: loss 2.7561, time 249.39ms, mfu 2.90%
iter 968: loss 2.6913, time 255.54ms, mfu 2.89%
iter 969: loss 2.6991, time 253.92ms, mfu 2.87%
iter 970: loss 2.5685, time 280.20ms, mfu 2.84%
iter 971: loss 2.7423, time 189.52ms, mfu 2.93%
iter 972: loss 2.6186, time 243.67ms, mfu 2.92%
iter 973: loss 2.6348, time 253.40ms, mfu 2.91%
iter 974: loss 2.6122, time 229.20ms, mfu 2.93%
iter 975: loss 2.6353, time 264.62ms, mfu 2.90%
iter 976: loss 2.6502, time 244.96ms, mfu 2.90%
iter 977: loss 2.6762, time 203.51ms, mfu 2.96%
iter 978: loss 2.6057, time 240.36ms, mfu 2.95%
iter 979: loss 2.6566, time 259.52ms, mfu 2.93%
iter 980: loss 2.5973, time 246.62ms, mfu 2.92%
iter 981: loss 2.6051, time 238.83ms, mfu 2.93%
iter 982: loss 2.6368, time 238.77ms, mfu 2.93%
iter 983: loss 2.6478, time 310.76ms, mfu 2.86%
iter 984: loss 2.5752, time 212.85ms, mfu 2.91%
iter 985: loss 2.5053, time 203.11ms, mfu 2.97%
iter 986: loss 2.5203, time 284.09ms, mfu 2.92%
iter 987: loss 2.5467, time 191.72ms, mfu 2.99%
iter 988: loss 2.6664, time 247.16ms, mfu 2.98%
iter 989: loss 2.5311, time 253.76ms, mfu 2.96%
iter 990: loss 2.5872, time 233.14ms, mfu 2.97%
iter 991: loss 2.7427, time 248.52ms, mfu 2.95%
iter 992: loss 2.5450, time 259.77ms, mfu 2.93%
iter 993: loss 2.5614, time 233.05ms, mfu 2.94%
iter 994: loss 2.6749, time 248.44ms, mfu 2.93%
iter 995: loss 2.5788, time 264.29ms, mfu 2.90%
iter 996: loss 2.5011, time 231.75ms, mfu 2.92%
iter 997: loss 2.5787, time 239.29ms, mfu 2.92%
iter 998: loss 2.6183, time 254.10ms, mfu 2.91%
iter 999: loss 2.4602, time 262.90ms, mfu 2.88%
iter 1000: loss 2.6385, time 235.92ms, mfu 2.90%
iter 1001: loss 2.3479, time 235.42ms, mfu 2.91%
iter 1002: loss 2.6363, time 304.73ms, mfu 2.85%
iter 1003: loss 2.6147, time 247.35ms, mfu 2.85%
iter 1004: loss 2.6408, time 260.49ms, mfu 2.83%
iter 1005: loss 2.5763, time 202.40ms, mfu 2.90%
iter 1006: loss 2.6483, time 231.71ms, mfu 2.91%
iter 1007: loss 2.6512, time 255.29ms, mfu 2.90%
iter 1008: loss 2.6493, time 245.47ms, mfu 2.90%
iter 1009: loss 2.4993, time 253.22ms, mfu 2.89%
iter 1010: loss 2.6143, time 243.96ms, mfu 2.89%
iter 1011: loss 2.6834, time 252.93ms, mfu 2.88%
iter 1012: loss 2.6738, time 253.73ms, mfu 2.87%
iter 1013: loss 2.4720, time 241.02ms, mfu 2.87%
iter 1014: loss 2.6067, time 235.38ms, mfu 2.89%
iter 1015: loss 2.6795, time 245.44ms, mfu 2.88%
iter 1016: loss 2.6557, time 239.43ms, mfu 2.89%
iter 1017: loss 2.5987, time 228.29ms, mfu 2.91%
iter 1018: loss 2.5224, time 241.91ms, mfu 2.91%
iter 1019: loss 2.4773, time 274.59ms, mfu 2.88%
iter 1020: loss 2.5731, time 248.45ms, mfu 2.87%
iter 1021: loss 2.5170, time 254.56ms, mfu 2.86%
iter 1022: loss 2.5585, time 253.85ms, mfu 2.86%
iter 1023: loss 2.5683, time 218.82ms, mfu 2.89%
iter 1024: loss 2.6046, time 235.39ms, mfu 2.90%
iter 1025: loss 2.6458, time 294.16ms, mfu 2.85%
iter 1026: loss 2.5523, time 179.86ms, mfu 2.96%
iter 1027: loss 2.5484, time 276.72ms, mfu 2.92%
iter 1028: loss 2.5716, time 234.92ms, mfu 2.93%
iter 1029: loss 2.5157, time 263.51ms, mfu 2.90%
iter 1030: loss 2.5724, time 202.01ms, mfu 2.96%
iter 1031: loss 2.5976, time 254.25ms, mfu 2.94%
iter 1032: loss 2.5427, time 239.59ms, mfu 2.94%
iter 1033: loss 2.5400, time 256.74ms, mfu 2.92%
iter 1034: loss 2.5854, time 232.78ms, mfu 2.93%
iter 1035: loss 2.4359, time 237.15ms, mfu 2.94%
iter 1036: loss 2.6225, time 256.19ms, mfu 2.92%
iter 1037: loss 2.4799, time 276.02ms, mfu 2.88%
iter 1038: loss 2.5338, time 213.96ms, mfu 2.93%
iter 1039: loss 2.4441, time 262.98ms, mfu 2.90%
iter 1040: loss 2.7056, time 251.45ms, mfu 2.89%
iter 1041: loss 2.6381, time 226.27ms, mfu 2.91%
iter 1042: loss 2.5549, time 250.73ms, mfu 2.90%
iter 1043: loss 2.4949, time 248.80ms, mfu 2.90%
iter 1044: loss 2.5331, time 246.21ms, mfu 2.89%
iter 1045: loss 2.4640, time 232.22ms, mfu 2.91%
iter 1046: loss 2.6553, time 230.80ms, mfu 2.92%
iter 1047: loss 2.5672, time 230.52ms, mfu 2.94%
iter 1048: loss 2.5316, time 261.96ms, mfu 2.91%
iter 1049: loss 2.4740, time 248.53ms, mfu 2.91%
iter 1050: loss 2.6414, time 240.02ms, mfu 2.91%
iter 1051: loss 2.5818, time 246.54ms, mfu 2.90%
iter 1052: loss 2.4646, time 241.84ms, mfu 2.91%
iter 1053: loss 2.4759, time 270.60ms, mfu 2.88%
iter 1054: loss 2.5286, time 192.22ms, mfu 2.96%
iter 1055: loss 2.3647, time 243.68ms, mfu 2.95%
iter 1056: loss 2.5519, time 244.14ms, mfu 2.94%
iter 1057: loss 2.6337, time 267.13ms, mfu 2.91%
iter 1058: loss 2.4426, time 276.88ms, mfu 2.88%
iter 1059: loss 2.4496, time 188.53ms, mfu 2.96%
iter 1060: loss 2.6313, time 247.08ms, mfu 2.95%
iter 1061: loss 2.4987, time 253.25ms, mfu 2.94%
iter 1062: loss 2.5415, time 233.41ms, mfu 2.95%
iter 1063: loss 2.5056, time 241.29ms, mfu 2.94%
iter 1064: loss 2.4708, time 232.12ms, mfu 2.95%
iter 1065: loss 2.5298, time 234.69ms, mfu 2.96%
iter 1066: loss 2.5407, time 248.25ms, mfu 2.95%
iter 1067: loss 2.4102, time 242.16ms, mfu 2.94%
iter 1068: loss 2.5306, time 246.30ms, mfu 2.94%
iter 1069: loss 2.5693, time 243.75ms, mfu 2.93%
iter 1070: loss 2.5585, time 243.59ms, mfu 2.93%
iter 1071: loss 2.5530, time 250.04ms, mfu 2.92%
iter 1072: loss 2.5374, time 228.65ms, mfu 2.93%
iter 1073: loss 2.5220, time 263.21ms, mfu 2.91%
iter 1074: loss 2.4972, time 263.92ms, mfu 2.89%
iter 1075: loss 2.5700, time 234.74ms, mfu 2.90%
iter 1076: loss 2.4256, time 231.83ms, mfu 2.91%
iter 1077: loss 2.3915, time 244.38ms, mfu 2.91%
iter 1078: loss 2.5163, time 237.30ms, mfu 2.92%
iter 1079: loss 2.5142, time 246.29ms, mfu 2.91%
iter 1080: loss 2.4812, time 260.28ms, mfu 2.89%
iter 1081: loss 2.4583, time 260.86ms, mfu 2.87%
iter 1082: loss 2.4655, time 220.09ms, mfu 2.91%
iter 1083: loss 2.4970, time 250.41ms, mfu 2.90%
iter 1084: loss 2.5193, time 245.55ms, mfu 2.90%
iter 1085: loss 2.4857, time 261.58ms, mfu 2.88%
iter 1086: loss 2.4794, time 285.78ms, mfu 2.83%
iter 1087: loss 2.5132, time 250.31ms, mfu 2.83%
iter 1088: loss 2.4992, time 206.06ms, mfu 2.89%
iter 1089: loss 2.4186, time 255.13ms, mfu 2.88%
iter 1090: loss 2.4863, time 253.11ms, mfu 2.87%
iter 1091: loss 2.3966, time 253.92ms, mfu 2.86%
iter 1092: loss 2.6048, time 235.84ms, mfu 2.87%
iter 1093: loss 2.5166, time 220.91ms, mfu 2.91%
iter 1094: loss 2.3970, time 243.20ms, mfu 2.91%
iter 1095: loss 2.4576, time 243.70ms, mfu 2.91%
iter 1096: loss 2.3921, time 241.47ms, mfu 2.91%
iter 1097: loss 2.6529, time 233.47ms, mfu 2.92%
iter 1098: loss 2.3720, time 249.56ms, mfu 2.91%
iter 1099: loss 2.4183, time 255.64ms, mfu 2.89%
iter 1100: loss 2.6901, time 222.88ms, mfu 2.92%
iter 1101: loss 2.4799, time 235.93ms, mfu 2.93%
iter 1102: loss 2.4998, time 241.19ms, mfu 2.93%
iter 1103: loss 2.5655, time 266.48ms, mfu 2.90%
iter 1104: loss 2.3925, time 246.34ms, mfu 2.90%
iter 1105: loss 2.4719, time 242.01ms, mfu 2.90%
iter 1106: loss 2.5819, time 248.56ms, mfu 2.89%
iter 1107: loss 2.4782, time 231.62ms, mfu 2.91%
iter 1108: loss 2.4301, time 247.40ms, mfu 2.90%
iter 1109: loss 2.4103, time 264.44ms, mfu 2.88%
iter 1110: loss 2.6027, time 242.04ms, mfu 2.88%
iter 1111: loss 2.4133, time 243.85ms, mfu 2.88%
iter 1112: loss 2.5396, time 242.10ms, mfu 2.89%
iter 1113: loss 2.5254, time 242.37ms, mfu 2.89%
iter 1114: loss 2.3548, time 247.66ms, mfu 2.89%
iter 1115: loss 2.4332, time 248.49ms, mfu 2.88%
iter 1116: loss 2.5621, time 238.40ms, mfu 2.89%
iter 1117: loss 2.4606, time 240.59ms, mfu 2.89%
iter 1118: loss 2.3726, time 247.13ms, mfu 2.89%
iter 1119: loss 2.5470, time 240.16ms, mfu 2.89%
iter 1120: loss 2.5614, time 244.88ms, mfu 2.89%
iter 1121: loss 2.5661, time 275.37ms, mfu 2.86%
iter 1122: loss 2.5633, time 235.78ms, mfu 2.87%
iter 1123: loss 2.4431, time 260.68ms, mfu 2.86%
iter 1124: loss 2.5201, time 261.34ms, mfu 2.84%
iter 1125: loss 2.4698, time 246.67ms, mfu 2.84%
iter 1126: loss 2.5085, time 254.77ms, mfu 2.84%
iter 1127: loss 2.4194, time 233.58ms, mfu 2.85%
iter 1128: loss 2.5829, time 240.74ms, mfu 2.86%
iter 1129: loss 2.5334, time 227.86ms, mfu 2.89%
iter 1130: loss 2.3807, time 253.02ms, mfu 2.88%
iter 1131: loss 2.3433, time 298.29ms, mfu 2.83%
iter 1132: loss 2.4896, time 192.72ms, mfu 2.91%
iter 1133: loss 2.5122, time 260.72ms, mfu 2.89%
iter 1134: loss 2.6072, time 232.15ms, mfu 2.90%
iter 1135: loss 2.3052, time 242.78ms, mfu 2.90%
iter 1136: loss 2.3535, time 252.41ms, mfu 2.89%
iter 1137: loss 2.5887, time 258.19ms, mfu 2.88%
iter 1138: loss 2.5347, time 239.71ms, mfu 2.88%
iter 1139: loss 2.2673, time 237.90ms, mfu 2.89%
iter 1140: loss 2.4904, time 241.82ms, mfu 2.90%
iter 1141: loss 2.4784, time 241.92ms, mfu 2.90%
iter 1142: loss 2.5512, time 250.91ms, mfu 2.89%
iter 1143: loss 2.3961, time 238.33ms, mfu 2.90%
iter 1144: loss 2.4825, time 247.29ms, mfu 2.89%
iter 1145: loss 2.5762, time 241.83ms, mfu 2.89%
iter 1146: loss 2.5380, time 240.82ms, mfu 2.90%
iter 1147: loss 2.4528, time 258.03ms, mfu 2.88%
iter 1148: loss 2.5510, time 245.93ms, mfu 2.88%
iter 1149: loss 2.5632, time 251.07ms, mfu 2.87%
iter 1150: loss 2.4098, time 264.73ms, mfu 2.85%
iter 1151: loss 2.3601, time 207.05ms, mfu 2.91%
iter 1152: loss 2.3677, time 261.47ms, mfu 2.89%
iter 1153: loss 2.5165, time 236.61ms, mfu 2.90%
iter 1154: loss 2.4678, time 251.60ms, mfu 2.89%
iter 1155: loss 2.4651, time 230.42ms, mfu 2.91%
iter 1156: loss 2.3213, time 258.37ms, mfu 2.89%
iter 1157: loss 2.5558, time 236.11ms, mfu 2.90%
iter 1158: loss 2.4530, time 232.39ms, mfu 2.91%
iter 1159: loss 2.4483, time 246.83ms, mfu 2.91%
iter 1160: loss 2.3808, time 228.16ms, mfu 2.93%
iter 1161: loss 2.5322, time 251.32ms, mfu 2.91%
iter 1162: loss 2.4789, time 238.53ms, mfu 2.92%
iter 1163: loss 2.5004, time 240.04ms, mfu 2.92%
iter 1164: loss 2.4754, time 237.31ms, mfu 2.93%
iter 1165: loss 2.3552, time 264.47ms, mfu 2.90%
iter 1166: loss 2.3823, time 233.64ms, mfu 2.91%
iter 1167: loss 2.5423, time 259.73ms, mfu 2.89%
iter 1168: loss 2.4634, time 254.04ms, mfu 2.88%
iter 1169: loss 2.4745, time 232.59ms, mfu 2.90%
iter 1170: loss 2.4787, time 256.02ms, mfu 2.88%
iter 1171: loss 2.3713, time 244.77ms, mfu 2.88%
iter 1172: loss 2.5320, time 239.27ms, mfu 2.89%
iter 1173: loss 2.4406, time 233.10ms, mfu 2.90%
iter 1174: loss 2.3513, time 279.18ms, mfu 2.87%
iter 1175: loss 2.5161, time 219.35ms, mfu 2.90%
iter 1176: loss 2.5289, time 231.75ms, mfu 2.92%
iter 1177: loss 2.4091, time 250.38ms, mfu 2.91%
iter 1178: loss 2.4891, time 239.87ms, mfu 2.91%
iter 1179: loss 2.5239, time 245.94ms, mfu 2.91%
iter 1180: loss 2.4627, time 232.89ms, mfu 2.92%
iter 1181: loss 2.4819, time 231.47ms, mfu 2.93%
iter 1182: loss 2.4564, time 251.10ms, mfu 2.92%
iter 1183: loss 2.5048, time 243.72ms, mfu 2.92%
iter 1184: loss 2.5123, time 238.24ms, mfu 2.92%
iter 1185: loss 2.3635, time 261.90ms, mfu 2.90%
iter 1186: loss 2.4461, time 246.27ms, mfu 2.90%
iter 1187: loss 2.4209, time 236.05ms, mfu 2.90%
iter 1188: loss 2.4657, time 260.13ms, mfu 2.89%
iter 1189: loss 2.4070, time 206.88ms, mfu 2.94%
iter 1190: loss 2.4660, time 278.24ms, mfu 2.90%
iter 1191: loss 2.4177, time 232.16ms, mfu 2.91%
iter 1192: loss 2.4228, time 267.58ms, mfu 2.88%
iter 1193: loss 2.4794, time 236.36ms, mfu 2.90%
iter 1194: loss 2.4707, time 250.75ms, mfu 2.89%
iter 1195: loss 2.3363, time 244.40ms, mfu 2.89%
iter 1196: loss 2.5194, time 225.06ms, mfu 2.91%
iter 1197: loss 2.4701, time 229.18ms, mfu 2.93%
iter 1198: loss 2.5178, time 287.04ms, mfu 2.88%
iter 1199: loss 2.4415, time 247.33ms, mfu 2.88%
iter 1200: loss 2.3604, time 232.99ms, mfu 2.89%
iter 1201: loss 2.4984, time 231.39ms, mfu 2.91%
iter 1202: loss 2.4552, time 258.48ms, mfu 2.89%
iter 1203: loss 2.3599, time 252.20ms, mfu 2.88%
iter 1204: loss 2.3500, time 215.15ms, mfu 2.92%
iter 1205: loss 2.4702, time 242.02ms, mfu 2.92%
iter 1206: loss 2.4193, time 240.06ms, mfu 2.92%
iter 1207: loss 2.4493, time 273.91ms, mfu 2.89%
iter 1208: loss 2.4569, time 232.79ms, mfu 2.90%
iter 1209: loss 2.3928, time 254.79ms, mfu 2.89%
iter 1210: loss 2.4396, time 273.58ms, mfu 2.86%
iter 1211: loss 2.4437, time 238.10ms, mfu 2.87%
iter 1212: loss 2.5202, time 264.46ms, mfu 2.85%
iter 1213: loss 2.3293, time 230.07ms, mfu 2.87%
iter 1214: loss 2.4953, time 243.29ms, mfu 2.87%
iter 1215: loss 2.4473, time 246.27ms, mfu 2.87%
iter 1216: loss 2.4161, time 251.14ms, mfu 2.87%
iter 1217: loss 2.3537, time 217.29ms, mfu 2.91%
iter 1218: loss 2.3672, time 241.23ms, mfu 2.91%
iter 1219: loss 2.3978, time 236.39ms, mfu 2.92%
iter 1220: loss 2.4943, time 269.49ms, mfu 2.89%
iter 1221: loss 2.4541, time 231.88ms, mfu 2.90%
iter 1222: loss 2.4774, time 255.95ms, mfu 2.89%
iter 1223: loss 2.5061, time 244.43ms, mfu 2.89%
iter 1224: loss 2.4560, time 252.00ms, mfu 2.88%
iter 1225: loss 2.4537, time 256.23ms, mfu 2.87%
iter 1226: loss 2.4461, time 245.08ms, mfu 2.87%
iter 1227: loss 2.4439, time 274.46ms, mfu 2.84%
iter 1228: loss 2.4199, time 210.95ms, mfu 2.89%
iter 1229: loss 2.4594, time 265.28ms, mfu 2.87%
iter 1230: loss 2.4403, time 235.79ms, mfu 2.88%
iter 1231: loss 2.4692, time 249.09ms, mfu 2.87%
iter 1232: loss 2.4092, time 242.66ms, mfu 2.88%
iter 1233: loss 2.4134, time 263.40ms, mfu 2.86%
iter 1234: loss 2.4321, time 241.53ms, mfu 2.86%
iter 1235: loss 2.3368, time 259.28ms, mfu 2.85%
iter 1236: loss 2.4110, time 208.93ms, mfu 2.90%
iter 1237: loss 2.3840, time 264.11ms, mfu 2.88%
iter 1238: loss 2.4255, time 245.58ms, mfu 2.88%
iter 1239: loss 2.3127, time 238.23ms, mfu 2.89%
iter 1240: loss 2.4020, time 231.90ms, mfu 2.90%
iter 1241: loss 2.3806, time 259.30ms, mfu 2.89%
iter 1242: loss 2.5131, time 252.55ms, mfu 2.88%
iter 1243: loss 2.4732, time 265.09ms, mfu 2.85%
iter 1244: loss 2.4813, time 230.13ms, mfu 2.88%
iter 1245: loss 2.3479, time 259.55ms, mfu 2.86%
iter 1246: loss 2.4584, time 198.88ms, mfu 2.93%
iter 1247: loss 2.3433, time 244.68ms, mfu 2.92%
iter 1248: loss 2.3849, time 278.52ms, mfu 2.89%
iter 1249: loss 2.3940, time 202.24ms, mfu 2.95%
iter 1250: loss 2.3195, time 236.81ms, mfu 2.95%
iter 1251: loss 2.4420, time 269.22ms, mfu 2.92%
iter 1252: loss 2.3215, time 199.69ms, mfu 2.98%
iter 1253: loss 2.3445, time 237.34ms, mfu 2.98%
iter 1254: loss 2.3490, time 251.06ms, mfu 2.96%
iter 1255: loss 2.4132, time 252.53ms, mfu 2.94%
iter 1256: loss 2.4617, time 235.22ms, mfu 2.95%
iter 1257: loss 2.4608, time 237.97ms, mfu 2.95%
iter 1258: loss 2.3550, time 277.86ms, mfu 2.91%
iter 1259: loss 2.3274, time 243.32ms, mfu 2.91%
iter 1260: loss 2.4647, time 243.70ms, mfu 2.91%
iter 1261: loss 2.4972, time 242.53ms, mfu 2.91%
iter 1262: loss 2.3731, time 266.02ms, mfu 2.88%
iter 1263: loss 2.3719, time 252.90ms, mfu 2.87%
iter 1264: loss 2.4021, time 235.47ms, mfu 2.89%
iter 1265: loss 2.4127, time 245.66ms, mfu 2.88%
iter 1266: loss 2.5006, time 265.70ms, mfu 2.86%
iter 1267: loss 2.3792, time 240.95ms, mfu 2.87%
iter 1268: loss 2.3302, time 234.89ms, mfu 2.88%
iter 1269: loss 2.4142, time 282.72ms, mfu 2.84%
iter 1270: loss 2.4870, time 195.53ms, mfu 2.92%
iter 1271: loss 2.4395, time 242.65ms, mfu 2.92%
iter 1272: loss 2.3767, time 235.82ms, mfu 2.93%
srun: Job step aborted: Waiting up to 32 seconds for job step to finish.
slurmstepd: error: *** JOB 78246 ON turpancomp5 CANCELLED AT 2026-02-25T21:44:23 ***
W0225 21:44:23.761000 1818280 torch/distributed/elastic/agent/server/api.py:704] Received Signals.SIGTERM death signal, shutting down workers
W0225 21:44:23.761000 1818280 torch/distributed/elastic/multiprocessing/api.py:890] Sending process 1818349 closing signal SIGTERM
W0225 21:44:23.761000 1818280 torch/distributed/elastic/multiprocessing/api.py:890] Sending process 1818350 closing signal SIGTERM
slurmstepd: error: *** STEP 78246.0 ON turpancomp5 CANCELLED AT 2026-02-25T21:44:23 ***
W0225 21:44:23.762000 179692 torch/distributed/elastic/agent/server/api.py:704] Received Signals.SIGTERM death signal, shutting down workers
W0225 21:44:23.763000 179692 torch/distributed/elastic/multiprocessing/api.py:890] Sending process 179761 closing signal SIGTERM
W0225 21:44:23.763000 179692 torch/distributed/elastic/multiprocessing/api.py:890] Sending process 179762 closing signal SIGTERM
