Loading gnu/11.2.0
  Loading requirement: binutils/11.2.0
==========================================
NumberEncoder v10 Training (1B range)
  Max steps:   2000000
  Seed:        42
  Node:        turpancomp0
  GPU:         NVIDIA A100 80GB PCIe
NVIDIA A100 80GB PCIe
==========================================
Error in cpuinfo: prctl(PR_SVE_GET_VL) failed
Log: logs/run_v10_20260307_171532.log
Seed: 42  |  Max steps: 2,000,000  |  Device: cuda
Scale dims: 16  |  Residue periods: [2, 5, 10, 100, 1000, 10000, 100000, 1000000, 10000000, 100000000, 1000000000]
GPU: NVIDIA A100 80GB PCIe

======================================================================
NUMBER EMBEDDING v10 — HIGH-FIDELITY MATH-AWARE ENCODER (1B)
======================================================================

Architecture:  68 raw → 128d embedding
  Lane 1 (Scale):    16 dims — x * weight, additive
  Lane 2 (Residue):  22 dims — sin/cos at 11 periods (float64), periods=[2, 5, 10, 100, 1000, 10000, 100000, 1000000, 10000000, 100000000, 1000000000]
  Lane 3 (Semantic): 90 dims — Fourier(66d, log-space) + LogMag + Sign → proj → scale
  Encoder params:    6,246
  Decoder params:    99,586
  Probe params:      136,203 (discarded after pretraining)
  Total params:      242,035
  Device:            cuda

Before training:
           0.0 → scale=    0.000  residue=3.317  semantic=  3.503
           0.0 → scale=    0.000  residue=3.317  semantic=  3.504
           0.1 → scale=    0.001  residue=3.317  semantic=  3.335
           1.0 → scale=    0.013  residue=3.317  semantic=  4.223
           3.1 → scale=    0.040  residue=3.317  semantic=  4.795
         -42.0 → scale=    0.541  residue=3.317  semantic=  4.986
         100.0 → scale=    1.289  residue=3.317  semantic=  5.642
        1000.0 → scale=   12.890  residue=3.317  semantic=  6.643
      100000.0 → scale= 1288.963  residue=3.317  semantic=  9.573
     1000000.0 → scale=12889.626  residue=3.317  semantic= 10.514
   100000000.0 → scale=1288962.625  residue=3.317  semantic= 13.766
  1000000000.0 → scale=12889627.000  residue=3.317  semantic= 15.811
       -1234.5 → scale=   15.912  residue=3.317  semantic=  5.817
  -1000000000.0 → scale=12889627.000  residue=3.317  semantic= 15.106

Training (2,000,000 steps, batch 512)...
  Step   20000/2000000 | Loss: 113.848945 [P1:core] | lr: 5.00e-04 | scale_w: [-4.25e-03, 2.08e-03]
    Lane norms (1, 1K, 1M, 1B): scale=[0.01,7.33,7328.61,7328607.00] residue=[3.32,3.32,3.32,3.32] semantic=[5.71,9.57,14.51,27.27]
  Step   40000/2000000 | Loss: 83.309079 [P1:core] | lr: 5.00e-04 | scale_w: [-2.60e-04, 2.61e-04]
    Lane norms (1, 1K, 1M, 1B): scale=[0.00,0.60,602.28,602275.75] residue=[3.32,3.32,3.32,3.32] semantic=[7.50,9.35,12.28,27.13]
  Step   60000/2000000 | Loss: 108.370791 [P1:core] | lr: 4.99e-04 | scale_w: [-1.10e-03, 1.54e-03]
    Lane norms (1, 1K, 1M, 1B): scale=[0.00,2.45,2453.09,2453093.25] residue=[3.32,3.32,3.32,3.32] semantic=[13.27,13.53,16.52,34.13]
  Step   80000/2000000 | Loss: 133.280773 [P1:core] | lr: 4.98e-04 | scale_w: [-6.57e-04, 3.92e-04]
    Lane norms (1, 1K, 1M, 1B): scale=[0.00,1.08,1081.17,1081174.88] residue=[3.32,3.32,3.32,3.32] semantic=[19.86,18.90,21.91,37.01]
  Step  100000/2000000 | Loss: 124.262660 [P1:core] | lr: 4.97e-04 | scale_w: [-1.17e-03, 6.58e-04]
    Lane norms (1, 1K, 1M, 1B): scale=[0.00,2.22,2224.17,2224166.50] residue=[3.32,3.32,3.32,3.32] semantic=[24.35,24.44,26.90,39.69]
  Step  120000/2000000 | Loss: 119.083670 [P1:core] | lr: 4.96e-04 | scale_w: [-4.04e-04, 1.16e-03]
    Lane norms (1, 1K, 1M, 1B): scale=[0.00,1.48,1479.77,1479769.62] residue=[3.32,3.32,3.32,3.32] semantic=[29.56,30.87,33.99,43.93]
  Step  140000/2000000 | Loss: 111.003794 [P1:core] | lr: 4.94e-04 | scale_w: [-4.73e-04, 3.93e-04]
    Lane norms (1, 1K, 1M, 1B): scale=[0.00,0.98,976.51,976509.25] residue=[3.32,3.32,3.32,3.32] semantic=[33.61,35.18,37.93,48.15]
  Step  160000/2000000 | Loss: 103.919006 [P1:core] | lr: 4.93e-04 | scale_w: [-3.98e-04, 6.54e-04]
    Lane norms (1, 1K, 1M, 1B): scale=[0.00,1.44,1442.22,1442216.88] residue=[3.32,3.32,3.32,3.32] semantic=[38.25,36.91,40.26,50.96]
  Step  180000/2000000 | Loss: 104.336136 [P1:core] | lr: 4.91e-04 | scale_w: [-2.82e-04, 1.32e-04]
    Lane norms (1, 1K, 1M, 1B): scale=[0.00,0.39,394.82,394819.31] residue=[3.32,3.32,3.32,3.32] semantic=[39.67,39.44,41.70,51.49]
  Step  200000/2000000 | Loss: 107.189339 [P2:obj] | lr: 4.88e-04 | scale_w: [-7.79e-04, 7.75e-04]
    Lane norms (1, 1K, 1M, 1B): scale=[0.00,1.52,1522.40,1522401.50] residue=[3.32,3.32,3.32,3.32] semantic=[45.47,41.28,39.37,52.27]
  Step  220000/2000000 | Loss: 66.137961 [P2:obj] | lr: 4.86e-04 | scale_w: [-3.51e-04, 1.71e-04]
    Lane norms (1, 1K, 1M, 1B): scale=[0.00,0.49,485.22,485219.38] residue=[3.32,3.32,3.32,3.32] semantic=[41.68,42.94,40.50,56.20]
  Step  240000/2000000 | Loss: 43.122558 [P2:obj] | lr: 4.83e-04 | scale_w: [-3.35e-04, 3.24e-04]
    Lane norms (1, 1K, 1M, 1B): scale=[0.00,0.76,759.34,759339.81] residue=[3.32,3.32,3.32,3.32] semantic=[42.98,45.58,39.93,70.23]
  Step  260000/2000000 | Loss: 35.134417 [P2:obj] | lr: 4.80e-04 | scale_w: [-3.19e-04, 5.28e-04]
    Lane norms (1, 1K, 1M, 1B): scale=[0.00,0.82,816.21,816206.12] residue=[3.32,3.32,3.32,3.32] semantic=[44.87,47.17,39.64,80.77]
  Step  280000/2000000 | Loss: 28.128792 [P2:obj] | lr: 4.77e-04 | scale_w: [-4.13e-04, 2.14e-04]
    Lane norms (1, 1K, 1M, 1B): scale=[0.00,0.66,664.09,664085.25] residue=[3.32,3.32,3.32,3.32] semantic=[47.05,48.43,39.81,88.04]
  Step  300000/2000000 | Loss: 27.514064 [P2:obj] | lr: 4.74e-04 | scale_w: [-8.66e-04, 1.81e-04]
    Lane norms (1, 1K, 1M, 1B): scale=[0.00,0.99,985.22,985219.25] residue=[3.32,3.32,3.32,3.32] semantic=[49.31,49.93,39.64,95.07]
  Step  320000/2000000 | Loss: 22.540458 [P2:obj] | lr: 4.70e-04 | scale_w: [-2.79e-04, 2.88e-04]
    Lane norms (1, 1K, 1M, 1B): scale=[0.00,0.49,490.88,490881.06] residue=[3.32,3.32,3.32,3.32] semantic=[51.14,51.93,40.59,103.86]
  Step  340000/2000000 | Loss: 22.879717 [P2:obj] | lr: 4.66e-04 | scale_w: [-3.11e-04, 1.58e-04]
    Lane norms (1, 1K, 1M, 1B): scale=[0.00,0.53,531.60,531596.06] residue=[3.32,3.32,3.32,3.32] semantic=[53.13,54.10,41.20,113.57]
  Step  360000/2000000 | Loss: 22.363742 [P2:obj] | lr: 4.62e-04 | scale_w: [-4.50e-04, 3.65e-04]
    Lane norms (1, 1K, 1M, 1B): scale=[0.00,1.01,1008.54,1008538.25] residue=[3.32,3.32,3.32,3.32] semantic=[55.13,56.26,42.21,123.64]
  Step  380000/2000000 | Loss: 23.488724 [P2:obj] | lr: 4.58e-04 | scale_w: [-3.86e-04, 3.09e-04]
    Lane norms (1, 1K, 1M, 1B): scale=[0.00,0.64,642.36,642355.69] residue=[3.32,3.32,3.32,3.32] semantic=[55.14,58.06,43.16,131.57]
  Step  400000/2000000 | Loss: 21.826079 [P3:digit] | lr: 4.53e-04 | scale_w: [-4.90e-04, 6.11e-04]
    Lane norms (1, 1K, 1M, 1B): scale=[0.00,1.00,1000.17,1000169.25] residue=[3.32,3.32,3.32,3.32] semantic=[56.78,59.82,44.06,141.28]
  Step  420000/2000000 | Loss: 21.158998 [P3:digit] | lr: 4.48e-04 | scale_w: [-3.94e-04, 7.68e-05]
    Lane norms (1, 1K, 1M, 1B): scale=[0.00,0.46,457.17,457173.72] residue=[3.32,3.32,3.32,3.32] semantic=[57.34,61.52,44.68,147.46]
  Step  440000/2000000 | Loss: 19.059016 [P3:digit] | lr: 4.44e-04 | scale_w: [-4.68e-04, 1.52e-04]
    Lane norms (1, 1K, 1M, 1B): scale=[0.00,0.56,558.10,558102.25] residue=[3.32,3.32,3.32,3.32] semantic=[57.95,61.72,44.44,151.77]
  Step  460000/2000000 | Loss: 19.504417 [P3:digit] | lr: 4.39e-04 | scale_w: [-4.64e-04, 4.86e-04]
    Lane norms (1, 1K, 1M, 1B): scale=[0.00,1.05,1054.03,1054033.00] residue=[3.32,3.32,3.32,3.32] semantic=[58.88,62.40,44.67,156.48]
  Step  480000/2000000 | Loss: 19.853108 [P3:digit] | lr: 4.33e-04 | scale_w: [-1.54e-03, 2.75e-04]
    Lane norms (1, 1K, 1M, 1B): scale=[0.00,1.63,1630.45,1630452.12] residue=[3.32,3.32,3.32,3.32] semantic=[58.63,62.67,45.05,163.02]
  Step  500000/2000000 | Loss: 18.745805 [P3:digit] | lr: 4.28e-04 | scale_w: [-2.59e-04, 2.24e-04]
    Lane norms (1, 1K, 1M, 1B): scale=[0.00,0.59,592.60,592603.69] residue=[3.32,3.32,3.32,3.32] semantic=[58.80,62.62,45.36,166.40]
  Step  520000/2000000 | Loss: 17.945736 [P3:digit] | lr: 4.22e-04 | scale_w: [-2.27e-04, 2.40e-04]
    Lane norms (1, 1K, 1M, 1B): scale=[0.00,0.47,468.53,468534.22] residue=[3.32,3.32,3.32,3.32] semantic=[59.62,62.52,45.78,169.64]
  Step  540000/2000000 | Loss: 20.858792 [P3:digit] | lr: 4.16e-04 | scale_w: [-1.83e-03, 4.90e-04]
    Lane norms (1, 1K, 1M, 1B): scale=[0.00,2.08,2077.97,2077970.88] residue=[3.32,3.32,3.32,3.32] semantic=[60.66,63.81,47.23,177.02]
  Step  560000/2000000 | Loss: 17.697025 [P3:digit] | lr: 4.10e-04 | scale_w: [-2.10e-04, 2.30e-04]
    Lane norms (1, 1K, 1M, 1B): scale=[0.00,0.47,470.08,470083.59] residue=[3.32,3.32,3.32,3.32] semantic=[61.48,64.34,47.40,181.16]
  Step  580000/2000000 | Loss: 17.448337 [P3:digit] | lr: 4.04e-04 | scale_w: [-6.04e-04, 4.63e-04]
    Lane norms (1, 1K, 1M, 1B): scale=[0.00,1.06,1064.44,1064442.88] residue=[3.32,3.32,3.32,3.32] semantic=[62.25,64.84,48.78,186.16]
  Step  600000/2000000 | Loss: 19.251880 [P3:digit] | lr: 3.98e-04 | scale_w: [-2.95e-04, 3.31e-04]
    Lane norms (1, 1K, 1M, 1B): scale=[0.00,0.71,706.89,706886.62] residue=[3.32,3.32,3.32,3.32] semantic=[62.97,64.55,49.79,189.35]
  Step  620000/2000000 | Loss: 18.269578 [P3:digit] | lr: 3.92e-04 | scale_w: [-7.85e-04, 2.82e-04]
    Lane norms (1, 1K, 1M, 1B): scale=[0.00,1.09,1087.85,1087846.12] residue=[3.32,3.32,3.32,3.32] semantic=[63.19,65.02,51.01,191.34]
  Step  640000/2000000 | Loss: 17.938730 [P3:digit] | lr: 3.85e-04 | scale_w: [-3.07e-04, 5.71e-05]
    Lane norms (1, 1K, 1M, 1B): scale=[0.00,0.38,381.34,381335.06] residue=[3.32,3.32,3.32,3.32] semantic=[63.35,65.02,51.31,196.19]
  Step  660000/2000000 | Loss: 16.963836 [P3:digit] | lr: 3.78e-04 | scale_w: [-6.13e-04, 2.44e-04]
    Lane norms (1, 1K, 1M, 1B): scale=[0.00,0.84,836.19,836192.50] residue=[3.32,3.32,3.32,3.32] semantic=[64.29,65.98,52.31,198.13]
  Step  680000/2000000 | Loss: 16.423601 [P3:digit] | lr: 3.72e-04 | scale_w: [-8.22e-04, 6.80e-05]
    Lane norms (1, 1K, 1M, 1B): scale=[0.00,0.88,877.23,877227.19] residue=[3.32,3.32,3.32,3.32] semantic=[64.86,65.60,53.71,199.08]
  Step  700000/2000000 | Loss: 15.364419 [P3:digit] | lr: 3.65e-04 | scale_w: [-3.88e-04, 1.09e-04]
    Lane norms (1, 1K, 1M, 1B): scale=[0.00,0.61,608.79,608792.62] residue=[3.32,3.32,3.32,3.32] semantic=[64.91,65.12,53.79,200.30]
  Step  720000/2000000 | Loss: 16.623137 [P3:digit] | lr: 3.58e-04 | scale_w: [-7.16e-04, 3.53e-04]
    Lane norms (1, 1K, 1M, 1B): scale=[0.00,0.95,952.90,952901.00] residue=[3.32,3.32,3.32,3.32] semantic=[65.35,65.71,55.30,200.40]
  Step  740000/2000000 | Loss: 15.915324 [P3:digit] | lr: 3.50e-04 | scale_w: [-4.20e-04, 1.89e-04]
    Lane norms (1, 1K, 1M, 1B): scale=[0.00,0.73,727.42,727418.38] residue=[3.32,3.32,3.32,3.32] semantic=[65.23,65.78,56.32,203.00]
  Step  760000/2000000 | Loss: 16.073184 [P3:digit] | lr: 3.43e-04 | scale_w: [-2.54e-04, 3.62e-04]
    Lane norms (1, 1K, 1M, 1B): scale=[0.00,0.72,721.22,721218.00] residue=[3.32,3.32,3.32,3.32] semantic=[64.13,65.65,57.07,203.73]
  Step  780000/2000000 | Loss: 15.471549 [P3:digit] | lr: 3.36e-04 | scale_w: [-2.69e-04, 1.27e-04]
    Lane norms (1, 1K, 1M, 1B): scale=[0.00,0.36,356.66,356661.16] residue=[3.32,3.32,3.32,3.32] semantic=[64.48,66.26,57.87,203.39]
  Step  800000/2000000 | Loss: 13.954175 [P3:digit] | lr: 3.28e-04 | scale_w: [-6.86e-04, 1.41e-04]
    Lane norms (1, 1K, 1M, 1B): scale=[0.00,0.74,743.33,743334.44] residue=[3.32,3.32,3.32,3.32] semantic=[64.82,66.48,59.31,203.98]
  Step  820000/2000000 | Loss: 14.175390 [P3:digit] | lr: 3.21e-04 | scale_w: [-2.24e-04, 6.55e-05]
    Lane norms (1, 1K, 1M, 1B): scale=[0.00,0.28,279.45,279450.69] residue=[3.32,3.32,3.32,3.32] semantic=[64.36,66.88,60.22,205.03]
  Step  840000/2000000 | Loss: 13.658622 [P3:digit] | lr: 3.13e-04 | scale_w: [-2.93e-04, 4.67e-05]
    Lane norms (1, 1K, 1M, 1B): scale=[0.00,0.35,345.53,345532.94] residue=[3.32,3.32,3.32,3.32] semantic=[64.44,67.60,61.83,204.71]
  Step  860000/2000000 | Loss: 13.267208 [P3:digit] | lr: 3.06e-04 | scale_w: [-7.38e-04, 3.08e-04]
    Lane norms (1, 1K, 1M, 1B): scale=[0.00,1.47,1469.14,1469136.12] residue=[3.32,3.32,3.32,3.32] semantic=[64.69,67.57,62.11,206.24]
  Step  880000/2000000 | Loss: 13.675948 [P3:digit] | lr: 2.98e-04 | scale_w: [-3.40e-04, 2.86e-04]
    Lane norms (1, 1K, 1M, 1B): scale=[0.00,0.65,651.90,651899.94] residue=[3.32,3.32,3.32,3.32] semantic=[65.21,68.12,63.54,206.54]
  Step  900000/2000000 | Loss: 13.175851 [P3:digit] | lr: 2.90e-04 | scale_w: [-3.65e-04, 9.77e-05]
    Lane norms (1, 1K, 1M, 1B): scale=[0.00,0.74,735.86,735856.06] residue=[3.32,3.32,3.32,3.32] semantic=[64.86,68.08,64.04,204.56]
  Step  920000/2000000 | Loss: 14.115689 [P3:digit] | lr: 2.82e-04 | scale_w: [-3.62e-04, 1.80e-04]
    Lane norms (1, 1K, 1M, 1B): scale=[0.00,0.46,455.78,455782.03] residue=[3.32,3.32,3.32,3.32] semantic=[64.92,67.64,65.18,204.44]
  Step  940000/2000000 | Loss: 10.986012 [P3:digit] | lr: 2.75e-04 | scale_w: [-3.30e-04, 1.86e-04]
    Lane norms (1, 1K, 1M, 1B): scale=[0.00,0.47,465.70,465703.78] residue=[3.32,3.32,3.32,3.32] semantic=[65.26,67.34,65.84,204.01]
  Step  960000/2000000 | Loss: 11.927309 [P3:digit] | lr: 2.67e-04 | scale_w: [-3.25e-04, 2.27e-04]
    Lane norms (1, 1K, 1M, 1B): scale=[0.00,0.50,499.99,499988.50] residue=[3.32,3.32,3.32,3.32] semantic=[65.37,66.94,66.89,205.99]
  Step  980000/2000000 | Loss: 10.942314 [P3:digit] | lr: 2.59e-04 | scale_w: [-2.72e-04, 2.34e-05]
    Lane norms (1, 1K, 1M, 1B): scale=[0.00,0.28,277.81,277809.53] residue=[3.32,3.32,3.32,3.32] semantic=[65.54,66.56,68.24,204.76]
  Step 1000000/2000000 | Loss: 10.591049 [P4:rel] | lr: 2.51e-04 | scale_w: [-2.66e-04, 1.06e-04]
    Lane norms (1, 1K, 1M, 1B): scale=[0.00,0.39,388.30,388300.50] residue=[3.32,3.32,3.32,3.32] semantic=[66.39,65.75,69.03,203.59]
  Step 1020000/2000000 | Loss: 290.069514 [P4:rel] | lr: 2.43e-04 | scale_w: [-3.21e-04, 2.01e-04]
    Lane norms (1, 1K, 1M, 1B): scale=[0.00,0.48,479.35,479351.19] residue=[3.32,3.32,3.32,3.32] semantic=[67.84,63.74,72.17,200.66]
  Step 1040000/2000000 | Loss: 643.655403 [P4:rel] | lr: 2.35e-04 | scale_w: [-2.65e-04, 3.36e-04]
    Lane norms (1, 1K, 1M, 1B): scale=[0.00,0.64,636.93,636927.94] residue=[3.32,3.32,3.32,3.32] semantic=[68.86,62.49,80.30,198.42]
  Step 1060000/2000000 | Loss: 430.569764 [P4:rel] | lr: 2.27e-04 | scale_w: [-3.30e-04, 8.58e-05]
    Lane norms (1, 1K, 1M, 1B): scale=[0.00,0.43,426.60,426595.28] residue=[3.32,3.32,3.32,3.32] semantic=[69.57,63.72,79.26,199.47]
  Step 1080000/2000000 | Loss: 458.425558 [P4:rel] | lr: 2.20e-04 | scale_w: [-2.03e-04, 1.17e-04]
    Lane norms (1, 1K, 1M, 1B): scale=[0.00,0.26,263.74,263742.53] residue=[3.32,3.32,3.32,3.32] semantic=[70.89,65.49,78.41,203.34]
  Step 1100000/2000000 | Loss: 501.087579 [P4:rel] | lr: 2.12e-04 | scale_w: [-8.86e-04, 8.49e-05]
    Lane norms (1, 1K, 1M, 1B): scale=[0.00,0.92,915.76,915755.38] residue=[3.32,3.32,3.32,3.32] semantic=[72.79,66.18,79.50,205.91]
  Step 1120000/2000000 | Loss: 621.389089 [P4:rel] | lr: 2.04e-04 | scale_w: [-1.80e-04, 9.26e-05]
    Lane norms (1, 1K, 1M, 1B): scale=[0.00,0.25,246.63,246631.28] residue=[3.32,3.32,3.32,3.32] semantic=[73.94,66.93,80.66,209.96]
slurmstepd: error: *** JOB 79196 ON turpancomp0 CANCELLED AT 2026-03-07T22:23:00 ***
