Log: logs/run_v10_20260308_120851.log
Seed: 42  |  Max steps: 2,000,000  |  Device: cuda
Scale dims: 16  |  Residue periods: [2, 5, 10, 100, 1000, 10000, 100000, 1000000, 10000000, 100000000, 1000000000]
GPU: NVIDIA A100 80GB PCIe

======================================================================
NUMBER EMBEDDING v10 — HIGH-FIDELITY MATH-AWARE ENCODER (1B)
======================================================================

Architecture:  68 raw → 128d embedding
  Lane 1 (Scale):    16 dims — x * weight, additive
  Lane 2 (Residue):  22 dims — sin/cos at 11 periods (float64), periods=[2, 5, 10, 100, 1000, 10000, 100000, 1000000, 10000000, 100000000, 1000000000]
  Lane 3 (Semantic): 90 dims — Fourier(66d, log-space) + LogMag + Sign → proj → scale
  Encoder params:    6,246
  Decoder params:    99,586
  Probe params:      136,203 (discarded after pretraining)
  Total params:      242,035
  Device:            cuda

Before training:
           0.0 → scale=    0.000  residue=3.317  semantic=  3.503
           0.0 → scale=    0.000  residue=3.317  semantic=  3.504
           0.1 → scale=    0.001  residue=3.317  semantic=  3.335
           1.0 → scale=    0.013  residue=3.317  semantic=  4.223
           3.1 → scale=    0.040  residue=3.317  semantic=  4.795
         -42.0 → scale=    0.541  residue=3.317  semantic=  4.986
         100.0 → scale=    1.289  residue=3.317  semantic=  5.642
        1000.0 → scale=   12.890  residue=3.317  semantic=  6.643
      100000.0 → scale= 1288.963  residue=3.317  semantic=  9.573
     1000000.0 → scale=12889.626  residue=3.317  semantic= 10.514
   100000000.0 → scale=1288962.625  residue=3.317  semantic= 13.766
  1000000000.0 → scale=12889627.000  residue=3.317  semantic= 15.811
       -1234.5 → scale=   15.912  residue=3.317  semantic=  5.817
  -1000000000.0 → scale=12889627.000  residue=3.317  semantic= 15.106

Training (2,000,000 steps, batch 1024)...
  Step   20000/2000000 | Loss: 128.211030 [P1:core] | lr: 5.00e-04 | scale_w: [-7.08e-04, 7.14e-04]
    Lane norms (1, 1K, 1M, 1B): scale=[0.00,1.49,1488.07,1488073.75] residue=[3.32,3.32,3.32,3.32] semantic=[5.09,9.33,15.43,25.87]
  Step   40000/2000000 | Loss: 75.059641 [P1:core] | lr: 5.00e-04 | scale_w: [-6.65e-04, 5.99e-04]
    Lane norms (1, 1K, 1M, 1B): scale=[0.00,1.35,1347.31,1347313.75] residue=[3.32,3.32,3.32,3.32] semantic=[6.12,9.50,13.85,29.77]
  Step   60000/2000000 | Loss: 90.597775 [P1:core] | lr: 4.99e-04 | scale_w: [-8.45e-04, 1.22e-03]
    Lane norms (1, 1K, 1M, 1B): scale=[0.00,2.27,2265.69,2265694.75] residue=[3.32,3.32,3.32,3.32] semantic=[6.60,10.77,14.43,32.96]
  Step   80000/2000000 | Loss: 113.999416 [P1:core] | lr: 4.98e-04 | scale_w: [-3.19e-04, 2.67e-04]
    Lane norms (1, 1K, 1M, 1B): scale=[0.00,0.60,600.81,600807.88] residue=[3.32,3.32,3.32,3.32] semantic=[12.11,16.87,19.52,37.57]
  Step  100000/2000000 | Loss: 123.960086 [P1:core] | lr: 4.97e-04 | scale_w: [-7.64e-04, 5.28e-04]
    Lane norms (1, 1K, 1M, 1B): scale=[0.00,1.27,1268.10,1268100.00] residue=[3.32,3.32,3.32,3.32] semantic=[18.60,23.12,26.70,43.15]
  Step  120000/2000000 | Loss: 115.629304 [P1:core] | lr: 4.96e-04 | scale_w: [-8.54e-04, 7.75e-04]
    Lane norms (1, 1K, 1M, 1B): scale=[0.00,1.49,1487.84,1487843.50] residue=[3.32,3.32,3.32,3.32] semantic=[24.62,29.58,32.44,45.95]
  Step  140000/2000000 | Loss: 105.897464 [P1:core] | lr: 4.94e-04 | scale_w: [-4.26e-04, 7.31e-04]
    Lane norms (1, 1K, 1M, 1B): scale=[0.00,1.07,1069.50,1069503.50] residue=[3.32,3.32,3.32,3.32] semantic=[28.89,34.55,37.31,49.49]
  Step  160000/2000000 | Loss: 96.198472 [P1:core] | lr: 4.93e-04 | scale_w: [-5.15e-04, 3.12e-04]
    Lane norms (1, 1K, 1M, 1B): scale=[0.00,0.83,828.85,828854.12] residue=[3.32,3.32,3.32,3.32] semantic=[34.62,40.21,41.50,53.38]
  Step  180000/2000000 | Loss: 96.288681 [P1:core] | lr: 4.91e-04 | scale_w: [-8.42e-04, 7.88e-04]
    Lane norms (1, 1K, 1M, 1B): scale=[0.00,2.09,2090.28,2090277.00] residue=[3.32,3.32,3.32,3.32] semantic=[39.28,43.86,43.95,54.12]
  ** Phase checkpoint saved: /tmpdir/m24047brmn/numbers/checkpoints/np_emb_v10_P1_core_200k_model.pt
  Step  200000/2000000 | Loss: 92.606675 [P2:obj] | lr: 4.88e-04 | scale_w: [-4.19e-04, 2.12e-04]
    Lane norms (1, 1K, 1M, 1B): scale=[0.00,0.50,497.49,497487.22] residue=[3.32,3.32,3.32,3.32] semantic=[45.83,46.16,43.70,60.30]
  Step  220000/2000000 | Loss: 63.575677 [P2:obj] | lr: 4.86e-04 | scale_w: [-7.56e-05, 2.11e-04]
    Lane norms (1, 1K, 1M, 1B): scale=[0.00,0.35,349.94,349938.75] residue=[3.32,3.32,3.32,3.32] semantic=[45.16,45.10,43.60,65.82]
  Step  240000/2000000 | Loss: 44.623390 [P2:obj] | lr: 4.83e-04 | scale_w: [-3.53e-04, 1.64e-04]
    Lane norms (1, 1K, 1M, 1B): scale=[0.00,0.49,493.01,493007.62] residue=[3.32,3.32,3.32,3.32] semantic=[45.43,45.58,44.45,75.74]
  Step  260000/2000000 | Loss: 33.359048 [P2:obj] | lr: 4.80e-04 | scale_w: [-7.12e-04, 1.70e-04]
    Lane norms (1, 1K, 1M, 1B): scale=[0.00,0.83,831.60,831595.81] residue=[3.32,3.32,3.32,3.32] semantic=[46.76,46.14,43.79,83.75]
  Step  280000/2000000 | Loss: 27.887974 [P2:obj] | lr: 4.77e-04 | scale_w: [-5.60e-04, 3.38e-04]
    Lane norms (1, 1K, 1M, 1B): scale=[0.00,0.79,793.69,793691.56] residue=[3.32,3.32,3.32,3.32] semantic=[47.56,46.39,43.53,90.86]
  Step  300000/2000000 | Loss: 25.605646 [P2:obj] | lr: 4.74e-04 | scale_w: [-5.78e-04, 4.47e-04]
    Lane norms (1, 1K, 1M, 1B): scale=[0.00,0.93,930.70,930703.19] residue=[3.32,3.32,3.32,3.32] semantic=[48.73,46.76,43.05,99.32]
  Step  320000/2000000 | Loss: 24.210039 [P2:obj] | lr: 4.70e-04 | scale_w: [-4.40e-04, 3.34e-04]
    Lane norms (1, 1K, 1M, 1B): scale=[0.00,0.73,727.19,727188.94] residue=[3.32,3.32,3.32,3.32] semantic=[50.55,47.20,43.38,107.33]
  Step  340000/2000000 | Loss: 22.859925 [P2:obj] | lr: 4.66e-04 | scale_w: [-8.42e-04, 1.11e-04]
    Lane norms (1, 1K, 1M, 1B): scale=[0.00,0.90,900.51,900512.62] residue=[3.32,3.32,3.32,3.32] semantic=[51.87,47.37,43.41,113.99]
  Step  360000/2000000 | Loss: 20.974872 [P2:obj] | lr: 4.62e-04 | scale_w: [-3.60e-04, 1.67e-04]
    Lane norms (1, 1K, 1M, 1B): scale=[0.00,0.50,504.53,504531.72] residue=[3.32,3.32,3.32,3.32] semantic=[52.57,47.63,43.58,119.50]
  Step  380000/2000000 | Loss: 21.376675 [P2:obj] | lr: 4.58e-04 | scale_w: [-2.67e-04, 2.20e-04]
    Lane norms (1, 1K, 1M, 1B): scale=[0.00,0.51,511.34,511337.50] residue=[3.32,3.32,3.32,3.32] semantic=[52.51,47.66,44.61,125.02]
  Step  400000/2000000 | Loss: 20.743999 [P3:digit] | lr: 4.53e-04 | scale_w: [-3.71e-04, 1.63e-04]
    Lane norms (1, 1K, 1M, 1B): scale=[0.00,0.51,513.74,513735.84] residue=[3.32,3.32,3.32,3.32] semantic=[52.51,47.68,44.03,129.38]
  Step  420000/2000000 | Loss: 21.666811 [P3:digit] | lr: 4.48e-04 | scale_w: [-3.65e-04, 2.97e-04]
    Lane norms (1, 1K, 1M, 1B): scale=[0.00,0.71,706.22,706224.50] residue=[3.32,3.32,3.32,3.32] semantic=[51.77,47.43,43.98,133.85]
  Step  440000/2000000 | Loss: 21.483375 [P3:digit] | lr: 4.44e-04 | scale_w: [-1.42e-03, 2.61e-04]
    Lane norms (1, 1K, 1M, 1B): scale=[0.00,1.73,1728.00,1727998.50] residue=[3.32,3.32,3.32,3.32] semantic=[50.90,47.01,43.82,135.89]
  Step  460000/2000000 | Loss: 20.229915 [P3:digit] | lr: 4.39e-04 | scale_w: [-3.96e-04, 4.36e-04]
    Lane norms (1, 1K, 1M, 1B): scale=[0.00,0.92,916.34,916341.69] residue=[3.32,3.32,3.32,3.32] semantic=[51.19,46.91,44.43,140.35]
  Step  480000/2000000 | Loss: 18.492359 [P3:digit] | lr: 4.33e-04 | scale_w: [-7.06e-04, 2.37e-04]
    Lane norms (1, 1K, 1M, 1B): scale=[0.00,0.91,909.26,909262.44] residue=[3.32,3.32,3.32,3.32] semantic=[50.89,46.96,44.64,141.10]
  Step  500000/2000000 | Loss: 18.708531 [P3:digit] | lr: 4.28e-04 | scale_w: [-2.74e-04, 2.46e-04]
    Lane norms (1, 1K, 1M, 1B): scale=[0.00,0.58,580.86,580864.31] residue=[3.32,3.32,3.32,3.32] semantic=[50.17,46.73,44.19,143.17]
  Step  520000/2000000 | Loss: 18.702143 [P3:digit] | lr: 4.22e-04 | scale_w: [-5.35e-04, 4.54e-04]
    Lane norms (1, 1K, 1M, 1B): scale=[0.00,0.89,887.06,887061.31] residue=[3.32,3.32,3.32,3.32] semantic=[49.63,46.67,44.96,144.67]
  Step  540000/2000000 | Loss: 19.318016 [P3:digit] | lr: 4.16e-04 | scale_w: [-7.01e-04, 2.66e-04]
    Lane norms (1, 1K, 1M, 1B): scale=[0.00,1.26,1260.61,1260610.38] residue=[3.32,3.32,3.32,3.32] semantic=[49.36,46.45,45.50,146.08]
  Step  560000/2000000 | Loss: 20.168691 [P3:digit] | lr: 4.10e-04 | scale_w: [-5.03e-04, 2.10e-04]
    Lane norms (1, 1K, 1M, 1B): scale=[0.00,0.62,624.87,624873.50] residue=[3.32,3.32,3.32,3.32] semantic=[49.58,46.48,45.34,148.37]
  Step  580000/2000000 | Loss: 17.889681 [P3:digit] | lr: 4.04e-04 | scale_w: [-3.87e-04, 7.58e-05]
    Lane norms (1, 1K, 1M, 1B): scale=[0.00,0.43,426.90,426899.19] residue=[3.32,3.32,3.32,3.32] semantic=[48.83,46.75,46.13,147.33]
  ** Phase checkpoint saved: /tmpdir/m24047brmn/numbers/checkpoints/np_emb_v10_P2_obj_600k_model.pt
  Step  600000/2000000 | Loss: 19.189839 [P3:digit] | lr: 3.98e-04 | scale_w: [-5.53e-04, 1.80e-04]
    Lane norms (1, 1K, 1M, 1B): scale=[0.00,0.64,641.18,641180.00] residue=[3.32,3.32,3.32,3.32] semantic=[49.50,46.86,46.36,149.13]
  Step  620000/2000000 | Loss: 17.911805 [P3:digit] | lr: 3.92e-04 | scale_w: [-1.89e-04, 2.68e-04]
    Lane norms (1, 1K, 1M, 1B): scale=[0.00,0.50,495.28,495277.16] residue=[3.32,3.32,3.32,3.32] semantic=[49.72,46.82,46.46,148.41]
  Step  640000/2000000 | Loss: 16.533717 [P3:digit] | lr: 3.85e-04 | scale_w: [-5.13e-04, 1.67e-04]
    Lane norms (1, 1K, 1M, 1B): scale=[0.00,0.64,638.69,638690.44] residue=[3.32,3.32,3.32,3.32] semantic=[50.48,47.44,47.08,151.19]
  Step  660000/2000000 | Loss: 18.998245 [P3:digit] | lr: 3.78e-04 | scale_w: [-2.98e-04, 1.11e-04]
    Lane norms (1, 1K, 1M, 1B): scale=[0.00,0.40,395.04,395037.38] residue=[3.32,3.32,3.32,3.32] semantic=[50.38,47.68,47.12,152.39]
  Step  680000/2000000 | Loss: 16.418150 [P3:digit] | lr: 3.72e-04 | scale_w: [-5.95e-04, 1.39e-04]
    Lane norms (1, 1K, 1M, 1B): scale=[0.00,0.69,685.34,685341.75] residue=[3.32,3.32,3.32,3.32] semantic=[49.44,47.57,47.64,153.37]
  Step  700000/2000000 | Loss: 16.271012 [P3:digit] | lr: 3.65e-04 | scale_w: [-2.15e-04, 2.52e-04]
    Lane norms (1, 1K, 1M, 1B): scale=[0.00,0.56,564.87,564872.94] residue=[3.32,3.32,3.32,3.32] semantic=[48.74,48.19,48.91,152.84]
  Step  720000/2000000 | Loss: 15.254681 [P3:digit] | lr: 3.58e-04 | scale_w: [-2.06e-04, 1.81e-04]
    Lane norms (1, 1K, 1M, 1B): scale=[0.00,0.35,345.68,345683.06] residue=[3.32,3.32,3.32,3.32] semantic=[48.56,48.49,49.22,154.67]
  Step  740000/2000000 | Loss: 16.668752 [P3:digit] | lr: 3.50e-04 | scale_w: [-2.86e-04, 1.35e-04]
    Lane norms (1, 1K, 1M, 1B): scale=[0.00,0.39,385.11,385114.19] residue=[3.32,3.32,3.32,3.32] semantic=[48.08,48.84,49.39,155.10]
  Step  760000/2000000 | Loss: 13.979133 [P3:digit] | lr: 3.43e-04 | scale_w: [-2.48e-04, 2.42e-04]
    Lane norms (1, 1K, 1M, 1B): scale=[0.00,0.42,415.80,415799.06] residue=[3.32,3.32,3.32,3.32] semantic=[48.35,49.46,49.78,155.14]
  Step  780000/2000000 | Loss: 14.661978 [P3:digit] | lr: 3.36e-04 | scale_w: [-2.82e-04, 5.96e-05]
    Lane norms (1, 1K, 1M, 1B): scale=[0.00,0.44,435.43,435427.22] residue=[3.32,3.32,3.32,3.32] semantic=[47.92,49.72,50.07,154.37]
  ** Phase checkpoint saved: /tmpdir/m24047brmn/numbers/checkpoints/np_emb_v10_P3_digit_800k_model.pt
  Step  800000/2000000 | Loss: 14.391478 [P4:full] | lr: 3.28e-04 | scale_w: [-2.99e-04, 1.71e-04]
    Lane norms (1, 1K, 1M, 1B): scale=[0.00,0.55,548.26,548255.25] residue=[3.32,3.32,3.32,3.32] semantic=[47.84,50.19,50.07,153.64]
  Step  820000/2000000 | Loss: 14.425540 [P4:full] | lr: 3.21e-04 | scale_w: [-2.53e-04, 1.44e-04]
    Lane norms (1, 1K, 1M, 1B): scale=[0.00,0.55,554.89,554888.81] residue=[3.32,3.32,3.32,3.32] semantic=[47.92,50.46,50.60,154.94]
  Step  840000/2000000 | Loss: 13.240397 [P4:full] | lr: 3.13e-04 | scale_w: [-2.75e-04, 4.51e-05]
    Lane norms (1, 1K, 1M, 1B): scale=[0.00,0.35,353.54,353538.66] residue=[3.32,3.32,3.32,3.32] semantic=[48.13,51.07,51.17,154.66]
  Step  860000/2000000 | Loss: 13.059617 [P4:full] | lr: 3.06e-04 | scale_w: [-2.06e-04, 5.32e-05]
    Lane norms (1, 1K, 1M, 1B): scale=[0.00,0.25,245.61,245609.23] residue=[3.32,3.32,3.32,3.32] semantic=[48.27,51.46,51.28,154.28]
  Step  880000/2000000 | Loss: 11.819256 [P4:full] | lr: 2.98e-04 | scale_w: [-1.77e-04, 2.50e-04]
    Lane norms (1, 1K, 1M, 1B): scale=[0.00,0.45,446.75,446747.12] residue=[3.32,3.32,3.32,3.32] semantic=[48.58,51.64,51.90,153.36]
  Step  900000/2000000 | Loss: 12.629846 [P4:full] | lr: 2.90e-04 | scale_w: [-6.36e-04, 1.79e-04]
    Lane norms (1, 1K, 1M, 1B): scale=[0.00,0.85,852.78,852776.00] residue=[3.32,3.32,3.32,3.32] semantic=[48.95,52.09,53.71,152.92]
  Step  920000/2000000 | Loss: 12.378337 [P4:full] | lr: 2.82e-04 | scale_w: [-5.10e-04, 2.93e-04]
    Lane norms (1, 1K, 1M, 1B): scale=[0.00,1.00,999.47,999474.81] residue=[3.32,3.32,3.32,3.32] semantic=[50.02,53.06,55.66,155.61]
  Step  940000/2000000 | Loss: 12.867456 [P4:full] | lr: 2.75e-04 | scale_w: [-3.98e-04, 4.28e-04]
    Lane norms (1, 1K, 1M, 1B): scale=[0.00,0.84,842.06,842056.81] residue=[3.32,3.32,3.32,3.32] semantic=[50.27,53.37,56.61,156.68]
  Step  960000/2000000 | Loss: 11.700658 [P4:full] | lr: 2.67e-04 | scale_w: [-5.36e-04, 2.63e-04]
    Lane norms (1, 1K, 1M, 1B): scale=[0.00,0.74,743.80,743798.94] residue=[3.32,3.32,3.32,3.32] semantic=[50.76,54.04,58.68,155.65]
  Step  980000/2000000 | Loss: 11.877650 [P4:full] | lr: 2.59e-04 | scale_w: [-2.57e-04, 7.30e-05]
    Lane norms (1, 1K, 1M, 1B): scale=[0.00,0.51,506.62,506620.34] residue=[3.32,3.32,3.32,3.32] semantic=[51.66,54.42,60.01,156.92]
  Step 1000000/2000000 | Loss: 10.187249 [P4:full] | lr: 2.51e-04 | scale_w: [-2.34e-04, 5.85e-05]
    Lane norms (1, 1K, 1M, 1B): scale=[0.00,0.28,281.00,280997.97] residue=[3.32,3.32,3.32,3.32] semantic=[52.17,55.01,62.05,155.94]
  Step 1020000/2000000 | Loss: 9.984227 [P4:full] | lr: 2.43e-04 | scale_w: [-4.27e-04, 3.04e-05]
    Lane norms (1, 1K, 1M, 1B): scale=[0.00,0.45,445.38,445375.12] residue=[3.32,3.32,3.32,3.32] semantic=[52.95,55.32,63.24,155.15]
  Step 1040000/2000000 | Loss: 9.877704 [P4:full] | lr: 2.35e-04 | scale_w: [-1.92e-04, 1.56e-04]
    Lane norms (1, 1K, 1M, 1B): scale=[0.00,0.35,353.88,353876.50] residue=[3.32,3.32,3.32,3.32] semantic=[52.97,54.44,64.06,154.72]
  Step 1060000/2000000 | Loss: 9.297288 [P4:full] | lr: 2.27e-04 | scale_w: [-2.99e-04, 8.72e-05]
    Lane norms (1, 1K, 1M, 1B): scale=[0.00,0.34,335.01,335007.84] residue=[3.32,3.32,3.32,3.32] semantic=[53.27,53.87,65.01,153.83]
  Step 1080000/2000000 | Loss: 8.778293 [P4:full] | lr: 2.20e-04 | scale_w: [-3.49e-04, 2.77e-05]
    Lane norms (1, 1K, 1M, 1B): scale=[0.00,0.38,382.37,382368.09] residue=[3.32,3.32,3.32,3.32] semantic=[54.58,53.40,65.87,152.95]
  Step 1100000/2000000 | Loss: 8.138227 [P4:full] | lr: 2.12e-04 | scale_w: [-2.82e-04, 6.37e-05]
    Lane norms (1, 1K, 1M, 1B): scale=[0.00,0.31,309.45,309450.91] residue=[3.32,3.32,3.32,3.32] semantic=[55.71,53.23,66.82,152.62]
  Step 1120000/2000000 | Loss: 8.086130 [P4:full] | lr: 2.04e-04 | scale_w: [-1.95e-04, 5.97e-05]
    Lane norms (1, 1K, 1M, 1B): scale=[0.00,0.27,267.74,267740.00] residue=[3.32,3.32,3.32,3.32] semantic=[56.52,52.97,67.27,151.83]
  Step 1140000/2000000 | Loss: 7.996399 [P4:full] | lr: 1.96e-04 | scale_w: [-3.06e-04, 1.21e-04]
    Lane norms (1, 1K, 1M, 1B): scale=[0.00,0.46,458.23,458227.25] residue=[3.32,3.32,3.32,3.32] semantic=[58.77,53.22,68.39,153.15]
  Step 1160000/2000000 | Loss: 7.046985 [P4:full] | lr: 1.89e-04 | scale_w: [-2.67e-04, 8.24e-05]
    Lane norms (1, 1K, 1M, 1B): scale=[0.00,0.33,330.83,330832.59] residue=[3.32,3.32,3.32,3.32] semantic=[59.97,53.36,68.91,151.66]
  Step 1180000/2000000 | Loss: 7.285327 [P4:full] | lr: 1.81e-04 | scale_w: [-6.48e-04, 5.22e-05]
    Lane norms (1, 1K, 1M, 1B): scale=[0.00,0.66,662.99,662986.12] residue=[3.32,3.32,3.32,3.32] semantic=[61.56,53.94,70.11,149.47]
  Step 1200000/2000000 | Loss: 6.630434 [P4:full] | lr: 1.73e-04 | scale_w: [-2.94e-04, 7.78e-05]
    Lane norms (1, 1K, 1M, 1B): scale=[0.00,0.32,315.16,315161.00] residue=[3.32,3.32,3.32,3.32] semantic=[62.44,53.95,70.80,147.78]
  Step 1220000/2000000 | Loss: 6.683643 [P4:full] | lr: 1.66e-04 | scale_w: [-1.58e-04, 9.30e-05]
    Lane norms (1, 1K, 1M, 1B): scale=[0.00,0.22,216.14,216141.69] residue=[3.32,3.32,3.32,3.32] semantic=[62.94,54.37,71.37,147.73]
  Step 1240000/2000000 | Loss: 6.742613 [P4:full] | lr: 1.59e-04 | scale_w: [-2.47e-04, 1.45e-04]
    Lane norms (1, 1K, 1M, 1B): scale=[0.00,0.43,427.01,427007.69] residue=[3.32,3.32,3.32,3.32] semantic=[63.43,54.71,72.62,145.92]
  Step 1260000/2000000 | Loss: 6.401695 [P4:full] | lr: 1.51e-04 | scale_w: [-2.42e-04, 1.29e-04]
    Lane norms (1, 1K, 1M, 1B): scale=[0.00,0.37,374.50,374502.09] residue=[3.32,3.32,3.32,3.32] semantic=[62.77,55.23,73.37,145.49]
  Step 1280000/2000000 | Loss: 6.266108 [P4:full] | lr: 1.44e-04 | scale_w: [-2.28e-04, 6.87e-05]
    Lane norms (1, 1K, 1M, 1B): scale=[0.00,0.29,294.65,294653.28] residue=[3.32,3.32,3.32,3.32] semantic=[61.16,55.62,74.02,145.98]
  Step 1300000/2000000 | Loss: 6.989782 [P4:full] | lr: 1.37e-04 | scale_w: [-7.70e-05, 5.34e-05]
    Lane norms (1, 1K, 1M, 1B): scale=[0.00,0.19,189.89,189892.80] residue=[3.32,3.32,3.32,3.32] semantic=[59.53,55.92,74.96,145.21]
  Step 1320000/2000000 | Loss: 12.393906 [P4:full] | lr: 1.30e-04 | scale_w: [-3.02e-04, 3.58e-05]
    Lane norms (1, 1K, 1M, 1B): scale=[0.00,0.34,339.95,339947.81] residue=[3.32,3.32,3.32,3.32] semantic=[59.27,55.68,75.03,147.19]
  Step 1340000/2000000 | Loss: 10.525454 [P4:full] | lr: 1.23e-04 | scale_w: [-3.36e-04, 3.13e-04]
    Lane norms (1, 1K, 1M, 1B): scale=[0.00,0.76,760.11,760113.50] residue=[3.32,3.32,3.32,3.32] semantic=[59.01,55.65,75.48,145.64]
  Step 1360000/2000000 | Loss: 9.204251 [P4:full] | lr: 1.17e-04 | scale_w: [-2.56e-04, 1.39e-04]
    Lane norms (1, 1K, 1M, 1B): scale=[0.00,0.42,421.19,421187.88] residue=[3.32,3.32,3.32,3.32] semantic=[58.82,55.78,75.95,143.69]
  Step 1380000/2000000 | Loss: 8.328668 [P4:full] | lr: 1.10e-04 | scale_w: [-1.26e-04, 6.98e-05]
    Lane norms (1, 1K, 1M, 1B): scale=[0.00,0.22,216.73,216729.81] residue=[3.32,3.32,3.32,3.32] semantic=[58.83,55.72,76.58,143.21]
  Step 1400000/2000000 | Loss: 7.949394 [P4:full] | lr: 1.04e-04 | scale_w: [-1.21e-04, 6.69e-05]
    Lane norms (1, 1K, 1M, 1B): scale=[0.00,0.19,186.80,186803.97] residue=[3.32,3.32,3.32,3.32] semantic=[58.69,55.86,77.38,141.92]
  Step 1420000/2000000 | Loss: 6.509415 [P4:full] | lr: 9.72e-05 | scale_w: [-2.38e-04, 4.91e-05]
    Lane norms (1, 1K, 1M, 1B): scale=[0.00,0.28,284.44,284441.72] residue=[3.32,3.32,3.32,3.32] semantic=[58.52,55.89,77.85,139.62]
  Step 1440000/2000000 | Loss: 6.195105 [P4:full] | lr: 9.11e-05 | scale_w: [-9.96e-05, 5.19e-05]
    Lane norms (1, 1K, 1M, 1B): scale=[0.00,0.22,223.15,223148.42] residue=[3.32,3.32,3.32,3.32] semantic=[58.38,55.75,78.38,139.82]
  Step 1460000/2000000 | Loss: 4.637909 [P4:full] | lr: 8.51e-05 | scale_w: [-1.99e-04, 3.69e-05]
    Lane norms (1, 1K, 1M, 1B): scale=[0.00,0.22,222.06,222058.61] residue=[3.32,3.32,3.32,3.32] semantic=[58.08,55.98,79.17,137.51]
  Step 1480000/2000000 | Loss: 4.141695 [P4:full] | lr: 7.92e-05 | scale_w: [-2.10e-04, 8.02e-05]
    Lane norms (1, 1K, 1M, 1B): scale=[0.00,0.24,239.10,239095.97] residue=[3.32,3.32,3.32,3.32] semantic=[57.93,56.01,79.49,136.43]
  Step 1500000/2000000 | Loss: 3.764624 [P4:full] | lr: 7.36e-05 | scale_w: [-1.56e-04, 1.74e-05]
    Lane norms (1, 1K, 1M, 1B): scale=[0.00,0.16,163.87,163871.75] residue=[3.32,3.32,3.32,3.32] semantic=[57.96,56.01,79.66,136.35]
  Step 1520000/2000000 | Loss: 3.141053 [P4:full] | lr: 6.81e-05 | scale_w: [-2.39e-04, 4.06e-06]
    Lane norms (1, 1K, 1M, 1B): scale=[0.00,0.24,239.55,239547.67] residue=[3.32,3.32,3.32,3.32] semantic=[57.93,56.10,79.81,135.78]
  Step 1540000/2000000 | Loss: 2.637307 [P4:full] | lr: 6.28e-05 | scale_w: [-1.87e-04, 3.65e-05]
    Lane norms (1, 1K, 1M, 1B): scale=[0.00,0.20,204.87,204870.42] residue=[3.32,3.32,3.32,3.32] semantic=[57.98,56.20,79.99,135.00]
  Step 1560000/2000000 | Loss: 2.126008 [P4:full] | lr: 5.76e-05 | scale_w: [-1.21e-04, 1.25e-04]
    Lane norms (1, 1K, 1M, 1B): scale=[0.00,0.25,254.38,254381.30] residue=[3.32,3.32,3.32,3.32] semantic=[58.09,56.23,80.01,134.39]
  Step 1580000/2000000 | Loss: 1.958483 [P4:full] | lr: 5.27e-05 | scale_w: [-1.94e-04, 3.00e-05]
    Lane norms (1, 1K, 1M, 1B): scale=[0.00,0.21,213.96,213959.42] residue=[3.32,3.32,3.32,3.32] semantic=[57.99,56.21,80.04,133.91]
  Step 1600000/2000000 | Loss: 1.733738 [P4:full] | lr: 4.80e-05 | scale_w: [-2.38e-04, 2.57e-05]
    Lane norms (1, 1K, 1M, 1B): scale=[0.00,0.24,244.03,244034.02] residue=[3.32,3.32,3.32,3.32] semantic=[57.83,56.15,80.13,133.63]
  Step 1620000/2000000 | Loss: 1.570832 [P4:full] | lr: 4.34e-05 | scale_w: [-2.10e-04, 1.37e-05]
    Lane norms (1, 1K, 1M, 1B): scale=[0.00,0.21,212.48,212481.14] residue=[3.32,3.32,3.32,3.32] semantic=[57.87,56.18,80.13,133.46]
  Step 1640000/2000000 | Loss: 1.368476 [P4:full] | lr: 3.91e-05 | scale_w: [-2.54e-04, 7.41e-05]
    Lane norms (1, 1K, 1M, 1B): scale=[0.00,0.29,285.45,285454.34] residue=[3.32,3.32,3.32,3.32] semantic=[57.84,56.24,80.13,133.08]
  Step 1660000/2000000 | Loss: 1.272302 [P4:full] | lr: 3.50e-05 | scale_w: [-3.09e-04, 3.77e-05]
    Lane norms (1, 1K, 1M, 1B): scale=[0.00,0.33,326.09,326093.88] residue=[3.32,3.32,3.32,3.32] semantic=[57.90,56.24,80.01,132.97]
  Step 1680000/2000000 | Loss: 1.129946 [P4:full] | lr: 3.11e-05 | scale_w: [-2.42e-04, 1.69e-05]
    Lane norms (1, 1K, 1M, 1B): scale=[0.00,0.24,242.92,242916.78] residue=[3.32,3.32,3.32,3.32] semantic=[57.83,56.25,79.88,132.75]
  Step 1700000/2000000 | Loss: 1.091657 [P4:full] | lr: 2.74e-05 | scale_w: [-2.40e-04, 7.81e-06]
    Lane norms (1, 1K, 1M, 1B): scale=[0.00,0.24,242.25,242245.84] residue=[3.32,3.32,3.32,3.32] semantic=[57.83,56.26,79.88,132.61]
  Step 1720000/2000000 | Loss: 0.990495 [P4:full] | lr: 2.39e-05 | scale_w: [-2.55e-04, 1.49e-05]
    Lane norms (1, 1K, 1M, 1B): scale=[0.00,0.26,257.32,257320.84] residue=[3.32,3.32,3.32,3.32] semantic=[57.73,56.21,79.85,132.57]
  Step 1740000/2000000 | Loss: 0.937107 [P4:full] | lr: 2.07e-05 | scale_w: [-2.20e-04, 1.53e-05]
    Lane norms (1, 1K, 1M, 1B): scale=[0.00,0.23,227.82,227819.45] residue=[3.32,3.32,3.32,3.32] semantic=[57.73,56.21,79.83,132.46]
  Step 1760000/2000000 | Loss: 0.803446 [P4:full] | lr: 1.76e-05 | scale_w: [-2.26e-04, 3.86e-05]
    Lane norms (1, 1K, 1M, 1B): scale=[0.00,0.24,237.98,237982.69] residue=[3.32,3.32,3.32,3.32] semantic=[57.73,56.19,79.79,132.35]
  Step 1780000/2000000 | Loss: 0.732109 [P4:full] | lr: 1.49e-05 | scale_w: [-2.51e-04, 1.59e-05]
    Lane norms (1, 1K, 1M, 1B): scale=[0.00,0.25,252.45,252445.67] residue=[3.32,3.32,3.32,3.32] semantic=[57.80,56.18,79.74,132.23]
  Step 1800000/2000000 | Loss: 0.659159 [P4:full] | lr: 1.23e-05 | scale_w: [-2.30e-04, 1.98e-04]
    Lane norms (1, 1K, 1M, 1B): scale=[0.00,0.38,381.43,381429.97] residue=[3.32,3.32,3.32,3.32] semantic=[57.81,56.13,79.69,132.04]
  Step 1820000/2000000 | Loss: 0.593645 [P4:full] | lr: 9.98e-06 | scale_w: [-2.47e-04, 1.90e-05]
    Lane norms (1, 1K, 1M, 1B): scale=[0.00,0.25,251.40,251396.81] residue=[3.32,3.32,3.32,3.32] semantic=[57.80,56.11,79.63,131.98]
  Step 1840000/2000000 | Loss: 0.561492 [P4:full] | lr: 7.89e-06 | scale_w: [-2.57e-04, 7.96e-05]
    Lane norms (1, 1K, 1M, 1B): scale=[0.00,0.28,284.52,284522.06] residue=[3.32,3.32,3.32,3.32] semantic=[57.80,56.14,79.62,131.82]
  Step 1860000/2000000 | Loss: 0.542127 [P4:full] | lr: 6.05e-06 | scale_w: [-2.61e-04, 4.66e-05]
    Lane norms (1, 1K, 1M, 1B): scale=[0.00,0.28,280.21,280214.53] residue=[3.32,3.32,3.32,3.32] semantic=[57.80,56.13,79.61,131.71]
  Step 1880000/2000000 | Loss: 0.526995 [P4:full] | lr: 4.45e-06 | scale_w: [-2.48e-04, 7.20e-05]
    Lane norms (1, 1K, 1M, 1B): scale=[0.00,0.31,311.72,311722.41] residue=[3.32,3.32,3.32,3.32] semantic=[57.81,56.14,79.60,131.60]
  Step 1900000/2000000 | Loss: 0.519022 [P4:full] | lr: 3.09e-06 | scale_w: [-2.41e-04, 5.02e-05]
    Lane norms (1, 1K, 1M, 1B): scale=[0.00,0.26,264.79,264791.00] residue=[3.32,3.32,3.32,3.32] semantic=[57.80,56.14,79.58,131.54]
  Step 1920000/2000000 | Loss: 0.513941 [P4:full] | lr: 1.98e-06 | scale_w: [-2.53e-04, 4.43e-05]
    Lane norms (1, 1K, 1M, 1B): scale=[0.00,0.26,264.95,264948.41] residue=[3.32,3.32,3.32,3.32] semantic=[57.80,56.15,79.58,131.51]
  Step 1940000/2000000 | Loss: 0.511583 [P4:full] | lr: 1.12e-06 | scale_w: [-2.53e-04, 2.65e-05]
    Lane norms (1, 1K, 1M, 1B): scale=[0.00,0.26,257.75,257754.38] residue=[3.32,3.32,3.32,3.32] semantic=[57.80,56.15,79.57,131.50]
  Step 1960000/2000000 | Loss: 0.509821 [P4:full] | lr: 4.96e-07 | scale_w: [-2.54e-04, 1.47e-05]
    Lane norms (1, 1K, 1M, 1B): scale=[0.00,0.26,255.20,255199.23] residue=[3.32,3.32,3.32,3.32] semantic=[57.80,56.15,79.57,131.49]
  Step 1980000/2000000 | Loss: 0.508907 [P4:full] | lr: 1.24e-07 | scale_w: [-2.54e-04, 1.06e-05]
    Lane norms (1, 1K, 1M, 1B): scale=[0.00,0.26,255.10,255099.94] residue=[3.32,3.32,3.32,3.32] semantic=[57.80,56.15,79.56,131.49]
  Step 2000000/2000000 | Loss: 0.507304 [P4:full] | lr: 0.00e+00 | scale_w: [-2.53e-04, 8.00e-06]
    Lane norms (1, 1K, 1M, 1B): scale=[0.00,0.25,254.45,254447.20] residue=[3.32,3.32,3.32,3.32] semantic=[57.80,56.15,79.56,131.49]
  Done in 35177.9s (9.8h)

After training:
           Input  →           Decoded         Error
  ──────────────     ────────────────  ────────────
             0.0  →              0.00          0.00
             0.0  →              0.00          0.00
             0.1  →              0.10          0.00
             1.0  →              1.00          0.00
             3.1  →              3.16          0.02
           -42.0  →            -42.10          0.10
           100.0  →            100.28          0.28
          1000.0  →            999.60          0.40
        100000.0  →         100312.02        312.02
       1000000.0  →         997930.94       2069.06
     100000000.0  →      100025592.00      25592.00
    1000000000.0  →     1003744256.00    3744256.00
         -1234.5  →          -1233.06          1.44
   -1000000000.0  →    -1003644736.00    3644736.00

Lane norms after training:
           0.0 → scale=    0.000  residue=3.317  semantic= 44.531
           0.0 → scale=    0.000  residue=3.317  semantic= 44.541
           0.1 → scale=    0.000  residue=3.317  semantic= 45.851
           1.0 → scale=    0.000  residue=3.317  semantic= 57.797
           3.1 → scale=    0.001  residue=3.317  semantic= 57.161
         -42.0 → scale=    0.011  residue=3.317  semantic= 60.835
         100.0 → scale=    0.025  residue=3.317  semantic= 57.235
        1000.0 → scale=    0.254  residue=3.317  semantic= 56.148
      100000.0 → scale=   25.445  residue=3.317  semantic= 88.759
     1000000.0 → scale=  254.447  residue=3.317  semantic= 79.565
   100000000.0 → scale=25444.723  residue=3.317  semantic= 53.326
  1000000000.0 → scale=254447.219  residue=3.317  semantic=131.485
       -1234.5 → scale=    0.314  residue=3.317  semantic= 63.956
  -1000000000.0 → scale=254447.219  residue=3.317  semantic=129.004

  Model saved: /tmpdir/m24047brmn/numbers/checkpoints/np_emb_v10_2000k_model.pt

----------------------------------------------------------------------
TEST 1: UNIQUENESS — Distinct numbers → distinct embeddings
----------------------------------------------------------------------
  [FAIL] Max cosine sim < 0.99
         Max cosine sim: 0.9938
  [PASS] All pairwise L2 distances > 0
         Min L2 dist: 4.989370
  [PASS] 1.0000 vs 1.0001 distinguishable
         L2 dist: 0.06412964
----------------------------------------------------------------------
TEST 2: CONTINUITY — Small perturbations → small embedding changes
----------------------------------------------------------------------
  [PASS] ε=0.1: bounded relative change
         Max Δ: 36.0030, Relative: 0.0010
  [PASS] ε=0.01: bounded relative change
         Max Δ: 36.5811, Relative: 0.0010
  [PASS] ε=0.001: bounded relative change
         Max Δ: 4.9894, Relative: 0.0001
  [PASS] Smaller ε → smaller (or comparable) embedding Δ
         Deltas: ['36.0030', '36.5811', '4.9894']
----------------------------------------------------------------------
TEST 3: REVERSIBILITY — Reconstruction accuracy (extended range)
----------------------------------------------------------------------
  [PASS] Reconstruction [Small positive]
         |err|_max: 0.00, rel_max: 0.0482
  [PASS] Reconstruction [Medium]
         |err|_max: 0.02, rel_max: 0.0057
  [PASS] Reconstruction [Large]
         |err|_max: 0.32, rel_max: 0.0032
  [PASS] Reconstruction [Very large]
         |err|_max: 2048.12, rel_max: 0.0033
  [PASS] Reconstruction [Huge]
         |err|_max: 2479136.00, rel_max: 0.0050
  [PASS] Reconstruction [Negative]
         |err|_max: 2640.88, rel_max: 0.0026
  [PASS] Reconstruction [Near zero]
         |err|_max: 0.00, rel_max: 0.0947
  [PASS] Reconstruction [Integers]
         |err|_max: 2315.50, rel_max: 0.0025

           Input  →           Decoded       Abs Err     Rel Err
  ──────────────     ────────────────  ────────────  ──────────
            0.00  →              0.00          0.00   12.0166%
            0.00  →              0.00          0.00   97.5735%
            0.01  →              0.01          0.00    4.1326%
            0.10  →              0.10          0.00    1.1820%
            1.00  →              1.00          0.00    0.1132%
            3.14  →              3.16          0.02    0.6013%
           10.00  →             10.02          0.02    0.1766%
           42.00  →             42.03          0.03    0.0830%
          100.00  →            100.36          0.36    0.3553%
         1000.00  →            999.64          0.36    0.0365%
         9999.00  →          10001.67          2.67    0.0267%
       100000.00  →         100209.42        209.42    0.2094%
      1000000.00  →         997836.75       2163.25    0.2163%
     10000000.00  →        9979629.00      20371.00    0.2037%
    100000000.00  →       99931576.00      68424.00    0.0684%
   1000000000.00  →     1000920576.00     920576.00    0.0921%
           -0.10  →             -0.10          0.00    0.8091%
           -1.00  →             -1.00          0.00    0.1486%
          -42.00  →            -42.19          0.19    0.4568%
        -1000.00  →          -1000.55          0.55    0.0553%
     -1000000.00  →        -997782.50       2217.50    0.2217%
  -1000000000.00  →    -1003656192.00    3656192.00    0.3656%

----------------------------------------------------------------------
TEST 4: EXPRESSIVENESS — Effective dimensionality & structure
----------------------------------------------------------------------
       scale: 1/16 effective dims
     residue: 22/22 effective dims
    semantic: 30/90 effective dims
  [PASS] Per-lane effective dimensionality > 40
         Total effective dims: 53/128 (scale=16, residue=22, semantic=90)
  [PASS] PC1 correlates with ordering
         Spearman ρ = 1.0000
----------------------------------------------------------------------
TEST 5: MODEL COMPATIBILITY — Standard ops & integration
----------------------------------------------------------------------
  [PASS] Batch (64,) → (64, d)
  [PASS] Single number works
  [PASS] Downstream linear layer
  [PASS] Dot-product attention
  [PASS] Deterministic
----------------------------------------------------------------------
TEST 6: LANE STRUCTURE — Scale=linear, Residue=periodic
----------------------------------------------------------------------
  [PASS] Scale lane dims scale linearly with x
         Max ratio std: 0.000000
  [PASS] Residue period-10 repeats every 10
         Max diff: 0.000000
  [PASS] Period-2 distinguishes even/odd (cos)
         Mean |cos diff|: 2.0000
  Scale weight range: [-2.53e-04, 8.00e-06]
----------------------------------------------------------------------
TEST 7: FLOAT32 STABILITY — No NaN/Inf, distinct outputs at 1e9
----------------------------------------------------------------------
  [PASS] No NaN in embeddings
  [PASS] No Inf in embeddings
  [PASS] 999999998 vs 999999999 distinguishable
         L2 dist: 2.401649
  [PASS] Residue features change at 1e9 boundary
         Max residue diff: 2.0000
----------------------------------------------------------------------
TEST 8: DISCRIMINABILITY — Nearest-neighbor accuracy
----------------------------------------------------------------------
  [FAIL] Nearest-neighbor accuracy > 0.80
         NN accuracy: 0.7028
----------------------------------------------------------------------
TEST 9: LANE INDEPENDENCE — Low correlation between lanes
----------------------------------------------------------------------
  [PASS] Scale-Residue correlation < 0.3
         Corr: 0.0837
  [FAIL] Scale-Semantic correlation < 0.3
         Corr: 0.5372
  [PASS] Residue-Semantic correlation < 0.3
         Corr: 0.0553
======================================================================
STANDARD TESTS: 30/33 PASSED, 3/33 FAILED
======================================================================

======================================================================
PROBE TESTS — Can simple functions of embeddings recover math?
======================================================================

  Probe 1: LINEAR ADDITION — W @ [e(x); e(y)] → x+y
  ------------------------------------------------------------
    [-1K,1K]: R² = 0.888316  |  MAE = 203.36
    [-1M,1M]: R² = 1.000000  |  MAE = 149.33

  Probe 2: LINEAR SUBTRACTION — W @ [e(x); e(y)] → x-y
  ------------------------------------------------------------
    R² = 0.886047  |  MAE = 211.04

  Probe 3: LINEAR ORDER — w @ e(x) ranks numbers correctly
  ------------------------------------------------------------
    Spearman ρ = 1.000000

  Probe 4: MAGNITUDE — predict exponent bucket from embedding
  ------------------------------------------------------------
    Accuracy = 0.4350 (13 classes)

  Probe 5: PARITY — predict x mod 2 from embedding
  ------------------------------------------------------------
    Accuracy = 1.0000

  Probe 6: LAST DIGIT — predict |x| mod 10 from embedding
  ------------------------------------------------------------
    Accuracy = 0.5980 (10 classes, chance=0.10)

  Probe 7: ALL DIGITS — per-position accuracy from residue lane
  ------------------------------------------------------------
    Position 0 (  ones): 1.0000
    Position 1 (  tens): 0.7270
    Position 2 (hundreds): 0.7100
    Position 3 (    1K): 0.7235
    Position 4 (   10K): 0.7195
    Position 5 (  100K): 0.7250
    Position 6 (    1M): 0.7185
    Position 7 (   10M): 0.7080
    Position 8 (  100M): 0.7260
    Position 9 (    1B): 0.5380

  Probe 8: ADDITIVITY — ||e(x+y) - (e(x)+e(y))|| / ||e(x+y)||
  ------------------------------------------------------------
             small+small:  full=1.2977  scale_lane=0.000000
           medium+medium:  full=1.3411  scale_lane=0.000000
             large+large:  full=1.2065  scale_lane=0.000000
              very large:  full=0.0188  scale_lane=0.000000
             small+large:  full=1.0453  scale_lane=0.000000
                integers:  full=1.2505  scale_lane=0.000000

    Overall:  full=1.0266  scale_lane=0.000000

  Probe 9: MIN/MAX — predict min(x,y) and max(x,y) from [e(x); e(y)]
  ------------------------------------------------------------
    MIN: R² = 0.775590
    MAX: R² = 0.779017

  Probe 10: CROSS-SCALE — train on [0,1K], test on [1M,1B]
  ------------------------------------------------------------
    Addition R² (cross-scale) = 0.017541

======================================================================
PROBE SUMMARY
======================================================================
  Addition [-1K,1K]:     R² = 0.8883
  Addition [-1M,1M]:     R² = 1.0000
  Subtraction:           R² = 0.8860
  Order (Spearman):      ρ  = 1.0000
  Magnitude (13-cls):    acc = 0.4350
  Parity (binary):       acc = 1.0000
  Last digit (10-cls):   acc = 0.5980
  Digit avg (residue):   acc = 0.7296
  Additivity (scale):    err = 0.000000
  Additivity (full):     err = 1.0266
  MIN R²:                     0.7756
  MAX R²:                     0.7790
  Cross-scale R²:             0.0175
======================================================================
